iOS preview (macos-26 / Xcode 26.2)	UNKNOWN STEP	﻿2026-05-07T17:56:34.4065820Z Current runner version: '2.334.0'
iOS preview (macos-26 / Xcode 26.2)	UNKNOWN STEP	2026-05-07T17:56:34.4096400Z ##[group]Runner Image Provisioner
iOS preview (macos-26 / Xcode 26.2)	UNKNOWN STEP	2026-05-07T17:56:34.4097100Z Hosted Compute Agent
iOS preview (macos-26 / Xcode 26.2)	UNKNOWN STEP	2026-05-07T17:56:34.4097460Z Version: 20260422.526
iOS preview (macos-26 / Xcode 26.2)	UNKNOWN STEP	2026-05-07T17:56:34.4097840Z Commit: e1a9e573f4d0838b3a7c1b07401aeb29ed3635a9
iOS preview (macos-26 / Xcode 26.2)	UNKNOWN STEP	2026-05-07T17:56:34.4098280Z Build Date: 2026-04-22T09:31:31Z
iOS preview (macos-26 / Xcode 26.2)	UNKNOWN STEP	2026-05-07T17:56:34.4098700Z Worker ID: {76fb6ec9-5f1e-4b9b-a88b-904db19d6947}
iOS preview (macos-26 / Xcode 26.2)	UNKNOWN STEP	2026-05-07T17:56:34.4100110Z Azure Region: westus
iOS preview (macos-26 / Xcode 26.2)	UNKNOWN STEP	2026-05-07T17:56:34.4102840Z ##[endgroup]
iOS preview (macos-26 / Xcode 26.2)	UNKNOWN STEP	2026-05-07T17:56:34.4107330Z ##[group]Operating System
iOS preview (macos-26 / Xcode 26.2)	UNKNOWN STEP	2026-05-07T17:56:34.4110360Z macOS
iOS preview (macos-26 / Xcode 26.2)	UNKNOWN STEP	2026-05-07T17:56:34.4111490Z 26.3
iOS preview (macos-26 / Xcode 26.2)	UNKNOWN STEP	2026-05-07T17:56:34.4112220Z 25D125
iOS preview (macos-26 / Xcode 26.2)	UNKNOWN STEP	2026-05-07T17:56:34.4114730Z ##[endgroup]
iOS preview (macos-26 / Xcode 26.2)	UNKNOWN STEP	2026-05-07T17:56:34.4115170Z ##[group]Runner Image
iOS preview (macos-26 / Xcode 26.2)	UNKNOWN STEP	2026-05-07T17:56:34.4115510Z Image: macos-26-arm64
iOS preview (macos-26 / Xcode 26.2)	UNKNOWN STEP	2026-05-07T17:56:34.4115830Z Version: 20260427.0026.1
iOS preview (macos-26 / Xcode 26.2)	UNKNOWN STEP	2026-05-07T17:56:34.4116780Z Included Software: https://github.com/actions/runner-images/blob/macos-26-arm64/20260427.0026/images/macos/macos-26-arm64-Readme.md
iOS preview (macos-26 / Xcode 26.2)	UNKNOWN STEP	2026-05-07T17:56:34.4122170Z Image Release: https://github.com/actions/runner-images/releases/tag/macos-26-arm64%2F20260427.0026
iOS preview (macos-26 / Xcode 26.2)	UNKNOWN STEP	2026-05-07T17:56:34.4131440Z ##[endgroup]
iOS preview (macos-26 / Xcode 26.2)	UNKNOWN STEP	2026-05-07T17:56:34.4133630Z ##[group]GITHUB_TOKEN Permissions
iOS preview (macos-26 / Xcode 26.2)	UNKNOWN STEP	2026-05-07T17:56:34.4135930Z Contents: read
iOS preview (macos-26 / Xcode 26.2)	UNKNOWN STEP	2026-05-07T17:56:34.4136260Z Metadata: read
iOS preview (macos-26 / Xcode 26.2)	UNKNOWN STEP	2026-05-07T17:56:34.4136560Z Packages: read
iOS preview (macos-26 / Xcode 26.2)	UNKNOWN STEP	2026-05-07T17:56:34.4136860Z ##[endgroup]
iOS preview (macos-26 / Xcode 26.2)	UNKNOWN STEP	2026-05-07T17:56:34.4139790Z Secret source: Actions
iOS preview (macos-26 / Xcode 26.2)	UNKNOWN STEP	2026-05-07T17:56:34.4142320Z Prepare workflow directory
iOS preview (macos-26 / Xcode 26.2)	UNKNOWN STEP	2026-05-07T17:56:34.4851540Z Prepare all required actions
iOS preview (macos-26 / Xcode 26.2)	UNKNOWN STEP	2026-05-07T17:56:34.4881590Z Getting action download info
iOS preview (macos-26 / Xcode 26.2)	UNKNOWN STEP	2026-05-07T17:56:35.0754290Z Download action repository 'actions/checkout@v4' (SHA:34e114876b0b11c390a56381ad16ebd13914f8d5)
iOS preview (macos-26 / Xcode 26.2)	UNKNOWN STEP	2026-05-07T17:56:35.4685950Z Download action repository 'pnpm/action-setup@v4' (SHA:b906affcce14559ad1aafd4ab0e942779e9f58b1)
iOS preview (macos-26 / Xcode 26.2)	UNKNOWN STEP	2026-05-07T17:56:35.9927700Z Download action repository 'actions/setup-node@v4' (SHA:49933ea5288caeca8642d1e84afbd3f7d6820020)
iOS preview (macos-26 / Xcode 26.2)	UNKNOWN STEP	2026-05-07T17:56:36.1389570Z Download action repository 'actions/cache@v4' (SHA:0057852bfaa89a56745cba8c7296529d2fc39830)
iOS preview (macos-26 / Xcode 26.2)	UNKNOWN STEP	2026-05-07T17:56:36.2643040Z Download action repository 'expo/expo-github-action@v8' (SHA:c7b66a9c327a43a8fa7c0158e7f30d6040d2481e)
iOS preview (macos-26 / Xcode 26.2)	UNKNOWN STEP	2026-05-07T17:56:36.8716950Z Download action repository 'actions/upload-artifact@v4' (SHA:ea165f8d65b6e75b540449e92b4886f43607fa02)
iOS preview (macos-26 / Xcode 26.2)	UNKNOWN STEP	2026-05-07T17:56:37.2329090Z Complete job name: iOS preview (macos-26 / Xcode 26.2)
iOS preview (macos-26 / Xcode 26.2)	UNKNOWN STEP	2026-05-07T17:56:37.3018270Z ##[group]Run actions/checkout@v4
iOS preview (macos-26 / Xcode 26.2)	UNKNOWN STEP	2026-05-07T17:56:37.3019330Z with:
iOS preview (macos-26 / Xcode 26.2)	UNKNOWN STEP	2026-05-07T17:56:37.3019900Z   repository: rafaelminatto1/fisioflow-51658291
iOS preview (macos-26 / Xcode 26.2)	UNKNOWN STEP	2026-05-07T17:56:37.3020900Z   token: ***
iOS preview (macos-26 / Xcode 26.2)	UNKNOWN STEP	2026-05-07T17:56:37.3021400Z   ssh-strict: true
iOS preview (macos-26 / Xcode 26.2)	UNKNOWN STEP	2026-05-07T17:56:37.3021900Z   ssh-user: git
iOS preview (macos-26 / Xcode 26.2)	UNKNOWN STEP	2026-05-07T17:56:37.3022430Z   persist-credentials: true
iOS preview (macos-26 / Xcode 26.2)	UNKNOWN STEP	2026-05-07T17:56:37.3023020Z   clean: true
iOS preview (macos-26 / Xcode 26.2)	UNKNOWN STEP	2026-05-07T17:56:37.3023540Z   sparse-checkout-cone-mode: true
iOS preview (macos-26 / Xcode 26.2)	UNKNOWN STEP	2026-05-07T17:56:37.3024160Z   fetch-depth: 1
iOS preview (macos-26 / Xcode 26.2)	UNKNOWN STEP	2026-05-07T17:56:37.3024660Z   fetch-tags: false
iOS preview (macos-26 / Xcode 26.2)	UNKNOWN STEP	2026-05-07T17:56:37.3025190Z   show-progress: true
iOS preview (macos-26 / Xcode 26.2)	UNKNOWN STEP	2026-05-07T17:56:37.3025730Z   lfs: false
iOS preview (macos-26 / Xcode 26.2)	UNKNOWN STEP	2026-05-07T17:56:37.3027330Z   submodules: false
iOS preview (macos-26 / Xcode 26.2)	UNKNOWN STEP	2026-05-07T17:56:37.3029170Z   set-safe-directory: true
iOS preview (macos-26 / Xcode 26.2)	UNKNOWN STEP	2026-05-07T17:56:37.3030510Z env:
iOS preview (macos-26 / Xcode 26.2)	UNKNOWN STEP	2026-05-07T17:56:37.3031020Z   PROFILE: preview
iOS preview (macos-26 / Xcode 26.2)	UNKNOWN STEP	2026-05-07T17:56:37.3031540Z   EXPO_USE_SYMLINKS: 1
iOS preview (macos-26 / Xcode 26.2)	UNKNOWN STEP	2026-05-07T17:56:37.3032150Z   FORCE_JAVASCRIPT_ACTIONS_TO_NODE24: true
iOS preview (macos-26 / Xcode 26.2)	UNKNOWN STEP	2026-05-07T17:56:37.3032820Z ##[endgroup]
iOS preview (macos-26 / Xcode 26.2)	UNKNOWN STEP	2026-05-07T17:56:37.9426800Z Syncing repository: rafaelminatto1/fisioflow-51658291
iOS preview (macos-26 / Xcode 26.2)	UNKNOWN STEP	2026-05-07T17:56:37.9429010Z ##[group]Getting Git version info
iOS preview (macos-26 / Xcode 26.2)	UNKNOWN STEP	2026-05-07T17:56:37.9429960Z Working directory is '/Users/runner/work/fisioflow-51658291/fisioflow-51658291'
iOS preview (macos-26 / Xcode 26.2)	UNKNOWN STEP	2026-05-07T17:56:37.9431300Z [command]/opt/homebrew/bin/git version
iOS preview (macos-26 / Xcode 26.2)	UNKNOWN STEP	2026-05-07T17:56:38.0522680Z git version 2.54.0
iOS preview (macos-26 / Xcode 26.2)	UNKNOWN STEP	2026-05-07T17:56:38.0555280Z ##[endgroup]
iOS preview (macos-26 / Xcode 26.2)	UNKNOWN STEP	2026-05-07T17:56:38.0567770Z Copying '/Users/runner/.gitconfig' to '/Users/runner/work/_temp/d3fae669-d52b-4d95-b0cf-8933f23adead/.gitconfig'
iOS preview (macos-26 / Xcode 26.2)	UNKNOWN STEP	2026-05-07T17:56:38.0576980Z Temporarily overriding HOME='/Users/runner/work/_temp/d3fae669-d52b-4d95-b0cf-8933f23adead' before making global git config changes
iOS preview (macos-26 / Xcode 26.2)	UNKNOWN STEP	2026-05-07T17:56:38.0581490Z Adding repository directory to the temporary git global config as a safe directory
iOS preview (macos-26 / Xcode 26.2)	UNKNOWN STEP	2026-05-07T17:56:38.0585570Z [command]/opt/homebrew/bin/git config --global --add safe.directory /Users/runner/work/fisioflow-51658291/fisioflow-51658291
iOS preview (macos-26 / Xcode 26.2)	UNKNOWN STEP	2026-05-07T17:56:38.0775880Z Deleting the contents of '/Users/runner/work/fisioflow-51658291/fisioflow-51658291'
iOS preview (macos-26 / Xcode 26.2)	UNKNOWN STEP	2026-05-07T17:56:38.0780520Z ##[group]Initializing the repository
iOS preview (macos-26 / Xcode 26.2)	UNKNOWN STEP	2026-05-07T17:56:38.0783920Z [command]/opt/homebrew/bin/git init /Users/runner/work/fisioflow-51658291/fisioflow-51658291
iOS preview (macos-26 / Xcode 26.2)	UNKNOWN STEP	2026-05-07T17:56:38.1157180Z hint: Using 'master' as the name for the initial branch. This default branch name
iOS preview (macos-26 / Xcode 26.2)	UNKNOWN STEP	2026-05-07T17:56:38.1159880Z hint: will change to "main" in Git 3.0. To configure the initial branch name
iOS preview (macos-26 / Xcode 26.2)	UNKNOWN STEP	2026-05-07T17:56:38.1161060Z hint: to use in all of your new repositories, which will suppress this warning,
iOS preview (macos-26 / Xcode 26.2)	UNKNOWN STEP	2026-05-07T17:56:38.1162020Z hint: call:
iOS preview (macos-26 / Xcode 26.2)	UNKNOWN STEP	2026-05-07T17:56:38.1162490Z hint:
iOS preview (macos-26 / Xcode 26.2)	UNKNOWN STEP	2026-05-07T17:56:38.1163110Z hint: 	git config --global init.defaultBranch <name>
iOS preview (macos-26 / Xcode 26.2)	UNKNOWN STEP	2026-05-07T17:56:38.1163830Z hint:
iOS preview (macos-26 / Xcode 26.2)	UNKNOWN STEP	2026-05-07T17:56:38.1164490Z hint: Names commonly chosen instead of 'master' are 'main', 'trunk' and
iOS preview (macos-26 / Xcode 26.2)	UNKNOWN STEP	2026-05-07T17:56:38.1165620Z hint: 'development'. The just-created branch can be renamed via this command:
iOS preview (macos-26 / Xcode 26.2)	UNKNOWN STEP	2026-05-07T17:56:38.1166500Z hint:
iOS preview (macos-26 / Xcode 26.2)	UNKNOWN STEP	2026-05-07T17:56:38.1167180Z hint: 	git branch -m <name>
iOS preview (macos-26 / Xcode 26.2)	UNKNOWN STEP	2026-05-07T17:56:38.1167740Z hint:
iOS preview (macos-26 / Xcode 26.2)	UNKNOWN STEP	2026-05-07T17:56:38.1168600Z hint: Disable this message with "git config set advice.defaultBranchName false"
iOS preview (macos-26 / Xcode 26.2)	UNKNOWN STEP	2026-05-07T17:56:38.1171510Z Initialized empty Git repository in /Users/runner/work/fisioflow-51658291/fisioflow-51658291/.git/
iOS preview (macos-26 / Xcode 26.2)	UNKNOWN STEP	2026-05-07T17:56:38.1176170Z [command]/opt/homebrew/bin/git remote add origin https://github.com/rafaelminatto1/fisioflow-51658291
iOS preview (macos-26 / Xcode 26.2)	UNKNOWN STEP	2026-05-07T17:56:38.1372610Z ##[endgroup]
iOS preview (macos-26 / Xcode 26.2)	UNKNOWN STEP	2026-05-07T17:56:38.1373830Z ##[group]Disabling automatic garbage collection
iOS preview (macos-26 / Xcode 26.2)	UNKNOWN STEP	2026-05-07T17:56:38.1378630Z [command]/opt/homebrew/bin/git config --local gc.auto 0
iOS preview (macos-26 / Xcode 26.2)	UNKNOWN STEP	2026-05-07T17:56:38.1487710Z ##[endgroup]
iOS preview (macos-26 / Xcode 26.2)	UNKNOWN STEP	2026-05-07T17:56:38.1512870Z ##[group]Setting up auth
iOS preview (macos-26 / Xcode 26.2)	UNKNOWN STEP	2026-05-07T17:56:38.1515150Z [command]/opt/homebrew/bin/git config --local --name-only --get-regexp core\.sshCommand
iOS preview (macos-26 / Xcode 26.2)	UNKNOWN STEP	2026-05-07T17:56:38.1620950Z [command]/opt/homebrew/bin/git submodule foreach --recursive sh -c "git config --local --name-only --get-regexp 'core\.sshCommand' && git config --local --unset-all 'core.sshCommand' || :"
iOS preview (macos-26 / Xcode 26.2)	UNKNOWN STEP	2026-05-07T17:56:38.3208120Z [command]/opt/homebrew/bin/git config --local --name-only --get-regexp http\.https\:\/\/github\.com\/\.extraheader
iOS preview (macos-26 / Xcode 26.2)	UNKNOWN STEP	2026-05-07T17:56:38.3291320Z [command]/opt/homebrew/bin/git submodule foreach --recursive sh -c "git config --local --name-only --get-regexp 'http\.https\:\/\/github\.com\/\.extraheader' && git config --local --unset-all 'http.https://github.com/.extraheader' || :"
iOS preview (macos-26 / Xcode 26.2)	UNKNOWN STEP	2026-05-07T17:56:38.4781700Z [command]/opt/homebrew/bin/git config --local --name-only --get-regexp ^includeIf\.gitdir:
iOS preview (macos-26 / Xcode 26.2)	UNKNOWN STEP	2026-05-07T17:56:38.4902940Z [command]/opt/homebrew/bin/git submodule foreach --recursive git config --local --show-origin --name-only --get-regexp remote.origin.url
iOS preview (macos-26 / Xcode 26.2)	UNKNOWN STEP	2026-05-07T17:56:38.6470200Z [command]/opt/homebrew/bin/git config --local http.https://github.com/.extraheader AUTHORIZATION: basic ***
iOS preview (macos-26 / Xcode 26.2)	UNKNOWN STEP	2026-05-07T17:56:38.6567850Z ##[endgroup]
iOS preview (macos-26 / Xcode 26.2)	UNKNOWN STEP	2026-05-07T17:56:38.6569150Z ##[group]Fetching the repository
iOS preview (macos-26 / Xcode 26.2)	UNKNOWN STEP	2026-05-07T17:56:38.6580900Z [command]/opt/homebrew/bin/git -c protocol.version=2 fetch --no-tags --prune --no-recurse-submodules --depth=1 origin +54ba51afd3bc32f2e1455ca1f9e35a86b6625d78:refs/remotes/origin/main
iOS preview (macos-26 / Xcode 26.2)	UNKNOWN STEP	2026-05-07T17:56:45.4541250Z From https://github.com/rafaelminatto1/fisioflow-51658291
iOS preview (macos-26 / Xcode 26.2)	UNKNOWN STEP	2026-05-07T17:56:45.4576670Z  * [new ref]         54ba51afd3bc32f2e1455ca1f9e35a86b6625d78 -> origin/main
iOS preview (macos-26 / Xcode 26.2)	UNKNOWN STEP	2026-05-07T17:56:45.4744310Z ##[endgroup]
iOS preview (macos-26 / Xcode 26.2)	UNKNOWN STEP	2026-05-07T17:56:45.4746030Z ##[group]Determining the checkout info
iOS preview (macos-26 / Xcode 26.2)	UNKNOWN STEP	2026-05-07T17:56:45.4752090Z ##[endgroup]
iOS preview (macos-26 / Xcode 26.2)	UNKNOWN STEP	2026-05-07T17:56:45.4764350Z [command]/opt/homebrew/bin/git sparse-checkout disable
iOS preview (macos-26 / Xcode 26.2)	UNKNOWN STEP	2026-05-07T17:56:45.4903560Z [command]/opt/homebrew/bin/git config --local --unset-all extensions.worktreeConfig
iOS preview (macos-26 / Xcode 26.2)	UNKNOWN STEP	2026-05-07T17:56:45.5041060Z ##[group]Checking out the ref
iOS preview (macos-26 / Xcode 26.2)	UNKNOWN STEP	2026-05-07T17:56:45.5050490Z [command]/opt/homebrew/bin/git checkout --progress --force -B main refs/remotes/origin/main
iOS preview (macos-26 / Xcode 26.2)	UNKNOWN STEP	2026-05-07T17:56:46.5635740Z Updating files:  43% (2415/5544)
iOS preview (macos-26 / Xcode 26.2)	UNKNOWN STEP	2026-05-07T17:56:46.5733530Z Updating files:  44% (2440/5544)
iOS preview (macos-26 / Xcode 26.2)	UNKNOWN STEP	2026-05-07T17:56:46.5811510Z Updating files:  45% (2495/5544)
iOS preview (macos-26 / Xcode 26.2)	UNKNOWN STEP	2026-05-07T17:56:46.5890390Z Updating files:  46% (2551/5544)
iOS preview (macos-26 / Xcode 26.2)	UNKNOWN STEP	2026-05-07T17:56:46.6035520Z Updating files:  47% (2606/5544)
iOS preview (macos-26 / Xcode 26.2)	UNKNOWN STEP	2026-05-07T17:56:46.6120620Z Updating files:  48% (2662/5544)
iOS preview (macos-26 / Xcode 26.2)	UNKNOWN STEP	2026-05-07T17:56:46.6341970Z Updating files:  49% (2717/5544)
iOS preview (macos-26 / Xcode 26.2)	UNKNOWN STEP	2026-05-07T17:56:46.6579000Z Updating files:  50% (2772/5544)
iOS preview (macos-26 / Xcode 26.2)	UNKNOWN STEP	2026-05-07T17:56:46.6845760Z Updating files:  51% (2828/5544)
iOS preview (macos-26 / Xcode 26.2)	UNKNOWN STEP	2026-05-07T17:56:46.7083010Z Updating files:  52% (2883/5544)
iOS preview (macos-26 / Xcode 26.2)	UNKNOWN STEP	2026-05-07T17:56:46.7206180Z Updating files:  53% (2939/5544)
iOS preview (macos-26 / Xcode 26.2)	UNKNOWN STEP	2026-05-07T17:56:46.7402880Z Updating files:  54% (2994/5544)
iOS preview (macos-26 / Xcode 26.2)	UNKNOWN STEP	2026-05-07T17:56:46.7574960Z Updating files:  55% (3050/5544)
iOS preview (macos-26 / Xcode 26.2)	UNKNOWN STEP	2026-05-07T17:56:46.7692500Z Updating files:  56% (3105/5544)
iOS preview (macos-26 / Xcode 26.2)	UNKNOWN STEP	2026-05-07T17:56:46.9061920Z Updating files:  57% (3161/5544)
iOS preview (macos-26 / Xcode 26.2)	UNKNOWN STEP	2026-05-07T17:56:47.0349370Z Updating files:  58% (3216/5544)
iOS preview (macos-26 / Xcode 26.2)	UNKNOWN STEP	2026-05-07T17:56:47.0530940Z Updating files:  59% (3271/5544)
iOS preview (macos-26 / Xcode 26.2)	UNKNOWN STEP	2026-05-07T17:56:47.0638790Z Updating files:  60% (3327/5544)
iOS preview (macos-26 / Xcode 26.2)	UNKNOWN STEP	2026-05-07T17:56:47.0798800Z Updating files:  61% (3382/5544)
iOS preview (macos-26 / Xcode 26.2)	UNKNOWN STEP	2026-05-07T17:56:47.1092290Z Updating files:  62% (3438/5544)
iOS preview (macos-26 / Xcode 26.2)	UNKNOWN STEP	2026-05-07T17:56:47.1146070Z Updating files:  63% (3493/5544)
iOS preview (macos-26 / Xcode 26.2)	UNKNOWN STEP	2026-05-07T17:56:47.1291780Z Updating files:  64% (3549/5544)
iOS preview (macos-26 / Xcode 26.2)	UNKNOWN STEP	2026-05-07T17:56:47.1381090Z Updating files:  65% (3604/5544)
iOS preview (macos-26 / Xcode 26.2)	UNKNOWN STEP	2026-05-07T17:56:47.1468770Z Updating files:  66% (3660/5544)
iOS preview (macos-26 / Xcode 26.2)	UNKNOWN STEP	2026-05-07T17:56:47.1569470Z Updating files:  67% (3715/5544)
iOS preview (macos-26 / Xcode 26.2)	UNKNOWN STEP	2026-05-07T17:56:47.1762570Z Updating files:  68% (3770/5544)
iOS preview (macos-26 / Xcode 26.2)	UNKNOWN STEP	2026-05-07T17:56:47.1879110Z Updating files:  69% (3826/5544)
iOS preview (macos-26 / Xcode 26.2)	UNKNOWN STEP	2026-05-07T17:56:47.1956980Z Updating files:  70% (3881/5544)
iOS preview (macos-26 / Xcode 26.2)	UNKNOWN STEP	2026-05-07T17:56:47.2133260Z Updating files:  71% (3937/5544)
iOS preview (macos-26 / Xcode 26.2)	UNKNOWN STEP	2026-05-07T17:56:47.2230360Z Updating files:  72% (3992/5544)
iOS preview (macos-26 / Xcode 26.2)	UNKNOWN STEP	2026-05-07T17:56:47.2401340Z Updating files:  73% (4048/5544)
iOS preview (macos-26 / Xcode 26.2)	UNKNOWN STEP	2026-05-07T17:56:47.2535460Z Updating files:  74% (4103/5544)
iOS preview (macos-26 / Xcode 26.2)	UNKNOWN STEP	2026-05-07T17:56:47.2672240Z Updating files:  75% (4158/5544)
iOS preview (macos-26 / Xcode 26.2)	UNKNOWN STEP	2026-05-07T17:56:47.2778650Z Updating files:  76% (4214/5544)
iOS preview (macos-26 / Xcode 26.2)	UNKNOWN STEP	2026-05-07T17:56:47.2903340Z Updating files:  77% (4269/5544)
iOS preview (macos-26 / Xcode 26.2)	UNKNOWN STEP	2026-05-07T17:56:47.2999900Z Updating files:  78% (4325/5544)
iOS preview (macos-26 / Xcode 26.2)	UNKNOWN STEP	2026-05-07T17:56:47.3142490Z Updating files:  79% (4380/5544)
iOS preview (macos-26 / Xcode 26.2)	UNKNOWN STEP	2026-05-07T17:56:47.3256770Z Updating files:  80% (4436/5544)
iOS preview (macos-26 / Xcode 26.2)	UNKNOWN STEP	2026-05-07T17:56:47.3312440Z Updating files:  81% (4491/5544)
iOS preview (macos-26 / Xcode 26.2)	UNKNOWN STEP	2026-05-07T17:56:47.3472440Z Updating files:  82% (4547/5544)
iOS preview (macos-26 / Xcode 26.2)	UNKNOWN STEP	2026-05-07T17:56:47.3548270Z Updating files:  83% (4602/5544)
iOS preview (macos-26 / Xcode 26.2)	UNKNOWN STEP	2026-05-07T17:56:47.3604590Z Updating files:  84% (4657/5544)
iOS preview (macos-26 / Xcode 26.2)	UNKNOWN STEP	2026-05-07T17:56:47.3709170Z Updating files:  85% (4713/5544)
iOS preview (macos-26 / Xcode 26.2)	UNKNOWN STEP	2026-05-07T17:56:47.3845220Z Updating files:  86% (4768/5544)
iOS preview (macos-26 / Xcode 26.2)	UNKNOWN STEP	2026-05-07T17:56:47.3916890Z Updating files:  87% (4824/5544)
iOS preview (macos-26 / Xcode 26.2)	UNKNOWN STEP	2026-05-07T17:56:47.4042270Z Updating files:  88% (4879/5544)
iOS preview (macos-26 / Xcode 26.2)	UNKNOWN STEP	2026-05-07T17:56:47.4196340Z Updating files:  89% (4935/5544)
iOS preview (macos-26 / Xcode 26.2)	UNKNOWN STEP	2026-05-07T17:56:47.4289040Z Updating files:  90% (4990/5544)
iOS preview (macos-26 / Xcode 26.2)	UNKNOWN STEP	2026-05-07T17:56:47.4434820Z Updating files:  91% (5046/5544)
iOS preview (macos-26 / Xcode 26.2)	UNKNOWN STEP	2026-05-07T17:56:47.4534970Z Updating files:  92% (5101/5544)
iOS preview (macos-26 / Xcode 26.2)	UNKNOWN STEP	2026-05-07T17:56:47.4659280Z Updating files:  93% (5156/5544)
iOS preview (macos-26 / Xcode 26.2)	UNKNOWN STEP	2026-05-07T17:56:47.4759020Z Updating files:  94% (5212/5544)
iOS preview (macos-26 / Xcode 26.2)	UNKNOWN STEP	2026-05-07T17:56:47.4876550Z Updating files:  95% (5267/5544)
iOS preview (macos-26 / Xcode 26.2)	UNKNOWN STEP	2026-05-07T17:56:47.4968940Z Updating files:  96% (5323/5544)
iOS preview (macos-26 / Xcode 26.2)	UNKNOWN STEP	2026-05-07T17:56:47.5177920Z Updating files:  97% (5378/5544)
iOS preview (macos-26 / Xcode 26.2)	UNKNOWN STEP	2026-05-07T17:56:47.5280810Z Updating files:  98% (5434/5544)
iOS preview (macos-26 / Xcode 26.2)	UNKNOWN STEP	2026-05-07T17:56:47.5321950Z Updating files:  99% (5489/5544)
iOS preview (macos-26 / Xcode 26.2)	UNKNOWN STEP	2026-05-07T17:56:47.5357670Z Updating files:  99% (5523/5544)
iOS preview (macos-26 / Xcode 26.2)	UNKNOWN STEP	2026-05-07T17:56:47.5361890Z Updating files: 100% (5544/5544)
iOS preview (macos-26 / Xcode 26.2)	UNKNOWN STEP	2026-05-07T17:56:47.5362470Z Updating files: 100% (5544/5544), done.
iOS preview (macos-26 / Xcode 26.2)	UNKNOWN STEP	2026-05-07T17:56:47.5456670Z Switched to a new branch 'main'
iOS preview (macos-26 / Xcode 26.2)	UNKNOWN STEP	2026-05-07T17:56:47.5479300Z branch 'main' set up to track 'origin/main'.
iOS preview (macos-26 / Xcode 26.2)	UNKNOWN STEP	2026-05-07T17:56:47.5528750Z ##[endgroup]
iOS preview (macos-26 / Xcode 26.2)	UNKNOWN STEP	2026-05-07T17:56:47.5732950Z [command]/opt/homebrew/bin/git log -1 --format=%H
iOS preview (macos-26 / Xcode 26.2)	UNKNOWN STEP	2026-05-07T17:56:47.5841830Z 54ba51afd3bc32f2e1455ca1f9e35a86b6625d78
iOS preview (macos-26 / Xcode 26.2)	UNKNOWN STEP	2026-05-07T17:56:47.6308340Z ##[group]Run xcodebuild -version
iOS preview (macos-26 / Xcode 26.2)	UNKNOWN STEP	2026-05-07T17:56:47.6309370Z ^[[36;1mxcodebuild -version^[[0m
iOS preview (macos-26 / Xcode 26.2)	UNKNOWN STEP	2026-05-07T17:56:47.6310060Z ^[[36;1mpod --version^[[0m
iOS preview (macos-26 / Xcode 26.2)	UNKNOWN STEP	2026-05-07T17:56:47.6310550Z ^[[36;1msw_vers^[[0m
iOS preview (macos-26 / Xcode 26.2)	UNKNOWN STEP	2026-05-07T17:56:47.6409240Z shell: /bin/bash -e {0}
iOS preview (macos-26 / Xcode 26.2)	UNKNOWN STEP	2026-05-07T17:56:47.6409540Z env:
iOS preview (macos-26 / Xcode 26.2)	UNKNOWN STEP	2026-05-07T17:56:47.6409720Z   PROFILE: preview
iOS preview (macos-26 / Xcode 26.2)	UNKNOWN STEP	2026-05-07T17:56:47.6409930Z   EXPO_USE_SYMLINKS: 1
iOS preview (macos-26 / Xcode 26.2)	UNKNOWN STEP	2026-05-07T17:56:47.6410180Z   FORCE_JAVASCRIPT_ACTIONS_TO_NODE24: true
iOS preview (macos-26 / Xcode 26.2)	UNKNOWN STEP	2026-05-07T17:56:47.6410380Z ##[endgroup]
iOS preview (macos-26 / Xcode 26.2)	UNKNOWN STEP	2026-05-07T17:56:48.1624950Z Xcode 26.2
iOS preview (macos-26 / Xcode 26.2)	UNKNOWN STEP	2026-05-07T17:56:48.1639540Z Build version 17C52
iOS preview (macos-26 / Xcode 26.2)	UNKNOWN STEP	2026-05-07T17:56:55.1672210Z 1.16.2
iOS preview (macos-26 / Xcode 26.2)	UNKNOWN STEP	2026-05-07T17:56:55.2051620Z ProductName:		macOS
iOS preview (macos-26 / Xcode 26.2)	UNKNOWN STEP	2026-05-07T17:56:55.2086880Z ProductVersion:		26.3
iOS preview (macos-26 / Xcode 26.2)	UNKNOWN STEP	2026-05-07T17:56:55.2090730Z BuildVersion:		25D125
iOS preview (macos-26 / Xcode 26.2)	UNKNOWN STEP	2026-05-07T17:56:55.2312460Z ##[group]Run pnpm/action-setup@v4
iOS preview (macos-26 / Xcode 26.2)	UNKNOWN STEP	2026-05-07T17:56:55.2313300Z with:
iOS preview (macos-26 / Xcode 26.2)	UNKNOWN STEP	2026-05-07T17:56:55.2313890Z   dest: ~/setup-pnpm
iOS preview (macos-26 / Xcode 26.2)	UNKNOWN STEP	2026-05-07T17:56:55.2314280Z   run_install: null
iOS preview (macos-26 / Xcode 26.2)	UNKNOWN STEP	2026-05-07T17:56:55.2314780Z   cache: false
iOS preview (macos-26 / Xcode 26.2)	UNKNOWN STEP	2026-05-07T17:56:55.2315460Z   cache_dependency_path: pnpm-lock.yaml
iOS preview (macos-26 / Xcode 26.2)	UNKNOWN STEP	2026-05-07T17:56:55.2316160Z   package_json_file: package.json
iOS preview (macos-26 / Xcode 26.2)	UNKNOWN STEP	2026-05-07T17:56:55.2316790Z   standalone: false
iOS preview (macos-26 / Xcode 26.2)	UNKNOWN STEP	2026-05-07T17:56:55.2317160Z env:
iOS preview (macos-26 / Xcode 26.2)	UNKNOWN STEP	2026-05-07T17:56:55.2317700Z   PROFILE: preview
iOS preview (macos-26 / Xcode 26.2)	UNKNOWN STEP	2026-05-07T17:56:55.2318200Z   EXPO_USE_SYMLINKS: 1
iOS preview (macos-26 / Xcode 26.2)	UNKNOWN STEP	2026-05-07T17:56:55.2318750Z   FORCE_JAVASCRIPT_ACTIONS_TO_NODE24: true
iOS preview (macos-26 / Xcode 26.2)	UNKNOWN STEP	2026-05-07T17:56:55.2320220Z ##[endgroup]
iOS preview (macos-26 / Xcode 26.2)	UNKNOWN STEP	2026-05-07T17:56:55.7778730Z ##[group]Running self-installer...
iOS preview (macos-26 / Xcode 26.2)	UNKNOWN STEP	2026-05-07T17:56:56.9355610Z (node:1980) [DEP0169] DeprecationWarning: `url.parse()` behavior is not standardized and prone to errors that have security implications. Use the WHATWG URL API instead. CVEs are not issued for `url.parse()` vulnerabilities.
iOS preview (macos-26 / Xcode 26.2)	UNKNOWN STEP	2026-05-07T17:56:56.9360740Z (Use `node --trace-deprecation ...` to show where the warning was created)
iOS preview (macos-26 / Xcode 26.2)	UNKNOWN STEP	2026-05-07T17:56:57.2583530Z Progress: resolved 1, reused 0, downloaded 0, added 0
iOS preview (macos-26 / Xcode 26.2)	UNKNOWN STEP	2026-05-07T17:56:57.2874330Z Packages: +1
iOS preview (macos-26 / Xcode 26.2)	UNKNOWN STEP	2026-05-07T17:56:57.2980950Z +
iOS preview (macos-26 / Xcode 26.2)	UNKNOWN STEP	2026-05-07T17:56:58.3650780Z Progress: resolved 1, reused 0, downloaded 1, added 0
iOS preview (macos-26 / Xcode 26.2)	UNKNOWN STEP	2026-05-07T17:56:58.8875500Z Progress: resolved 1, reused 0, downloaded 1, added 1, done
iOS preview (macos-26 / Xcode 26.2)	UNKNOWN STEP	2026-05-07T17:56:58.9512880Z 
iOS preview (macos-26 / Xcode 26.2)	UNKNOWN STEP	2026-05-07T17:56:58.9514770Z dependencies:
iOS preview (macos-26 / Xcode 26.2)	UNKNOWN STEP	2026-05-07T17:56:58.9516230Z + pnpm 10.33.0 (11.0.8 is available)
iOS preview (macos-26 / Xcode 26.2)	UNKNOWN STEP	2026-05-07T17:56:58.9516880Z 
iOS preview (macos-26 / Xcode 26.2)	UNKNOWN STEP	2026-05-07T17:56:58.9620630Z Done in 2.5s
iOS preview (macos-26 / Xcode 26.2)	UNKNOWN STEP	2026-05-07T17:56:58.9750250Z ##[endgroup]
iOS preview (macos-26 / Xcode 26.2)	UNKNOWN STEP	2026-05-07T17:56:58.9751020Z Installation Completed!
iOS preview (macos-26 / Xcode 26.2)	UNKNOWN STEP	2026-05-07T17:56:59.0166010Z ##[group]Run actions/setup-node@v4
iOS preview (macos-26 / Xcode 26.2)	UNKNOWN STEP	2026-05-07T17:56:59.0168450Z with:
iOS preview (macos-26 / Xcode 26.2)	UNKNOWN STEP	2026-05-07T17:56:59.0169100Z   node-version: 22
iOS preview (macos-26 / Xcode 26.2)	UNKNOWN STEP	2026-05-07T17:56:59.0169590Z   cache: pnpm
iOS preview (macos-26 / Xcode 26.2)	UNKNOWN STEP	2026-05-07T17:56:59.0170330Z   always-auth: false
iOS preview (macos-26 / Xcode 26.2)	UNKNOWN STEP	2026-05-07T17:56:59.0171020Z   check-latest: false
iOS preview (macos-26 / Xcode 26.2)	UNKNOWN STEP	2026-05-07T17:56:59.0171980Z   token: ***
iOS preview (macos-26 / Xcode 26.2)	UNKNOWN STEP	2026-05-07T17:56:59.0172540Z env:
iOS preview (macos-26 / Xcode 26.2)	UNKNOWN STEP	2026-05-07T17:56:59.0172990Z   PROFILE: preview
iOS preview (macos-26 / Xcode 26.2)	UNKNOWN STEP	2026-05-07T17:56:59.0173680Z   EXPO_USE_SYMLINKS: 1
iOS preview (macos-26 / Xcode 26.2)	UNKNOWN STEP	2026-05-07T17:56:59.0174380Z   FORCE_JAVASCRIPT_ACTIONS_TO_NODE24: true
iOS preview (macos-26 / Xcode 26.2)	UNKNOWN STEP	2026-05-07T17:56:59.0175220Z   PNPM_HOME: /Users/runner/setup-pnpm/node_modules/.bin
iOS preview (macos-26 / Xcode 26.2)	UNKNOWN STEP	2026-05-07T17:56:59.0175970Z ##[endgroup]
iOS preview (macos-26 / Xcode 26.2)	UNKNOWN STEP	2026-05-07T17:56:59.2531070Z (node:1989) [DEP0040] DeprecationWarning: The `punycode` module is deprecated. Please use a userland alternative instead.
iOS preview (macos-26 / Xcode 26.2)	UNKNOWN STEP	2026-05-07T17:56:59.2633800Z (Use `node --trace-deprecation ...` to show where the warning was created)
iOS preview (macos-26 / Xcode 26.2)	UNKNOWN STEP	2026-05-07T17:56:59.3528900Z Found in cache @ /Users/runner/hostedtoolcache/node/22.22.2/arm64
iOS preview (macos-26 / Xcode 26.2)	UNKNOWN STEP	2026-05-07T17:56:59.3631130Z ##[group]Environment details
iOS preview (macos-26 / Xcode 26.2)	UNKNOWN STEP	2026-05-07T17:57:00.5632780Z node: v22.22.2
iOS preview (macos-26 / Xcode 26.2)	UNKNOWN STEP	2026-05-07T17:57:00.5723490Z npm: 10.9.7
iOS preview (macos-26 / Xcode 26.2)	UNKNOWN STEP	2026-05-07T17:57:00.5735700Z yarn: 1.22.22
iOS preview (macos-26 / Xcode 26.2)	UNKNOWN STEP	2026-05-07T17:57:00.5769480Z ##[endgroup]
iOS preview (macos-26 / Xcode 26.2)	UNKNOWN STEP	2026-05-07T17:57:00.5782240Z [command]/Users/runner/setup-pnpm/node_modules/.bin/pnpm store path --silent
iOS preview (macos-26 / Xcode 26.2)	UNKNOWN STEP	2026-05-07T17:57:01.0930450Z /Users/runner/setup-pnpm/node_modules/.bin/store/v10
iOS preview (macos-26 / Xcode 26.2)	UNKNOWN STEP	2026-05-07T17:57:01.4601450Z pnpm cache is not found
iOS preview (macos-26 / Xcode 26.2)	UNKNOWN STEP	2026-05-07T17:57:01.9400730Z ##[group]Run actions/cache@v4
iOS preview (macos-26 / Xcode 26.2)	UNKNOWN STEP	2026-05-07T17:57:01.9401200Z with:
iOS preview (macos-26 / Xcode 26.2)	UNKNOWN STEP	2026-05-07T17:57:01.9401420Z   path: ~/.pnpm-store
iOS preview (macos-26 / Xcode 26.2)	UNKNOWN STEP	2026-05-07T17:57:01.9401790Z   key: pnpm-macOS-d8b1c6851b2524e53436ce4ea2ba381cb9ed5ba19cb69dfecb8ff97112f2e3f6
iOS preview (macos-26 / Xcode 26.2)	UNKNOWN STEP	2026-05-07T17:57:01.9402210Z   restore-keys: pnpm-macOS-
iOS preview (macos-26 / Xcode 26.2)	UNKNOWN STEP	2026-05-07T17:57:01.9402450Z   enableCrossOsArchive: false
iOS preview (macos-26 / Xcode 26.2)	UNKNOWN STEP	2026-05-07T17:57:01.9402690Z   fail-on-cache-miss: false
iOS preview (macos-26 / Xcode 26.2)	UNKNOWN STEP	2026-05-07T17:57:01.9403030Z   lookup-only: false
iOS preview (macos-26 / Xcode 26.2)	UNKNOWN STEP	2026-05-07T17:57:01.9403260Z   save-always: false
iOS preview (macos-26 / Xcode 26.2)	UNKNOWN STEP	2026-05-07T17:57:01.9403460Z env:
iOS preview (macos-26 / Xcode 26.2)	UNKNOWN STEP	2026-05-07T17:57:01.9403660Z   PROFILE: preview
iOS preview (macos-26 / Xcode 26.2)	UNKNOWN STEP	2026-05-07T17:57:01.9403850Z   EXPO_USE_SYMLINKS: 1
iOS preview (macos-26 / Xcode 26.2)	UNKNOWN STEP	2026-05-07T17:57:01.9404090Z   FORCE_JAVASCRIPT_ACTIONS_TO_NODE24: true
iOS preview (macos-26 / Xcode 26.2)	UNKNOWN STEP	2026-05-07T17:57:01.9404400Z   PNPM_HOME: /Users/runner/setup-pnpm/node_modules/.bin
iOS preview (macos-26 / Xcode 26.2)	UNKNOWN STEP	2026-05-07T17:57:01.9404850Z ##[endgroup]
iOS preview (macos-26 / Xcode 26.2)	UNKNOWN STEP	2026-05-07T17:57:02.1609140Z (node:2137) [DEP0040] DeprecationWarning: The `punycode` module is deprecated. Please use a userland alternative instead.
iOS preview (macos-26 / Xcode 26.2)	UNKNOWN STEP	2026-05-07T17:57:02.1651010Z (Use `node --trace-deprecation ...` to show where the warning was created)
iOS preview (macos-26 / Xcode 26.2)	UNKNOWN STEP	2026-05-07T17:57:02.4293830Z Cache not found for input keys: pnpm-macOS-d8b1c6851b2524e53436ce4ea2ba381cb9ed5ba19cb69dfecb8ff97112f2e3f6, pnpm-macOS-
iOS preview (macos-26 / Xcode 26.2)	UNKNOWN STEP	2026-05-07T17:57:02.4379150Z ##[group]Run pnpm install --frozen-lockfile
iOS preview (macos-26 / Xcode 26.2)	UNKNOWN STEP	2026-05-07T17:57:02.4379550Z ^[[36;1mpnpm install --frozen-lockfile^[[0m
iOS preview (macos-26 / Xcode 26.2)	UNKNOWN STEP	2026-05-07T17:57:02.4479820Z shell: /bin/bash -e {0}
iOS preview (macos-26 / Xcode 26.2)	UNKNOWN STEP	2026-05-07T17:57:02.4480100Z env:
iOS preview (macos-26 / Xcode 26.2)	UNKNOWN STEP	2026-05-07T17:57:02.4480390Z   PROFILE: preview
iOS preview (macos-26 / Xcode 26.2)	UNKNOWN STEP	2026-05-07T17:57:02.4480610Z   EXPO_USE_SYMLINKS: 1
iOS preview (macos-26 / Xcode 26.2)	UNKNOWN STEP	2026-05-07T17:57:02.4480890Z   FORCE_JAVASCRIPT_ACTIONS_TO_NODE24: true
iOS preview (macos-26 / Xcode 26.2)	UNKNOWN STEP	2026-05-07T17:57:02.4481210Z   PNPM_HOME: /Users/runner/setup-pnpm/node_modules/.bin
iOS preview (macos-26 / Xcode 26.2)	UNKNOWN STEP	2026-05-07T17:57:02.4481520Z ##[endgroup]
iOS preview (macos-26 / Xcode 26.2)	UNKNOWN STEP	2026-05-07T17:57:02.9969720Z Scope: all 14 workspace projects
iOS preview (macos-26 / Xcode 26.2)	UNKNOWN STEP	2026-05-07T17:57:03.1775580Z Lockfile is up to date, resolution step is skipped
iOS preview (macos-26 / Xcode 26.2)	UNKNOWN STEP	2026-05-07T17:57:03.3950860Z Progress: resolved 1, reused 0, downloaded 0, added 0
iOS preview (macos-26 / Xcode 26.2)	UNKNOWN STEP	2026-05-07T17:57:03.7288570Z Packages: +3694
iOS preview (macos-26 / Xcode 26.2)	UNKNOWN STEP	2026-05-07T17:57:03.7397160Z ++++++++++++++++++++++++++++++++++++++++++++++++++++++++++++++++++++++++++++++++
iOS preview (macos-26 / Xcode 26.2)	UNKNOWN STEP	2026-05-07T17:57:04.3923410Z Progress: resolved 3694, reused 0, downloaded 0, added 0
iOS preview (macos-26 / Xcode 26.2)	UNKNOWN STEP	2026-05-07T17:57:05.3928670Z Progress: resolved 3694, reused 0, downloaded 32, added 5
iOS preview (macos-26 / Xcode 26.2)	UNKNOWN STEP	2026-05-07T17:57:06.3943090Z Progress: resolved 3694, reused 0, downloaded 75, added 18
iOS preview (macos-26 / Xcode 26.2)	UNKNOWN STEP	2026-05-07T17:57:07.4016440Z Progress: resolved 3694, reused 0, downloaded 171, added 49
iOS preview (macos-26 / Xcode 26.2)	UNKNOWN STEP	2026-05-07T17:57:08.3977960Z Progress: resolved 3694, reused 0, downloaded 272, added 86
iOS preview (macos-26 / Xcode 26.2)	UNKNOWN STEP	2026-05-07T17:57:09.4036230Z Progress: resolved 3694, reused 0, downloaded 303, added 94
iOS preview (macos-26 / Xcode 26.2)	UNKNOWN STEP	2026-05-07T17:57:10.4016900Z Progress: resolved 3694, reused 0, downloaded 320, added 99
iOS preview (macos-26 / Xcode 26.2)	UNKNOWN STEP	2026-05-07T17:57:11.4073870Z Progress: resolved 3694, reused 0, downloaded 342, added 106
iOS preview (macos-26 / Xcode 26.2)	UNKNOWN STEP	2026-05-07T17:57:12.4051510Z Progress: resolved 3694, reused 0, downloaded 420, added 134
iOS preview (macos-26 / Xcode 26.2)	UNKNOWN STEP	2026-05-07T17:57:13.4153120Z Progress: resolved 3694, reused 0, downloaded 483, added 154
iOS preview (macos-26 / Xcode 26.2)	UNKNOWN STEP	2026-05-07T17:57:14.4188190Z Progress: resolved 3694, reused 0, downloaded 512, added 166
iOS preview (macos-26 / Xcode 26.2)	UNKNOWN STEP	2026-05-07T17:57:15.4191200Z Progress: resolved 3694, reused 0, downloaded 532, added 170
iOS preview (macos-26 / Xcode 26.2)	UNKNOWN STEP	2026-05-07T17:57:16.4284090Z Progress: resolved 3694, reused 0, downloaded 546, added 174
iOS preview (macos-26 / Xcode 26.2)	UNKNOWN STEP	2026-05-07T17:57:17.4340150Z Progress: resolved 3694, reused 0, downloaded 551, added 175
iOS preview (macos-26 / Xcode 26.2)	UNKNOWN STEP	2026-05-07T17:57:18.4342700Z Progress: resolved 3694, reused 0, downloaded 557, added 178
iOS preview (macos-26 / Xcode 26.2)	UNKNOWN STEP	2026-05-07T17:57:19.4370330Z Progress: resolved 3694, reused 0, downloaded 562, added 178
iOS preview (macos-26 / Xcode 26.2)	UNKNOWN STEP	2026-05-07T17:57:20.6598920Z Progress: resolved 3694, reused 0, downloaded 563, added 178
iOS preview (macos-26 / Xcode 26.2)	UNKNOWN STEP	2026-05-07T17:57:21.6578700Z Progress: resolved 3694, reused 0, downloaded 625, added 201
iOS preview (macos-26 / Xcode 26.2)	UNKNOWN STEP	2026-05-07T17:57:22.6589260Z Progress: resolved 3694, reused 0, downloaded 699, added 225
iOS preview (macos-26 / Xcode 26.2)	UNKNOWN STEP	2026-05-07T17:57:23.6605280Z Progress: resolved 3694, reused 0, downloaded 771, added 252
iOS preview (macos-26 / Xcode 26.2)	UNKNOWN STEP	2026-05-07T17:57:24.6630490Z Progress: resolved 3694, reused 0, downloaded 800, added 259
iOS preview (macos-26 / Xcode 26.2)	UNKNOWN STEP	2026-05-07T17:57:25.6635360Z Progress: resolved 3694, reused 0, downloaded 835, added 271
iOS preview (macos-26 / Xcode 26.2)	UNKNOWN STEP	2026-05-07T17:57:26.6755960Z Progress: resolved 3694, reused 0, downloaded 867, added 279
iOS preview (macos-26 / Xcode 26.2)	UNKNOWN STEP	2026-05-07T17:57:27.6744500Z Progress: resolved 3694, reused 0, downloaded 878, added 283
iOS preview (macos-26 / Xcode 26.2)	UNKNOWN STEP	2026-05-07T17:57:28.6745650Z Progress: resolved 3694, reused 0, downloaded 882, added 284
iOS preview (macos-26 / Xcode 26.2)	UNKNOWN STEP	2026-05-07T17:57:29.6805850Z Progress: resolved 3694, reused 0, downloaded 892, added 287
iOS preview (macos-26 / Xcode 26.2)	UNKNOWN STEP	2026-05-07T17:57:30.6826830Z Progress: resolved 3694, reused 0, downloaded 926, added 298
iOS preview (macos-26 / Xcode 26.2)	UNKNOWN STEP	2026-05-07T17:57:31.6836600Z Progress: resolved 3694, reused 0, downloaded 964, added 310
iOS preview (macos-26 / Xcode 26.2)	UNKNOWN STEP	2026-05-07T17:57:32.6850870Z Progress: resolved 3694, reused 0, downloaded 1013, added 323
iOS preview (macos-26 / Xcode 26.2)	UNKNOWN STEP	2026-05-07T17:57:33.6941310Z Progress: resolved 3694, reused 0, downloaded 1016, added 324
iOS preview (macos-26 / Xcode 26.2)	UNKNOWN STEP	2026-05-07T17:57:34.6900220Z Progress: resolved 3694, reused 0, downloaded 1039, added 330
iOS preview (macos-26 / Xcode 26.2)	UNKNOWN STEP	2026-05-07T17:57:35.6918740Z Progress: resolved 3694, reused 0, downloaded 1070, added 339
iOS preview (macos-26 / Xcode 26.2)	UNKNOWN STEP	2026-05-07T17:57:36.6941940Z Progress: resolved 3694, reused 0, downloaded 1086, added 345
iOS preview (macos-26 / Xcode 26.2)	UNKNOWN STEP	2026-05-07T17:57:37.6948130Z Progress: resolved 3694, reused 0, downloaded 1132, added 358
iOS preview (macos-26 / Xcode 26.2)	UNKNOWN STEP	2026-05-07T17:57:38.7006020Z Progress: resolved 3694, reused 0, downloaded 1193, added 377
iOS preview (macos-26 / Xcode 26.2)	UNKNOWN STEP	2026-05-07T17:57:39.6975760Z Progress: resolved 3694, reused 0, downloaded 1210, added 381
iOS preview (macos-26 / Xcode 26.2)	UNKNOWN STEP	2026-05-07T17:57:40.6984030Z Progress: resolved 3694, reused 0, downloaded 1237, added 389
iOS preview (macos-26 / Xcode 26.2)	UNKNOWN STEP	2026-05-07T17:57:41.7010300Z Progress: resolved 3694, reused 0, downloaded 1335, added 418
iOS preview (macos-26 / Xcode 26.2)	UNKNOWN STEP	2026-05-07T17:57:42.7013290Z Progress: resolved 3694, reused 0, downloaded 1388, added 437
iOS preview (macos-26 / Xcode 26.2)	UNKNOWN STEP	2026-05-07T17:57:43.7052610Z Progress: resolved 3694, reused 0, downloaded 1475, added 467
iOS preview (macos-26 / Xcode 26.2)	UNKNOWN STEP	2026-05-07T17:57:44.7081220Z Progress: resolved 3694, reused 0, downloaded 1490, added 471
iOS preview (macos-26 / Xcode 26.2)	UNKNOWN STEP	2026-05-07T17:57:45.7054780Z Progress: resolved 3694, reused 0, downloaded 1495, added 472
iOS preview (macos-26 / Xcode 26.2)	UNKNOWN STEP	2026-05-07T17:57:47.8738730Z Progress: resolved 3694, reused 0, downloaded 1496, added 472
iOS preview (macos-26 / Xcode 26.2)	UNKNOWN STEP	2026-05-07T17:57:48.8737340Z Progress: resolved 3694, reused 0, downloaded 1496, added 475
iOS preview (macos-26 / Xcode 26.2)	UNKNOWN STEP	2026-05-07T17:57:49.8751690Z Progress: resolved 3694, reused 0, downloaded 1501, added 475
iOS preview (macos-26 / Xcode 26.2)	UNKNOWN STEP	2026-05-07T17:57:50.8848720Z Progress: resolved 3694, reused 0, downloaded 1504, added 475
iOS preview (macos-26 / Xcode 26.2)	UNKNOWN STEP	2026-05-07T17:57:51.8835900Z Progress: resolved 3694, reused 0, downloaded 1505, added 475
iOS preview (macos-26 / Xcode 26.2)	UNKNOWN STEP	2026-05-07T17:57:52.8917550Z Progress: resolved 3694, reused 0, downloaded 1524, added 480
iOS preview (macos-26 / Xcode 26.2)	UNKNOWN STEP	2026-05-07T17:57:53.8871140Z Progress: resolved 3694, reused 0, downloaded 1599, added 506
iOS preview (macos-26 / Xcode 26.2)	UNKNOWN STEP	2026-05-07T17:57:54.8925810Z Progress: resolved 3694, reused 0, downloaded 1627, added 515
iOS preview (macos-26 / Xcode 26.2)	UNKNOWN STEP	2026-05-07T17:57:55.8874130Z Progress: resolved 3694, reused 0, downloaded 1647, added 520
iOS preview (macos-26 / Xcode 26.2)	UNKNOWN STEP	2026-05-07T17:57:56.8901570Z Progress: resolved 3694, reused 0, downloaded 1680, added 532
iOS preview (macos-26 / Xcode 26.2)	UNKNOWN STEP	2026-05-07T17:57:57.8911510Z Progress: resolved 3694, reused 0, downloaded 1727, added 548
iOS preview (macos-26 / Xcode 26.2)	UNKNOWN STEP	2026-05-07T17:57:58.8940440Z Progress: resolved 3694, reused 0, downloaded 1781, added 563
iOS preview (macos-26 / Xcode 26.2)	UNKNOWN STEP	2026-05-07T17:57:59.8945150Z Progress: resolved 3694, reused 0, downloaded 1818, added 572
iOS preview (macos-26 / Xcode 26.2)	UNKNOWN STEP	2026-05-07T17:58:00.8959160Z Progress: resolved 3694, reused 0, downloaded 1822, added 575
iOS preview (macos-26 / Xcode 26.2)	UNKNOWN STEP	2026-05-07T17:58:01.9044670Z Progress: resolved 3694, reused 0, downloaded 1868, added 590
iOS preview (macos-26 / Xcode 26.2)	UNKNOWN STEP	2026-05-07T17:58:02.9059970Z Progress: resolved 3694, reused 0, downloaded 1883, added 593
iOS preview (macos-26 / Xcode 26.2)	UNKNOWN STEP	2026-05-07T17:58:04.6443640Z Progress: resolved 3694, reused 0, downloaded 1884, added 593
iOS preview (macos-26 / Xcode 26.2)	UNKNOWN STEP	2026-05-07T17:58:05.6468390Z Progress: resolved 3694, reused 0, downloaded 1945, added 615
iOS preview (macos-26 / Xcode 26.2)	UNKNOWN STEP	2026-05-07T17:58:06.6565510Z Progress: resolved 3694, reused 0, downloaded 1956, added 619
iOS preview (macos-26 / Xcode 26.2)	UNKNOWN STEP	2026-05-07T17:58:07.6561190Z Progress: resolved 3694, reused 0, downloaded 1965, added 621
iOS preview (macos-26 / Xcode 26.2)	UNKNOWN STEP	2026-05-07T17:58:08.6571990Z Progress: resolved 3694, reused 0, downloaded 1969, added 623
iOS preview (macos-26 / Xcode 26.2)	UNKNOWN STEP	2026-05-07T17:58:09.6594310Z Progress: resolved 3694, reused 0, downloaded 1974, added 623
iOS preview (macos-26 / Xcode 26.2)	UNKNOWN STEP	2026-05-07T17:58:10.6591580Z Progress: resolved 3694, reused 0, downloaded 1990, added 627
iOS preview (macos-26 / Xcode 26.2)	UNKNOWN STEP	2026-05-07T17:58:11.6612930Z Progress: resolved 3694, reused 0, downloaded 2013, added 635
iOS preview (macos-26 / Xcode 26.2)	UNKNOWN STEP	2026-05-07T17:58:12.6613660Z Progress: resolved 3694, reused 0, downloaded 2062, added 653
iOS preview (macos-26 / Xcode 26.2)	UNKNOWN STEP	2026-05-07T17:58:13.6634290Z Progress: resolved 3694, reused 0, downloaded 2092, added 665
iOS preview (macos-26 / Xcode 26.2)	UNKNOWN STEP	2026-05-07T17:58:14.6646500Z Progress: resolved 3694, reused 0, downloaded 2105, added 668
iOS preview (macos-26 / Xcode 26.2)	UNKNOWN STEP	2026-05-07T17:58:15.6685430Z Progress: resolved 3694, reused 0, downloaded 2108, added 670
iOS preview (macos-26 / Xcode 26.2)	UNKNOWN STEP	2026-05-07T17:58:16.7055340Z Progress: resolved 3694, reused 0, downloaded 2145, added 679
iOS preview (macos-26 / Xcode 26.2)	UNKNOWN STEP	2026-05-07T17:58:17.7046940Z Progress: resolved 3694, reused 0, downloaded 2178, added 690
iOS preview (macos-26 / Xcode 26.2)	UNKNOWN STEP	2026-05-07T17:58:18.7067120Z Progress: resolved 3694, reused 0, downloaded 2190, added 694
iOS preview (macos-26 / Xcode 26.2)	UNKNOWN STEP	2026-05-07T17:58:19.7080410Z Progress: resolved 3694, reused 0, downloaded 2202, added 696
iOS preview (macos-26 / Xcode 26.2)	UNKNOWN STEP	2026-05-07T17:58:20.7085990Z Progress: resolved 3694, reused 0, downloaded 2217, added 700
iOS preview (macos-26 / Xcode 26.2)	UNKNOWN STEP	2026-05-07T17:58:21.7108930Z Progress: resolved 3694, reused 0, downloaded 2228, added 702
iOS preview (macos-26 / Xcode 26.2)	UNKNOWN STEP	2026-05-07T17:58:22.7128250Z Progress: resolved 3694, reused 0, downloaded 2229, added 704
iOS preview (macos-26 / Xcode 26.2)	UNKNOWN STEP	2026-05-07T17:58:23.7145920Z Progress: resolved 3694, reused 0, downloaded 2231, added 705
iOS preview (macos-26 / Xcode 26.2)	UNKNOWN STEP	2026-05-07T17:58:24.7172490Z Progress: resolved 3694, reused 0, downloaded 2244, added 708
iOS preview (macos-26 / Xcode 26.2)	UNKNOWN STEP	2026-05-07T17:58:25.7167960Z Progress: resolved 3694, reused 0, downloaded 2268, added 715
iOS preview (macos-26 / Xcode 26.2)	UNKNOWN STEP	2026-05-07T17:58:26.7520350Z Progress: resolved 3694, reused 0, downloaded 2318, added 731
iOS preview (macos-26 / Xcode 26.2)	UNKNOWN STEP	2026-05-07T17:58:27.7178740Z Progress: resolved 3694, reused 0, downloaded 2411, added 764
iOS preview (macos-26 / Xcode 26.2)	UNKNOWN STEP	2026-05-07T17:58:28.7187950Z Progress: resolved 3694, reused 0, downloaded 2445, added 775
iOS preview (macos-26 / Xcode 26.2)	UNKNOWN STEP	2026-05-07T17:58:29.7219020Z Progress: resolved 3694, reused 0, downloaded 2473, added 786
iOS preview (macos-26 / Xcode 26.2)	UNKNOWN STEP	2026-05-07T17:58:30.7229920Z Progress: resolved 3694, reused 0, downloaded 2493, added 790
iOS preview (macos-26 / Xcode 26.2)	UNKNOWN STEP	2026-05-07T17:58:31.7230330Z Progress: resolved 3694, reused 0, downloaded 2503, added 794
iOS preview (macos-26 / Xcode 26.2)	UNKNOWN STEP	2026-05-07T17:58:32.7257810Z Progress: resolved 3694, reused 0, downloaded 2523, added 802
iOS preview (macos-26 / Xcode 26.2)	UNKNOWN STEP	2026-05-07T17:58:33.7265480Z Progress: resolved 3694, reused 0, downloaded 2559, added 812
iOS preview (macos-26 / Xcode 26.2)	UNKNOWN STEP	2026-05-07T17:58:34.7274900Z Progress: resolved 3694, reused 0, downloaded 2598, added 822
iOS preview (macos-26 / Xcode 26.2)	UNKNOWN STEP	2026-05-07T17:58:35.7320240Z Progress: resolved 3694, reused 0, downloaded 2645, added 836
iOS preview (macos-26 / Xcode 26.2)	UNKNOWN STEP	2026-05-07T17:58:36.7384180Z Progress: resolved 3694, reused 0, downloaded 2705, added 855
iOS preview (macos-26 / Xcode 26.2)	UNKNOWN STEP	2026-05-07T17:58:37.7394910Z Progress: resolved 3694, reused 0, downloaded 2779, added 879
iOS preview (macos-26 / Xcode 26.2)	UNKNOWN STEP	2026-05-07T17:58:38.7430770Z Progress: resolved 3694, reused 0, downloaded 2817, added 892
iOS preview (macos-26 / Xcode 26.2)	UNKNOWN STEP	2026-05-07T17:58:39.7437520Z Progress: resolved 3694, reused 0, downloaded 2830, added 896
iOS preview (macos-26 / Xcode 26.2)	UNKNOWN STEP	2026-05-07T17:58:40.7438850Z Progress: resolved 3694, reused 0, downloaded 2860, added 903
iOS preview (macos-26 / Xcode 26.2)	UNKNOWN STEP	2026-05-07T17:58:41.7453240Z Progress: resolved 3694, reused 0, downloaded 2889, added 910
iOS preview (macos-26 / Xcode 26.2)	UNKNOWN STEP	2026-05-07T17:58:42.7464470Z Progress: resolved 3694, reused 0, downloaded 2904, added 913
iOS preview (macos-26 / Xcode 26.2)	UNKNOWN STEP	2026-05-07T17:58:43.7483540Z Progress: resolved 3694, reused 0, downloaded 2932, added 921
iOS preview (macos-26 / Xcode 26.2)	UNKNOWN STEP	2026-05-07T17:58:44.7494400Z Progress: resolved 3694, reused 0, downloaded 2998, added 945
iOS preview (macos-26 / Xcode 26.2)	UNKNOWN STEP	2026-05-07T17:58:45.7496980Z Progress: resolved 3694, reused 0, downloaded 3055, added 960
iOS preview (macos-26 / Xcode 26.2)	UNKNOWN STEP	2026-05-07T17:58:46.7510180Z Progress: resolved 3694, reused 0, downloaded 3063, added 963
iOS preview (macos-26 / Xcode 26.2)	UNKNOWN STEP	2026-05-07T17:58:49.3381800Z Progress: resolved 3694, reused 0, downloaded 3064, added 963
iOS preview (macos-26 / Xcode 26.2)	UNKNOWN STEP	2026-05-07T17:58:50.3424190Z Progress: resolved 3694, reused 0, downloaded 3081, added 968
iOS preview (macos-26 / Xcode 26.2)	UNKNOWN STEP	2026-05-07T17:58:51.3512710Z Progress: resolved 3694, reused 0, downloaded 3096, added 972
iOS preview (macos-26 / Xcode 26.2)	UNKNOWN STEP	2026-05-07T17:58:52.3520680Z Progress: resolved 3694, reused 0, downloaded 3108, added 976
iOS preview (macos-26 / Xcode 26.2)	UNKNOWN STEP	2026-05-07T17:58:53.3542550Z Progress: resolved 3694, reused 0, downloaded 3121, added 980
iOS preview (macos-26 / Xcode 26.2)	UNKNOWN STEP	2026-05-07T17:58:54.3559610Z Progress: resolved 3694, reused 0, downloaded 3126, added 983
iOS preview (macos-26 / Xcode 26.2)	UNKNOWN STEP	2026-05-07T17:58:55.3592950Z Progress: resolved 3694, reused 0, downloaded 3153, added 989
iOS preview (macos-26 / Xcode 26.2)	UNKNOWN STEP	2026-05-07T17:58:56.3565890Z Progress: resolved 3694, reused 0, downloaded 3187, added 1001
iOS preview (macos-26 / Xcode 26.2)	UNKNOWN STEP	2026-05-07T17:58:57.3575130Z Progress: resolved 3694, reused 0, downloaded 3202, added 1005
iOS preview (macos-26 / Xcode 26.2)	UNKNOWN STEP	2026-05-07T17:58:58.3587540Z Progress: resolved 3694, reused 0, downloaded 3206, added 1005
iOS preview (macos-26 / Xcode 26.2)	UNKNOWN STEP	2026-05-07T17:58:59.3599990Z Progress: resolved 3694, reused 0, downloaded 3211, added 1008
iOS preview (macos-26 / Xcode 26.2)	UNKNOWN STEP	2026-05-07T17:59:00.3606430Z Progress: resolved 3694, reused 0, downloaded 3227, added 1013
iOS preview (macos-26 / Xcode 26.2)	UNKNOWN STEP	2026-05-07T17:59:01.3619120Z Progress: resolved 3694, reused 0, downloaded 3246, added 1017
iOS preview (macos-26 / Xcode 26.2)	UNKNOWN STEP	2026-05-07T17:59:02.3995230Z Progress: resolved 3694, reused 0, downloaded 3283, added 1032
iOS preview (macos-26 / Xcode 26.2)	UNKNOWN STEP	2026-05-07T17:59:03.4010460Z Progress: resolved 3694, reused 0, downloaded 3295, added 1036
iOS preview (macos-26 / Xcode 26.2)	UNKNOWN STEP	2026-05-07T17:59:04.4194560Z Progress: resolved 3694, reused 0, downloaded 3302, added 1036
iOS preview (macos-26 / Xcode 26.2)	UNKNOWN STEP	2026-05-07T17:59:05.4089880Z Progress: resolved 3694, reused 0, downloaded 3309, added 1036
iOS preview (macos-26 / Xcode 26.2)	UNKNOWN STEP	2026-05-07T17:59:07.4373430Z Progress: resolved 3694, reused 0, downloaded 3309, added 1037
iOS preview (macos-26 / Xcode 26.2)	UNKNOWN STEP	2026-05-07T17:59:08.4382900Z Progress: resolved 3694, reused 0, downloaded 3336, added 1044
iOS preview (macos-26 / Xcode 26.2)	UNKNOWN STEP	2026-05-07T17:59:09.4389660Z Progress: resolved 3694, reused 0, downloaded 3367, added 1055
iOS preview (macos-26 / Xcode 26.2)	UNKNOWN STEP	2026-05-07T17:59:10.4412570Z Progress: resolved 3694, reused 0, downloaded 3415, added 1068
iOS preview (macos-26 / Xcode 26.2)	UNKNOWN STEP	2026-05-07T17:59:11.4429620Z Progress: resolved 3694, reused 0, downloaded 3433, added 1075
iOS preview (macos-26 / Xcode 26.2)	UNKNOWN STEP	2026-05-07T17:59:12.4440910Z Progress: resolved 3694, reused 0, downloaded 3446, added 1079
iOS preview (macos-26 / Xcode 26.2)	UNKNOWN STEP	2026-05-07T17:59:13.4470230Z Progress: resolved 3694, reused 0, downloaded 3479, added 1088
iOS preview (macos-26 / Xcode 26.2)	UNKNOWN STEP	2026-05-07T17:59:14.4829560Z Progress: resolved 3694, reused 0, downloaded 3485, added 1091
iOS preview (macos-26 / Xcode 26.2)	UNKNOWN STEP	2026-05-07T17:59:15.4514080Z Progress: resolved 3694, reused 0, downloaded 3500, added 1095
iOS preview (macos-26 / Xcode 26.2)	UNKNOWN STEP	2026-05-07T17:59:16.4513070Z Progress: resolved 3694, reused 0, downloaded 3512, added 1098
iOS preview (macos-26 / Xcode 26.2)	UNKNOWN STEP	2026-05-07T17:59:17.4523070Z Progress: resolved 3694, reused 0, downloaded 3539, added 1106
iOS preview (macos-26 / Xcode 26.2)	UNKNOWN STEP	2026-05-07T17:59:18.4540590Z Progress: resolved 3694, reused 0, downloaded 3558, added 1144
iOS preview (macos-26 / Xcode 26.2)	UNKNOWN STEP	2026-05-07T17:59:19.4573900Z Progress: resolved 3694, reused 0, downloaded 3558, added 1244
iOS preview (macos-26 / Xcode 26.2)	UNKNOWN STEP	2026-05-07T17:59:20.4576710Z Progress: resolved 3694, reused 0, downloaded 3558, added 1265
iOS preview (macos-26 / Xcode 26.2)	UNKNOWN STEP	2026-05-07T17:59:21.4587230Z Progress: resolved 3694, reused 0, downloaded 3558, added 1341
iOS preview (macos-26 / Xcode 26.2)	UNKNOWN STEP	2026-05-07T17:59:22.4606810Z Progress: resolved 3694, reused 0, downloaded 3558, added 1439
iOS preview (macos-26 / Xcode 26.2)	UNKNOWN STEP	2026-05-07T17:59:23.4634420Z Progress: resolved 3694, reused 0, downloaded 3558, added 1507
iOS preview (macos-26 / Xcode 26.2)	UNKNOWN STEP	2026-05-07T17:59:24.4650970Z Progress: resolved 3694, reused 0, downloaded 3558, added 1562
iOS preview (macos-26 / Xcode 26.2)	UNKNOWN STEP	2026-05-07T17:59:25.4679500Z Progress: resolved 3694, reused 0, downloaded 3558, added 1571
iOS preview (macos-26 / Xcode 26.2)	UNKNOWN STEP	2026-05-07T17:59:27.0303410Z Progress: resolved 3694, reused 0, downloaded 3558, added 1572
iOS preview (macos-26 / Xcode 26.2)	UNKNOWN STEP	2026-05-07T17:59:28.0565510Z Progress: resolved 3694, reused 0, downloaded 3558, added 1577
iOS preview (macos-26 / Xcode 26.2)	UNKNOWN STEP	2026-05-07T17:59:29.9032040Z Progress: resolved 3694, reused 0, downloaded 3558, added 1578
iOS preview (macos-26 / Xcode 26.2)	UNKNOWN STEP	2026-05-07T17:59:30.9056900Z Progress: resolved 3694, reused 0, downloaded 3558, added 1602
iOS preview (macos-26 / Xcode 26.2)	UNKNOWN STEP	2026-05-07T17:59:31.9071740Z Progress: resolved 3694, reused 0, downloaded 3558, added 1667
iOS preview (macos-26 / Xcode 26.2)	UNKNOWN STEP	2026-05-07T17:59:32.9101230Z Progress: resolved 3694, reused 0, downloaded 3558, added 1722
iOS preview (macos-26 / Xcode 26.2)	UNKNOWN STEP	2026-05-07T17:59:33.9119880Z Progress: resolved 3694, reused 0, downloaded 3558, added 1766
iOS preview (macos-26 / Xcode 26.2)	UNKNOWN STEP	2026-05-07T17:59:34.9131340Z Progress: resolved 3694, reused 0, downloaded 3558, added 1772
iOS preview (macos-26 / Xcode 26.2)	UNKNOWN STEP	2026-05-07T17:59:35.9150790Z Progress: resolved 3694, reused 0, downloaded 3558, added 1806
iOS preview (macos-26 / Xcode 26.2)	UNKNOWN STEP	2026-05-07T17:59:36.9213840Z Progress: resolved 3694, reused 0, downloaded 3558, added 1843
iOS preview (macos-26 / Xcode 26.2)	UNKNOWN STEP	2026-05-07T17:59:37.9167100Z Progress: resolved 3694, reused 0, downloaded 3558, added 1863
iOS preview (macos-26 / Xcode 26.2)	UNKNOWN STEP	2026-05-07T17:59:38.9222640Z Progress: resolved 3694, reused 0, downloaded 3558, added 1880
iOS preview (macos-26 / Xcode 26.2)	UNKNOWN STEP	2026-05-07T17:59:39.9245240Z Progress: resolved 3694, reused 0, downloaded 3558, added 1914
iOS preview (macos-26 / Xcode 26.2)	UNKNOWN STEP	2026-05-07T17:59:40.9266020Z Progress: resolved 3694, reused 0, downloaded 3558, added 1937
iOS preview (macos-26 / Xcode 26.2)	UNKNOWN STEP	2026-05-07T17:59:41.9305550Z Progress: resolved 3694, reused 0, downloaded 3558, added 1976
iOS preview (macos-26 / Xcode 26.2)	UNKNOWN STEP	2026-05-07T17:59:42.9326020Z Progress: resolved 3694, reused 0, downloaded 3558, added 2003
iOS preview (macos-26 / Xcode 26.2)	UNKNOWN STEP	2026-05-07T17:59:43.9343730Z Progress: resolved 3694, reused 0, downloaded 3558, added 2047
iOS preview (macos-26 / Xcode 26.2)	UNKNOWN STEP	2026-05-07T17:59:44.9385660Z Progress: resolved 3694, reused 0, downloaded 3558, added 2062
iOS preview (macos-26 / Xcode 26.2)	UNKNOWN STEP	2026-05-07T17:59:45.9393000Z Progress: resolved 3694, reused 0, downloaded 3558, added 2099
iOS preview (macos-26 / Xcode 26.2)	UNKNOWN STEP	2026-05-07T17:59:46.9399400Z Progress: resolved 3694, reused 0, downloaded 3558, added 2154
iOS preview (macos-26 / Xcode 26.2)	UNKNOWN STEP	2026-05-07T17:59:47.9429230Z Progress: resolved 3694, reused 0, downloaded 3558, added 2222
iOS preview (macos-26 / Xcode 26.2)	UNKNOWN STEP	2026-05-07T17:59:48.9469150Z Progress: resolved 3694, reused 0, downloaded 3558, added 2251
iOS preview (macos-26 / Xcode 26.2)	UNKNOWN STEP	2026-05-07T17:59:49.9501880Z Progress: resolved 3694, reused 0, downloaded 3558, added 2285
iOS preview (macos-26 / Xcode 26.2)	UNKNOWN STEP	2026-05-07T17:59:50.9580400Z Progress: resolved 3694, reused 0, downloaded 3558, added 2290
iOS preview (macos-26 / Xcode 26.2)	UNKNOWN STEP	2026-05-07T17:59:51.9551280Z Progress: resolved 3694, reused 0, downloaded 3558, added 2327
iOS preview (macos-26 / Xcode 26.2)	UNKNOWN STEP	2026-05-07T17:59:52.9581590Z Progress: resolved 3694, reused 0, downloaded 3558, added 2330
iOS preview (macos-26 / Xcode 26.2)	UNKNOWN STEP	2026-05-07T17:59:53.9638250Z Progress: resolved 3694, reused 0, downloaded 3558, added 2338
iOS preview (macos-26 / Xcode 26.2)	UNKNOWN STEP	2026-05-07T17:59:54.9659280Z Progress: resolved 3694, reused 0, downloaded 3558, added 2359
iOS preview (macos-26 / Xcode 26.2)	UNKNOWN STEP	2026-05-07T17:59:55.9686360Z Progress: resolved 3694, reused 0, downloaded 3558, added 2372
iOS preview (macos-26 / Xcode 26.2)	UNKNOWN STEP	2026-05-07T17:59:56.9694650Z Progress: resolved 3694, reused 0, downloaded 3558, added 2420
iOS preview (macos-26 / Xcode 26.2)	UNKNOWN STEP	2026-05-07T17:59:57.9724530Z Progress: resolved 3694, reused 0, downloaded 3558, added 2517
iOS preview (macos-26 / Xcode 26.2)	UNKNOWN STEP	2026-05-07T17:59:58.9755070Z Progress: resolved 3694, reused 0, downloaded 3558, added 2548
iOS preview (macos-26 / Xcode 26.2)	UNKNOWN STEP	2026-05-07T17:59:59.9780670Z Progress: resolved 3694, reused 0, downloaded 3558, added 2573
iOS preview (macos-26 / Xcode 26.2)	UNKNOWN STEP	2026-05-07T18:00:00.9774280Z Progress: resolved 3694, reused 0, downloaded 3558, added 2597
iOS preview (macos-26 / Xcode 26.2)	UNKNOWN STEP	2026-05-07T18:00:01.9821460Z Progress: resolved 3694, reused 0, downloaded 3558, added 2624
iOS preview (macos-26 / Xcode 26.2)	UNKNOWN STEP	2026-05-07T18:00:02.9874570Z Progress: resolved 3694, reused 0, downloaded 3558, added 2696
iOS preview (macos-26 / Xcode 26.2)	UNKNOWN STEP	2026-05-07T18:00:03.9872250Z Progress: resolved 3694, reused 0, downloaded 3558, added 2837
iOS preview (macos-26 / Xcode 26.2)	UNKNOWN STEP	2026-05-07T18:00:05.1153430Z Progress: resolved 3694, reused 0, downloaded 3558, added 2953
iOS preview (macos-26 / Xcode 26.2)	UNKNOWN STEP	2026-05-07T18:00:06.1182830Z Progress: resolved 3694, reused 0, downloaded 3558, added 2960
iOS preview (macos-26 / Xcode 26.2)	UNKNOWN STEP	2026-05-07T18:00:07.1216790Z Progress: resolved 3694, reused 0, downloaded 3558, added 2977
iOS preview (macos-26 / Xcode 26.2)	UNKNOWN STEP	2026-05-07T18:00:08.1216060Z Progress: resolved 3694, reused 0, downloaded 3558, added 3087
iOS preview (macos-26 / Xcode 26.2)	UNKNOWN STEP	2026-05-07T18:00:09.1239710Z Progress: resolved 3694, reused 0, downloaded 3558, added 3180
iOS preview (macos-26 / Xcode 26.2)	UNKNOWN STEP	2026-05-07T18:00:10.4237910Z Progress: resolved 3694, reused 0, downloaded 3558, added 3181
iOS preview (macos-26 / Xcode 26.2)	UNKNOWN STEP	2026-05-07T18:00:11.4254530Z Progress: resolved 3694, reused 0, downloaded 3558, added 3201
iOS preview (macos-26 / Xcode 26.2)	UNKNOWN STEP	2026-05-07T18:00:12.4288420Z Progress: resolved 3694, reused 0, downloaded 3558, added 3209
iOS preview (macos-26 / Xcode 26.2)	UNKNOWN STEP	2026-05-07T18:00:13.4313540Z Progress: resolved 3694, reused 0, downloaded 3558, added 3234
iOS preview (macos-26 / Xcode 26.2)	UNKNOWN STEP	2026-05-07T18:00:14.4333230Z Progress: resolved 3694, reused 0, downloaded 3558, added 3264
iOS preview (macos-26 / Xcode 26.2)	UNKNOWN STEP	2026-05-07T18:00:15.4418700Z Progress: resolved 3694, reused 0, downloaded 3558, added 3267
iOS preview (macos-26 / Xcode 26.2)	UNKNOWN STEP	2026-05-07T18:00:16.4449160Z Progress: resolved 3694, reused 0, downloaded 3558, added 3313
iOS preview (macos-26 / Xcode 26.2)	UNKNOWN STEP	2026-05-07T18:00:17.4470050Z Progress: resolved 3694, reused 0, downloaded 3558, added 3325
iOS preview (macos-26 / Xcode 26.2)	UNKNOWN STEP	2026-05-07T18:00:18.4470500Z Progress: resolved 3694, reused 0, downloaded 3558, added 3375
iOS preview (macos-26 / Xcode 26.2)	UNKNOWN STEP	2026-05-07T18:00:19.4526900Z Progress: resolved 3694, reused 0, downloaded 3558, added 3422
iOS preview (macos-26 / Xcode 26.2)	UNKNOWN STEP	2026-05-07T18:00:20.4519770Z Progress: resolved 3694, reused 0, downloaded 3558, added 3464
iOS preview (macos-26 / Xcode 26.2)	UNKNOWN STEP	2026-05-07T18:00:21.4531320Z Progress: resolved 3694, reused 0, downloaded 3558, added 3560
iOS preview (macos-26 / Xcode 26.2)	UNKNOWN STEP	2026-05-07T18:00:22.4550760Z Progress: resolved 3694, reused 0, downloaded 3558, added 3572
iOS preview (macos-26 / Xcode 26.2)	UNKNOWN STEP	2026-05-07T18:00:23.4573700Z Progress: resolved 3694, reused 0, downloaded 3558, added 3584
iOS preview (macos-26 / Xcode 26.2)	UNKNOWN STEP	2026-05-07T18:00:24.4593850Z Progress: resolved 3694, reused 0, downloaded 3558, added 3650
iOS preview (macos-26 / Xcode 26.2)	UNKNOWN STEP	2026-05-07T18:00:25.4631680Z Progress: resolved 3694, reused 0, downloaded 3558, added 3692
iOS preview (macos-26 / Xcode 26.2)	UNKNOWN STEP	2026-05-07T18:00:25.7909020Z Progress: resolved 3694, reused 0, downloaded 3558, added 3694, done
iOS preview (macos-26 / Xcode 26.2)	UNKNOWN STEP	2026-05-07T18:00:28.0875090Z 
iOS preview (macos-26 / Xcode 26.2)	UNKNOWN STEP	2026-05-07T18:00:28.0976030Z dependencies:
iOS preview (macos-26 / Xcode 26.2)	UNKNOWN STEP	2026-05-07T18:00:28.1077760Z + @ai-sdk/google 3.0.53
iOS preview (macos-26 / Xcode 26.2)	UNKNOWN STEP	2026-05-07T18:00:28.1179560Z + @ai-sdk/openai 3.0.48
iOS preview (macos-26 / Xcode 26.2)	UNKNOWN STEP	2026-05-07T18:00:28.1285110Z + @ai-sdk/react 3.0.143
iOS preview (macos-26 / Xcode 26.2)	UNKNOWN STEP	2026-05-07T18:00:28.1386230Z + @dnd-kit/core 6.3.1
iOS preview (macos-26 / Xcode 26.2)	UNKNOWN STEP	2026-05-07T18:00:28.1488280Z + @dnd-kit/sortable 10.0.0
iOS preview (macos-26 / Xcode 26.2)	UNKNOWN STEP	2026-05-07T18:00:28.1595840Z + @dnd-kit/utilities 3.2.2
iOS preview (macos-26 / Xcode 26.2)	UNKNOWN STEP	2026-05-07T18:00:28.1701520Z + @event-calendar/core 3.12.0
iOS preview (macos-26 / Xcode 26.2)	UNKNOWN STEP	2026-05-07T18:00:28.1832170Z + @event-calendar/day-grid 3.12.0
iOS preview (macos-26 / Xcode 26.2)	UNKNOWN STEP	2026-05-07T18:00:28.1934900Z + @event-calendar/interaction 3.12.0
iOS preview (macos-26 / Xcode 26.2)	UNKNOWN STEP	2026-05-07T18:00:28.1964140Z + @event-calendar/time-grid 3.12.0
iOS preview (macos-26 / Xcode 26.2)	UNKNOWN STEP	2026-05-07T18:00:28.1965500Z + @fisioflow/config 1.0.0 <- packages/config
iOS preview (macos-26 / Xcode 26.2)	UNKNOWN STEP	2026-05-07T18:00:28.1966340Z + @fullcalendar/core 6.1.20
iOS preview (macos-26 / Xcode 26.2)	UNKNOWN STEP	2026-05-07T18:00:28.1968720Z + @fullcalendar/daygrid 6.1.20
iOS preview (macos-26 / Xcode 26.2)	UNKNOWN STEP	2026-05-07T18:00:28.1970430Z + @fullcalendar/interaction 6.1.20
iOS preview (macos-26 / Xcode 26.2)	UNKNOWN STEP	2026-05-07T18:00:28.1971680Z + @fullcalendar/react 6.1.20
iOS preview (macos-26 / Xcode 26.2)	UNKNOWN STEP	2026-05-07T18:00:28.1972340Z + @fullcalendar/rrule 6.1.20
iOS preview (macos-26 / Xcode 26.2)	UNKNOWN STEP	2026-05-07T18:00:28.1973040Z + @fullcalendar/timegrid 6.1.20
iOS preview (macos-26 / Xcode 26.2)	UNKNOWN STEP	2026-05-07T18:00:28.1973810Z + @google/generative-ai 0.24.1
iOS preview (macos-26 / Xcode 26.2)	UNKNOWN STEP	2026-05-07T18:00:28.1974410Z + @hello-pangea/dnd 18.0.1
iOS preview (macos-26 / Xcode 26.2)	UNKNOWN STEP	2026-05-07T18:00:28.1975030Z + @hookform/resolvers 3.10.0
iOS preview (macos-26 / Xcode 26.2)	UNKNOWN STEP	2026-05-07T18:00:28.1975890Z + @mediapipe/drawing_utils 0.3.1675466124
iOS preview (macos-26 / Xcode 26.2)	UNKNOWN STEP	2026-05-07T18:00:28.1977050Z + @mediapipe/pose 0.5.1675469404
iOS preview (macos-26 / Xcode 26.2)	UNKNOWN STEP	2026-05-07T18:00:28.1977910Z + @mediapipe/tasks-vision 0.10.34
iOS preview (macos-26 / Xcode 26.2)	UNKNOWN STEP	2026-05-07T18:00:28.1978760Z + @neondatabase/auth 0.2.0-beta.1
iOS preview (macos-26 / Xcode 26.2)	UNKNOWN STEP	2026-05-07T18:00:28.1979560Z + @neondatabase/neon-js 0.2.0-beta.1
iOS preview (macos-26 / Xcode 26.2)	UNKNOWN STEP	2026-05-07T18:00:28.1980480Z + @neondatabase/serverless 1.0.2
iOS preview (macos-26 / Xcode 26.2)	UNKNOWN STEP	2026-05-07T18:00:28.1992020Z + @notionhq/client 5.15.0
iOS preview (macos-26 / Xcode 26.2)	UNKNOWN STEP	2026-05-07T18:00:28.1993380Z + @radix-ui/react-accordion 1.2.12
iOS preview (macos-26 / Xcode 26.2)	UNKNOWN STEP	2026-05-07T18:00:28.1994260Z + @radix-ui/react-alert-dialog 1.1.15
iOS preview (macos-26 / Xcode 26.2)	UNKNOWN STEP	2026-05-07T18:00:28.1995020Z + @radix-ui/react-aspect-ratio 1.1.8
iOS preview (macos-26 / Xcode 26.2)	UNKNOWN STEP	2026-05-07T18:00:28.1995760Z + @radix-ui/react-avatar 1.1.11
iOS preview (macos-26 / Xcode 26.2)	UNKNOWN STEP	2026-05-07T18:00:28.1996590Z + @radix-ui/react-checkbox 1.3.3
iOS preview (macos-26 / Xcode 26.2)	UNKNOWN STEP	2026-05-07T18:00:28.1997380Z + @radix-ui/react-collapsible 1.1.12
iOS preview (macos-26 / Xcode 26.2)	UNKNOWN STEP	2026-05-07T18:00:28.1998190Z + @radix-ui/react-context-menu 2.2.16
iOS preview (macos-26 / Xcode 26.2)	UNKNOWN STEP	2026-05-07T18:00:28.1999000Z + @radix-ui/react-dialog 1.1.15
iOS preview (macos-26 / Xcode 26.2)	UNKNOWN STEP	2026-05-07T18:00:28.1999790Z + @radix-ui/react-dropdown-menu 2.1.16
iOS preview (macos-26 / Xcode 26.2)	UNKNOWN STEP	2026-05-07T18:00:28.2000580Z + @radix-ui/react-hover-card 1.1.15
iOS preview (macos-26 / Xcode 26.2)	UNKNOWN STEP	2026-05-07T18:00:28.2001230Z + @radix-ui/react-label 2.1.8
iOS preview (macos-26 / Xcode 26.2)	UNKNOWN STEP	2026-05-07T18:00:28.2002010Z + @radix-ui/react-menubar 1.1.16
iOS preview (macos-26 / Xcode 26.2)	UNKNOWN STEP	2026-05-07T18:00:28.2002740Z + @radix-ui/react-navigation-menu 1.2.14
iOS preview (macos-26 / Xcode 26.2)	UNKNOWN STEP	2026-05-07T18:00:28.2003490Z + @radix-ui/react-popover 1.1.15
iOS preview (macos-26 / Xcode 26.2)	UNKNOWN STEP	2026-05-07T18:00:28.2004290Z + @radix-ui/react-progress 1.1.8
iOS preview (macos-26 / Xcode 26.2)	UNKNOWN STEP	2026-05-07T18:00:28.2005010Z + @radix-ui/react-radio-group 1.3.8
iOS preview (macos-26 / Xcode 26.2)	UNKNOWN STEP	2026-05-07T18:00:28.2005750Z + @radix-ui/react-scroll-area 1.2.10
iOS preview (macos-26 / Xcode 26.2)	UNKNOWN STEP	2026-05-07T18:00:28.2006530Z + @radix-ui/react-select 2.2.6
iOS preview (macos-26 / Xcode 26.2)	UNKNOWN STEP	2026-05-07T18:00:28.2007210Z + @radix-ui/react-separator 1.1.8
iOS preview (macos-26 / Xcode 26.2)	UNKNOWN STEP	2026-05-07T18:00:28.2007890Z + @radix-ui/react-slider 1.3.6
iOS preview (macos-26 / Xcode 26.2)	UNKNOWN STEP	2026-05-07T18:00:28.2008890Z + @radix-ui/react-slot 1.2.4
iOS preview (macos-26 / Xcode 26.2)	UNKNOWN STEP	2026-05-07T18:00:28.2009450Z + @radix-ui/react-switch 1.2.6
iOS preview (macos-26 / Xcode 26.2)	UNKNOWN STEP	2026-05-07T18:00:28.2009780Z + @radix-ui/react-tabs 1.1.13
iOS preview (macos-26 / Xcode 26.2)	UNKNOWN STEP	2026-05-07T18:00:28.2010060Z + @radix-ui/react-toast 1.2.15
iOS preview (macos-26 / Xcode 26.2)	UNKNOWN STEP	2026-05-07T18:00:28.2010330Z + @radix-ui/react-toggle 1.1.10
iOS preview (macos-26 / Xcode 26.2)	UNKNOWN STEP	2026-05-07T18:00:28.2010700Z + @radix-ui/react-toggle-group 1.1.11
iOS preview (macos-26 / Xcode 26.2)	UNKNOWN STEP	2026-05-07T18:00:28.2010990Z + @radix-ui/react-tooltip 1.2.8
iOS preview (macos-26 / Xcode 26.2)	UNKNOWN STEP	2026-05-07T18:00:28.2011240Z + @react-pdf/renderer 4.3.2
iOS preview (macos-26 / Xcode 26.2)	UNKNOWN STEP	2026-05-07T18:00:28.2011520Z + @sentry/react 10.47.0
iOS preview (macos-26 / Xcode 26.2)	UNKNOWN STEP	2026-05-07T18:00:28.2011830Z + @tanstack/query-async-storage-persister 5.90.22
iOS preview (macos-26 / Xcode 26.2)	UNKNOWN STEP	2026-05-07T18:00:28.2012200Z + @tanstack/query-sync-storage-persister 5.90.22
iOS preview (macos-26 / Xcode 26.2)	UNKNOWN STEP	2026-05-07T18:00:28.2012580Z + @tanstack/react-query 5.97.0
iOS preview (macos-26 / Xcode 26.2)	UNKNOWN STEP	2026-05-07T18:00:28.2012900Z + @tanstack/react-query-persist-client 5.90.22
iOS preview (macos-26 / Xcode 26.2)	UNKNOWN STEP	2026-05-07T18:00:28.2013210Z + @tanstack/react-table 8.21.3
iOS preview (macos-26 / Xcode 26.2)	UNKNOWN STEP	2026-05-07T18:00:28.2013540Z + @tensorflow-models/pose-detection 2.1.3
iOS preview (macos-26 / Xcode 26.2)	UNKNOWN STEP	2026-05-07T18:00:28.2013820Z + @tensorflow/tfjs 4.22.0
iOS preview (macos-26 / Xcode 26.2)	UNKNOWN STEP	2026-05-07T18:00:28.2014030Z + @tiptap/core 3.20.5
iOS preview (macos-26 / Xcode 26.2)	UNKNOWN STEP	2026-05-07T18:00:28.2014790Z + @tiptap/extension-code-block-lowlight 3.20.5
iOS preview (macos-26 / Xcode 26.2)	UNKNOWN STEP	2026-05-07T18:00:28.2015380Z + @tiptap/extension-color 3.20.5
iOS preview (macos-26 / Xcode 26.2)	UNKNOWN STEP	2026-05-07T18:00:28.2015670Z + @tiptap/extension-highlight 3.20.5
iOS preview (macos-26 / Xcode 26.2)	UNKNOWN STEP	2026-05-07T18:00:28.2016000Z + @tiptap/extension-image 3.20.5
iOS preview (macos-26 / Xcode 26.2)	UNKNOWN STEP	2026-05-07T18:00:28.2017180Z + @tiptap/extension-link 3.20.5
iOS preview (macos-26 / Xcode 26.2)	UNKNOWN STEP	2026-05-07T18:00:28.2017480Z + @tiptap/extension-mention 3.20.5
iOS preview (macos-26 / Xcode 26.2)	UNKNOWN STEP	2026-05-07T18:00:28.2017840Z + @tiptap/extension-placeholder 3.20.5
iOS preview (macos-26 / Xcode 26.2)	UNKNOWN STEP	2026-05-07T18:00:28.2018140Z + @tiptap/extension-subscript 3.20.5
iOS preview (macos-26 / Xcode 26.2)	UNKNOWN STEP	2026-05-07T18:00:28.2018440Z + @tiptap/extension-superscript 3.20.5
iOS preview (macos-26 / Xcode 26.2)	UNKNOWN STEP	2026-05-07T18:00:28.2018780Z + @tiptap/extension-table 3.20.5
iOS preview (macos-26 / Xcode 26.2)	UNKNOWN STEP	2026-05-07T18:00:28.2019070Z + @tiptap/extension-table-cell 3.20.5
iOS preview (macos-26 / Xcode 26.2)	UNKNOWN STEP	2026-05-07T18:00:28.2019370Z + @tiptap/extension-table-header 3.20.5
iOS preview (macos-26 / Xcode 26.2)	UNKNOWN STEP	2026-05-07T18:00:28.2019720Z + @tiptap/extension-table-row 3.20.5
iOS preview (macos-26 / Xcode 26.2)	UNKNOWN STEP	2026-05-07T18:00:28.2020000Z + @tiptap/extension-task-item 3.20.5
iOS preview (macos-26 / Xcode 26.2)	UNKNOWN STEP	2026-05-07T18:00:28.2020290Z + @tiptap/extension-task-list 3.20.5
iOS preview (macos-26 / Xcode 26.2)	UNKNOWN STEP	2026-05-07T18:00:28.2020960Z + @tiptap/extension-text-align 3.20.5
iOS preview (macos-26 / Xcode 26.2)	UNKNOWN STEP	2026-05-07T18:00:28.2021260Z + @tiptap/extension-text-style 3.20.5
iOS preview (macos-26 / Xcode 26.2)	UNKNOWN STEP	2026-05-07T18:00:28.2021570Z + @tiptap/extension-underline 3.20.5
iOS preview (macos-26 / Xcode 26.2)	UNKNOWN STEP	2026-05-07T18:00:28.2021940Z + @tiptap/extension-youtube 3.20.5
iOS preview (macos-26 / Xcode 26.2)	UNKNOWN STEP	2026-05-07T18:00:28.2022200Z + @tiptap/pm 3.20.5
iOS preview (macos-26 / Xcode 26.2)	UNKNOWN STEP	2026-05-07T18:00:28.2022410Z + @tiptap/react 3.20.5
iOS preview (macos-26 / Xcode 26.2)	UNKNOWN STEP	2026-05-07T18:00:28.2022720Z + @tiptap/starter-kit 3.20.5
iOS preview (macos-26 / Xcode 26.2)	UNKNOWN STEP	2026-05-07T18:00:28.2022970Z + @tiptap/suggestion 3.20.5
iOS preview (macos-26 / Xcode 26.2)	UNKNOWN STEP	2026-05-07T18:00:28.2023170Z + ai 6.0.141
iOS preview (macos-26 / Xcode 26.2)	UNKNOWN STEP	2026-05-07T18:00:28.2023420Z + ajv 8.18.0
iOS preview (macos-26 / Xcode 26.2)	UNKNOWN STEP	2026-05-07T18:00:28.2023640Z + ajv-formats 3.0.1
iOS preview (macos-26 / Xcode 26.2)	UNKNOWN STEP	2026-05-07T18:00:28.2023860Z + axios 1.15.2
iOS preview (macos-26 / Xcode 26.2)	UNKNOWN STEP	2026-05-07T18:00:28.2024180Z + better-auth 1.5.6
iOS preview (macos-26 / Xcode 26.2)	UNKNOWN STEP	2026-05-07T18:00:28.2024750Z + canvas-confetti 1.9.4
iOS preview (macos-26 / Xcode 26.2)	UNKNOWN STEP	2026-05-07T18:00:28.2025060Z + class-variance-authority 0.7.1
iOS preview (macos-26 / Xcode 26.2)	UNKNOWN STEP	2026-05-07T18:00:28.2025310Z + clsx 2.1.1
iOS preview (macos-26 / Xcode 26.2)	UNKNOWN STEP	2026-05-07T18:00:28.2025540Z + cmdk 1.1.1
iOS preview (macos-26 / Xcode 26.2)	UNKNOWN STEP	2026-05-07T18:00:28.2025750Z + crypto-js 4.2.0
iOS preview (macos-26 / Xcode 26.2)	UNKNOWN STEP	2026-05-07T18:00:28.2025960Z + date-fns 3.6.0
iOS preview (macos-26 / Xcode 26.2)	UNKNOWN STEP	2026-05-07T18:00:28.2026250Z + date-fns-tz 3.2.0
iOS preview (macos-26 / Xcode 26.2)	UNKNOWN STEP	2026-05-07T18:00:28.2026440Z + docx 9.5.3
iOS preview (macos-26 / Xcode 26.2)	UNKNOWN STEP	2026-05-07T18:00:28.2026630Z + dompurify 3.4.1
iOS preview (macos-26 / Xcode 26.2)	UNKNOWN STEP	2026-05-07T18:00:28.2026860Z + dotenv 17.3.1
iOS preview (macos-26 / Xcode 26.2)	UNKNOWN STEP	2026-05-07T18:00:28.2027050Z + drizzle-orm 0.45.2
iOS preview (macos-26 / Xcode 26.2)	UNKNOWN STEP	2026-05-07T18:00:28.2027270Z + embla-carousel-react 8.6.0
iOS preview (macos-26 / Xcode 26.2)	UNKNOWN STEP	2026-05-07T18:00:28.2027520Z + exceljs 4.4.0
iOS preview (macos-26 / Xcode 26.2)	UNKNOWN STEP	2026-05-07T18:00:28.2027710Z + file-saver 2.0.5
iOS preview (macos-26 / Xcode 26.2)	UNKNOWN STEP	2026-05-07T18:00:28.2027910Z + framer-motion 12.38.0
iOS preview (macos-26 / Xcode 26.2)	UNKNOWN STEP	2026-05-07T18:00:28.2028140Z + fuse.js 7.1.0
iOS preview (macos-26 / Xcode 26.2)	UNKNOWN STEP	2026-05-07T18:00:28.2028310Z + hono 4.12.15
iOS preview (macos-26 / Xcode 26.2)	UNKNOWN STEP	2026-05-07T18:00:28.2028480Z + idb 8.0.3
iOS preview (macos-26 / Xcode 26.2)	UNKNOWN STEP	2026-05-07T18:00:28.2028710Z + idb-keyval 6.2.2
iOS preview (macos-26 / Xcode 26.2)	UNKNOWN STEP	2026-05-07T18:00:28.2028900Z + input-otp 1.4.2
iOS preview (macos-26 / Xcode 26.2)	UNKNOWN STEP	2026-05-07T18:00:28.2029070Z + jspdf 4.2.1
iOS preview (macos-26 / Xcode 26.2)	UNKNOWN STEP	2026-05-07T18:00:28.2029360Z + jspdf-autotable 5.0.7
iOS preview (macos-26 / Xcode 26.2)	UNKNOWN STEP	2026-05-07T18:00:28.2029590Z + konva 9.3.22
iOS preview (macos-26 / Xcode 26.2)	UNKNOWN STEP	2026-05-07T18:00:28.2029810Z + lodash 4.18.1
iOS preview (macos-26 / Xcode 26.2)	UNKNOWN STEP	2026-05-07T18:00:28.2030070Z + lodash-es 4.18.1
iOS preview (macos-26 / Xcode 26.2)	UNKNOWN STEP	2026-05-07T18:00:28.2030250Z + lowlight 3.3.0
iOS preview (macos-26 / Xcode 26.2)	UNKNOWN STEP	2026-05-07T18:00:28.2030450Z + lucide-react 1.7.0
iOS preview (macos-26 / Xcode 26.2)	UNKNOWN STEP	2026-05-07T18:00:28.2030680Z + next 16.2.4
iOS preview (macos-26 / Xcode 26.2)	UNKNOWN STEP	2026-05-07T18:00:28.2030840Z + openai 6.33.0
iOS preview (macos-26 / Xcode 26.2)	UNKNOWN STEP	2026-05-07T18:00:28.2031020Z + pg 8.20.0
iOS preview (macos-26 / Xcode 26.2)	UNKNOWN STEP	2026-05-07T18:00:28.2031250Z + posthog-js 1.361.1
iOS preview (macos-26 / Xcode 26.2)	UNKNOWN STEP	2026-05-07T18:00:28.2031420Z + qrcode 1.5.4
iOS preview (macos-26 / Xcode 26.2)	UNKNOWN STEP	2026-05-07T18:00:28.2031610Z + qrcode.react 4.2.0
iOS preview (macos-26 / Xcode 26.2)	UNKNOWN STEP	2026-05-07T18:00:28.2031840Z + react 19.2.0
iOS preview (macos-26 / Xcode 26.2)	UNKNOWN STEP	2026-05-07T18:00:28.2032040Z + react-day-picker 9.13.2
iOS preview (macos-26 / Xcode 26.2)	UNKNOWN STEP	2026-05-07T18:00:28.2032260Z + react-dom 19.2.0
iOS preview (macos-26 / Xcode 26.2)	UNKNOWN STEP	2026-05-07T18:00:28.2032510Z + react-dropzone 15.0.0
iOS preview (macos-26 / Xcode 26.2)	UNKNOWN STEP	2026-05-07T18:00:28.2032740Z + react-error-boundary 6.1.1
iOS preview (macos-26 / Xcode 26.2)	UNKNOWN STEP	2026-05-07T18:00:28.2033070Z + react-filerobot-image-editor 5.0.0-beta.156
iOS preview (macos-26 / Xcode 26.2)	UNKNOWN STEP	2026-05-07T18:00:28.2033390Z + react-grid-layout 2.2.3
iOS preview (macos-26 / Xcode 26.2)	UNKNOWN STEP	2026-05-07T18:00:28.2033620Z + react-hook-form 7.72.0
iOS preview (macos-26 / Xcode 26.2)	UNKNOWN STEP	2026-05-07T18:00:28.2033820Z + react-konva 19.2.3
iOS preview (macos-26 / Xcode 26.2)	UNKNOWN STEP	2026-05-07T18:00:28.2034080Z + react-markdown 10.1.0
iOS preview (macos-26 / Xcode 26.2)	UNKNOWN STEP	2026-05-07T18:00:28.2034280Z + react-pdf 10.4.1
iOS preview (macos-26 / Xcode 26.2)	UNKNOWN STEP	2026-05-07T18:00:28.2034530Z + react-resizable-panels 4.7.6
iOS preview (macos-26 / Xcode 26.2)	UNKNOWN STEP	2026-05-07T18:00:28.2034810Z + react-router 7.13.2
iOS preview (macos-26 / Xcode 26.2)	UNKNOWN STEP	2026-05-07T18:00:28.2035040Z + react-router-dom 7.13.2
iOS preview (macos-26 / Xcode 26.2)	UNKNOWN STEP	2026-05-07T18:00:28.2035270Z + react-virtualized 9.22.6
iOS preview (macos-26 / Xcode 26.2)	UNKNOWN STEP	2026-05-07T18:00:28.2035540Z + react-webcam 7.2.0
iOS preview (macos-26 / Xcode 26.2)	UNKNOWN STEP	2026-05-07T18:00:28.2035840Z + react-window 1.8.11
iOS preview (macos-26 / Xcode 26.2)	UNKNOWN STEP	2026-05-07T18:00:28.2036060Z + reactflow 11.11.4
iOS preview (macos-26 / Xcode 26.2)	UNKNOWN STEP	2026-05-07T18:00:28.2037200Z + recharts 2.15.4
iOS preview (macos-26 / Xcode 26.2)	UNKNOWN STEP	2026-05-07T18:00:28.2038540Z + rehype-highlight 7.0.2
iOS preview (macos-26 / Xcode 26.2)	UNKNOWN STEP	2026-05-07T18:00:28.2039820Z + rehype-raw 7.0.0
iOS preview (macos-26 / Xcode 26.2)	UNKNOWN STEP	2026-05-07T18:00:28.2043230Z + remark-gfm 4.0.1
iOS preview (macos-26 / Xcode 26.2)	UNKNOWN STEP	2026-05-07T18:00:28.2044770Z + scheduler 0.27.0
iOS preview (macos-26 / Xcode 26.2)	UNKNOWN STEP	2026-05-07T18:00:28.2045370Z + sonner 2.0.7
iOS preview (macos-26 / Xcode 26.2)	UNKNOWN STEP	2026-05-07T18:00:28.2046040Z + tailwind-merge 2.6.1
iOS preview (macos-26 / Xcode 26.2)	UNKNOWN STEP	2026-05-07T18:00:28.2046660Z + tailwindcss-animate 1.0.7
iOS preview (macos-26 / Xcode 26.2)	UNKNOWN STEP	2026-05-07T18:00:28.2047790Z + temporal-polyfill 0.3.0
iOS preview (macos-26 / Xcode 26.2)	UNKNOWN STEP	2026-05-07T18:00:28.2049250Z + tippy.js 6.3.7
iOS preview (macos-26 / Xcode 26.2)	UNKNOWN STEP	2026-05-07T18:00:28.2050020Z + vaul 1.1.2
iOS preview (macos-26 / Xcode 26.2)	UNKNOWN STEP	2026-05-07T18:00:28.2050930Z + web-vitals 4.2.4
iOS preview (macos-26 / Xcode 26.2)	UNKNOWN STEP	2026-05-07T18:00:28.2051350Z + workbox-window 7.4.0
iOS preview (macos-26 / Xcode 26.2)	UNKNOWN STEP	2026-05-07T18:00:28.2052200Z + xlsx 0.18.5
iOS preview (macos-26 / Xcode 26.2)	UNKNOWN STEP	2026-05-07T18:00:28.2053190Z + zod 4.3.6
iOS preview (macos-26 / Xcode 26.2)	UNKNOWN STEP	2026-05-07T18:00:28.2053600Z + zustand 5.0.12
iOS preview (macos-26 / Xcode 26.2)	UNKNOWN STEP	2026-05-07T18:00:28.2053800Z 
iOS preview (macos-26 / Xcode 26.2)	UNKNOWN STEP	2026-05-07T18:00:28.2053850Z devDependencies:
iOS preview (macos-26 / Xcode 26.2)	UNKNOWN STEP	2026-05-07T18:00:28.2054450Z + @biomejs/biome 2.4.9
iOS preview (macos-26 / Xcode 26.2)	UNKNOWN STEP	2026-05-07T18:00:28.2054840Z + @eslint/js 9.39.4
iOS preview (macos-26 / Xcode 26.2)	UNKNOWN STEP	2026-05-07T18:00:28.2055340Z + @fisioflow/db 1.0.0 <- packages/db
iOS preview (macos-26 / Xcode 26.2)	UNKNOWN STEP	2026-05-07T18:00:28.2057590Z + @playwright/test 1.58.2
iOS preview (macos-26 / Xcode 26.2)	UNKNOWN STEP	2026-05-07T18:00:28.2059180Z + @tailwindcss/vite 4.2.2
iOS preview (macos-26 / Xcode 26.2)	UNKNOWN STEP	2026-05-07T18:00:28.2060260Z + @testing-library/jest-dom 6.9.1
iOS preview (macos-26 / Xcode 26.2)	UNKNOWN STEP	2026-05-07T18:00:28.2061820Z + @testing-library/react 16.3.2
iOS preview (macos-26 / Xcode 26.2)	UNKNOWN STEP	2026-05-07T18:00:28.2062130Z + @testing-library/user-event 14.6.1
iOS preview (macos-26 / Xcode 26.2)	UNKNOWN STEP	2026-05-07T18:00:28.2062400Z + @types/node 22.19.15
iOS preview (macos-26 / Xcode 26.2)	UNKNOWN STEP	2026-05-07T18:00:28.2062680Z + @types/react 19.2.14
iOS preview (macos-26 / Xcode 26.2)	UNKNOWN STEP	2026-05-07T18:00:28.2062920Z + @types/react-dom 19.2.3
iOS preview (macos-26 / Xcode 26.2)	UNKNOWN STEP	2026-05-07T18:00:28.2063160Z + @vitejs/plugin-react 6.0.1
iOS preview (macos-26 / Xcode 26.2)	UNKNOWN STEP	2026-05-07T18:00:28.2063450Z + drizzle-kit 0.31.10
iOS preview (macos-26 / Xcode 26.2)	UNKNOWN STEP	2026-05-07T18:00:28.2064210Z + esbuild 0.25.12
iOS preview (macos-26 / Xcode 26.2)	UNKNOWN STEP	2026-05-07T18:00:28.2064420Z + eslint 9.39.4
iOS preview (macos-26 / Xcode 26.2)	UNKNOWN STEP	2026-05-07T18:00:28.2064680Z + fake-indexeddb 5.0.2
iOS preview (macos-26 / Xcode 26.2)	UNKNOWN STEP	2026-05-07T18:00:28.2064890Z + fast-check 4.5.3
iOS preview (macos-26 / Xcode 26.2)	UNKNOWN STEP	2026-05-07T18:00:28.2065080Z + husky 9.1.7
iOS preview (macos-26 / Xcode 26.2)	UNKNOWN STEP	2026-05-07T18:00:28.2065320Z + oxfmt 0.45.0
iOS preview (macos-26 / Xcode 26.2)	UNKNOWN STEP	2026-05-07T18:00:28.2065500Z + oxlint 1.60.0
iOS preview (macos-26 / Xcode 26.2)	UNKNOWN STEP	2026-05-07T18:00:28.2065690Z + tailwindcss 4.2.2
iOS preview (macos-26 / Xcode 26.2)	UNKNOWN STEP	2026-05-07T18:00:28.2065910Z + turbo 2.8.20
iOS preview (macos-26 / Xcode 26.2)	UNKNOWN STEP	2026-05-07T18:00:28.2066100Z + typescript 5.7.3
iOS preview (macos-26 / Xcode 26.2)	UNKNOWN STEP	2026-05-07T18:00:28.2066310Z + typescript-eslint 8.57.2
iOS preview (macos-26 / Xcode 26.2)	UNKNOWN STEP	2026-05-07T18:00:28.2066580Z + vite 8.0.10
iOS preview (macos-26 / Xcode 26.2)	UNKNOWN STEP	2026-05-07T18:00:28.2066770Z + vitest 3.2.4
iOS preview (macos-26 / Xcode 26.2)	UNKNOWN STEP	2026-05-07T18:00:28.2066960Z 
iOS preview (macos-26 / Xcode 26.2)	UNKNOWN STEP	2026-05-07T18:00:28.3929600Z . prepare$ husky
iOS preview (macos-26 / Xcode 26.2)	UNKNOWN STEP	2026-05-07T18:00:28.6837220Z . prepare: Done
iOS preview (macos-26 / Xcode 26.2)	UNKNOWN STEP	2026-05-07T18:00:28.6924810Z ╭ Warning ─────────────────────────────────────────────────────────────────────╮
iOS preview (macos-26 / Xcode 26.2)	UNKNOWN STEP	2026-05-07T18:00:28.6925620Z │                                                                              │
iOS preview (macos-26 / Xcode 26.2)	UNKNOWN STEP	2026-05-07T18:00:28.6927940Z │   Ignored build scripts: @scarf/scarf@1.4.0,                                 │
iOS preview (macos-26 / Xcode 26.2)	UNKNOWN STEP	2026-05-07T18:00:28.6928680Z │   @sentry-internal/node-cpu-profiler@2.2.0, @sentry/cli@2.58.5,              │
iOS preview (macos-26 / Xcode 26.2)	UNKNOWN STEP	2026-05-07T18:00:28.6929440Z │   @sentry/cli@3.3.5, @tree-sitter-grammars/tree-sitter-yaml@0.7.1,           │
iOS preview (macos-26 / Xcode 26.2)	UNKNOWN STEP	2026-05-07T18:00:28.6930110Z │   core-js-pure@3.48.0, core-js-pure@3.49.0, core-js@3.29.1,                  │
iOS preview (macos-26 / Xcode 26.2)	UNKNOWN STEP	2026-05-07T18:00:28.6930700Z │   core-js@3.48.0, core-js@3.49.0, esbuild@0.25.12, msw@2.12.10,              │
iOS preview (macos-26 / Xcode 26.2)	UNKNOWN STEP	2026-05-07T18:00:28.6931340Z │   msw@2.12.14, protobufjs@7.5.5, puppeteer@24.37.5, sharp@0.34.5,            │
iOS preview (macos-26 / Xcode 26.2)	UNKNOWN STEP	2026-05-07T18:00:28.6932150Z │   tree-sitter-json@0.24.8, tree-sitter@0.21.1, tree-sitter@0.22.4,           │
iOS preview (macos-26 / Xcode 26.2)	UNKNOWN STEP	2026-05-07T18:00:28.6932830Z │   unrs-resolver@1.11.1, workerd@1.20260415.1, workerd@1.20260504.1.          │
iOS preview (macos-26 / Xcode 26.2)	UNKNOWN STEP	2026-05-07T18:00:28.6933440Z │   Run "pnpm approve-builds" to pick which dependencies should be allowed     │
iOS preview (macos-26 / Xcode 26.2)	UNKNOWN STEP	2026-05-07T18:00:28.6934040Z │   to run scripts.                                                            │
iOS preview (macos-26 / Xcode 26.2)	UNKNOWN STEP	2026-05-07T18:00:28.6934520Z │                                                                              │
iOS preview (macos-26 / Xcode 26.2)	UNKNOWN STEP	2026-05-07T18:00:28.6935040Z ╰──────────────────────────────────────────────────────────────────────────────╯
iOS preview (macos-26 / Xcode 26.2)	UNKNOWN STEP	2026-05-07T18:00:28.7270960Z Done in 3m 26.1s using pnpm v10.33.0
iOS preview (macos-26 / Xcode 26.2)	UNKNOWN STEP	2026-05-07T18:00:28.7823310Z ##[group]Run expo/expo-github-action@v8
iOS preview (macos-26 / Xcode 26.2)	UNKNOWN STEP	2026-05-07T18:00:28.7823560Z with:
iOS preview (macos-26 / Xcode 26.2)	UNKNOWN STEP	2026-05-07T18:00:28.7823690Z   eas-version: latest
iOS preview (macos-26 / Xcode 26.2)	UNKNOWN STEP	2026-05-07T18:00:28.7824930Z   token: ***
iOS preview (macos-26 / Xcode 26.2)	UNKNOWN STEP	2026-05-07T18:00:28.7825070Z   expo-cache: true
iOS preview (macos-26 / Xcode 26.2)	UNKNOWN STEP	2026-05-07T18:00:28.7825210Z   eas-cache: true
iOS preview (macos-26 / Xcode 26.2)	UNKNOWN STEP	2026-05-07T18:00:28.7825890Z   packager: yarn
iOS preview (macos-26 / Xcode 26.2)	UNKNOWN STEP	2026-05-07T18:00:28.7826040Z   patch-watchers: true
iOS preview (macos-26 / Xcode 26.2)	UNKNOWN STEP	2026-05-07T18:00:28.7826190Z env:
iOS preview (macos-26 / Xcode 26.2)	UNKNOWN STEP	2026-05-07T18:00:28.7826300Z   PROFILE: preview
iOS preview (macos-26 / Xcode 26.2)	UNKNOWN STEP	2026-05-07T18:00:28.7826540Z   EXPO_USE_SYMLINKS: 1
iOS preview (macos-26 / Xcode 26.2)	UNKNOWN STEP	2026-05-07T18:00:28.7826730Z   FORCE_JAVASCRIPT_ACTIONS_TO_NODE24: true
iOS preview (macos-26 / Xcode 26.2)	UNKNOWN STEP	2026-05-07T18:00:28.7826980Z   PNPM_HOME: /Users/runner/setup-pnpm/node_modules/.bin
iOS preview (macos-26 / Xcode 26.2)	UNKNOWN STEP	2026-05-07T18:00:28.7827200Z ##[endgroup]
iOS preview (macos-26 / Xcode 26.2)	UNKNOWN STEP	2026-05-07T18:00:29.6172690Z Skipped installing expo-cli: 'expo-version' not provided.
iOS preview (macos-26 / Xcode 26.2)	UNKNOWN STEP	2026-05-07T18:00:29.6450970Z (node:5372) [DEP0040] DeprecationWarning: The `punycode` module is deprecated. Please use a userland alternative instead.
iOS preview (macos-26 / Xcode 26.2)	UNKNOWN STEP	2026-05-07T18:00:29.6455460Z (Use `node --trace-deprecation ...` to show where the warning was created)
iOS preview (macos-26 / Xcode 26.2)	UNKNOWN STEP	2026-05-07T18:00:31.0871860Z ##[group]Installing eas-cli (18.11.0) from cache or with yarn
iOS preview (macos-26 / Xcode 26.2)	UNKNOWN STEP	2026-05-07T18:00:31.3112630Z ##[warning]Failed to restore: Cache service responded with 400
iOS preview (macos-26 / Xcode 26.2)	UNKNOWN STEP	2026-05-07T18:00:31.3120430Z [command]/Users/runner/.yarn/bin/yarn add eas-cli@18.11.0
iOS preview (macos-26 / Xcode 26.2)	UNKNOWN STEP	2026-05-07T18:00:31.5625670Z yarn add v1.22.22
iOS preview (macos-26 / Xcode 26.2)	UNKNOWN STEP	2026-05-07T18:00:31.5828470Z info No lockfile found.
iOS preview (macos-26 / Xcode 26.2)	UNKNOWN STEP	2026-05-07T18:00:31.6247580Z [1/4] Resolving packages...
iOS preview (macos-26 / Xcode 26.2)	UNKNOWN STEP	2026-05-07T18:00:31.9247200Z warning eas-cli > uuid@9.0.1: uuid@10 and below is no longer supported.  For ESM codebases, update to uuid@latest.  For CommonJS codebases, use uuid@11 (but be aware this version will likely be deprecated in 2028).
iOS preview (macos-26 / Xcode 26.2)	UNKNOWN STEP	2026-05-07T18:00:31.9349810Z warning eas-cli > tar@7.5.7: Old versions of tar are not supported, and contain widely publicized security vulnerabilities, which have been fixed in the current version. Please update. Support for old versions may be purchased (at exorbitant rates) by contacting i@izs.me
iOS preview (macos-26 / Xcode 26.2)	UNKNOWN STEP	2026-05-07T18:00:32.1304960Z warning eas-cli > @expo/steps > uuid@9.0.1: uuid@10 and below is no longer supported.  For ESM codebases, update to uuid@latest.  For CommonJS codebases, use uuid@11 (but be aware this version will likely be deprecated in 2028).
iOS preview (macos-26 / Xcode 26.2)	UNKNOWN STEP	2026-05-07T18:00:32.3569980Z warning eas-cli > @expo/rudder-sdk-node > uuid@8.3.2: uuid@10 and below is no longer supported.  For ESM codebases, update to uuid@latest.  For CommonJS codebases, use uuid@11 (but be aware this version will likely be deprecated in 2028).
iOS preview (macos-26 / Xcode 26.2)	UNKNOWN STEP	2026-05-07T18:00:32.6151670Z warning eas-cli > @expo/steps > lodash.get@4.4.2: This package is deprecated. Use the optional chaining (?.) operator instead.
iOS preview (macos-26 / Xcode 26.2)	UNKNOWN STEP	2026-05-07T18:00:32.6312390Z warning eas-cli > @expo/plist > @xmldom/xmldom@0.7.13: this version has critical issues, please update to the latest version
iOS preview (macos-26 / Xcode 26.2)	UNKNOWN STEP	2026-05-07T18:00:32.6313580Z warning eas-cli > @expo/prebuild-config > @expo/config-plugins > @expo/plist > @xmldom/xmldom@0.7.13: this version has critical issues, please update to the latest version
iOS preview (macos-26 / Xcode 26.2)	UNKNOWN STEP	2026-05-07T18:00:32.6378560Z warning eas-cli > @expo/prebuild-config > @expo/config > glob@10.5.0: Old versions of glob are not supported, and contain widely publicized security vulnerabilities, which have been fixed in the current version. Please update. Support for old versions may be purchased (at exorbitant rates) by contacting i@izs.me
iOS preview (macos-26 / Xcode 26.2)	UNKNOWN STEP	2026-05-07T18:00:32.6380900Z warning eas-cli > @expo/prebuild-config > @expo/config-plugins > glob@10.5.0: Old versions of glob are not supported, and contain widely publicized security vulnerabilities, which have been fixed in the current version. Please update. Support for old versions may be purchased (at exorbitant rates) by contacting i@izs.me
iOS preview (macos-26 / Xcode 26.2)	UNKNOWN STEP	2026-05-07T18:00:32.6382980Z warning eas-cli > minizlib > rimraf > glob@10.5.0: Old versions of glob are not supported, and contain widely publicized security vulnerabilities, which have been fixed in the current version. Please update. Support for old versions may be purchased (at exorbitant rates) by contacting i@izs.me
iOS preview (macos-26 / Xcode 26.2)	UNKNOWN STEP	2026-05-07T18:00:32.8208460Z warning eas-cli > @expo/rudder-sdk-node > @expo/bunyan > uuid@8.3.2: uuid@10 and below is no longer supported.  For ESM codebases, update to uuid@latest.  For CommonJS codebases, use uuid@11 (but be aware this version will likely be deprecated in 2028).
iOS preview (macos-26 / Xcode 26.2)	UNKNOWN STEP	2026-05-07T18:00:32.8687890Z warning eas-cli > @expo/prebuild-config > @expo/config > sucrase > glob@10.5.0: Old versions of glob are not supported, and contain widely publicized security vulnerabilities, which have been fixed in the current version. Please update. Support for old versions may be purchased (at exorbitant rates) by contacting i@izs.me
iOS preview (macos-26 / Xcode 26.2)	UNKNOWN STEP	2026-05-07T18:00:33.0427120Z warning eas-cli > @expo/config-plugins > xcode > uuid@7.0.3: uuid@10 and below is no longer supported.  For ESM codebases, update to uuid@latest.  For CommonJS codebases, use uuid@11 (but be aware this version will likely be deprecated in 2028).
iOS preview (macos-26 / Xcode 26.2)	UNKNOWN STEP	2026-05-07T18:00:33.1866110Z warning eas-cli > @expo/logger > bunyan > mv > rimraf@2.4.5: Rimraf versions prior to v4 are no longer supported
iOS preview (macos-26 / Xcode 26.2)	UNKNOWN STEP	2026-05-07T18:00:33.2139090Z warning eas-cli > @expo/logger > bunyan > mv > rimraf > glob@6.0.4: Old versions of glob are not supported, and contain widely publicized security vulnerabilities, which have been fixed in the current version. Please update. Support for old versions may be purchased (at exorbitant rates) by contacting i@izs.me
iOS preview (macos-26 / Xcode 26.2)	UNKNOWN STEP	2026-05-07T18:00:33.5203650Z warning eas-cli > @expo/logger > bunyan > mv > rimraf > glob > inflight@1.0.6: This module is not supported, and leaks memory. Do not use it. Check out lru-cache if you want a good and tested way to coalesce async requests by a key value, which is much more comprehensive and powerful.
iOS preview (macos-26 / Xcode 26.2)	UNKNOWN STEP	2026-05-07T18:00:33.9386320Z [2/4] Fetching packages...
iOS preview (macos-26 / Xcode 26.2)	UNKNOWN STEP	2026-05-07T18:00:41.9673450Z [3/4] Linking dependencies...
iOS preview (macos-26 / Xcode 26.2)	UNKNOWN STEP	2026-05-07T18:00:41.9675590Z warning "eas-cli > @expo/plugin-help > @oclif/core > ts-node@10.9.2" has unmet peer dependency "@types/node@*".
iOS preview (macos-26 / Xcode 26.2)	UNKNOWN STEP	2026-05-07T18:00:41.9676680Z warning "eas-cli > @expo/plugin-help > @oclif/core > ts-node@10.9.2" has unmet peer dependency "typescript@>=2.7".
iOS preview (macos-26 / Xcode 26.2)	UNKNOWN STEP	2026-05-07T18:00:46.6058110Z [4/4] Building fresh packages...
iOS preview (macos-26 / Xcode 26.2)	UNKNOWN STEP	2026-05-07T18:01:04.1855390Z success Saved lockfile.
iOS preview (macos-26 / Xcode 26.2)	UNKNOWN STEP	2026-05-07T18:01:04.2187910Z success Saved 308 new dependencies.
iOS preview (macos-26 / Xcode 26.2)	UNKNOWN STEP	2026-05-07T18:01:04.2189930Z info Direct dependencies
iOS preview (macos-26 / Xcode 26.2)	UNKNOWN STEP	2026-05-07T18:01:04.2191950Z └─ eas-cli@18.11.0
iOS preview (macos-26 / Xcode 26.2)	UNKNOWN STEP	2026-05-07T18:01:04.2192380Z info All dependencies
iOS preview (macos-26 / Xcode 26.2)	UNKNOWN STEP	2026-05-07T18:01:04.2222250Z ├─ @0no-co/graphql.web@1.2.0
iOS preview (macos-26 / Xcode 26.2)	UNKNOWN STEP	2026-05-07T18:01:04.2223320Z ├─ @babel/compat-data@7.29.3
iOS preview (macos-26 / Xcode 26.2)	UNKNOWN STEP	2026-05-07T18:01:04.2224210Z ├─ @babel/core@7.29.0
iOS preview (macos-26 / Xcode 26.2)	UNKNOWN STEP	2026-05-07T18:01:04.2225570Z ├─ @babel/helper-compilation-targets@7.28.6
iOS preview (macos-26 / Xcode 26.2)	UNKNOWN STEP	2026-05-07T18:01:04.2226780Z ├─ @babel/helper-globals@7.28.0
iOS preview (macos-26 / Xcode 26.2)	UNKNOWN STEP	2026-05-07T18:01:04.2227860Z ├─ @babel/helper-module-imports@7.28.6
iOS preview (macos-26 / Xcode 26.2)	UNKNOWN STEP	2026-05-07T18:01:04.2229340Z ├─ @babel/helper-plugin-utils@7.28.6
iOS preview (macos-26 / Xcode 26.2)	UNKNOWN STEP	2026-05-07T18:01:04.2230470Z ├─ @babel/helper-string-parser@7.27.1
iOS preview (macos-26 / Xcode 26.2)	UNKNOWN STEP	2026-05-07T18:01:04.2231550Z ├─ @babel/helper-validator-option@7.27.1
iOS preview (macos-26 / Xcode 26.2)	UNKNOWN STEP	2026-05-07T18:01:04.2232550Z ├─ @babel/helpers@7.29.2
iOS preview (macos-26 / Xcode 26.2)	UNKNOWN STEP	2026-05-07T18:01:04.2233840Z ├─ @babel/highlight@7.25.9
iOS preview (macos-26 / Xcode 26.2)	UNKNOWN STEP	2026-05-07T18:01:04.2235040Z ├─ @babel/plugin-transform-modules-commonjs@7.28.6
iOS preview (macos-26 / Xcode 26.2)	UNKNOWN STEP	2026-05-07T18:01:04.2236100Z ├─ @cspotcode/source-map-support@0.8.1
iOS preview (macos-26 / Xcode 26.2)	UNKNOWN STEP	2026-05-07T18:01:04.2237120Z ├─ @expo/apple-utils@2.1.19
iOS preview (macos-26 / Xcode 26.2)	UNKNOWN STEP	2026-05-07T18:01:04.2238050Z ├─ @expo/bunyan@4.0.1
iOS preview (macos-26 / Xcode 26.2)	UNKNOWN STEP	2026-05-07T18:01:04.2239010Z ├─ @expo/code-signing-certificates@0.0.5
iOS preview (macos-26 / Xcode 26.2)	UNKNOWN STEP	2026-05-07T18:01:04.2240180Z ├─ @expo/config-plugins@9.0.17
iOS preview (macos-26 / Xcode 26.2)	UNKNOWN STEP	2026-05-07T18:01:04.2241060Z ├─ @expo/config@55.0.10
iOS preview (macos-26 / Xcode 26.2)	UNKNOWN STEP	2026-05-07T18:01:04.2241870Z ├─ @expo/eas-json@18.8.0
iOS preview (macos-26 / Xcode 26.2)	UNKNOWN STEP	2026-05-07T18:01:04.2242700Z ├─ @expo/env@1.0.7
iOS preview (macos-26 / Xcode 26.2)	UNKNOWN STEP	2026-05-07T18:01:04.2243220Z ├─ @expo/image-utils@0.6.5
iOS preview (macos-26 / Xcode 26.2)	UNKNOWN STEP	2026-05-07T18:01:04.2244080Z ├─ @expo/json-file@10.0.14
iOS preview (macos-26 / Xcode 26.2)	UNKNOWN STEP	2026-05-07T18:01:04.2244900Z ├─ @expo/multipart-body-parser@2.0.0
iOS preview (macos-26 / Xcode 26.2)	UNKNOWN STEP	2026-05-07T18:01:04.2245670Z ├─ @expo/osascript@2.1.4
iOS preview (macos-26 / Xcode 26.2)	UNKNOWN STEP	2026-05-07T18:01:04.2246620Z ├─ @expo/package-manager@1.9.10
iOS preview (macos-26 / Xcode 26.2)	UNKNOWN STEP	2026-05-07T18:01:04.2247350Z ├─ @expo/pkcs12@0.1.3
iOS preview (macos-26 / Xcode 26.2)	UNKNOWN STEP	2026-05-07T18:01:04.2248080Z ├─ @expo/plugin-help@5.1.23
iOS preview (macos-26 / Xcode 26.2)	UNKNOWN STEP	2026-05-07T18:01:04.2270970Z ├─ @expo/plugin-warn-if-update-available@2.5.1
iOS preview (macos-26 / Xcode 26.2)	UNKNOWN STEP	2026-05-07T18:01:04.2272000Z ├─ @expo/prebuild-config@8.0.17
iOS preview (macos-26 / Xcode 26.2)	UNKNOWN STEP	2026-05-07T18:01:04.2272640Z ├─ @expo/require-utils@55.0.5
iOS preview (macos-26 / Xcode 26.2)	UNKNOWN STEP	2026-05-07T18:01:04.2273080Z ├─ @expo/results@1.0.0
iOS preview (macos-26 / Xcode 26.2)	UNKNOWN STEP	2026-05-07T18:01:04.2273420Z ├─ @expo/rudder-sdk-node@1.1.1
iOS preview (macos-26 / Xcode 26.2)	UNKNOWN STEP	2026-05-07T18:01:04.2273710Z ├─ @expo/steps@18.9.0
iOS preview (macos-26 / Xcode 26.2)	UNKNOWN STEP	2026-05-07T18:01:04.2289180Z ├─ @expo/timeago.js@1.0.0
iOS preview (macos-26 / Xcode 26.2)	UNKNOWN STEP	2026-05-07T18:01:04.2289500Z ├─ @hapi/topo@5.1.0
iOS preview (macos-26 / Xcode 26.2)	UNKNOWN STEP	2026-05-07T18:01:04.2289780Z ├─ @isaacs/cliui@8.0.2
iOS preview (macos-26 / Xcode 26.2)	UNKNOWN STEP	2026-05-07T18:01:04.2290210Z ├─ @isaacs/fs-minipass@4.0.1
iOS preview (macos-26 / Xcode 26.2)	UNKNOWN STEP	2026-05-07T18:01:04.2290840Z ├─ @jridgewell/gen-mapping@0.3.13
iOS preview (macos-26 / Xcode 26.2)	UNKNOWN STEP	2026-05-07T18:01:04.2291210Z ├─ @jridgewell/remapping@2.3.5
iOS preview (macos-26 / Xcode 26.2)	UNKNOWN STEP	2026-05-07T18:01:04.2291530Z ├─ @jridgewell/resolve-uri@3.1.2
iOS preview (macos-26 / Xcode 26.2)	UNKNOWN STEP	2026-05-07T18:01:04.2291980Z ├─ @jridgewell/sourcemap-codec@1.5.5
iOS preview (macos-26 / Xcode 26.2)	UNKNOWN STEP	2026-05-07T18:01:04.2292420Z ├─ @jridgewell/trace-mapping@0.3.31
iOS preview (macos-26 / Xcode 26.2)	UNKNOWN STEP	2026-05-07T18:01:04.2292720Z ├─ @nodelib/fs.scandir@2.1.5
iOS preview (macos-26 / Xcode 26.2)	UNKNOWN STEP	2026-05-07T18:01:04.2293000Z ├─ @nodelib/fs.stat@2.0.5
iOS preview (macos-26 / Xcode 26.2)	UNKNOWN STEP	2026-05-07T18:01:04.2293420Z ├─ @oclif/plugin-autocomplete@3.2.47
iOS preview (macos-26 / Xcode 26.2)	UNKNOWN STEP	2026-05-07T18:01:04.2293720Z ├─ @pkgjs/parseargs@0.11.0
iOS preview (macos-26 / Xcode 26.2)	UNKNOWN STEP	2026-05-07T18:01:04.2294060Z ├─ @react-native/normalize-colors@0.76.2
iOS preview (macos-26 / Xcode 26.2)	UNKNOWN STEP	2026-05-07T18:01:04.2294500Z ├─ @segment/ajv-human-errors@2.16.0
iOS preview (macos-26 / Xcode 26.2)	UNKNOWN STEP	2026-05-07T18:01:04.2294840Z ├─ @segment/loosely-validate-event@2.0.0
iOS preview (macos-26 / Xcode 26.2)	UNKNOWN STEP	2026-05-07T18:01:04.2295240Z ├─ @sentry-internal/tracing@7.77.0
iOS preview (macos-26 / Xcode 26.2)	UNKNOWN STEP	2026-05-07T18:01:04.2297040Z ├─ @sentry/node@7.77.0
iOS preview (macos-26 / Xcode 26.2)	UNKNOWN STEP	2026-05-07T18:01:04.2297840Z ├─ @sideway/address@4.1.5
iOS preview (macos-26 / Xcode 26.2)	UNKNOWN STEP	2026-05-07T18:01:04.2299140Z ├─ @tsconfig/node10@1.0.12
iOS preview (macos-26 / Xcode 26.2)	UNKNOWN STEP	2026-05-07T18:01:04.2299490Z ├─ @tsconfig/node12@1.0.11
iOS preview (macos-26 / Xcode 26.2)	UNKNOWN STEP	2026-05-07T18:01:04.2299780Z ├─ @tsconfig/node14@1.0.3
iOS preview (macos-26 / Xcode 26.2)	UNKNOWN STEP	2026-05-07T18:01:04.2300040Z ├─ @tsconfig/node16@1.0.4
iOS preview (macos-26 / Xcode 26.2)	UNKNOWN STEP	2026-05-07T18:01:04.2300370Z ├─ @types/bunyan@1.8.11
iOS preview (macos-26 / Xcode 26.2)	UNKNOWN STEP	2026-05-07T18:01:04.2300650Z ├─ @types/cli-progress@3.11.6
iOS preview (macos-26 / Xcode 26.2)	UNKNOWN STEP	2026-05-07T18:01:04.2300940Z ├─ @urql/core@4.0.11
iOS preview (macos-26 / Xcode 26.2)	UNKNOWN STEP	2026-05-07T18:01:04.2301260Z ├─ @urql/exchange-retry@1.2.0
iOS preview (macos-26 / Xcode 26.2)	UNKNOWN STEP	2026-05-07T18:01:04.2301540Z ├─ acorn-walk@8.3.5
iOS preview (macos-26 / Xcode 26.2)	UNKNOWN STEP	2026-05-07T18:01:04.2301820Z ├─ acorn@8.16.0
iOS preview (macos-26 / Xcode 26.2)	UNKNOWN STEP	2026-05-07T18:01:04.2302160Z ├─ agent-base@6.0.2
iOS preview (macos-26 / Xcode 26.2)	UNKNOWN STEP	2026-05-07T18:01:04.2302400Z ├─ ajv-formats@2.1.1
iOS preview (macos-26 / Xcode 26.2)	UNKNOWN STEP	2026-05-07T18:01:04.2302630Z ├─ ajv@8.11.0
iOS preview (macos-26 / Xcode 26.2)	UNKNOWN STEP	2026-05-07T18:01:04.2302930Z ├─ ansicolors@0.3.2
iOS preview (macos-26 / Xcode 26.2)	UNKNOWN STEP	2026-05-07T18:01:04.2303150Z ├─ ansis@3.17.0
iOS preview (macos-26 / Xcode 26.2)	UNKNOWN STEP	2026-05-07T18:01:04.2303360Z ├─ arg@4.1.3
iOS preview (macos-26 / Xcode 26.2)	UNKNOWN STEP	2026-05-07T18:01:04.2303650Z ├─ argparse@1.0.10
iOS preview (macos-26 / Xcode 26.2)	UNKNOWN STEP	2026-05-07T18:01:04.2303880Z ├─ array-union@2.1.0
iOS preview (macos-26 / Xcode 26.2)	UNKNOWN STEP	2026-05-07T18:01:04.2304110Z ├─ asn1@0.2.6
iOS preview (macos-26 / Xcode 26.2)	UNKNOWN STEP	2026-05-07T18:01:04.2304450Z ├─ astral-regex@2.0.0
iOS preview (macos-26 / Xcode 26.2)	UNKNOWN STEP	2026-05-07T18:01:04.2304680Z ├─ async@3.2.6
iOS preview (macos-26 / Xcode 26.2)	UNKNOWN STEP	2026-05-07T18:01:04.2304950Z ├─ asynckit@0.4.0
iOS preview (macos-26 / Xcode 26.2)	UNKNOWN STEP	2026-05-07T18:01:04.2305260Z ├─ balanced-match@1.0.2
iOS preview (macos-26 / Xcode 26.2)	UNKNOWN STEP	2026-05-07T18:01:04.2305500Z ├─ bare-events@2.8.2
iOS preview (macos-26 / Xcode 26.2)	UNKNOWN STEP	2026-05-07T18:01:04.2305800Z ├─ baseline-browser-mapping@2.10.27
iOS preview (macos-26 / Xcode 26.2)	UNKNOWN STEP	2026-05-07T18:01:04.2306140Z ├─ better-opn@3.0.2
iOS preview (macos-26 / Xcode 26.2)	UNKNOWN STEP	2026-05-07T18:01:04.2306370Z ├─ bplist-creator@0.1.0
iOS preview (macos-26 / Xcode 26.2)	UNKNOWN STEP	2026-05-07T18:01:04.2306620Z ├─ bplist-parser@0.3.2
iOS preview (macos-26 / Xcode 26.2)	UNKNOWN STEP	2026-05-07T18:01:04.2308480Z ├─ braces@3.0.3
iOS preview (macos-26 / Xcode 26.2)	UNKNOWN STEP	2026-05-07T18:01:04.2308740Z ├─ browserslist@4.28.2
iOS preview (macos-26 / Xcode 26.2)	UNKNOWN STEP	2026-05-07T18:01:04.2308990Z ├─ bunyan@1.8.15
iOS preview (macos-26 / Xcode 26.2)	UNKNOWN STEP	2026-05-07T18:01:04.2309350Z ├─ call-bind-apply-helpers@1.0.2
iOS preview (macos-26 / Xcode 26.2)	UNKNOWN STEP	2026-05-07T18:01:04.2309660Z ├─ caniuse-lite@1.0.30001792
iOS preview (macos-26 / Xcode 26.2)	UNKNOWN STEP	2026-05-07T18:01:04.2309970Z ├─ cardinal@2.1.1
iOS preview (macos-26 / Xcode 26.2)	UNKNOWN STEP	2026-05-07T18:01:04.2311700Z ├─ charenc@0.0.2
iOS preview (macos-26 / Xcode 26.2)	UNKNOWN STEP	2026-05-07T18:01:04.2311970Z ├─ chownr@3.0.0
iOS preview (macos-26 / Xcode 26.2)	UNKNOWN STEP	2026-05-07T18:01:04.2312200Z ├─ cli-cursor@3.1.0
iOS preview (macos-26 / Xcode 26.2)	UNKNOWN STEP	2026-05-07T18:01:04.2312490Z ├─ cli-progress@3.12.0
iOS preview (macos-26 / Xcode 26.2)	UNKNOWN STEP	2026-05-07T18:01:04.2312740Z ├─ cli-spinners@2.9.2
iOS preview (macos-26 / Xcode 26.2)	UNKNOWN STEP	2026-05-07T18:01:04.2313000Z ├─ clone@1.0.4
iOS preview (macos-26 / Xcode 26.2)	UNKNOWN STEP	2026-05-07T18:01:04.2313310Z ├─ color-convert@2.0.1
iOS preview (macos-26 / Xcode 26.2)	UNKNOWN STEP	2026-05-07T18:01:04.2313580Z ├─ color-name@1.1.4
iOS preview (macos-26 / Xcode 26.2)	UNKNOWN STEP	2026-05-07T18:01:04.2313810Z ├─ combined-stream@1.0.8
iOS preview (macos-26 / Xcode 26.2)	UNKNOWN STEP	2026-05-07T18:01:04.2314140Z ├─ commander@4.1.1
iOS preview (macos-26 / Xcode 26.2)	UNKNOWN STEP	2026-05-07T18:01:04.2314430Z ├─ component-type@1.2.2
iOS preview (macos-26 / Xcode 26.2)	UNKNOWN STEP	2026-05-07T18:01:04.2314750Z ├─ concat-map@0.0.1
iOS preview (macos-26 / Xcode 26.2)	UNKNOWN STEP	2026-05-07T18:01:04.2315130Z ├─ content-type@1.0.5
iOS preview (macos-26 / Xcode 26.2)	UNKNOWN STEP	2026-05-07T18:01:04.2315450Z ├─ convert-source-map@2.0.0
iOS preview (macos-26 / Xcode 26.2)	UNKNOWN STEP	2026-05-07T18:01:04.2315730Z ├─ create-require@1.1.1
iOS preview (macos-26 / Xcode 26.2)	UNKNOWN STEP	2026-05-07T18:01:04.2316670Z ├─ cross-spawn@7.0.6
iOS preview (macos-26 / Xcode 26.2)	UNKNOWN STEP	2026-05-07T18:01:04.2317640Z ├─ crypt@0.0.2
iOS preview (macos-26 / Xcode 26.2)	UNKNOWN STEP	2026-05-07T18:01:04.2351880Z ├─ crypto-random-string@2.0.0
iOS preview (macos-26 / Xcode 26.2)	UNKNOWN STEP	2026-05-07T18:01:04.2352320Z ├─ dateformat@4.6.3
iOS preview (macos-26 / Xcode 26.2)	UNKNOWN STEP	2026-05-07T18:01:04.2352730Z ├─ defaults@1.0.4
iOS preview (macos-26 / Xcode 26.2)	UNKNOWN STEP	2026-05-07T18:01:04.2353040Z ├─ define-lazy-prop@2.0.0
iOS preview (macos-26 / Xcode 26.2)	UNKNOWN STEP	2026-05-07T18:01:04.2353340Z ├─ delayed-stream@1.0.0
iOS preview (macos-26 / Xcode 26.2)	UNKNOWN STEP	2026-05-07T18:01:04.2353610Z ├─ diff@7.0.0
iOS preview (macos-26 / Xcode 26.2)	UNKNOWN STEP	2026-05-07T18:01:04.2353860Z ├─ dir-glob@3.0.1
iOS preview (macos-26 / Xcode 26.2)	UNKNOWN STEP	2026-05-07T18:01:04.2355300Z ├─ domino@2.1.7
iOS preview (macos-26 / Xcode 26.2)	UNKNOWN STEP	2026-05-07T18:01:04.2356140Z ├─ dotenv-expand@11.0.7
iOS preview (macos-26 / Xcode 26.2)	UNKNOWN STEP	2026-05-07T18:01:04.2356370Z ├─ dotenv@16.3.1
iOS preview (macos-26 / Xcode 26.2)	UNKNOWN STEP	2026-05-07T18:01:04.2356580Z ├─ dtrace-provider@0.8.8
iOS preview (macos-26 / Xcode 26.2)	UNKNOWN STEP	2026-05-07T18:01:04.2356910Z ├─ dunder-proto@1.0.1
iOS preview (macos-26 / Xcode 26.2)	UNKNOWN STEP	2026-05-07T18:01:04.2357180Z ├─ eas-cli@18.11.0
iOS preview (macos-26 / Xcode 26.2)	UNKNOWN STEP	2026-05-07T18:01:04.2357420Z ├─ eastasianwidth@0.2.0
iOS preview (macos-26 / Xcode 26.2)	UNKNOWN STEP	2026-05-07T18:01:04.2357780Z ├─ electron-to-chromium@1.5.352
iOS preview (macos-26 / Xcode 26.2)	UNKNOWN STEP	2026-05-07T18:01:04.2357980Z ├─ env-paths@2.2.0
iOS preview (macos-26 / Xcode 26.2)	UNKNOWN STEP	2026-05-07T18:01:04.2358210Z ├─ env-string@1.0.1
iOS preview (macos-26 / Xcode 26.2)	UNKNOWN STEP	2026-05-07T18:01:04.2358500Z ├─ envinfo@7.11.0
iOS preview (macos-26 / Xcode 26.2)	UNKNOWN STEP	2026-05-07T18:01:04.2358720Z ├─ err-code@2.0.3
iOS preview (macos-26 / Xcode 26.2)	UNKNOWN STEP	2026-05-07T18:01:04.2358940Z ├─ error-ex@1.3.4
iOS preview (macos-26 / Xcode 26.2)	UNKNOWN STEP	2026-05-07T18:01:04.2359460Z ├─ es-define-property@1.0.1
iOS preview (macos-26 / Xcode 26.2)	UNKNOWN STEP	2026-05-07T18:01:04.2360320Z ├─ es-object-atoms@1.1.1
iOS preview (macos-26 / Xcode 26.2)	UNKNOWN STEP	2026-05-07T18:01:04.2360690Z ├─ es-set-tostringtag@2.1.0
iOS preview (macos-26 / Xcode 26.2)	UNKNOWN STEP	2026-05-07T18:01:04.2361070Z ├─ escalade@3.2.0
iOS preview (macos-26 / Xcode 26.2)	UNKNOWN STEP	2026-05-07T18:01:04.2361470Z ├─ esprima@4.0.1
iOS preview (macos-26 / Xcode 26.2)	UNKNOWN STEP	2026-05-07T18:01:04.2361780Z ├─ events-universal@1.0.1
iOS preview (macos-26 / Xcode 26.2)	UNKNOWN STEP	2026-05-07T18:01:04.2362240Z ├─ exec-async@2.2.0
iOS preview (macos-26 / Xcode 26.2)	UNKNOWN STEP	2026-05-07T18:01:04.2362680Z ├─ fast-deep-equal@3.1.3
iOS preview (macos-26 / Xcode 26.2)	UNKNOWN STEP	2026-05-07T18:01:04.2363020Z ├─ fast-fifo@1.3.2
iOS preview (macos-26 / Xcode 26.2)	UNKNOWN STEP	2026-05-07T18:01:04.2363420Z ├─ fast-glob@3.3.2
iOS preview (macos-26 / Xcode 26.2)	UNKNOWN STEP	2026-05-07T18:01:04.2363750Z ├─ fast-uri@3.1.2
iOS preview (macos-26 / Xcode 26.2)	UNKNOWN STEP	2026-05-07T18:01:04.2364070Z ├─ fastq@1.20.1
iOS preview (macos-26 / Xcode 26.2)	UNKNOWN STEP	2026-05-07T18:01:04.2364490Z ├─ fdir@6.5.0
iOS preview (macos-26 / Xcode 26.2)	UNKNOWN STEP	2026-05-07T18:01:04.2364830Z ├─ fetch-retry@4.1.1
iOS preview (macos-26 / Xcode 26.2)	UNKNOWN STEP	2026-05-07T18:01:04.2365760Z ├─ figures@3.2.0
iOS preview (macos-26 / Xcode 26.2)	UNKNOWN STEP	2026-05-07T18:01:04.2366170Z ├─ filelist@1.0.6
iOS preview (macos-26 / Xcode 26.2)	UNKNOWN STEP	2026-05-07T18:01:04.2366490Z ├─ fill-range@7.1.1
iOS preview (macos-26 / Xcode 26.2)	UNKNOWN STEP	2026-05-07T18:01:04.2366710Z ├─ find-up@4.1.0
iOS preview (macos-26 / Xcode 26.2)	UNKNOWN STEP	2026-05-07T18:01:04.2366950Z ├─ foreground-child@3.3.1
iOS preview (macos-26 / Xcode 26.2)	UNKNOWN STEP	2026-05-07T18:01:04.2367210Z ├─ form-data@4.0.5
iOS preview (macos-26 / Xcode 26.2)	UNKNOWN STEP	2026-05-07T18:01:04.2367460Z ├─ gensync@1.0.0-beta.2
iOS preview (macos-26 / Xcode 26.2)	UNKNOWN STEP	2026-05-07T18:01:04.2367720Z ├─ get-intrinsic@1.3.0
iOS preview (macos-26 / Xcode 26.2)	UNKNOWN STEP	2026-05-07T18:01:04.2368090Z ├─ get-proto@1.0.1
iOS preview (macos-26 / Xcode 26.2)	UNKNOWN STEP	2026-05-07T18:01:04.2368320Z ├─ glob@10.5.0
iOS preview (macos-26 / Xcode 26.2)	UNKNOWN STEP	2026-05-07T18:01:04.2368540Z ├─ globby@11.1.0
iOS preview (macos-26 / Xcode 26.2)	UNKNOWN STEP	2026-05-07T18:01:04.2368880Z ├─ golden-fleece@1.0.9
iOS preview (macos-26 / Xcode 26.2)	UNKNOWN STEP	2026-05-07T18:01:04.2369200Z ├─ gradle-to-js@2.0.1
iOS preview (macos-26 / Xcode 26.2)	UNKNOWN STEP	2026-05-07T18:01:04.2369560Z ├─ graphql-tag@2.12.6
iOS preview (macos-26 / Xcode 26.2)	UNKNOWN STEP	2026-05-07T18:01:04.2369880Z ├─ graphql@16.8.1
iOS preview (macos-26 / Xcode 26.2)	UNKNOWN STEP	2026-05-07T18:01:04.2370120Z ├─ has-symbols@1.1.0
iOS preview (macos-26 / Xcode 26.2)	UNKNOWN STEP	2026-05-07T18:01:04.2370370Z ├─ has-tostringtag@1.0.2
iOS preview (macos-26 / Xcode 26.2)	UNKNOWN STEP	2026-05-07T18:01:04.2370630Z ├─ hosted-git-info@7.0.2
iOS preview (macos-26 / Xcode 26.2)	UNKNOWN STEP	2026-05-07T18:01:04.2370870Z ├─ http-call@5.3.0
iOS preview (macos-26 / Xcode 26.2)	UNKNOWN STEP	2026-05-07T18:01:04.2371310Z ├─ https-proxy-agent@5.0.1
iOS preview (macos-26 / Xcode 26.2)	UNKNOWN STEP	2026-05-07T18:01:04.2371730Z ├─ hyperlinker@1.0.0
iOS preview (macos-26 / Xcode 26.2)	UNKNOWN STEP	2026-05-07T18:01:04.2372020Z ├─ ignore@5.3.0
iOS preview (macos-26 / Xcode 26.2)	UNKNOWN STEP	2026-05-07T18:01:04.2372420Z ├─ imurmurhash@0.1.4
iOS preview (macos-26 / Xcode 26.2)	UNKNOWN STEP	2026-05-07T18:01:04.2372680Z ├─ inflight@1.0.6
iOS preview (macos-26 / Xcode 26.2)	UNKNOWN STEP	2026-05-07T18:01:04.2372900Z ├─ inherits@2.0.4
iOS preview (macos-26 / Xcode 26.2)	UNKNOWN STEP	2026-05-07T18:01:04.2373130Z ├─ invariant@2.2.4
iOS preview (macos-26 / Xcode 26.2)	UNKNOWN STEP	2026-05-07T18:01:04.2373350Z ├─ is-arrayish@0.2.1
iOS preview (macos-26 / Xcode 26.2)	UNKNOWN STEP	2026-05-07T18:01:04.2373580Z ├─ is-buffer@1.1.6
iOS preview (macos-26 / Xcode 26.2)	UNKNOWN STEP	2026-05-07T18:01:04.2373840Z ├─ is-docker@2.2.1
iOS preview (macos-26 / Xcode 26.2)	UNKNOWN STEP	2026-05-07T18:01:04.2374090Z ├─ is-extglob@2.1.1
iOS preview (macos-26 / Xcode 26.2)	UNKNOWN STEP	2026-05-07T18:01:04.2374370Z ├─ is-glob@4.0.3
iOS preview (macos-26 / Xcode 26.2)	UNKNOWN STEP	2026-05-07T18:01:04.2374620Z ├─ is-interactive@1.0.0
iOS preview (macos-26 / Xcode 26.2)	UNKNOWN STEP	2026-05-07T18:01:04.2374920Z ├─ is-number@7.0.0
iOS preview (macos-26 / Xcode 26.2)	UNKNOWN STEP	2026-05-07T18:01:04.2375150Z ├─ is-retry-allowed@1.2.0
iOS preview (macos-26 / Xcode 26.2)	UNKNOWN STEP	2026-05-07T18:01:04.2375410Z ├─ is-stream@2.0.1
iOS preview (macos-26 / Xcode 26.2)	UNKNOWN STEP	2026-05-07T18:01:04.2376310Z ├─ is-unicode-supported@0.1.0
iOS preview (macos-26 / Xcode 26.2)	UNKNOWN STEP	2026-05-07T18:01:04.2376580Z ├─ isexe@2.0.0
iOS preview (macos-26 / Xcode 26.2)	UNKNOWN STEP	2026-05-07T18:01:04.2376890Z ├─ jackspeak@3.4.3
iOS preview (macos-26 / Xcode 26.2)	UNKNOWN STEP	2026-05-07T18:01:04.2377100Z ├─ jake@10.9.4
iOS preview (macos-26 / Xcode 26.2)	UNKNOWN STEP	2026-05-07T18:01:04.2377320Z ├─ jimp-compact@0.16.1
iOS preview (macos-26 / Xcode 26.2)	UNKNOWN STEP	2026-05-07T18:01:04.2377540Z ├─ jks-js@1.1.0
iOS preview (macos-26 / Xcode 26.2)	UNKNOWN STEP	2026-05-07T18:01:04.2377810Z ├─ join-component@1.1.0
iOS preview (macos-26 / Xcode 26.2)	UNKNOWN STEP	2026-05-07T18:01:04.2378400Z ├─ js-yaml@3.14.2
iOS preview (macos-26 / Xcode 26.2)	UNKNOWN STEP	2026-05-07T18:01:04.2378700Z ├─ jsep@1.4.0
iOS preview (macos-26 / Xcode 26.2)	UNKNOWN STEP	2026-05-07T18:01:04.2378920Z ├─ jsesc@3.1.0
iOS preview (macos-26 / Xcode 26.2)	UNKNOWN STEP	2026-05-07T18:01:04.2379160Z ├─ json-parse-better-errors@1.0.2
iOS preview (macos-26 / Xcode 26.2)	UNKNOWN STEP	2026-05-07T18:01:04.2379560Z ├─ keychain@1.5.0
iOS preview (macos-26 / Xcode 26.2)	UNKNOWN STEP	2026-05-07T18:01:04.2379770Z ├─ kleur@3.0.3
iOS preview (macos-26 / Xcode 26.2)	UNKNOWN STEP	2026-05-07T18:01:04.2379970Z ├─ lilconfig@3.1.3
iOS preview (macos-26 / Xcode 26.2)	UNKNOWN STEP	2026-05-07T18:01:04.2380670Z ├─ lines-and-columns@1.2.4
iOS preview (macos-26 / Xcode 26.2)	UNKNOWN STEP	2026-05-07T18:01:04.2381070Z ├─ locate-path@5.0.0
iOS preview (macos-26 / Xcode 26.2)	UNKNOWN STEP	2026-05-07T18:01:04.2382610Z ├─ lodash.clonedeep@4.5.0
iOS preview (macos-26 / Xcode 26.2)	UNKNOWN STEP	2026-05-07T18:01:04.2384120Z ├─ lodash.get@4.4.2
iOS preview (macos-26 / Xcode 26.2)	UNKNOWN STEP	2026-05-07T18:01:04.2386910Z ├─ lodash.merge@4.6.2
iOS preview (macos-26 / Xcode 26.2)	UNKNOWN STEP	2026-05-07T18:01:04.2387260Z ├─ loose-envify@1.4.0
iOS preview (macos-26 / Xcode 26.2)	UNKNOWN STEP	2026-05-07T18:01:04.2388420Z ├─ lru-cache@10.4.3
iOS preview (macos-26 / Xcode 26.2)	UNKNOWN STEP	2026-05-07T18:01:04.2390260Z ├─ make-error@1.3.6
iOS preview (macos-26 / Xcode 26.2)	UNKNOWN STEP	2026-05-07T18:01:04.2390570Z ├─ math-intrinsics@1.1.0
iOS preview (macos-26 / Xcode 26.2)	UNKNOWN STEP	2026-05-07T18:01:04.2390780Z ├─ md5@2.3.0
iOS preview (macos-26 / Xcode 26.2)	UNKNOWN STEP	2026-05-07T18:01:04.2391040Z ├─ micromatch@4.0.8
iOS preview (macos-26 / Xcode 26.2)	UNKNOWN STEP	2026-05-07T18:01:04.2391210Z ├─ mime-db@1.52.0
iOS preview (macos-26 / Xcode 26.2)	UNKNOWN STEP	2026-05-07T18:01:04.2391430Z ├─ mime-types@2.1.35
iOS preview (macos-26 / Xcode 26.2)	UNKNOWN STEP	2026-05-07T18:01:04.2391700Z ├─ mime@3.0.0
iOS preview (macos-26 / Xcode 26.2)	UNKNOWN STEP	2026-05-07T18:01:04.2391920Z ├─ mimic-fn@2.1.0
iOS preview (macos-26 / Xcode 26.2)	UNKNOWN STEP	2026-05-07T18:01:04.2392190Z ├─ minimatch@10.2.5
iOS preview (macos-26 / Xcode 26.2)	UNKNOWN STEP	2026-05-07T18:01:04.2392410Z ├─ minimist@1.2.8
iOS preview (macos-26 / Xcode 26.2)	UNKNOWN STEP	2026-05-07T18:01:04.2392620Z ├─ minipass@7.1.3
iOS preview (macos-26 / Xcode 26.2)	UNKNOWN STEP	2026-05-07T18:01:04.2392880Z ├─ minizlib@3.0.1
iOS preview (macos-26 / Xcode 26.2)	UNKNOWN STEP	2026-05-07T18:01:04.2393410Z ├─ mkdirp@0.5.6
iOS preview (macos-26 / Xcode 26.2)	UNKNOWN STEP	2026-05-07T18:01:04.2395250Z ├─ moment@2.30.1
iOS preview (macos-26 / Xcode 26.2)	UNKNOWN STEP	2026-05-07T18:01:04.2395730Z ├─ ms@2.1.3
iOS preview (macos-26 / Xcode 26.2)	UNKNOWN STEP	2026-05-07T18:01:04.2396210Z ├─ multipasta@0.2.7
iOS preview (macos-26 / Xcode 26.2)	UNKNOWN STEP	2026-05-07T18:01:04.2397550Z ├─ mute-stream@0.0.8
iOS preview (macos-26 / Xcode 26.2)	UNKNOWN STEP	2026-05-07T18:01:04.2400240Z ├─ mv@2.1.1
iOS preview (macos-26 / Xcode 26.2)	UNKNOWN STEP	2026-05-07T18:01:04.2400960Z ├─ mz@2.7.0
iOS preview (macos-26 / Xcode 26.2)	UNKNOWN STEP	2026-05-07T18:01:04.2401750Z ├─ nan@2.26.2
iOS preview (macos-26 / Xcode 26.2)	UNKNOWN STEP	2026-05-07T18:01:04.2401930Z ├─ nanoid@3.3.8
iOS preview (macos-26 / Xcode 26.2)	UNKNOWN STEP	2026-05-07T18:01:04.2402140Z ├─ natural-orderby@2.0.3
iOS preview (macos-26 / Xcode 26.2)	UNKNOWN STEP	2026-05-07T18:01:04.2402690Z ├─ ncp@2.0.0
iOS preview (macos-26 / Xcode 26.2)	UNKNOWN STEP	2026-05-07T18:01:04.2403990Z ├─ node-fetch@2.6.7
iOS preview (macos-26 / Xcode 26.2)	UNKNOWN STEP	2026-05-07T18:01:04.2404260Z ├─ node-int64@0.4.0
iOS preview (macos-26 / Xcode 26.2)	UNKNOWN STEP	2026-05-07T18:01:04.2404480Z ├─ node-releases@2.0.38
iOS preview (macos-26 / Xcode 26.2)	UNKNOWN STEP	2026-05-07T18:01:04.2405680Z ├─ node-rsa@1.1.1
iOS preview (macos-26 / Xcode 26.2)	UNKNOWN STEP	2026-05-07T18:01:04.2406510Z ├─ node-stream-zip@1.15.0
iOS preview (macos-26 / Xcode 26.2)	UNKNOWN STEP	2026-05-07T18:01:04.2406820Z ├─ npm-package-arg@11.0.3
iOS preview (macos-26 / Xcode 26.2)	UNKNOWN STEP	2026-05-07T18:01:04.2408000Z ├─ nullthrows@1.1.1
iOS preview (macos-26 / Xcode 26.2)	UNKNOWN STEP	2026-05-07T18:01:04.2408250Z ├─ object-assign@4.1.1
iOS preview (macos-26 / Xcode 26.2)	UNKNOWN STEP	2026-05-07T18:01:04.2408840Z ├─ object-treeify@1.1.33
iOS preview (macos-26 / Xcode 26.2)	UNKNOWN STEP	2026-05-07T18:01:04.2409630Z ├─ onetime@5.1.2
iOS preview (macos-26 / Xcode 26.2)	UNKNOWN STEP	2026-05-07T18:01:04.2409940Z ├─ open@8.4.2
iOS preview (macos-26 / Xcode 26.2)	UNKNOWN STEP	2026-05-07T18:01:04.2410120Z ├─ ora@5.1.0
iOS preview (macos-26 / Xcode 26.2)	UNKNOWN STEP	2026-05-07T18:01:04.2410420Z ├─ p-limit@2.3.0
iOS preview (macos-26 / Xcode 26.2)	UNKNOWN STEP	2026-05-07T18:01:04.2410900Z ├─ p-locate@4.1.0
iOS preview (macos-26 / Xcode 26.2)	UNKNOWN STEP	2026-05-07T18:01:04.2412080Z ├─ p-try@2.2.0
iOS preview (macos-26 / Xcode 26.2)	UNKNOWN STEP	2026-05-07T18:01:04.2413710Z ├─ package-json-from-dist@1.0.1
iOS preview (macos-26 / Xcode 26.2)	UNKNOWN STEP	2026-05-07T18:01:04.2416300Z ├─ parse-json@4.0.0
iOS preview (macos-26 / Xcode 26.2)	UNKNOWN STEP	2026-05-07T18:01:04.2416620Z ├─ parse-png@2.1.0
iOS preview (macos-26 / Xcode 26.2)	UNKNOWN STEP	2026-05-07T18:01:04.2417120Z ├─ password-prompt@1.1.3
iOS preview (macos-26 / Xcode 26.2)	UNKNOWN STEP	2026-05-07T18:01:04.2417400Z ├─ path-exists@4.0.0
iOS preview (macos-26 / Xcode 26.2)	UNKNOWN STEP	2026-05-07T18:01:04.2417730Z ├─ path-is-absolute@1.0.1
iOS preview (macos-26 / Xcode 26.2)	UNKNOWN STEP	2026-05-07T18:01:04.2419040Z ├─ path-key@3.1.1
iOS preview (macos-26 / Xcode 26.2)	UNKNOWN STEP	2026-05-07T18:01:04.2420040Z ├─ path-scurry@1.11.1
iOS preview (macos-26 / Xcode 26.2)	UNKNOWN STEP	2026-05-07T18:01:04.2420390Z ├─ path-type@4.0.0
iOS preview (macos-26 / Xcode 26.2)	UNKNOWN STEP	2026-05-07T18:01:04.2421280Z ├─ picomatch@4.0.4
iOS preview (macos-26 / Xcode 26.2)	UNKNOWN STEP	2026-05-07T18:01:04.2422240Z ├─ pirates@4.0.7
iOS preview (macos-26 / Xcode 26.2)	UNKNOWN STEP	2026-05-07T18:01:04.2423340Z ├─ pkg-dir@4.2.0
iOS preview (macos-26 / Xcode 26.2)	UNKNOWN STEP	2026-05-07T18:01:04.2424730Z ├─ plist@3.1.1
iOS preview (macos-26 / Xcode 26.2)	UNKNOWN STEP	2026-05-07T18:01:04.2426380Z ├─ pngjs@7.0.0
iOS preview (macos-26 / Xcode 26.2)	UNKNOWN STEP	2026-05-07T18:01:04.2427750Z ├─ proc-log@4.2.0
iOS preview (macos-26 / Xcode 26.2)	UNKNOWN STEP	2026-05-07T18:01:04.2428640Z ├─ promise-limit@2.7.0
iOS preview (macos-26 / Xcode 26.2)	UNKNOWN STEP	2026-05-07T18:01:04.2429150Z ├─ promise-retry@2.0.1
iOS preview (macos-26 / Xcode 26.2)	UNKNOWN STEP	2026-05-07T18:01:04.2429410Z ├─ prompts@2.4.2
iOS preview (macos-26 / Xcode 26.2)	UNKNOWN STEP	2026-05-07T18:01:04.2431240Z ├─ punycode@2.3.1
iOS preview (macos-26 / Xcode 26.2)	UNKNOWN STEP	2026-05-07T18:01:04.2432530Z ├─ qrcode-terminal@0.12.0
iOS preview (macos-26 / Xcode 26.2)	UNKNOWN STEP	2026-05-07T18:01:04.2433430Z ├─ queue-microtask@1.2.3
iOS preview (macos-26 / Xcode 26.2)	UNKNOWN STEP	2026-05-07T18:01:04.2435100Z ├─ redeyed@2.1.1
iOS preview (macos-26 / Xcode 26.2)	UNKNOWN STEP	2026-05-07T18:01:04.2435420Z ├─ remove-trailing-slash@0.1.1
iOS preview (macos-26 / Xcode 26.2)	UNKNOWN STEP	2026-05-07T18:01:04.2435640Z ├─ restore-cursor@3.1.0
iOS preview (macos-26 / Xcode 26.2)	UNKNOWN STEP	2026-05-07T18:01:04.2435850Z ├─ retry@0.12.0
iOS preview (macos-26 / Xcode 26.2)	UNKNOWN STEP	2026-05-07T18:01:04.2436900Z ├─ reusify@1.1.0
iOS preview (macos-26 / Xcode 26.2)	UNKNOWN STEP	2026-05-07T18:01:04.2437250Z ├─ rimraf@5.0.10
iOS preview (macos-26 / Xcode 26.2)	UNKNOWN STEP	2026-05-07T18:01:04.2438480Z ├─ run-parallel@1.2.0
iOS preview (macos-26 / Xcode 26.2)	UNKNOWN STEP	2026-05-07T18:01:04.2438690Z ├─ safe-buffer@5.2.1
iOS preview (macos-26 / Xcode 26.2)	UNKNOWN STEP	2026-05-07T18:01:04.2438890Z ├─ safe-json-stringify@1.2.0
iOS preview (macos-26 / Xcode 26.2)	UNKNOWN STEP	2026-05-07T18:01:04.2439090Z ├─ safer-buffer@2.1.2
iOS preview (macos-26 / Xcode 26.2)	UNKNOWN STEP	2026-05-07T18:01:04.2439240Z ├─ sax@1.6.0
iOS preview (macos-26 / Xcode 26.2)	UNKNOWN STEP	2026-05-07T18:01:04.2439410Z ├─ set-interval-async@3.0.3
iOS preview (macos-26 / Xcode 26.2)	UNKNOWN STEP	2026-05-07T18:01:04.2439650Z ├─ shebang-command@2.0.0
iOS preview (macos-26 / Xcode 26.2)	UNKNOWN STEP	2026-05-07T18:01:04.2439880Z ├─ shebang-regex@3.0.0
iOS preview (macos-26 / Xcode 26.2)	UNKNOWN STEP	2026-05-07T18:01:04.2440060Z ├─ simple-plist@1.3.1
iOS preview (macos-26 / Xcode 26.2)	UNKNOWN STEP	2026-05-07T18:01:04.2440230Z ├─ sisteransi@1.0.5
iOS preview (macos-26 / Xcode 26.2)	UNKNOWN STEP	2026-05-07T18:01:04.2440400Z ├─ slice-ansi@4.0.0
iOS preview (macos-26 / Xcode 26.2)	UNKNOWN STEP	2026-05-07T18:01:04.2440560Z ├─ sprintf-js@1.0.3
iOS preview (macos-26 / Xcode 26.2)	UNKNOWN STEP	2026-05-07T18:01:04.2443200Z ├─ stream-buffers@2.2.0
iOS preview (macos-26 / Xcode 26.2)	UNKNOWN STEP	2026-05-07T18:01:04.2443650Z ├─ streamx@2.25.0
iOS preview (macos-26 / Xcode 26.2)	UNKNOWN STEP	2026-05-07T18:01:04.2443880Z ├─ string-width-cjs@4.2.3
iOS preview (macos-26 / Xcode 26.2)	UNKNOWN STEP	2026-05-07T18:01:04.2444090Z ├─ strip-ansi-cjs@6.0.1
iOS preview (macos-26 / Xcode 26.2)	UNKNOWN STEP	2026-05-07T18:01:04.2444280Z ├─ sucrase@3.35.0
iOS preview (macos-26 / Xcode 26.2)	UNKNOWN STEP	2026-05-07T18:01:04.2444460Z ├─ supports-color@7.2.0
iOS preview (macos-26 / Xcode 26.2)	UNKNOWN STEP	2026-05-07T18:01:04.2444740Z ├─ supports-hyperlinks@2.3.0
iOS preview (macos-26 / Xcode 26.2)	UNKNOWN STEP	2026-05-07T18:01:04.2444970Z ├─ tar-stream@3.1.7
iOS preview (macos-26 / Xcode 26.2)	UNKNOWN STEP	2026-05-07T18:01:04.2445130Z ├─ tar@7.5.7
iOS preview (macos-26 / Xcode 26.2)	UNKNOWN STEP	2026-05-07T18:01:04.2445310Z ├─ temp-dir@2.0.0
iOS preview (macos-26 / Xcode 26.2)	UNKNOWN STEP	2026-05-07T18:01:04.2445490Z ├─ text-decoder@1.2.7
iOS preview (macos-26 / Xcode 26.2)	UNKNOWN STEP	2026-05-07T18:01:04.2445700Z ├─ thenify-all@1.6.0
iOS preview (macos-26 / Xcode 26.2)	UNKNOWN STEP	2026-05-07T18:01:04.2445860Z ├─ thenify@3.3.1
iOS preview (macos-26 / Xcode 26.2)	UNKNOWN STEP	2026-05-07T18:01:04.2446020Z ├─ tinyglobby@0.2.16
iOS preview (macos-26 / Xcode 26.2)	UNKNOWN STEP	2026-05-07T18:01:04.2446200Z ├─ to-regex-range@5.0.1
iOS preview (macos-26 / Xcode 26.2)	UNKNOWN STEP	2026-05-07T18:01:04.2446360Z ├─ tr46@0.0.3
iOS preview (macos-26 / Xcode 26.2)	UNKNOWN STEP	2026-05-07T18:01:04.2446520Z ├─ ts-deepmerge@6.2.0
iOS preview (macos-26 / Xcode 26.2)	UNKNOWN STEP	2026-05-07T18:01:04.2446780Z ├─ ts-interface-checker@0.1.13
iOS preview (macos-26 / Xcode 26.2)	UNKNOWN STEP	2026-05-07T18:01:04.2447000Z ├─ ts-node@10.9.2
iOS preview (macos-26 / Xcode 26.2)	UNKNOWN STEP	2026-05-07T18:01:04.2447140Z ├─ tslib@2.8.1
iOS preview (macos-26 / Xcode 26.2)	UNKNOWN STEP	2026-05-07T18:01:04.2447320Z ├─ tunnel-agent@0.6.0
iOS preview (macos-26 / Xcode 26.2)	UNKNOWN STEP	2026-05-07T18:01:04.2447490Z ├─ turndown@7.1.2
iOS preview (macos-26 / Xcode 26.2)	UNKNOWN STEP	2026-05-07T18:01:04.2447640Z ├─ type-fest@0.21.3
iOS preview (macos-26 / Xcode 26.2)	UNKNOWN STEP	2026-05-07T18:01:04.2447810Z ├─ undici-types@7.19.2
iOS preview (macos-26 / Xcode 26.2)	UNKNOWN STEP	2026-05-07T18:01:04.2448030Z ├─ unique-string@2.0.0
iOS preview (macos-26 / Xcode 26.2)	UNKNOWN STEP	2026-05-07T18:01:04.2448600Z ├─ untildify@4.0.0
iOS preview (macos-26 / Xcode 26.2)	UNKNOWN STEP	2026-05-07T18:01:04.2448880Z ├─ update-browserslist-db@1.2.3
iOS preview (macos-26 / Xcode 26.2)	UNKNOWN STEP	2026-05-07T18:01:04.2449090Z ├─ uri-js@4.4.1
iOS preview (macos-26 / Xcode 26.2)	UNKNOWN STEP	2026-05-07T18:01:04.2449270Z ├─ uuid@8.3.2
iOS preview (macos-26 / Xcode 26.2)	UNKNOWN STEP	2026-05-07T18:01:04.2449460Z ├─ v8-compile-cache-lib@3.0.1
iOS preview (macos-26 / Xcode 26.2)	UNKNOWN STEP	2026-05-07T18:01:04.2449770Z ├─ validate-npm-package-name@5.0.1
iOS preview (macos-26 / Xcode 26.2)	UNKNOWN STEP	2026-05-07T18:01:04.2450070Z ├─ webidl-conversions@3.0.1
iOS preview (macos-26 / Xcode 26.2)	UNKNOWN STEP	2026-05-07T18:01:04.2450260Z ├─ which@2.0.2
iOS preview (macos-26 / Xcode 26.2)	UNKNOWN STEP	2026-05-07T18:01:04.2450430Z ├─ wrap-ansi-cjs@7.0.0
iOS preview (macos-26 / Xcode 26.2)	UNKNOWN STEP	2026-05-07T18:01:04.2450600Z ├─ yallist@5.0.0
iOS preview (macos-26 / Xcode 26.2)	UNKNOWN STEP	2026-05-07T18:01:04.2450780Z ├─ yaml@2.6.0
iOS preview (macos-26 / Xcode 26.2)	UNKNOWN STEP	2026-05-07T18:01:04.2450980Z ├─ yn@3.1.1
iOS preview (macos-26 / Xcode 26.2)	UNKNOWN STEP	2026-05-07T18:01:04.2451110Z └─ zod@4.4.3
iOS preview (macos-26 / Xcode 26.2)	UNKNOWN STEP	2026-05-07T18:01:04.2451250Z Done in 32.67s.
iOS preview (macos-26 / Xcode 26.2)	UNKNOWN STEP	2026-05-07T18:01:11.8372090Z [command]/opt/homebrew/bin/gtar --posix -cf cache.tzst --exclude cache.tzst -P -C /Users/runner/work/fisioflow-51658291/fisioflow-51658291 --files-from manifest.txt --delay-directory-restore --use-compress-program zstdmt
iOS preview (macos-26 / Xcode 26.2)	UNKNOWN STEP	2026-05-07T18:01:12.9919000Z ##[warning]Failed to save: <h2>Our services aren't available right now</h2><p>We're working to restore all services as soon as possible. Please check back soon.</p>0adP8aQAAAAA6Of/hn/BzQKSEda+OYxwzTEFYRURHRTIwMjAARWRnZQ==
iOS preview (macos-26 / Xcode 26.2)	UNKNOWN STEP	2026-05-07T18:01:12.9972410Z ##[endgroup]
iOS preview (macos-26 / Xcode 26.2)	UNKNOWN STEP	2026-05-07T18:01:13.0044970Z ##[group]Validating authenticated account
iOS preview (macos-26 / Xcode 26.2)	UNKNOWN STEP	2026-05-07T18:01:13.0047370Z [command]/Users/runner/hostedtoolcache/eas-cli/18.11.0/arm64/node_modules/.bin/eas whoami
iOS preview (macos-26 / Xcode 26.2)	UNKNOWN STEP	2026-05-07T18:01:13.7721260Z (node:6998) [DEP0040] DeprecationWarning: The `punycode` module is deprecated. Please use a userland alternative instead.
iOS preview (macos-26 / Xcode 26.2)	UNKNOWN STEP	2026-05-07T18:01:13.7724370Z (Use `node --trace-deprecation ...` to show where the warning was created)
iOS preview (macos-26 / Xcode 26.2)	UNKNOWN STEP	2026-05-07T18:01:14.0030250Z rafaelminatto (authenticated using EXPO_TOKEN)
iOS preview (macos-26 / Xcode 26.2)	UNKNOWN STEP	2026-05-07T18:01:14.0132180Z rafael.minatto@yahoo.com.br
iOS preview (macos-26 / Xcode 26.2)	UNKNOWN STEP	2026-05-07T18:01:14.1892690Z ##[endgroup]
iOS preview (macos-26 / Xcode 26.2)	UNKNOWN STEP	2026-05-07T18:01:14.1909570Z ##[group]Patching system watchers for the 'ENOSPC' error
iOS preview (macos-26 / Xcode 26.2)	UNKNOWN STEP	2026-05-07T18:01:14.1914770Z Skipped patching watchers: not running on Linux.
iOS preview (macos-26 / Xcode 26.2)	UNKNOWN STEP	2026-05-07T18:01:14.1915410Z ##[endgroup]
iOS preview (macos-26 / Xcode 26.2)	UNKNOWN STEP	2026-05-07T18:01:14.2264660Z ##[group]Run echo "Perfil: $PROFILE"
iOS preview (macos-26 / Xcode 26.2)	UNKNOWN STEP	2026-05-07T18:01:14.2265100Z ^[[36;1mecho "Perfil: $PROFILE"^[[0m
iOS preview (macos-26 / Xcode 26.2)	UNKNOWN STEP	2026-05-07T18:01:14.2266120Z ^[[36;1mecho "Xcode: $(xcodebuild -version | head -1)"^[[0m
iOS preview (macos-26 / Xcode 26.2)	UNKNOWN STEP	2026-05-07T18:01:14.2266420Z ^[[36;1meas build \^[[0m
iOS preview (macos-26 / Xcode 26.2)	UNKNOWN STEP	2026-05-07T18:01:14.2266620Z ^[[36;1m  --platform ios \^[[0m
iOS preview (macos-26 / Xcode 26.2)	UNKNOWN STEP	2026-05-07T18:01:14.2266880Z ^[[36;1m  --profile "$PROFILE" \^[[0m
iOS preview (macos-26 / Xcode 26.2)	UNKNOWN STEP	2026-05-07T18:01:14.2267120Z ^[[36;1m  --local \^[[0m
iOS preview (macos-26 / Xcode 26.2)	UNKNOWN STEP	2026-05-07T18:01:14.2267320Z ^[[36;1m  --non-interactive \^[[0m
iOS preview (macos-26 / Xcode 26.2)	UNKNOWN STEP	2026-05-07T18:01:14.2267710Z ^[[36;1m  --output "/Users/runner/work/fisioflow-51658291/fisioflow-51658291/build.ipa"^[[0m
iOS preview (macos-26 / Xcode 26.2)	UNKNOWN STEP	2026-05-07T18:01:14.4093800Z shell: /bin/bash -e {0}
iOS preview (macos-26 / Xcode 26.2)	UNKNOWN STEP	2026-05-07T18:01:14.4094050Z env:
iOS preview (macos-26 / Xcode 26.2)	UNKNOWN STEP	2026-05-07T18:01:14.4094230Z   PROFILE: preview
iOS preview (macos-26 / Xcode 26.2)	UNKNOWN STEP	2026-05-07T18:01:14.4094410Z   EXPO_USE_SYMLINKS: 1
iOS preview (macos-26 / Xcode 26.2)	UNKNOWN STEP	2026-05-07T18:01:14.4094650Z   FORCE_JAVASCRIPT_ACTIONS_TO_NODE24: true
iOS preview (macos-26 / Xcode 26.2)	UNKNOWN STEP	2026-05-07T18:01:14.4094940Z   PNPM_HOME: /Users/runner/setup-pnpm/node_modules/.bin
iOS preview (macos-26 / Xcode 26.2)	UNKNOWN STEP	2026-05-07T18:01:14.4095740Z   EXPO_TOKEN: ***
iOS preview (macos-26 / Xcode 26.2)	UNKNOWN STEP	2026-05-07T18:01:14.4096080Z ##[endgroup]
iOS preview (macos-26 / Xcode 26.2)	UNKNOWN STEP	2026-05-07T18:01:14.4941090Z Perfil: preview
iOS preview (macos-26 / Xcode 26.2)	UNKNOWN STEP	2026-05-07T18:01:14.6246260Z Xcode: Xcode 26.2
iOS preview (macos-26 / Xcode 26.2)	UNKNOWN STEP	2026-05-07T18:01:15.8403470Z (node:7008) [DEP0040] DeprecationWarning: The `punycode` module is deprecated. Please use a userland alternative instead.
iOS preview (macos-26 / Xcode 26.2)	UNKNOWN STEP	2026-05-07T18:01:15.8404310Z (Use `node --trace-deprecation ...` to show where the warning was created)
iOS preview (macos-26 / Xcode 26.2)	UNKNOWN STEP	2026-05-07T18:01:16.0972200Z The EAS build profile does not specify a Node.js version. Using the version specified in .nvmrc: 24.13.1 
iOS preview (macos-26 / Xcode 26.2)	UNKNOWN STEP	2026-05-07T18:01:18.1112130Z Resolved "preview" environment for the build. Learn more: https://docs.expo.dev/eas/environment-variables/#setting-the-environment-for-your-builds
iOS preview (macos-26 / Xcode 26.2)	UNKNOWN STEP	2026-05-07T18:01:18.2072460Z No environment variables with visibility "Plain text" and "Sensitive" found for the "preview" environment on EAS.
iOS preview (macos-26 / Xcode 26.2)	UNKNOWN STEP	2026-05-07T18:01:18.2073800Z Environment variables loaded from the "preview" build profile "env" configuration: EXPO_PUBLIC_API_URL, EXPO_PUBLIC_NEON_AUTH_URL, EXPO_PUBLIC_EXPO_PROJECT_ID, EXPO_USE_SYMLINKS.
iOS preview (macos-26 / Xcode 26.2)	UNKNOWN STEP	2026-05-07T18:01:18.2074480Z 
iOS preview (macos-26 / Xcode 26.2)	UNKNOWN STEP	2026-05-07T18:01:22.7113860Z - Incrementing buildNumber from 20 to 21.
iOS preview (macos-26 / Xcode 26.2)	UNKNOWN STEP	2026-05-07T18:01:22.8430430Z ✔ Incremented buildNumber from 20 to 21.
iOS preview (macos-26 / Xcode 26.2)	UNKNOWN STEP	2026-05-07T18:01:22.9536390Z ✔ Using remote iOS credentials (Expo server)
iOS preview (macos-26 / Xcode 26.2)	UNKNOWN STEP	2026-05-07T18:01:22.9637420Z 
iOS preview (macos-26 / Xcode 26.2)	UNKNOWN STEP	2026-05-07T18:01:23.4117110Z Distribution Certificate is not validated for non-interactive builds.
iOS preview (macos-26 / Xcode 26.2)	UNKNOWN STEP	2026-05-07T18:01:24.3066320Z Skipping Provisioning Profile validation on Apple Servers because we aren't authenticated.
iOS preview (macos-26 / Xcode 26.2)	UNKNOWN STEP	2026-05-07T18:01:24.3088560Z 
iOS preview (macos-26 / Xcode 26.2)	UNKNOWN STEP	2026-05-07T18:01:24.3095290Z Project Credentials Configuration
iOS preview (macos-26 / Xcode 26.2)	UNKNOWN STEP	2026-05-07T18:01:24.3146270Z 
iOS preview (macos-26 / Xcode 26.2)	UNKNOWN STEP	2026-05-07T18:01:24.3155310Z Project                   @rafaelminatto/fisioflow-pro
iOS preview (macos-26 / Xcode 26.2)	UNKNOWN STEP	2026-05-07T18:01:24.3158000Z Bundle Identifier         com.fisioflow.professionals
iOS preview (macos-26 / Xcode 26.2)	UNKNOWN STEP	2026-05-07T18:01:24.3162300Z                           
iOS preview (macos-26 / Xcode 26.2)	UNKNOWN STEP	2026-05-07T18:01:24.3162950Z Ad Hoc Configuration      
iOS preview (macos-26 / Xcode 26.2)	UNKNOWN STEP	2026-05-07T18:01:24.3165760Z                           
iOS preview (macos-26 / Xcode 26.2)	UNKNOWN STEP	2026-05-07T18:01:24.3166300Z Distribution Certificate  
iOS preview (macos-26 / Xcode 26.2)	UNKNOWN STEP	2026-05-07T18:01:24.3166950Z Serial Number             7CF524E6D65089B989C94C0FBDB97706
iOS preview (macos-26 / Xcode 26.2)	UNKNOWN STEP	2026-05-07T18:01:24.3167430Z Expiration Date           Tue, 06 Apr 2027 23:11:59 UTC
iOS preview (macos-26 / Xcode 26.2)	UNKNOWN STEP	2026-05-07T18:01:24.3168430Z Apple Team                G7FDW933SF (Rafael De Martino (Individual))
iOS preview (macos-26 / Xcode 26.2)	UNKNOWN STEP	2026-05-07T18:01:24.3169120Z Updated                   1 month ago
iOS preview (macos-26 / Xcode 26.2)	UNKNOWN STEP	2026-05-07T18:01:24.3169450Z                           
iOS preview (macos-26 / Xcode 26.2)	UNKNOWN STEP	2026-05-07T18:01:24.3169760Z Provisioning Profile      
iOS preview (macos-26 / Xcode 26.2)	UNKNOWN STEP	2026-05-07T18:01:24.3170180Z Developer Portal ID       FDHHFZ4UR5
iOS preview (macos-26 / Xcode 26.2)	UNKNOWN STEP	2026-05-07T18:01:24.3170540Z Status                    active
iOS preview (macos-26 / Xcode 26.2)	UNKNOWN STEP	2026-05-07T18:01:24.3170960Z Expiration                Tue, 06 Apr 2027 23:11:59 UTC
iOS preview (macos-26 / Xcode 26.2)	UNKNOWN STEP	2026-05-07T18:01:24.3171480Z Apple Team                G7FDW933SF (Rafael De Martino (Individual))
iOS preview (macos-26 / Xcode 26.2)	UNKNOWN STEP	2026-05-07T18:01:24.3172020Z Provisioned devices       - iPhone (UDID: 00008120-000004460A32201E)
iOS preview (macos-26 / Xcode 26.2)	UNKNOWN STEP	2026-05-07T18:01:24.3172540Z                           - Iphone rafael - iPhone (UDID: 00008120-001A090E0AB9A01E)
iOS preview (macos-26 / Xcode 26.2)	UNKNOWN STEP	2026-05-07T18:01:24.3173500Z Updated                   21 days ago
iOS preview (macos-26 / Xcode 26.2)	UNKNOWN STEP	2026-05-07T18:01:24.3173860Z                           
iOS preview (macos-26 / Xcode 26.2)	UNKNOWN STEP	2026-05-07T18:01:24.3174980Z All credentials are ready to build @rafaelminatto/fisioflow-pro (com.fisioflow.professionals)
iOS preview (macos-26 / Xcode 26.2)	UNKNOWN STEP	2026-05-07T18:01:24.3175360Z 
iOS preview (macos-26 / Xcode 26.2)	UNKNOWN STEP	2026-05-07T18:01:25.3039210Z - Compressing project files
iOS preview (macos-26 / Xcode 26.2)	UNKNOWN STEP	2026-05-07T18:01:33.0671320Z - Computing project fingerprint
iOS preview (macos-26 / Xcode 26.2)	UNKNOWN STEP	2026-05-07T18:01:34.7144730Z ✔ Computed project fingerprint
iOS preview (macos-26 / Xcode 26.2)	UNKNOWN STEP	2026-05-07T18:01:53.6275740Z npm warn deprecated inflight@1.0.6: This module is not supported, and leaks memory. Do not use it. Check out lru-cache if you want a good and tested way to coalesce async requests by a key value, which is much more comprehensive and powerful.
iOS preview (macos-26 / Xcode 26.2)	UNKNOWN STEP	2026-05-07T18:01:53.8649320Z npm warn deprecated rimraf@2.4.5: Rimraf versions prior to v4 are no longer supported
iOS preview (macos-26 / Xcode 26.2)	UNKNOWN STEP	2026-05-07T18:01:54.2237010Z npm warn deprecated lodash.get@4.4.2: This package is deprecated. Use the optional chaining (?.) operator instead.
iOS preview (macos-26 / Xcode 26.2)	UNKNOWN STEP	2026-05-07T18:01:54.4024190Z npm warn deprecated glob@6.0.4: Old versions of glob are not supported, and contain widely publicized security vulnerabilities, which have been fixed in the current version. Please update. Support for old versions may be purchased (at exorbitant rates) by contacting i@izs.me
iOS preview (macos-26 / Xcode 26.2)	UNKNOWN STEP	2026-05-07T18:01:54.4907790Z npm warn deprecated @xmldom/xmldom@0.7.13: this version has critical issues, please update to the latest version
iOS preview (macos-26 / Xcode 26.2)	UNKNOWN STEP	2026-05-07T18:01:54.8560390Z npm warn deprecated uuid@7.0.3: uuid@10 and below is no longer supported.  For ESM codebases, update to uuid@latest.  For CommonJS codebases, use uuid@11 (but be aware this version will likely be deprecated in 2028).
iOS preview (macos-26 / Xcode 26.2)	UNKNOWN STEP	2026-05-07T18:01:54.9519750Z npm warn deprecated uuid@8.3.2: uuid@10 and below is no longer supported.  For ESM codebases, update to uuid@latest.  For CommonJS codebases, use uuid@11 (but be aware this version will likely be deprecated in 2028).
iOS preview (macos-26 / Xcode 26.2)	UNKNOWN STEP	2026-05-07T18:01:54.9776170Z npm warn deprecated uuid@9.0.1: uuid@10 and below is no longer supported.  For ESM codebases, update to uuid@latest.  For CommonJS codebases, use uuid@11 (but be aware this version will likely be deprecated in 2028).
iOS preview (macos-26 / Xcode 26.2)	UNKNOWN STEP	2026-05-07T18:01:55.4720000Z npm warn deprecated tar@7.5.7: Old versions of tar are not supported, and contain widely publicized security vulnerabilities, which have been fixed in the current version. Please update. Support for old versions may be purchased (at exorbitant rates) by contacting i@izs.me
iOS preview (macos-26 / Xcode 26.2)	UNKNOWN STEP	2026-05-07T18:01:58.8631860Z (node:9176) [DEP0040] DeprecationWarning: The `punycode` module is deprecated. Please use a userland alternative instead.
iOS preview (macos-26 / Xcode 26.2)	UNKNOWN STEP	2026-05-07T18:01:58.8632860Z (Use `node --trace-deprecation ...` to show where the warning was created)
iOS preview (macos-26 / Xcode 26.2)	UNKNOWN STEP	2026-05-07T18:01:58.8811610Z Node.js version in your eas.json does not match the Node.js currently installed in your system
iOS preview (macos-26 / Xcode 26.2)	UNKNOWN STEP	2026-05-07T18:02:00.7872900Z [SETUP_WORKINGDIR] Preparing workingdir /var/folders/dy/3g4vbvsx7lx51x77m3_b20cc0000gn/T/eas-build-local-nodejs/746ae97a-55e5-4761-923f-3bbe8932e842
iOS preview (macos-26 / Xcode 26.2)	UNKNOWN STEP	2026-05-07T18:02:00.7907030Z [START_BUILD] Starting build
iOS preview (macos-26 / Xcode 26.2)	UNKNOWN STEP	2026-05-07T18:02:00.7907890Z   "job": {
iOS preview (macos-26 / Xcode 26.2)	UNKNOWN STEP	2026-05-07T18:02:00.7908360Z     "type": "managed",
iOS preview (macos-26 / Xcode 26.2)	UNKNOWN STEP	2026-05-07T18:02:00.7908650Z     "platform": "ios",
iOS preview (macos-26 / Xcode 26.2)	UNKNOWN STEP	2026-05-07T18:02:00.7908950Z     "projectArchive": {
iOS preview (macos-26 / Xcode 26.2)	UNKNOWN STEP	2026-05-07T18:02:00.7909310Z       "type": "PATH",
iOS preview (macos-26 / Xcode 26.2)	UNKNOWN STEP	2026-05-07T18:02:00.7909910Z       "path": "/var/folders/dy/3g4vbvsx7lx51x77m3_b20cc0000gn/T/eas-cli-nodejs/53fb226a-ae21-4613-bb66-62670b6d3aea.tar.gz"
iOS preview (macos-26 / Xcode 26.2)	UNKNOWN STEP	2026-05-07T18:02:00.7910450Z     },
iOS preview (macos-26 / Xcode 26.2)	UNKNOWN STEP	2026-05-07T18:02:00.7910860Z     "projectRootDirectory": "apps/professional-app",
iOS preview (macos-26 / Xcode 26.2)	UNKNOWN STEP	2026-05-07T18:02:00.7911290Z     "builderEnvironment": {
iOS preview (macos-26 / Xcode 26.2)	UNKNOWN STEP	2026-05-07T18:02:00.7911630Z       "node": "24.13.1",
iOS preview (macos-26 / Xcode 26.2)	UNKNOWN STEP	2026-05-07T18:02:00.7911880Z       "env": {
iOS preview (macos-26 / Xcode 26.2)	UNKNOWN STEP	2026-05-07T18:02:00.7912260Z         "EXPO_PUBLIC_API_URL": "https://fisioflow-api.rafalegollas.workers.dev",
iOS preview (macos-26 / Xcode 26.2)	UNKNOWN STEP	2026-05-07T18:02:00.7913090Z         "EXPO_PUBLIC_NEON_AUTH_URL": "https://ep-wandering-bonus-acj4zwvo.neonauth.sa-east-1.aws.neon.tech/neondb/auth",
iOS preview (macos-26 / Xcode 26.2)	UNKNOWN STEP	2026-05-07T18:02:00.7913780Z         "EXPO_PUBLIC_EXPO_PROJECT_ID": "ca7042a7-03d4-4731-b4e5-6f5de3b48300",
iOS preview (macos-26 / Xcode 26.2)	UNKNOWN STEP	2026-05-07T18:02:00.7920460Z         "EXPO_USE_SYMLINKS": "1"
iOS preview (macos-26 / Xcode 26.2)	UNKNOWN STEP	2026-05-07T18:02:00.7920820Z       }
iOS preview (macos-26 / Xcode 26.2)	UNKNOWN STEP	2026-05-07T18:02:00.7928270Z     },
iOS preview (macos-26 / Xcode 26.2)	UNKNOWN STEP	2026-05-07T18:02:00.7928460Z     "cache": {
iOS preview (macos-26 / Xcode 26.2)	UNKNOWN STEP	2026-05-07T18:02:00.7928660Z       "disabled": true,
iOS preview (macos-26 / Xcode 26.2)	UNKNOWN STEP	2026-05-07T18:02:00.7928950Z       "paths": [],
iOS preview (macos-26 / Xcode 26.2)	UNKNOWN STEP	2026-05-07T18:02:00.7929160Z       "clear": false
iOS preview (macos-26 / Xcode 26.2)	UNKNOWN STEP	2026-05-07T18:02:00.7929340Z     },
iOS preview (macos-26 / Xcode 26.2)	UNKNOWN STEP	2026-05-07T18:02:00.7929600Z     "updates": {
iOS preview (macos-26 / Xcode 26.2)	UNKNOWN STEP	2026-05-07T18:02:00.7929810Z       "channel": "preview"
iOS preview (macos-26 / Xcode 26.2)	UNKNOWN STEP	2026-05-07T18:02:00.7930100Z     },
iOS preview (macos-26 / Xcode 26.2)	UNKNOWN STEP	2026-05-07T18:02:00.7930350Z     "simulator": false,
iOS preview (macos-26 / Xcode 26.2)	UNKNOWN STEP	2026-05-07T18:02:00.7930580Z     "scheme": "FisioFlowPro",
iOS preview (macos-26 / Xcode 26.2)	UNKNOWN STEP	2026-05-07T18:02:00.7930840Z     "username": "rafaelminatto",
iOS preview (macos-26 / Xcode 26.2)	UNKNOWN STEP	2026-05-07T18:02:00.7931130Z     "version": {
iOS preview (macos-26 / Xcode 26.2)	UNKNOWN STEP	2026-05-07T18:02:00.7931330Z       "buildNumber": "21"
iOS preview (macos-26 / Xcode 26.2)	UNKNOWN STEP	2026-05-07T18:02:00.7931550Z     },
iOS preview (macos-26 / Xcode 26.2)	UNKNOWN STEP	2026-05-07T18:02:00.7931790Z     "experimental": {},
iOS preview (macos-26 / Xcode 26.2)	UNKNOWN STEP	2026-05-07T18:02:00.7932000Z     "mode": "build",
iOS preview (macos-26 / Xcode 26.2)	UNKNOWN STEP	2026-05-07T18:02:00.7932360Z     "triggeredBy": "EAS_CLI",
iOS preview (macos-26 / Xcode 26.2)	UNKNOWN STEP	2026-05-07T18:02:00.7932660Z     "appId": "ca7042a7-03d4-4731-b4e5-6f5de3b48300",
iOS preview (macos-26 / Xcode 26.2)	UNKNOWN STEP	2026-05-07T18:02:00.7933040Z     "initiatingUserId": "f4a0ce71-4c4b-44eb-b5c8-a6d18c2ded12"
iOS preview (macos-26 / Xcode 26.2)	UNKNOWN STEP	2026-05-07T18:02:00.7933440Z   }
iOS preview (macos-26 / Xcode 26.2)	UNKNOWN STEP	2026-05-07T18:02:00.7936790Z Local build, skipping project archive refresh
iOS preview (macos-26 / Xcode 26.2)	UNKNOWN STEP	2026-05-07T18:02:01.7236020Z [PREPARE_PROJECT] .npmrc found at .npmrc
iOS preview (macos-26 / Xcode 26.2)	UNKNOWN STEP	2026-05-07T18:02:01.7245850Z [READ_EAS_JSON] Using eas.json:
iOS preview (macos-26 / Xcode 26.2)	UNKNOWN STEP	2026-05-07T18:02:01.7246220Z [READ_EAS_JSON] {
iOS preview (macos-26 / Xcode 26.2)	UNKNOWN STEP	2026-05-07T18:02:01.7247230Z   "cli": {
iOS preview (macos-26 / Xcode 26.2)	UNKNOWN STEP	2026-05-07T18:02:01.7247610Z     "version": ">= 12.0.0",
iOS preview (macos-26 / Xcode 26.2)	UNKNOWN STEP	2026-05-07T18:02:01.7248600Z     "appVersionSource": "remote"
iOS preview (macos-26 / Xcode 26.2)	UNKNOWN STEP	2026-05-07T18:02:01.7249010Z   },
iOS preview (macos-26 / Xcode 26.2)	UNKNOWN STEP	2026-05-07T18:02:01.7249410Z   "build": {
iOS preview (macos-26 / Xcode 26.2)	UNKNOWN STEP	2026-05-07T18:02:01.7249650Z     "development": {
iOS preview (macos-26 / Xcode 26.2)	UNKNOWN STEP	2026-05-07T18:02:01.7249930Z       "developmentClient": true,
iOS preview (macos-26 / Xcode 26.2)	UNKNOWN STEP	2026-05-07T18:02:01.7250240Z       "distribution": "internal",
iOS preview (macos-26 / Xcode 26.2)	UNKNOWN STEP	2026-05-07T18:02:01.7250550Z       "channel": "development",
iOS preview (macos-26 / Xcode 26.2)	UNKNOWN STEP	2026-05-07T18:02:01.7250880Z       "credentialsSource": "remote",
iOS preview (macos-26 / Xcode 26.2)	UNKNOWN STEP	2026-05-07T18:02:01.7251120Z       "ios": {
iOS preview (macos-26 / Xcode 26.2)	UNKNOWN STEP	2026-05-07T18:02:01.7251430Z         "simulator": false
iOS preview (macos-26 / Xcode 26.2)	UNKNOWN STEP	2026-05-07T18:02:01.7251650Z       },
iOS preview (macos-26 / Xcode 26.2)	UNKNOWN STEP	2026-05-07T18:02:01.7251820Z       "env": {
iOS preview (macos-26 / Xcode 26.2)	UNKNOWN STEP	2026-05-07T18:02:01.7252280Z         "EXPO_PUBLIC_API_URL": "https://fisioflow-api.rafalegollas.workers.dev",
iOS preview (macos-26 / Xcode 26.2)	UNKNOWN STEP	2026-05-07T18:02:01.7253030Z         "EXPO_PUBLIC_NEON_AUTH_URL": "https://ep-wandering-bonus-acj4zwvo.neonauth.sa-east-1.aws.neon.tech/neondb/auth",
iOS preview (macos-26 / Xcode 26.2)	UNKNOWN STEP	2026-05-07T18:02:01.7253650Z         "EXPO_PUBLIC_LIVEKIT_URL": "wss://fisioflow-2w7ld7bi.livekit.cloud",
iOS preview (macos-26 / Xcode 26.2)	UNKNOWN STEP	2026-05-07T18:02:01.7254140Z         "EXPO_PUBLIC_EXPO_PROJECT_ID": "ca7042a7-03d4-4731-b4e5-6f5de3b48300",
iOS preview (macos-26 / Xcode 26.2)	UNKNOWN STEP	2026-05-07T18:02:01.7254580Z         "EXPO_USE_SYMLINKS": "1"
iOS preview (macos-26 / Xcode 26.2)	UNKNOWN STEP	2026-05-07T18:02:01.7254800Z       }
iOS preview (macos-26 / Xcode 26.2)	UNKNOWN STEP	2026-05-07T18:02:01.7255020Z     },
iOS preview (macos-26 / Xcode 26.2)	UNKNOWN STEP	2026-05-07T18:02:01.7255230Z     "preview": {
iOS preview (macos-26 / Xcode 26.2)	UNKNOWN STEP	2026-05-07T18:02:01.7255470Z       "distribution": "internal",
iOS preview (macos-26 / Xcode 26.2)	UNKNOWN STEP	2026-05-07T18:02:01.7255700Z       "channel": "preview",
iOS preview (macos-26 / Xcode 26.2)	UNKNOWN STEP	2026-05-07T18:02:01.7256030Z       "ios": {
iOS preview (macos-26 / Xcode 26.2)	UNKNOWN STEP	2026-05-07T18:02:01.7256240Z         "simulator": false,
iOS preview (macos-26 / Xcode 26.2)	UNKNOWN STEP	2026-05-07T18:02:01.7256470Z         "autoIncrement": true
iOS preview (macos-26 / Xcode 26.2)	UNKNOWN STEP	2026-05-07T18:02:01.7256780Z       },
iOS preview (macos-26 / Xcode 26.2)	UNKNOWN STEP	2026-05-07T18:02:01.7257390Z       "credentialsSource": "remote",
iOS preview (macos-26 / Xcode 26.2)	UNKNOWN STEP	2026-05-07T18:02:01.7258260Z       "env": {
iOS preview (macos-26 / Xcode 26.2)	UNKNOWN STEP	2026-05-07T18:02:01.7258740Z         "EXPO_PUBLIC_API_URL": "https://fisioflow-api.rafalegollas.workers.dev",
iOS preview (macos-26 / Xcode 26.2)	UNKNOWN STEP	2026-05-07T18:02:01.7259440Z         "EXPO_PUBLIC_NEON_AUTH_URL": "https://ep-wandering-bonus-acj4zwvo.neonauth.sa-east-1.aws.neon.tech/neondb/auth",
iOS preview (macos-26 / Xcode 26.2)	UNKNOWN STEP	2026-05-07T18:02:01.7260120Z         "EXPO_PUBLIC_EXPO_PROJECT_ID": "ca7042a7-03d4-4731-b4e5-6f5de3b48300",
iOS preview (macos-26 / Xcode 26.2)	UNKNOWN STEP	2026-05-07T18:02:01.7260470Z         "EXPO_USE_SYMLINKS": "1"
iOS preview (macos-26 / Xcode 26.2)	UNKNOWN STEP	2026-05-07T18:02:01.7260710Z       },
iOS preview (macos-26 / Xcode 26.2)	UNKNOWN STEP	2026-05-07T18:02:01.7260940Z       "cache": {
iOS preview (macos-26 / Xcode 26.2)	UNKNOWN STEP	2026-05-07T18:02:01.7261120Z         "disabled": true
iOS preview (macos-26 / Xcode 26.2)	UNKNOWN STEP	2026-05-07T18:02:01.7261330Z       }
iOS preview (macos-26 / Xcode 26.2)	UNKNOWN STEP	2026-05-07T18:02:01.7261580Z     },
iOS preview (macos-26 / Xcode 26.2)	UNKNOWN STEP	2026-05-07T18:02:01.7261780Z     "testflight": {
iOS preview (macos-26 / Xcode 26.2)	UNKNOWN STEP	2026-05-07T18:02:01.7262010Z       "distribution": "internal",
iOS preview (macos-26 / Xcode 26.2)	UNKNOWN STEP	2026-05-07T18:02:01.7262340Z       "channel": "production",
iOS preview (macos-26 / Xcode 26.2)	UNKNOWN STEP	2026-05-07T18:02:01.7262550Z       "ios": {
iOS preview (macos-26 / Xcode 26.2)	UNKNOWN STEP	2026-05-07T18:02:01.7263170Z         "autoIncrement": true
iOS preview (macos-26 / Xcode 26.2)	UNKNOWN STEP	2026-05-07T18:02:01.7263460Z       },
iOS preview (macos-26 / Xcode 26.2)	UNKNOWN STEP	2026-05-07T18:02:01.7263870Z       "credentialsSource": "remote",
iOS preview (macos-26 / Xcode 26.2)	UNKNOWN STEP	2026-05-07T18:02:01.7264120Z       "env": {
iOS preview (macos-26 / Xcode 26.2)	UNKNOWN STEP	2026-05-07T18:02:01.7264490Z         "EXPO_PUBLIC_API_URL": "https://api-pro.moocafisio.com.br",
iOS preview (macos-26 / Xcode 26.2)	UNKNOWN STEP	2026-05-07T18:02:01.7265110Z         "EXPO_PUBLIC_NEON_AUTH_URL": "https://ep-wandering-bonus-acj4zwvo.neonauth.sa-east-1.aws.neon.tech/neondb/auth",
iOS preview (macos-26 / Xcode 26.2)	UNKNOWN STEP	2026-05-07T18:02:01.7265720Z         "EXPO_PUBLIC_EXPO_PROJECT_ID": "ca7042a7-03d4-4731-b4e5-6f5de3b48300",
iOS preview (macos-26 / Xcode 26.2)	UNKNOWN STEP	2026-05-07T18:02:01.7266150Z         "EXPO_USE_SYMLINKS": "1"
iOS preview (macos-26 / Xcode 26.2)	UNKNOWN STEP	2026-05-07T18:02:01.7266390Z       },
iOS preview (macos-26 / Xcode 26.2)	UNKNOWN STEP	2026-05-07T18:02:01.7266550Z       "cache": {
iOS preview (macos-26 / Xcode 26.2)	UNKNOWN STEP	2026-05-07T18:02:01.7266800Z         "disabled": true
iOS preview (macos-26 / Xcode 26.2)	UNKNOWN STEP	2026-05-07T18:02:01.7267000Z       }
iOS preview (macos-26 / Xcode 26.2)	UNKNOWN STEP	2026-05-07T18:02:01.7267160Z     },
iOS preview (macos-26 / Xcode 26.2)	UNKNOWN STEP	2026-05-07T18:02:01.7267410Z     "production": {
iOS preview (macos-26 / Xcode 26.2)	UNKNOWN STEP	2026-05-07T18:02:01.7267600Z       "node": "22.11.0",
iOS preview (macos-26 / Xcode 26.2)	UNKNOWN STEP	2026-05-07T18:02:01.7267830Z       "channel": "production",
iOS preview (macos-26 / Xcode 26.2)	UNKNOWN STEP	2026-05-07T18:02:01.7268120Z       "autoIncrement": true,
iOS preview (macos-26 / Xcode 26.2)	UNKNOWN STEP	2026-05-07T18:02:01.7268330Z       "ios": {
iOS preview (macos-26 / Xcode 26.2)	UNKNOWN STEP	2026-05-07T18:02:01.7268660Z         "autoIncrement": true
iOS preview (macos-26 / Xcode 26.2)	UNKNOWN STEP	2026-05-07T18:02:01.7269030Z       },
iOS preview (macos-26 / Xcode 26.2)	UNKNOWN STEP	2026-05-07T18:02:01.7269270Z       "credentialsSource": "remote",
iOS preview (macos-26 / Xcode 26.2)	UNKNOWN STEP	2026-05-07T18:02:01.7269640Z       "env": {
iOS preview (macos-26 / Xcode 26.2)	UNKNOWN STEP	2026-05-07T18:02:01.7270130Z         "EXPO_PUBLIC_API_URL": "https://fisioflow-api.rafalegollas.workers.dev",
iOS preview (macos-26 / Xcode 26.2)	UNKNOWN STEP	2026-05-07T18:02:01.7270820Z         "EXPO_PUBLIC_NEON_AUTH_URL": "https://ep-wandering-bonus-acj4zwvo.neonauth.sa-east-1.aws.neon.tech/neondb/auth",
iOS preview (macos-26 / Xcode 26.2)	UNKNOWN STEP	2026-05-07T18:02:01.7271530Z         "EXPO_PUBLIC_EXPO_PROJECT_ID": "ca7042a7-03d4-4731-b4e5-6f5de3b48300",
iOS preview (macos-26 / Xcode 26.2)	UNKNOWN STEP	2026-05-07T18:02:01.7271920Z         "EXPO_USE_SYMLINKS": "1"
iOS preview (macos-26 / Xcode 26.2)	UNKNOWN STEP	2026-05-07T18:02:01.7272180Z       },
iOS preview (macos-26 / Xcode 26.2)	UNKNOWN STEP	2026-05-07T18:02:01.7272420Z       "cache": {
iOS preview (macos-26 / Xcode 26.2)	UNKNOWN STEP	2026-05-07T18:02:01.7272630Z         "disabled": true
iOS preview (macos-26 / Xcode 26.2)	UNKNOWN STEP	2026-05-07T18:02:01.7272850Z       }
iOS preview (macos-26 / Xcode 26.2)	UNKNOWN STEP	2026-05-07T18:02:01.7273070Z     }
iOS preview (macos-26 / Xcode 26.2)	UNKNOWN STEP	2026-05-07T18:02:01.7273260Z   },
iOS preview (macos-26 / Xcode 26.2)	UNKNOWN STEP	2026-05-07T18:02:01.7273480Z   "submit": {
iOS preview (macos-26 / Xcode 26.2)	UNKNOWN STEP	2026-05-07T18:02:01.7273750Z     "production": {
iOS preview (macos-26 / Xcode 26.2)	UNKNOWN STEP	2026-05-07T18:02:01.7273940Z       "ios": {
iOS preview (macos-26 / Xcode 26.2)	UNKNOWN STEP	2026-05-07T18:02:01.7274210Z         "appleId": "rafael.minatto@yahoo.com.br",
iOS preview (macos-26 / Xcode 26.2)	UNKNOWN STEP	2026-05-07T18:02:01.7274630Z         "appName": "FisioFlow Pro",
iOS preview (macos-26 / Xcode 26.2)	UNKNOWN STEP	2026-05-07T18:02:01.7274900Z         "ascAppId": "6504123456",
iOS preview (macos-26 / Xcode 26.2)	UNKNOWN STEP	2026-05-07T18:02:01.7275170Z         "appleTeamId": "G7FDW933SF"
iOS preview (macos-26 / Xcode 26.2)	UNKNOWN STEP	2026-05-07T18:02:01.7275460Z       }
iOS preview (macos-26 / Xcode 26.2)	UNKNOWN STEP	2026-05-07T18:02:01.7275620Z     }
iOS preview (macos-26 / Xcode 26.2)	UNKNOWN STEP	2026-05-07T18:02:01.7275830Z   }
iOS preview (macos-26 / Xcode 26.2)	UNKNOWN STEP	2026-05-07T18:02:01.7276060Z }
iOS preview (macos-26 / Xcode 26.2)	UNKNOWN STEP	2026-05-07T18:02:01.7276130Z 
iOS preview (macos-26 / Xcode 26.2)	UNKNOWN STEP	2026-05-07T18:02:01.7276330Z [READ_PACKAGE_JSON] Using package.json:
iOS preview (macos-26 / Xcode 26.2)	UNKNOWN STEP	2026-05-07T18:02:01.7276610Z [READ_PACKAGE_JSON] {
iOS preview (macos-26 / Xcode 26.2)	UNKNOWN STEP	2026-05-07T18:02:01.7276940Z   "name": "@fisioflow/professional-app",
iOS preview (macos-26 / Xcode 26.2)	UNKNOWN STEP	2026-05-07T18:02:01.7277260Z   "version": "0.0.1",
iOS preview (macos-26 / Xcode 26.2)	UNKNOWN STEP	2026-05-07T18:02:01.7277530Z   "private": true,
iOS preview (macos-26 / Xcode 26.2)	UNKNOWN STEP	2026-05-07T18:02:01.7279270Z   "description": "> Sistema completo de gestão para profissionais de fisioterapia",
iOS preview (macos-26 / Xcode 26.2)	UNKNOWN STEP	2026-05-07T18:02:01.7279770Z   "keywords": [],
iOS preview (macos-26 / Xcode 26.2)	UNKNOWN STEP	2026-05-07T18:02:01.7280000Z   "license": "ISC",
iOS preview (macos-26 / Xcode 26.2)	UNKNOWN STEP	2026-05-07T18:02:01.7280210Z   "author": "",
iOS preview (macos-26 / Xcode 26.2)	UNKNOWN STEP	2026-05-07T18:02:01.7280580Z   "main": "expo-router/entry",
iOS preview (macos-26 / Xcode 26.2)	UNKNOWN STEP	2026-05-07T18:02:01.7304900Z   "scripts": {
iOS preview (macos-26 / Xcode 26.2)	UNKNOWN STEP	2026-05-07T18:02:01.7305110Z     "start": "expo start",
iOS preview (macos-26 / Xcode 26.2)	UNKNOWN STEP	2026-05-07T18:02:01.7305420Z     "start:tunnel": "./start-tunnel.sh",
iOS preview (macos-26 / Xcode 26.2)	UNKNOWN STEP	2026-05-07T18:02:01.7305660Z     "android": "expo run:android",
iOS preview (macos-26 / Xcode 26.2)	UNKNOWN STEP	2026-05-07T18:02:01.7305980Z     "ios": "expo run:ios",
iOS preview (macos-26 / Xcode 26.2)	UNKNOWN STEP	2026-05-07T18:02:01.7306250Z     "web": "expo start --web",
iOS preview (macos-26 / Xcode 26.2)	UNKNOWN STEP	2026-05-07T18:02:01.7306460Z     "type-check": "tsc --noEmit",
iOS preview (macos-26 / Xcode 26.2)	UNKNOWN STEP	2026-05-07T18:02:01.7306670Z     "test": "jest",
iOS preview (macos-26 / Xcode 26.2)	UNKNOWN STEP	2026-05-07T18:02:01.7306820Z     "test:unit": "jest",
iOS preview (macos-26 / Xcode 26.2)	UNKNOWN STEP	2026-05-07T18:02:01.7307010Z     "test:coverage": "jest --coverage",
iOS preview (macos-26 / Xcode 26.2)	UNKNOWN STEP	2026-05-07T18:02:01.7307450Z     "build:dev": "eas build --profile development",
iOS preview (macos-26 / Xcode 26.2)	UNKNOWN STEP	2026-05-07T18:02:01.7307820Z     "build:preview": "eas build --profile preview",
iOS preview (macos-26 / Xcode 26.2)	UNKNOWN STEP	2026-05-07T18:02:01.7308150Z     "build:prod": "eas build --profile production"
iOS preview (macos-26 / Xcode 26.2)	UNKNOWN STEP	2026-05-07T18:02:01.7308460Z   },
iOS preview (macos-26 / Xcode 26.2)	UNKNOWN STEP	2026-05-07T18:02:01.7308630Z   "dependencies": {
iOS preview (macos-26 / Xcode 26.2)	UNKNOWN STEP	2026-05-07T18:02:01.7309380Z     "@expo/metro-runtime": "~55.0.11",
iOS preview (macos-26 / Xcode 26.2)	UNKNOWN STEP	2026-05-07T18:02:01.7309790Z     "@expo/vector-icons": "^15.0.2",
iOS preview (macos-26 / Xcode 26.2)	UNKNOWN STEP	2026-05-07T18:02:01.7310200Z     "@fisioflow/core": "workspace:*",
iOS preview (macos-26 / Xcode 26.2)	UNKNOWN STEP	2026-05-07T18:02:01.7310540Z     "@hookform/resolvers": "^3.10.0",
iOS preview (macos-26 / Xcode 26.2)	UNKNOWN STEP	2026-05-07T18:02:01.7310950Z     "@react-native-async-storage/async-storage": "2.2.0",
iOS preview (macos-26 / Xcode 26.2)	UNKNOWN STEP	2026-05-07T18:02:01.7311260Z     "@react-native-community/datetimepicker": "8.6.0",
iOS preview (macos-26 / Xcode 26.2)	UNKNOWN STEP	2026-05-07T18:02:01.7311610Z     "@react-native-community/netinfo": "11.5.2",
iOS preview (macos-26 / Xcode 26.2)	UNKNOWN STEP	2026-05-07T18:02:01.7311870Z     "@react-native-community/slider": "5.1.2",
iOS preview (macos-26 / Xcode 26.2)	UNKNOWN STEP	2026-05-07T18:02:01.7312120Z     "@sentry/react-native": "~8.7.0",
iOS preview (macos-26 / Xcode 26.2)	UNKNOWN STEP	2026-05-07T18:02:01.7312400Z     "@tanstack/react-query": "^5.97.0",
iOS preview (macos-26 / Xcode 26.2)	UNKNOWN STEP	2026-05-07T18:02:01.7312590Z     "date-fns": "^4.1.0",
iOS preview (macos-26 / Xcode 26.2)	UNKNOWN STEP	2026-05-07T18:02:01.7312740Z     "expo": "~55.0.23",
iOS preview (macos-26 / Xcode 26.2)	UNKNOWN STEP	2026-05-07T18:02:01.7312890Z     "expo-asset": "~55.0.17",
iOS preview (macos-26 / Xcode 26.2)	UNKNOWN STEP	2026-05-07T18:02:01.7313050Z     "expo-audio": "~55.0.14",
iOS preview (macos-26 / Xcode 26.2)	UNKNOWN STEP	2026-05-07T18:02:01.7313210Z     "expo-av": "~16.0.8",
iOS preview (macos-26 / Xcode 26.2)	UNKNOWN STEP	2026-05-07T18:02:01.7313540Z     "expo-camera": "~55.0.18",
iOS preview (macos-26 / Xcode 26.2)	UNKNOWN STEP	2026-05-07T18:02:01.7313840Z     "expo-constants": "~55.0.16",
iOS preview (macos-26 / Xcode 26.2)	UNKNOWN STEP	2026-05-07T18:02:01.7314110Z     "expo-dev-client": "~55.0.32",
iOS preview (macos-26 / Xcode 26.2)	UNKNOWN STEP	2026-05-07T18:02:01.7314430Z     "expo-device": "~55.0.16",
iOS preview (macos-26 / Xcode 26.2)	UNKNOWN STEP	2026-05-07T18:02:01.7314630Z     "expo-file-system": "^55.0.19",
iOS preview (macos-26 / Xcode 26.2)	UNKNOWN STEP	2026-05-07T18:02:01.7314800Z     "expo-font": "~55.0.7",
iOS preview (macos-26 / Xcode 26.2)	UNKNOWN STEP	2026-05-07T18:02:01.7314990Z     "expo-haptics": "~55.0.14",
iOS preview (macos-26 / Xcode 26.2)	UNKNOWN STEP	2026-05-07T18:02:01.7315190Z     "expo-image-picker": "~55.0.20",
iOS preview (macos-26 / Xcode 26.2)	UNKNOWN STEP	2026-05-07T18:02:01.7315440Z     "expo-linking": "~55.0.15",
iOS preview (macos-26 / Xcode 26.2)	UNKNOWN STEP	2026-05-07T18:02:01.7315660Z     "expo-local-authentication": "~55.0.13",
iOS preview (macos-26 / Xcode 26.2)	UNKNOWN STEP	2026-05-07T18:02:01.7316000Z     "expo-location": "~55.1.9",
iOS preview (macos-26 / Xcode 26.2)	UNKNOWN STEP	2026-05-07T18:02:01.7316230Z     "expo-notifications": "~55.0.22",
iOS preview (macos-26 / Xcode 26.2)	UNKNOWN STEP	2026-05-07T18:02:01.7316480Z     "expo-print": "~55.0.14",
iOS preview (macos-26 / Xcode 26.2)	UNKNOWN STEP	2026-05-07T18:02:01.7316670Z     "expo-router": "~55.0.14",
iOS preview (macos-26 / Xcode 26.2)	UNKNOWN STEP	2026-05-07T18:02:01.7316870Z     "expo-secure-store": "^55.0.13",
iOS preview (macos-26 / Xcode 26.2)	UNKNOWN STEP	2026-05-07T18:02:01.7317120Z     "expo-sensors": "~55.0.14",
iOS preview (macos-26 / Xcode 26.2)	UNKNOWN STEP	2026-05-07T18:02:01.7317310Z     "expo-sharing": "~55.0.18",
iOS preview (macos-26 / Xcode 26.2)	UNKNOWN STEP	2026-05-07T18:02:01.7317510Z     "expo-splash-screen": "~55.0.20",
iOS preview (macos-26 / Xcode 26.2)	UNKNOWN STEP	2026-05-07T18:02:01.7317850Z     "expo-status-bar": "~55.0.6",
iOS preview (macos-26 / Xcode 26.2)	UNKNOWN STEP	2026-05-07T18:02:01.7318100Z     "expo-updates": "~55.0.21",
iOS preview (macos-26 / Xcode 26.2)	UNKNOWN STEP	2026-05-07T18:02:01.7318480Z     "expo-vision-pose-detector": "link:./modules/expo-vision-pose-detector",
iOS preview (macos-26 / Xcode 26.2)	UNKNOWN STEP	2026-05-07T18:02:01.7318820Z     "react": "19.2.0",
iOS preview (macos-26 / Xcode 26.2)	UNKNOWN STEP	2026-05-07T18:02:01.7319000Z     "react-hook-form": "^7.61.1",
iOS preview (macos-26 / Xcode 26.2)	UNKNOWN STEP	2026-05-07T18:02:01.7319180Z     "react-native": "0.83.6",
iOS preview (macos-26 / Xcode 26.2)	UNKNOWN STEP	2026-05-07T18:02:01.7319450Z     "react-native-gesture-handler": "~2.30.0",
iOS preview (macos-26 / Xcode 26.2)	UNKNOWN STEP	2026-05-07T18:02:01.7319710Z     "react-native-gifted-charts": "^1.4.58",
iOS preview (macos-26 / Xcode 26.2)	UNKNOWN STEP	2026-05-07T18:02:01.7320000Z     "react-native-reanimated": "~4.2.1",
iOS preview (macos-26 / Xcode 26.2)	UNKNOWN STEP	2026-05-07T18:02:01.7320300Z     "react-native-safe-area-context": "~5.6.2",
iOS preview (macos-26 / Xcode 26.2)	UNKNOWN STEP	2026-05-07T18:02:01.7320570Z     "react-native-screens": "~4.23.0",
iOS preview (macos-26 / Xcode 26.2)	UNKNOWN STEP	2026-05-07T18:02:01.7320840Z     "react-native-svg": "15.15.3",
iOS preview (macos-26 / Xcode 26.2)	UNKNOWN STEP	2026-05-07T18:02:01.7321160Z     "react-native-vision-camera": "4.7.3",
iOS preview (macos-26 / Xcode 26.2)	UNKNOWN STEP	2026-05-07T18:02:01.7321440Z     "react-native-worklets": "0.7.4",
iOS preview (macos-26 / Xcode 26.2)	UNKNOWN STEP	2026-05-07T18:02:01.7321720Z     "react-native-worklets-core": "^1.6.3",
iOS preview (macos-26 / Xcode 26.2)	UNKNOWN STEP	2026-05-07T18:02:01.7321990Z     "zod": "^4.3.6"
iOS preview (macos-26 / Xcode 26.2)	UNKNOWN STEP	2026-05-07T18:02:01.7322160Z   },
iOS preview (macos-26 / Xcode 26.2)	UNKNOWN STEP	2026-05-07T18:02:01.7322320Z   "devDependencies": {
iOS preview (macos-26 / Xcode 26.2)	UNKNOWN STEP	2026-05-07T18:02:01.7322670Z     "@babel/core": "^7.29.0",
iOS preview (macos-26 / Xcode 26.2)	UNKNOWN STEP	2026-05-07T18:02:01.7322960Z     "@testing-library/react-native": "^12.9.0",
iOS preview (macos-26 / Xcode 26.2)	UNKNOWN STEP	2026-05-07T18:02:01.7323240Z     "@types/jest": "^29.5.14",
iOS preview (macos-26 / Xcode 26.2)	UNKNOWN STEP	2026-05-07T18:02:01.7323570Z     "@types/react": "^19.0.0",
iOS preview (macos-26 / Xcode 26.2)	UNKNOWN STEP	2026-05-07T18:02:01.7323840Z     "babel-jest": "^29.7.0",
iOS preview (macos-26 / Xcode 26.2)	UNKNOWN STEP	2026-05-07T18:02:01.7324100Z     "babel-plugin-react-compiler": "^1.0.0",
iOS preview (macos-26 / Xcode 26.2)	UNKNOWN STEP	2026-05-07T18:02:01.7324390Z     "jest": "^29.7.0",
iOS preview (macos-26 / Xcode 26.2)	UNKNOWN STEP	2026-05-07T18:02:01.7324590Z     "jest-expo": "~55.0.17",
iOS preview (macos-26 / Xcode 26.2)	UNKNOWN STEP	2026-05-07T18:02:01.7324760Z     "typescript": "~5.9.2"
iOS preview (macos-26 / Xcode 26.2)	UNKNOWN STEP	2026-05-07T18:02:01.7325140Z   },
iOS preview (macos-26 / Xcode 26.2)	UNKNOWN STEP	2026-05-07T18:02:01.7325310Z   "engines": {
iOS preview (macos-26 / Xcode 26.2)	UNKNOWN STEP	2026-05-07T18:02:01.7325490Z     "node": ">=22.12.0",
iOS preview (macos-26 / Xcode 26.2)	UNKNOWN STEP	2026-05-07T18:02:01.7325730Z     "pnpm": ">=10.0.0"
iOS preview (macos-26 / Xcode 26.2)	UNKNOWN STEP	2026-05-07T18:02:01.7325900Z   },
iOS preview (macos-26 / Xcode 26.2)	UNKNOWN STEP	2026-05-07T18:02:01.7326450Z   "expo": {
iOS preview (macos-26 / Xcode 26.2)	UNKNOWN STEP	2026-05-07T18:02:01.7326760Z     "autolinking": {
iOS preview (macos-26 / Xcode 26.2)	UNKNOWN STEP	2026-05-07T18:02:01.7326950Z       "exclude": [
iOS preview (macos-26 / Xcode 26.2)	UNKNOWN STEP	2026-05-07T18:02:01.7327220Z         "expo-calendar",
iOS preview (macos-26 / Xcode 26.2)	UNKNOWN STEP	2026-05-07T18:02:01.7327510Z         "react-native-chart-kit",
iOS preview (macos-26 / Xcode 26.2)	UNKNOWN STEP	2026-05-07T18:02:01.7327760Z         "@neondatabase/neon-js",
iOS preview (macos-26 / Xcode 26.2)	UNKNOWN STEP	2026-05-07T18:02:01.7327970Z         "better-auth",
iOS preview (macos-26 / Xcode 26.2)	UNKNOWN STEP	2026-05-07T18:02:01.7328230Z         "@expo/dom-webview"
iOS preview (macos-26 / Xcode 26.2)	UNKNOWN STEP	2026-05-07T18:02:01.7328430Z       ]
iOS preview (macos-26 / Xcode 26.2)	UNKNOWN STEP	2026-05-07T18:02:01.7328570Z     },
iOS preview (macos-26 / Xcode 26.2)	UNKNOWN STEP	2026-05-07T18:02:01.7328810Z     "install": {
iOS preview (macos-26 / Xcode 26.2)	UNKNOWN STEP	2026-05-07T18:02:01.7328990Z       "exclude": []
iOS preview (macos-26 / Xcode 26.2)	UNKNOWN STEP	2026-05-07T18:02:01.7329180Z     },
iOS preview (macos-26 / Xcode 26.2)	UNKNOWN STEP	2026-05-07T18:02:01.7329330Z     "doctor": {
iOS preview (macos-26 / Xcode 26.2)	UNKNOWN STEP	2026-05-07T18:02:01.7329550Z       "reactNativeDirectoryCheck": {
iOS preview (macos-26 / Xcode 26.2)	UNKNOWN STEP	2026-05-07T18:02:01.7329920Z         "exclude": [
iOS preview (macos-26 / Xcode 26.2)	UNKNOWN STEP	2026-05-07T18:02:01.7330170Z           "expo-av",
iOS preview (macos-26 / Xcode 26.2)	UNKNOWN STEP	2026-05-07T18:02:01.7330400Z           "expo-vision-pose-detector",
iOS preview (macos-26 / Xcode 26.2)	UNKNOWN STEP	2026-05-07T18:02:01.7330690Z           "react-native-worklets-core",
iOS preview (macos-26 / Xcode 26.2)	UNKNOWN STEP	2026-05-07T18:02:01.7331080Z           "react-native-gifted-charts"
iOS preview (macos-26 / Xcode 26.2)	UNKNOWN STEP	2026-05-07T18:02:01.7331310Z         ]
iOS preview (macos-26 / Xcode 26.2)	UNKNOWN STEP	2026-05-07T18:02:01.7331520Z       }
iOS preview (macos-26 / Xcode 26.2)	UNKNOWN STEP	2026-05-07T18:02:01.7331630Z     }
iOS preview (macos-26 / Xcode 26.2)	UNKNOWN STEP	2026-05-07T18:02:01.7331840Z   }
iOS preview (macos-26 / Xcode 26.2)	UNKNOWN STEP	2026-05-07T18:02:01.7332000Z }
iOS preview (macos-26 / Xcode 26.2)	UNKNOWN STEP	2026-05-07T18:02:01.7332350Z [INSTALL_DEPENDENCIES] We detected that 'apps/professional-app' is a pnpm workspace
iOS preview (macos-26 / Xcode 26.2)	UNKNOWN STEP	2026-05-07T18:02:01.7333340Z [INSTALL_DEPENDENCIES] Running "pnpm install --frozen-lockfile" in /var/folders/dy/3g4vbvsx7lx51x77m3_b20cc0000gn/T/eas-build-local-nodejs/746ae97a-55e5-4761-923f-3bbe8932e842/build directory
iOS preview (macos-26 / Xcode 26.2)	UNKNOWN STEP	2026-05-07T18:02:02.0057260Z [INSTALL_DEPENDENCIES] Scope: all 8 workspace projects
iOS preview (macos-26 / Xcode 26.2)	UNKNOWN STEP	2026-05-07T18:02:02.0924180Z [INSTALL_DEPENDENCIES] Lockfile is up to date, resolution step is skipped
iOS preview (macos-26 / Xcode 26.2)	UNKNOWN STEP	2026-05-07T18:02:03.2827460Z [INSTALL_DEPENDENCIES] Packages: +5857
iOS preview (macos-26 / Xcode 26.2)	UNKNOWN STEP	2026-05-07T18:02:03.2929460Z [INSTALL_DEPENDENCIES] ++++++++++++++++++++++++++++++++++++++++++++++++++++++++++++++++++++++++++++++++
iOS preview (macos-26 / Xcode 26.2)	UNKNOWN STEP	2026-05-07T18:02:03.4447740Z [INSTALL_DEPENDENCIES] Progress: resolved 0, reused 1, downloaded 0, added 0
iOS preview (macos-26 / Xcode 26.2)	UNKNOWN STEP	2026-05-07T18:02:04.4453280Z [INSTALL_DEPENDENCIES] Progress: resolved 0, reused 70, downloaded 0, added 0
iOS preview (macos-26 / Xcode 26.2)	UNKNOWN STEP	2026-05-07T18:02:05.4484660Z [INSTALL_DEPENDENCIES] Progress: resolved 0, reused 107, downloaded 0, added 0
iOS preview (macos-26 / Xcode 26.2)	UNKNOWN STEP	2026-05-07T18:02:06.4523840Z [INSTALL_DEPENDENCIES] Progress: resolved 0, reused 122, downloaded 0, added 0
iOS preview (macos-26 / Xcode 26.2)	UNKNOWN STEP	2026-05-07T18:02:07.4540980Z [INSTALL_DEPENDENCIES] Progress: resolved 0, reused 144, downloaded 0, added 0
iOS preview (macos-26 / Xcode 26.2)	UNKNOWN STEP	2026-05-07T18:02:08.4554650Z [INSTALL_DEPENDENCIES] Progress: resolved 0, reused 145, downloaded 0, added 0
iOS preview (macos-26 / Xcode 26.2)	UNKNOWN STEP	2026-05-07T18:02:09.4591440Z [INSTALL_DEPENDENCIES] Progress: resolved 0, reused 151, downloaded 0, added 0
iOS preview (macos-26 / Xcode 26.2)	UNKNOWN STEP	2026-05-07T18:02:10.4619190Z [INSTALL_DEPENDENCIES] Progress: resolved 0, reused 165, downloaded 0, added 0
iOS preview (macos-26 / Xcode 26.2)	UNKNOWN STEP	2026-05-07T18:02:11.4618580Z [INSTALL_DEPENDENCIES] Progress: resolved 0, reused 208, downloaded 0, added 0
iOS preview (macos-26 / Xcode 26.2)	UNKNOWN STEP	2026-05-07T18:02:12.4640430Z [INSTALL_DEPENDENCIES] Progress: resolved 0, reused 265, downloaded 0, added 0
iOS preview (macos-26 / Xcode 26.2)	UNKNOWN STEP	2026-05-07T18:02:13.4634310Z [INSTALL_DEPENDENCIES] Progress: resolved 0, reused 319, downloaded 0, added 0
iOS preview (macos-26 / Xcode 26.2)	UNKNOWN STEP	2026-05-07T18:02:14.4649590Z [INSTALL_DEPENDENCIES] Progress: resolved 0, reused 400, downloaded 0, added 0
iOS preview (macos-26 / Xcode 26.2)	UNKNOWN STEP	2026-05-07T18:02:15.4651990Z [INSTALL_DEPENDENCIES] Progress: resolved 0, reused 470, downloaded 0, added 0
iOS preview (macos-26 / Xcode 26.2)	UNKNOWN STEP	2026-05-07T18:02:16.4682390Z [INSTALL_DEPENDENCIES] Progress: resolved 0, reused 631, downloaded 0, added 0
iOS preview (macos-26 / Xcode 26.2)	UNKNOWN STEP	2026-05-07T18:02:17.4715270Z [INSTALL_DEPENDENCIES] Progress: resolved 0, reused 738, downloaded 0, added 0
iOS preview (macos-26 / Xcode 26.2)	UNKNOWN STEP	2026-05-07T18:02:18.4741240Z [INSTALL_DEPENDENCIES] Progress: resolved 0, reused 748, downloaded 0, added 0
iOS preview (macos-26 / Xcode 26.2)	UNKNOWN STEP	2026-05-07T18:02:19.4745030Z [INSTALL_DEPENDENCIES] Progress: resolved 0, reused 773, downloaded 0, added 0
iOS preview (macos-26 / Xcode 26.2)	UNKNOWN STEP	2026-05-07T18:02:20.4788950Z [INSTALL_DEPENDENCIES] Progress: resolved 0, reused 895, downloaded 0, added 0
iOS preview (macos-26 / Xcode 26.2)	UNKNOWN STEP	2026-05-07T18:02:21.4797700Z [INSTALL_DEPENDENCIES] Progress: resolved 0, reused 962, downloaded 0, added 0
iOS preview (macos-26 / Xcode 26.2)	UNKNOWN STEP	2026-05-07T18:02:22.4808470Z [INSTALL_DEPENDENCIES] Progress: resolved 0, reused 1042, downloaded 0, added 0
iOS preview (macos-26 / Xcode 26.2)	UNKNOWN STEP	2026-05-07T18:02:23.4835090Z [INSTALL_DEPENDENCIES] Progress: resolved 0, reused 1161, downloaded 0, added 0
iOS preview (macos-26 / Xcode 26.2)	UNKNOWN STEP	2026-05-07T18:02:24.4877390Z [INSTALL_DEPENDENCIES] Progress: resolved 0, reused 1251, downloaded 0, added 0
iOS preview (macos-26 / Xcode 26.2)	UNKNOWN STEP	2026-05-07T18:02:25.4902750Z [INSTALL_DEPENDENCIES] Progress: resolved 0, reused 1324, downloaded 0, added 0
iOS preview (macos-26 / Xcode 26.2)	UNKNOWN STEP	2026-05-07T18:02:26.4905880Z [INSTALL_DEPENDENCIES] Progress: resolved 0, reused 1494, downloaded 0, added 0
iOS preview (macos-26 / Xcode 26.2)	UNKNOWN STEP	2026-05-07T18:02:27.4930410Z [INSTALL_DEPENDENCIES] Progress: resolved 0, reused 1760, downloaded 0, added 0
iOS preview (macos-26 / Xcode 26.2)	UNKNOWN STEP	2026-05-07T18:02:28.4923470Z [INSTALL_DEPENDENCIES] Progress: resolved 0, reused 1987, downloaded 0, added 0
iOS preview (macos-26 / Xcode 26.2)	UNKNOWN STEP	2026-05-07T18:02:29.4968590Z [INSTALL_DEPENDENCIES] Progress: resolved 0, reused 2254, downloaded 0, added 0
iOS preview (macos-26 / Xcode 26.2)	UNKNOWN STEP	2026-05-07T18:02:30.4982700Z [INSTALL_DEPENDENCIES] Progress: resolved 0, reused 2396, downloaded 0, added 0
iOS preview (macos-26 / Xcode 26.2)	UNKNOWN STEP	2026-05-07T18:02:31.4983270Z [INSTALL_DEPENDENCIES] Progress: resolved 0, reused 2873, downloaded 0, added 0
iOS preview (macos-26 / Xcode 26.2)	UNKNOWN STEP	2026-05-07T18:02:32.4985170Z [INSTALL_DEPENDENCIES] Progress: resolved 0, reused 3100, downloaded 0, added 0
iOS preview (macos-26 / Xcode 26.2)	UNKNOWN STEP	2026-05-07T18:02:33.4989470Z [INSTALL_DEPENDENCIES] Progress: resolved 0, reused 3298, downloaded 0, added 0
iOS preview (macos-26 / Xcode 26.2)	UNKNOWN STEP	2026-05-07T18:02:34.5004480Z [INSTALL_DEPENDENCIES] Progress: resolved 0, reused 3414, downloaded 0, added 0
iOS preview (macos-26 / Xcode 26.2)	UNKNOWN STEP	2026-05-07T18:02:35.5017110Z [INSTALL_DEPENDENCIES] Progress: resolved 0, reused 3425, downloaded 0, added 0
iOS preview (macos-26 / Xcode 26.2)	UNKNOWN STEP	2026-05-07T18:02:36.5042650Z [INSTALL_DEPENDENCIES] Progress: resolved 0, reused 3435, downloaded 0, added 0
iOS preview (macos-26 / Xcode 26.2)	UNKNOWN STEP	2026-05-07T18:02:37.5054950Z [INSTALL_DEPENDENCIES] Progress: resolved 0, reused 3448, downloaded 0, added 0
iOS preview (macos-26 / Xcode 26.2)	UNKNOWN STEP	2026-05-07T18:02:38.5088670Z [INSTALL_DEPENDENCIES] Progress: resolved 0, reused 3500, downloaded 0, added 0
iOS preview (macos-26 / Xcode 26.2)	UNKNOWN STEP	2026-05-07T18:02:39.5098060Z [INSTALL_DEPENDENCIES] Progress: resolved 0, reused 3513, downloaded 0, added 26
iOS preview (macos-26 / Xcode 26.2)	UNKNOWN STEP	2026-05-07T18:02:40.5132330Z [INSTALL_DEPENDENCIES] Progress: resolved 0, reused 3513, downloaded 0, added 88
iOS preview (macos-26 / Xcode 26.2)	UNKNOWN STEP	2026-05-07T18:02:41.5145210Z [INSTALL_DEPENDENCIES] Progress: resolved 0, reused 3513, downloaded 0, added 109
iOS preview (macos-26 / Xcode 26.2)	UNKNOWN STEP	2026-05-07T18:02:42.5180540Z [INSTALL_DEPENDENCIES] Progress: resolved 0, reused 3513, downloaded 0, added 114
iOS preview (macos-26 / Xcode 26.2)	UNKNOWN STEP	2026-05-07T18:02:43.5208730Z [INSTALL_DEPENDENCIES] Progress: resolved 0, reused 3513, downloaded 0, added 126
iOS preview (macos-26 / Xcode 26.2)	UNKNOWN STEP	2026-05-07T18:02:44.5332840Z [INSTALL_DEPENDENCIES] Progress: resolved 0, reused 3513, downloaded 0, added 127
iOS preview (macos-26 / Xcode 26.2)	UNKNOWN STEP	2026-05-07T18:02:45.5279870Z [INSTALL_DEPENDENCIES] Progress: resolved 0, reused 3513, downloaded 0, added 135
iOS preview (macos-26 / Xcode 26.2)	UNKNOWN STEP	2026-05-07T18:02:46.5311810Z [INSTALL_DEPENDENCIES] Progress: resolved 0, reused 3513, downloaded 0, added 148
iOS preview (macos-26 / Xcode 26.2)	UNKNOWN STEP	2026-05-07T18:02:47.5330210Z [INSTALL_DEPENDENCIES] Progress: resolved 0, reused 3513, downloaded 0, added 152
iOS preview (macos-26 / Xcode 26.2)	UNKNOWN STEP	2026-05-07T18:02:48.9013340Z [INSTALL_DEPENDENCIES] Progress: resolved 0, reused 3513, downloaded 0, added 153
iOS preview (macos-26 / Xcode 26.2)	UNKNOWN STEP	2026-05-07T18:02:49.9014730Z [INSTALL_DEPENDENCIES] Progress: resolved 0, reused 3513, downloaded 0, added 178
iOS preview (macos-26 / Xcode 26.2)	UNKNOWN STEP	2026-05-07T18:02:50.9036170Z [INSTALL_DEPENDENCIES] Progress: resolved 0, reused 3513, downloaded 0, added 215
iOS preview (macos-26 / Xcode 26.2)	UNKNOWN STEP	2026-05-07T18:02:51.9067690Z [INSTALL_DEPENDENCIES] Progress: resolved 0, reused 3513, downloaded 0, added 217
iOS preview (macos-26 / Xcode 26.2)	UNKNOWN STEP	2026-05-07T18:02:52.9070860Z [INSTALL_DEPENDENCIES] Progress: resolved 0, reused 3513, downloaded 0, added 277
iOS preview (macos-26 / Xcode 26.2)	UNKNOWN STEP	2026-05-07T18:02:53.9073530Z [INSTALL_DEPENDENCIES] Progress: resolved 0, reused 3513, downloaded 0, added 311
iOS preview (macos-26 / Xcode 26.2)	UNKNOWN STEP	2026-05-07T18:02:54.9112300Z [INSTALL_DEPENDENCIES] Progress: resolved 0, reused 3513, downloaded 0, added 374
iOS preview (macos-26 / Xcode 26.2)	UNKNOWN STEP	2026-05-07T18:02:55.9145900Z [INSTALL_DEPENDENCIES] Progress: resolved 0, reused 3513, downloaded 0, added 416
iOS preview (macos-26 / Xcode 26.2)	UNKNOWN STEP	2026-05-07T18:02:56.9170670Z [INSTALL_DEPENDENCIES] Progress: resolved 0, reused 3513, downloaded 0, added 444
iOS preview (macos-26 / Xcode 26.2)	UNKNOWN STEP	2026-05-07T18:02:57.9191410Z [INSTALL_DEPENDENCIES] Progress: resolved 0, reused 3513, downloaded 0, added 555
iOS preview (macos-26 / Xcode 26.2)	UNKNOWN STEP	2026-05-07T18:02:58.9253290Z [INSTALL_DEPENDENCIES] Progress: resolved 0, reused 3513, downloaded 0, added 665
iOS preview (macos-26 / Xcode 26.2)	UNKNOWN STEP	2026-05-07T18:02:59.9263300Z [INSTALL_DEPENDENCIES] Progress: resolved 0, reused 3513, downloaded 0, added 672
iOS preview (macos-26 / Xcode 26.2)	UNKNOWN STEP	2026-05-07T18:03:00.9310790Z [INSTALL_DEPENDENCIES] Progress: resolved 0, reused 3513, downloaded 0, added 680
iOS preview (macos-26 / Xcode 26.2)	UNKNOWN STEP	2026-05-07T18:03:01.9320410Z [INSTALL_DEPENDENCIES] Progress: resolved 0, reused 3513, downloaded 0, added 693
iOS preview (macos-26 / Xcode 26.2)	UNKNOWN STEP	2026-05-07T18:03:02.9346500Z [INSTALL_DEPENDENCIES] Progress: resolved 0, reused 3513, downloaded 0, added 706
iOS preview (macos-26 / Xcode 26.2)	UNKNOWN STEP	2026-05-07T18:03:03.9351760Z [INSTALL_DEPENDENCIES] Progress: resolved 0, reused 3513, downloaded 0, added 774
iOS preview (macos-26 / Xcode 26.2)	UNKNOWN STEP	2026-05-07T18:03:04.9383430Z [INSTALL_DEPENDENCIES] Progress: resolved 0, reused 3513, downloaded 0, added 787
iOS preview (macos-26 / Xcode 26.2)	UNKNOWN STEP	2026-05-07T18:03:05.9407010Z [INSTALL_DEPENDENCIES] Progress: resolved 0, reused 3513, downloaded 0, added 839
iOS preview (macos-26 / Xcode 26.2)	UNKNOWN STEP	2026-05-07T18:03:06.9408290Z [INSTALL_DEPENDENCIES] Progress: resolved 0, reused 3513, downloaded 0, added 845
iOS preview (macos-26 / Xcode 26.2)	UNKNOWN STEP	2026-05-07T18:03:07.9444460Z [INSTALL_DEPENDENCIES] Progress: resolved 0, reused 3513, downloaded 0, added 866
iOS preview (macos-26 / Xcode 26.2)	UNKNOWN STEP	2026-05-07T18:03:08.9490320Z [INSTALL_DEPENDENCIES] Progress: resolved 0, reused 3513, downloaded 0, added 971
iOS preview (macos-26 / Xcode 26.2)	UNKNOWN STEP	2026-05-07T18:03:09.9491070Z [INSTALL_DEPENDENCIES] Progress: resolved 0, reused 3513, downloaded 0, added 1023
iOS preview (macos-26 / Xcode 26.2)	UNKNOWN STEP	2026-05-07T18:03:10.9489180Z [INSTALL_DEPENDENCIES] Progress: resolved 0, reused 3513, downloaded 0, added 1115
iOS preview (macos-26 / Xcode 26.2)	UNKNOWN STEP	2026-05-07T18:03:11.9501090Z [INSTALL_DEPENDENCIES] Progress: resolved 0, reused 3513, downloaded 0, added 1200
iOS preview (macos-26 / Xcode 26.2)	UNKNOWN STEP	2026-05-07T18:03:12.9539920Z [INSTALL_DEPENDENCIES] Progress: resolved 0, reused 3513, downloaded 0, added 1430
iOS preview (macos-26 / Xcode 26.2)	UNKNOWN STEP	2026-05-07T18:03:13.9557760Z [INSTALL_DEPENDENCIES] Progress: resolved 0, reused 3513, downloaded 0, added 1499
iOS preview (macos-26 / Xcode 26.2)	UNKNOWN STEP	2026-05-07T18:03:14.9575730Z [INSTALL_DEPENDENCIES] Progress: resolved 0, reused 3513, downloaded 0, added 1602
iOS preview (macos-26 / Xcode 26.2)	UNKNOWN STEP	2026-05-07T18:03:15.9588240Z [INSTALL_DEPENDENCIES] Progress: resolved 0, reused 3513, downloaded 0, added 1802
iOS preview (macos-26 / Xcode 26.2)	UNKNOWN STEP	2026-05-07T18:03:16.9606680Z [INSTALL_DEPENDENCIES] Progress: resolved 0, reused 3513, downloaded 0, added 1970
iOS preview (macos-26 / Xcode 26.2)	UNKNOWN STEP	2026-05-07T18:03:17.9607890Z [INSTALL_DEPENDENCIES] Progress: resolved 0, reused 3513, downloaded 0, added 2183
iOS preview (macos-26 / Xcode 26.2)	UNKNOWN STEP	2026-05-07T18:03:18.9605040Z [INSTALL_DEPENDENCIES] Progress: resolved 0, reused 3513, downloaded 0, added 2435
iOS preview (macos-26 / Xcode 26.2)	UNKNOWN STEP	2026-05-07T18:03:19.9632580Z [INSTALL_DEPENDENCIES] Progress: resolved 0, reused 3513, downloaded 0, added 2549
iOS preview (macos-26 / Xcode 26.2)	UNKNOWN STEP	2026-05-07T18:03:20.9670170Z [INSTALL_DEPENDENCIES] Progress: resolved 0, reused 3513, downloaded 0, added 2746
iOS preview (macos-26 / Xcode 26.2)	UNKNOWN STEP	2026-05-07T18:03:21.9679040Z [INSTALL_DEPENDENCIES] Progress: resolved 0, reused 3513, downloaded 0, added 2892
iOS preview (macos-26 / Xcode 26.2)	UNKNOWN STEP	2026-05-07T18:03:22.9700200Z [INSTALL_DEPENDENCIES] Progress: resolved 0, reused 3513, downloaded 0, added 2955
iOS preview (macos-26 / Xcode 26.2)	UNKNOWN STEP	2026-05-07T18:03:23.9730810Z [INSTALL_DEPENDENCIES] Progress: resolved 0, reused 3513, downloaded 0, added 2965
iOS preview (macos-26 / Xcode 26.2)	UNKNOWN STEP	2026-05-07T18:03:24.9758900Z [INSTALL_DEPENDENCIES] Progress: resolved 0, reused 3513, downloaded 0, added 2975
iOS preview (macos-26 / Xcode 26.2)	UNKNOWN STEP	2026-05-07T18:03:25.9776130Z [INSTALL_DEPENDENCIES] Progress: resolved 0, reused 3513, downloaded 0, added 2976
iOS preview (macos-26 / Xcode 26.2)	UNKNOWN STEP	2026-05-07T18:03:26.9809780Z [INSTALL_DEPENDENCIES] Progress: resolved 0, reused 3513, downloaded 0, added 2984
iOS preview (macos-26 / Xcode 26.2)	UNKNOWN STEP	2026-05-07T18:03:27.9830550Z [INSTALL_DEPENDENCIES] Progress: resolved 0, reused 3513, downloaded 0, added 3000
iOS preview (macos-26 / Xcode 26.2)	UNKNOWN STEP	2026-05-07T18:03:28.9846630Z [INSTALL_DEPENDENCIES] Progress: resolved 0, reused 3513, downloaded 0, added 3020
iOS preview (macos-26 / Xcode 26.2)	UNKNOWN STEP	2026-05-07T18:03:29.9894560Z [INSTALL_DEPENDENCIES] Progress: resolved 0, reused 3513, downloaded 0, added 3058
iOS preview (macos-26 / Xcode 26.2)	UNKNOWN STEP	2026-05-07T18:03:31.1494020Z [INSTALL_DEPENDENCIES] Progress: resolved 0, reused 3513, downloaded 0, added 3059
iOS preview (macos-26 / Xcode 26.2)	UNKNOWN STEP	2026-05-07T18:03:32.1504110Z [INSTALL_DEPENDENCIES] Progress: resolved 0, reused 3513, downloaded 0, added 3101
iOS preview (macos-26 / Xcode 26.2)	UNKNOWN STEP	2026-05-07T18:03:33.1504230Z [INSTALL_DEPENDENCIES] Progress: resolved 0, reused 3513, downloaded 0, added 3106
iOS preview (macos-26 / Xcode 26.2)	UNKNOWN STEP	2026-05-07T18:03:34.1551010Z [INSTALL_DEPENDENCIES] Progress: resolved 0, reused 3513, downloaded 0, added 3123
iOS preview (macos-26 / Xcode 26.2)	UNKNOWN STEP	2026-05-07T18:03:35.1533430Z [INSTALL_DEPENDENCIES] Progress: resolved 0, reused 3513, downloaded 0, added 3146
iOS preview (macos-26 / Xcode 26.2)	UNKNOWN STEP	2026-05-07T18:03:36.1608010Z [INSTALL_DEPENDENCIES] Progress: resolved 0, reused 3513, downloaded 0, added 3197
iOS preview (macos-26 / Xcode 26.2)	UNKNOWN STEP	2026-05-07T18:03:37.1644400Z [INSTALL_DEPENDENCIES] Progress: resolved 0, reused 3513, downloaded 0, added 3234
iOS preview (macos-26 / Xcode 26.2)	UNKNOWN STEP	2026-05-07T18:03:38.1698440Z [INSTALL_DEPENDENCIES] Progress: resolved 0, reused 3513, downloaded 0, added 3292
iOS preview (macos-26 / Xcode 26.2)	UNKNOWN STEP	2026-05-07T18:03:39.3662870Z [INSTALL_DEPENDENCIES] Progress: resolved 0, reused 3513, downloaded 0, added 3293
iOS preview (macos-26 / Xcode 26.2)	UNKNOWN STEP	2026-05-07T18:03:40.3746740Z [INSTALL_DEPENDENCIES] Progress: resolved 0, reused 3513, downloaded 0, added 3303
iOS preview (macos-26 / Xcode 26.2)	UNKNOWN STEP	2026-05-07T18:03:41.7211900Z [INSTALL_DEPENDENCIES] Progress: resolved 0, reused 3513, downloaded 0, added 3304
iOS preview (macos-26 / Xcode 26.2)	UNKNOWN STEP	2026-05-07T18:03:42.7220620Z [INSTALL_DEPENDENCIES] Progress: resolved 0, reused 3513, downloaded 0, added 3334
iOS preview (macos-26 / Xcode 26.2)	UNKNOWN STEP	2026-05-07T18:03:43.7279250Z [INSTALL_DEPENDENCIES] Progress: resolved 0, reused 3513, downloaded 0, added 3338
iOS preview (macos-26 / Xcode 26.2)	UNKNOWN STEP	2026-05-07T18:03:45.0990830Z [INSTALL_DEPENDENCIES] Progress: resolved 0, reused 3513, downloaded 0, added 3339
iOS preview (macos-26 / Xcode 26.2)	UNKNOWN STEP	2026-05-07T18:03:46.1013330Z [INSTALL_DEPENDENCIES] Progress: resolved 0, reused 3513, downloaded 0, added 3390
iOS preview (macos-26 / Xcode 26.2)	UNKNOWN STEP	2026-05-07T18:03:47.1050530Z [INSTALL_DEPENDENCIES] Progress: resolved 0, reused 3513, downloaded 0, added 3410
iOS preview (macos-26 / Xcode 26.2)	UNKNOWN STEP	2026-05-07T18:03:48.1055610Z [INSTALL_DEPENDENCIES] Progress: resolved 0, reused 3513, downloaded 0, added 3435
iOS preview (macos-26 / Xcode 26.2)	UNKNOWN STEP	2026-05-07T18:03:49.1139120Z [INSTALL_DEPENDENCIES] Progress: resolved 0, reused 3513, downloaded 0, added 3451
iOS preview (macos-26 / Xcode 26.2)	UNKNOWN STEP	2026-05-07T18:03:50.1135070Z [INSTALL_DEPENDENCIES] Progress: resolved 0, reused 3513, downloaded 0, added 3485
iOS preview (macos-26 / Xcode 26.2)	UNKNOWN STEP	2026-05-07T18:03:51.1393140Z [INSTALL_DEPENDENCIES] Progress: resolved 0, reused 3513, downloaded 0, added 3501
iOS preview (macos-26 / Xcode 26.2)	UNKNOWN STEP	2026-05-07T18:03:52.1406310Z [INSTALL_DEPENDENCIES] Progress: resolved 0, reused 3513, downloaded 0, added 3509
iOS preview (macos-26 / Xcode 26.2)	UNKNOWN STEP	2026-05-07T18:03:53.1315400Z [INSTALL_DEPENDENCIES] Progress: resolved 0, reused 3513, downloaded 0, added 3541
iOS preview (macos-26 / Xcode 26.2)	UNKNOWN STEP	2026-05-07T18:03:54.1311250Z [INSTALL_DEPENDENCIES] Progress: resolved 0, reused 3513, downloaded 0, added 3559
iOS preview (macos-26 / Xcode 26.2)	UNKNOWN STEP	2026-05-07T18:03:55.1311530Z [INSTALL_DEPENDENCIES] Progress: resolved 0, reused 3513, downloaded 0, added 3585
iOS preview (macos-26 / Xcode 26.2)	UNKNOWN STEP	2026-05-07T18:03:56.1363510Z [INSTALL_DEPENDENCIES] Progress: resolved 0, reused 3513, downloaded 0, added 3631
iOS preview (macos-26 / Xcode 26.2)	UNKNOWN STEP	2026-05-07T18:03:57.1405180Z [INSTALL_DEPENDENCIES] Progress: resolved 0, reused 3513, downloaded 0, added 3702
iOS preview (macos-26 / Xcode 26.2)	UNKNOWN STEP	2026-05-07T18:03:58.1380020Z [INSTALL_DEPENDENCIES] Progress: resolved 0, reused 3513, downloaded 0, added 3787
iOS preview (macos-26 / Xcode 26.2)	UNKNOWN STEP	2026-05-07T18:03:59.1420450Z [INSTALL_DEPENDENCIES] Progress: resolved 0, reused 3513, downloaded 0, added 3864
iOS preview (macos-26 / Xcode 26.2)	UNKNOWN STEP	2026-05-07T18:04:00.1418890Z [INSTALL_DEPENDENCIES] Progress: resolved 0, reused 3513, downloaded 0, added 3939
iOS preview (macos-26 / Xcode 26.2)	UNKNOWN STEP	2026-05-07T18:04:01.1422330Z [INSTALL_DEPENDENCIES] Progress: resolved 0, reused 3513, downloaded 0, added 4009
iOS preview (macos-26 / Xcode 26.2)	UNKNOWN STEP	2026-05-07T18:04:02.1445290Z [INSTALL_DEPENDENCIES] Progress: resolved 0, reused 3513, downloaded 0, added 4095
iOS preview (macos-26 / Xcode 26.2)	UNKNOWN STEP	2026-05-07T18:04:03.1511580Z [INSTALL_DEPENDENCIES] Progress: resolved 0, reused 3513, downloaded 0, added 4168
iOS preview (macos-26 / Xcode 26.2)	UNKNOWN STEP	2026-05-07T18:04:04.1528240Z [INSTALL_DEPENDENCIES] Progress: resolved 0, reused 3513, downloaded 0, added 4248
iOS preview (macos-26 / Xcode 26.2)	UNKNOWN STEP	2026-05-07T18:04:05.1542170Z [INSTALL_DEPENDENCIES] Progress: resolved 0, reused 3513, downloaded 0, added 4306
iOS preview (macos-26 / Xcode 26.2)	UNKNOWN STEP	2026-05-07T18:04:06.1523740Z [INSTALL_DEPENDENCIES] Progress: resolved 0, reused 3513, downloaded 0, added 4367
iOS preview (macos-26 / Xcode 26.2)	UNKNOWN STEP	2026-05-07T18:04:07.1565370Z [INSTALL_DEPENDENCIES] Progress: resolved 0, reused 3513, downloaded 0, added 4409
iOS preview (macos-26 / Xcode 26.2)	UNKNOWN STEP	2026-05-07T18:04:08.1611360Z [INSTALL_DEPENDENCIES] Progress: resolved 0, reused 3513, downloaded 0, added 4465
iOS preview (macos-26 / Xcode 26.2)	UNKNOWN STEP	2026-05-07T18:04:09.1605070Z [INSTALL_DEPENDENCIES] Progress: resolved 0, reused 3513, downloaded 0, added 4562
iOS preview (macos-26 / Xcode 26.2)	UNKNOWN STEP	2026-05-07T18:04:10.1637840Z [INSTALL_DEPENDENCIES] Progress: resolved 0, reused 3513, downloaded 0, added 4636
iOS preview (macos-26 / Xcode 26.2)	UNKNOWN STEP	2026-05-07T18:04:11.1666920Z [INSTALL_DEPENDENCIES] Progress: resolved 0, reused 3513, downloaded 0, added 4753
iOS preview (macos-26 / Xcode 26.2)	UNKNOWN STEP	2026-05-07T18:04:12.1676850Z [INSTALL_DEPENDENCIES] Progress: resolved 0, reused 3513, downloaded 0, added 4819
iOS preview (macos-26 / Xcode 26.2)	UNKNOWN STEP	2026-05-07T18:04:13.1738430Z [INSTALL_DEPENDENCIES] Progress: resolved 0, reused 3513, downloaded 0, added 4828
iOS preview (macos-26 / Xcode 26.2)	UNKNOWN STEP	2026-05-07T18:04:14.1743170Z [INSTALL_DEPENDENCIES] Progress: resolved 0, reused 3513, downloaded 0, added 4925
iOS preview (macos-26 / Xcode 26.2)	UNKNOWN STEP	2026-05-07T18:04:15.1788570Z [INSTALL_DEPENDENCIES] Progress: resolved 0, reused 3513, downloaded 0, added 4954
iOS preview (macos-26 / Xcode 26.2)	UNKNOWN STEP	2026-05-07T18:04:16.1787210Z [INSTALL_DEPENDENCIES] Progress: resolved 0, reused 3513, downloaded 0, added 4955
iOS preview (macos-26 / Xcode 26.2)	UNKNOWN STEP	2026-05-07T18:04:17.1822130Z [INSTALL_DEPENDENCIES] Progress: resolved 0, reused 3513, downloaded 0, added 5013
iOS preview (macos-26 / Xcode 26.2)	UNKNOWN STEP	2026-05-07T18:04:18.1949330Z [INSTALL_DEPENDENCIES] Progress: resolved 0, reused 3513, downloaded 0, added 5086
iOS preview (macos-26 / Xcode 26.2)	UNKNOWN STEP	2026-05-07T18:04:19.1882770Z [INSTALL_DEPENDENCIES] Progress: resolved 0, reused 3513, downloaded 0, added 5155
iOS preview (macos-26 / Xcode 26.2)	UNKNOWN STEP	2026-05-07T18:04:20.1890910Z [INSTALL_DEPENDENCIES] Progress: resolved 0, reused 3513, downloaded 0, added 5219
iOS preview (macos-26 / Xcode 26.2)	UNKNOWN STEP	2026-05-07T18:04:21.1910260Z [INSTALL_DEPENDENCIES] Progress: resolved 0, reused 3513, downloaded 0, added 5236
iOS preview (macos-26 / Xcode 26.2)	UNKNOWN STEP	2026-05-07T18:04:22.2059390Z [INSTALL_DEPENDENCIES] Progress: resolved 0, reused 3513, downloaded 0, added 5273
iOS preview (macos-26 / Xcode 26.2)	UNKNOWN STEP	2026-05-07T18:04:23.1955730Z [INSTALL_DEPENDENCIES] Progress: resolved 0, reused 3513, downloaded 0, added 5310
iOS preview (macos-26 / Xcode 26.2)	UNKNOWN STEP	2026-05-07T18:04:24.1949920Z [INSTALL_DEPENDENCIES] Progress: resolved 0, reused 3513, downloaded 0, added 5317
iOS preview (macos-26 / Xcode 26.2)	UNKNOWN STEP	2026-05-07T18:04:25.1960900Z [INSTALL_DEPENDENCIES] Progress: resolved 0, reused 3513, downloaded 0, added 5369
iOS preview (macos-26 / Xcode 26.2)	UNKNOWN STEP	2026-05-07T18:04:26.1951980Z [INSTALL_DEPENDENCIES] Progress: resolved 0, reused 3513, downloaded 0, added 5423
iOS preview (macos-26 / Xcode 26.2)	UNKNOWN STEP	2026-05-07T18:04:27.1972230Z [INSTALL_DEPENDENCIES] Progress: resolved 0, reused 3513, downloaded 0, added 5496
iOS preview (macos-26 / Xcode 26.2)	UNKNOWN STEP	2026-05-07T18:04:28.1968600Z [INSTALL_DEPENDENCIES] Progress: resolved 0, reused 3513, downloaded 0, added 5741
iOS preview (macos-26 / Xcode 26.2)	UNKNOWN STEP	2026-05-07T18:04:29.2008410Z [INSTALL_DEPENDENCIES] Progress: resolved 0, reused 3513, downloaded 0, added 5853
iOS preview (macos-26 / Xcode 26.2)	UNKNOWN STEP	2026-05-07T18:04:30.1966150Z [INSTALL_DEPENDENCIES] Progress: resolved 0, reused 3513, downloaded 0, added 5857
iOS preview (macos-26 / Xcode 26.2)	UNKNOWN STEP	2026-05-07T18:04:30.6458570Z [INSTALL_DEPENDENCIES] Progress: resolved 0, reused 3513, downloaded 0, added 5857, done
iOS preview (macos-26 / Xcode 26.2)	UNKNOWN STEP	2026-05-07T18:04:31.3675350Z [INSTALL_DEPENDENCIES] dependencies:
iOS preview (macos-26 / Xcode 26.2)	UNKNOWN STEP	2026-05-07T18:04:31.3678520Z [INSTALL_DEPENDENCIES] + @fisioflow/config 1.0.0 <- packages/config
iOS preview (macos-26 / Xcode 26.2)	UNKNOWN STEP	2026-05-07T18:04:31.3679250Z [INSTALL_DEPENDENCIES] 
iOS preview (macos-26 / Xcode 26.2)	UNKNOWN STEP	2026-05-07T18:04:31.3679740Z [INSTALL_DEPENDENCIES] devDependencies:
iOS preview (macos-26 / Xcode 26.2)	UNKNOWN STEP	2026-05-07T18:04:31.3682040Z [INSTALL_DEPENDENCIES] + @fisioflow/db 1.0.0 <- packages/db
iOS preview (macos-26 / Xcode 26.2)	UNKNOWN STEP	2026-05-07T18:04:31.8468450Z [INSTALL_DEPENDENCIES] . prepare$ husky
iOS preview (macos-26 / Xcode 26.2)	UNKNOWN STEP	2026-05-07T18:04:31.9546150Z [INSTALL_DEPENDENCIES] . prepare: .git can't be found
iOS preview (macos-26 / Xcode 26.2)	UNKNOWN STEP	2026-05-07T18:04:31.9547490Z [INSTALL_DEPENDENCIES] . prepare: Done
iOS preview (macos-26 / Xcode 26.2)	UNKNOWN STEP	2026-05-07T18:04:31.9586900Z [INSTALL_DEPENDENCIES] ╭ Warning ─────────────────────────────────────────────────────────────────────╮
iOS preview (macos-26 / Xcode 26.2)	UNKNOWN STEP	2026-05-07T18:04:31.9587840Z [INSTALL_DEPENDENCIES] │                                                                              │
iOS preview (macos-26 / Xcode 26.2)	UNKNOWN STEP	2026-05-07T18:04:31.9588620Z [INSTALL_DEPENDENCIES] │   Ignored build scripts: @scarf/scarf@1.4.0,                                 │
iOS preview (macos-26 / Xcode 26.2)	UNKNOWN STEP	2026-05-07T18:04:31.9590050Z [INSTALL_DEPENDENCIES] │   @sentry-internal/node-cpu-profiler@2.2.0, @sentry/cli@2.58.5,              │
iOS preview (macos-26 / Xcode 26.2)	UNKNOWN STEP	2026-05-07T18:04:31.9591120Z [INSTALL_DEPENDENCIES] │   @sentry/cli@3.3.5, @tree-sitter-grammars/tree-sitter-yaml@0.7.1,           │
iOS preview (macos-26 / Xcode 26.2)	UNKNOWN STEP	2026-05-07T18:04:31.9591940Z [INSTALL_DEPENDENCIES] │   core-js-pure@3.48.0, core-js-pure@3.49.0, core-js@3.29.1,                  │
iOS preview (macos-26 / Xcode 26.2)	UNKNOWN STEP	2026-05-07T18:04:31.9592760Z [INSTALL_DEPENDENCIES] │   core-js@3.48.0, core-js@3.49.0, esbuild@0.25.12, msw@2.12.10,              │
iOS preview (macos-26 / Xcode 26.2)	UNKNOWN STEP	2026-05-07T18:04:31.9593510Z [INSTALL_DEPENDENCIES] │   msw@2.12.14, protobufjs@7.5.5, puppeteer@24.37.5, sharp@0.34.5,            │
iOS preview (macos-26 / Xcode 26.2)	UNKNOWN STEP	2026-05-07T18:04:31.9594330Z [INSTALL_DEPENDENCIES] │   tree-sitter-json@0.24.8, tree-sitter@0.21.1, tree-sitter@0.22.4,           │
iOS preview (macos-26 / Xcode 26.2)	UNKNOWN STEP	2026-05-07T18:04:31.9595200Z [INSTALL_DEPENDENCIES] │   workerd@1.20260415.1, workerd@1.20260504.1.                                │
iOS preview (macos-26 / Xcode 26.2)	UNKNOWN STEP	2026-05-07T18:04:31.9597150Z [INSTALL_DEPENDENCIES] │   Run "pnpm approve-builds" to pick which dependencies should be allowed     │
iOS preview (macos-26 / Xcode 26.2)	UNKNOWN STEP	2026-05-07T18:04:31.9599600Z [INSTALL_DEPENDENCIES] │   to run scripts.                                                            │
iOS preview (macos-26 / Xcode 26.2)	UNKNOWN STEP	2026-05-07T18:04:31.9608870Z [INSTALL_DEPENDENCIES] │                                                                              │
iOS preview (macos-26 / Xcode 26.2)	UNKNOWN STEP	2026-05-07T18:04:31.9609730Z [INSTALL_DEPENDENCIES] ╰──────────────────────────────────────────────────────────────────────────────╯
iOS preview (macos-26 / Xcode 26.2)	UNKNOWN STEP	2026-05-07T18:04:31.9708240Z [INSTALL_DEPENDENCIES] Done in 2m 30.1s using pnpm v10.33.0
iOS preview (macos-26 / Xcode 26.2)	UNKNOWN STEP	2026-05-07T18:04:32.0064960Z The NODE_ENV environment variable is required but was not specified. Ensure the project is bundled with Expo CLI or NODE_ENV is set.
iOS preview (macos-26 / Xcode 26.2)	UNKNOWN STEP	2026-05-07T18:04:32.0065710Z Proceeding without mode-specific .env
iOS preview (macos-26 / Xcode 26.2)	UNKNOWN STEP	2026-05-07T18:04:32.5021270Z [READ_APP_CONFIG] Using app configuration:
iOS preview (macos-26 / Xcode 26.2)	UNKNOWN STEP	2026-05-07T18:04:32.5022050Z [READ_APP_CONFIG] {
iOS preview (macos-26 / Xcode 26.2)	UNKNOWN STEP	2026-05-07T18:04:32.5022590Z   "name": "FisioFlow Pro",
iOS preview (macos-26 / Xcode 26.2)	UNKNOWN STEP	2026-05-07T18:04:32.5023060Z   "slug": "fisioflow-pro",
iOS preview (macos-26 / Xcode 26.2)	UNKNOWN STEP	2026-05-07T18:04:32.5023440Z   "version": "1.0.0",
iOS preview (macos-26 / Xcode 26.2)	UNKNOWN STEP	2026-05-07T18:04:32.5025760Z   "orientation": "default",
iOS preview (macos-26 / Xcode 26.2)	UNKNOWN STEP	2026-05-07T18:04:32.5026130Z   "icon": "./assets/icon.png",
iOS preview (macos-26 / Xcode 26.2)	UNKNOWN STEP	2026-05-07T18:04:32.5028980Z   "scheme": "fisioflowpro",
iOS preview (macos-26 / Xcode 26.2)	UNKNOWN STEP	2026-05-07T18:04:32.5030100Z   "userInterfaceStyle": "automatic",
iOS preview (macos-26 / Xcode 26.2)	UNKNOWN STEP	2026-05-07T18:04:32.5030630Z   "splash": {
iOS preview (macos-26 / Xcode 26.2)	UNKNOWN STEP	2026-05-07T18:04:32.5031030Z     "image": "./assets/splash.png",
iOS preview (macos-26 / Xcode 26.2)	UNKNOWN STEP	2026-05-07T18:04:32.5031380Z     "resizeMode": "contain",
iOS preview (macos-26 / Xcode 26.2)	UNKNOWN STEP	2026-05-07T18:04:32.5031760Z     "backgroundColor": "#1E40AF"
iOS preview (macos-26 / Xcode 26.2)	UNKNOWN STEP	2026-05-07T18:04:32.5032150Z   },
iOS preview (macos-26 / Xcode 26.2)	UNKNOWN STEP	2026-05-07T18:04:32.5032400Z   "ios": {
iOS preview (macos-26 / Xcode 26.2)	UNKNOWN STEP	2026-05-07T18:04:32.5032730Z     "supportsTablet": true,
iOS preview (macos-26 / Xcode 26.2)	UNKNOWN STEP	2026-05-07T18:04:32.5033150Z     "bundleIdentifier": "com.fisioflow.professionals",
iOS preview (macos-26 / Xcode 26.2)	UNKNOWN STEP	2026-05-07T18:04:32.5033630Z     "appleTeamId": "G7FDW933SF",
iOS preview (macos-26 / Xcode 26.2)	UNKNOWN STEP	2026-05-07T18:04:32.5033990Z     "infoPlist": {
iOS preview (macos-26 / Xcode 26.2)	UNKNOWN STEP	2026-05-07T18:04:32.5035340Z       "NSHealthShareUsageDescription": "O FisioFlow utiliza dados de saúde para analisar a assimetria e estabilidade da sua marcha, permitindo um acompanhamento clínico preciso.",
iOS preview (macos-26 / Xcode 26.2)	UNKNOWN STEP	2026-05-07T18:04:32.5036580Z       "NSHealthUpdateUsageDescription": "O FisioFlow salva dados de evolução biomecânica no HealthKit para histórico do paciente.",
iOS preview (macos-26 / Xcode 26.2)	UNKNOWN STEP	2026-05-07T18:04:32.5037460Z       "NSCameraUsageDescription": "O FisioFlow precisa acessar sua câmera para análise biomecânica.",
iOS preview (macos-26 / Xcode 26.2)	UNKNOWN STEP	2026-05-07T18:04:32.5039890Z       "NSPhotoLibraryUsageDescription": "O FisioFlow precisa acessar sua galeria de fotos para selecionar imagens existentes de pacientes e exercícios. Suas fotos são protegidas com criptografia.",
iOS preview (macos-26 / Xcode 26.2)	UNKNOWN STEP	2026-05-07T18:04:32.5041370Z       "NSLocationWhenInUseUsageDescription": "O FisioFlow usa sua localização para verificar check-in na clínica e confirmar presença em consultas. Sua localização nunca é compartilhada com terceiros.",
iOS preview (macos-26 / Xcode 26.2)	UNKNOWN STEP	2026-05-07T18:04:32.5042960Z       "NSFaceIDUsageDescription": "O FisioFlow usa Face ID para proteger o acesso aos dados sensíveis de saúde dos seus pacientes com autenticação biométrica segura.",
iOS preview (macos-26 / Xcode 26.2)	UNKNOWN STEP	2026-05-07T18:04:32.5043750Z       "UIBackgroundModes": [
iOS preview (macos-26 / Xcode 26.2)	UNKNOWN STEP	2026-05-07T18:04:32.5044020Z         "remote-notification",
iOS preview (macos-26 / Xcode 26.2)	UNKNOWN STEP	2026-05-07T18:04:32.5044320Z         "fetch"
iOS preview (macos-26 / Xcode 26.2)	UNKNOWN STEP	2026-05-07T18:04:32.5044490Z       ],
iOS preview (macos-26 / Xcode 26.2)	UNKNOWN STEP	2026-05-07T18:04:32.5044890Z       "UISupportedInterfaceOrientations~ipad": [
iOS preview (macos-26 / Xcode 26.2)	UNKNOWN STEP	2026-05-07T18:04:32.5045390Z         "UIInterfaceOrientationPortrait",
iOS preview (macos-26 / Xcode 26.2)	UNKNOWN STEP	2026-05-07T18:04:32.5045730Z         "UIInterfaceOrientationPortraitUpsideDown",
iOS preview (macos-26 / Xcode 26.2)	UNKNOWN STEP	2026-05-07T18:04:32.5046060Z         "UIInterfaceOrientationLandscapeLeft",
iOS preview (macos-26 / Xcode 26.2)	UNKNOWN STEP	2026-05-07T18:04:32.5046430Z         "UIInterfaceOrientationLandscapeRight"
iOS preview (macos-26 / Xcode 26.2)	UNKNOWN STEP	2026-05-07T18:04:32.5046690Z       ],
iOS preview (macos-26 / Xcode 26.2)	UNKNOWN STEP	2026-05-07T18:04:32.5047880Z       "NSMicrophoneUsageDescription": "Allow $(PRODUCT_NAME) to access your microphone"
iOS preview (macos-26 / Xcode 26.2)	UNKNOWN STEP	2026-05-07T18:04:32.5048400Z     }
iOS preview (macos-26 / Xcode 26.2)	UNKNOWN STEP	2026-05-07T18:04:32.5048610Z   },
iOS preview (macos-26 / Xcode 26.2)	UNKNOWN STEP	2026-05-07T18:04:32.5048780Z   "android": {
iOS preview (macos-26 / Xcode 26.2)	UNKNOWN STEP	2026-05-07T18:04:32.5049020Z     "adaptiveIcon": {
iOS preview (macos-26 / Xcode 26.2)	UNKNOWN STEP	2026-05-07T18:04:32.5049490Z       "foregroundImage": "./assets/adaptive-icon.png",
iOS preview (macos-26 / Xcode 26.2)	UNKNOWN STEP	2026-05-07T18:04:32.5049930Z       "backgroundColor": "#1E40AF"
iOS preview (macos-26 / Xcode 26.2)	UNKNOWN STEP	2026-05-07T18:04:32.5051740Z     },
iOS preview (macos-26 / Xcode 26.2)	UNKNOWN STEP	2026-05-07T18:04:32.5052800Z     "package": "com.fisioflow.professional",
iOS preview (macos-26 / Xcode 26.2)	UNKNOWN STEP	2026-05-07T18:04:32.5053370Z     "permissions": [
iOS preview (macos-26 / Xcode 26.2)	UNKNOWN STEP	2026-05-07T18:04:32.5053800Z       "android.permission.USE_BIOMETRIC",
iOS preview (macos-26 / Xcode 26.2)	UNKNOWN STEP	2026-05-07T18:04:32.5054230Z       "android.permission.USE_FINGERPRINT",
iOS preview (macos-26 / Xcode 26.2)	UNKNOWN STEP	2026-05-07T18:04:32.5055410Z       "android.permission.CAMERA",
iOS preview (macos-26 / Xcode 26.2)	UNKNOWN STEP	2026-05-07T18:04:32.5055710Z       "android.permission.RECORD_AUDIO",
iOS preview (macos-26 / Xcode 26.2)	UNKNOWN STEP	2026-05-07T18:04:32.5056410Z       "android.permission.MODIFY_AUDIO_SETTINGS",
iOS preview (macos-26 / Xcode 26.2)	UNKNOWN STEP	2026-05-07T18:04:32.5056740Z       "android.permission.FOREGROUND_SERVICE",
iOS preview (macos-26 / Xcode 26.2)	UNKNOWN STEP	2026-05-07T18:04:32.5057080Z       "android.permission.FOREGROUND_SERVICE_MEDIA_PLAYBACK"
iOS preview (macos-26 / Xcode 26.2)	UNKNOWN STEP	2026-05-07T18:04:32.5057500Z     ]
iOS preview (macos-26 / Xcode 26.2)	UNKNOWN STEP	2026-05-07T18:04:32.5057670Z   },
iOS preview (macos-26 / Xcode 26.2)	UNKNOWN STEP	2026-05-07T18:04:32.5057830Z   "web": {
iOS preview (macos-26 / Xcode 26.2)	UNKNOWN STEP	2026-05-07T18:04:32.5058040Z     "bundler": "metro",
iOS preview (macos-26 / Xcode 26.2)	UNKNOWN STEP	2026-05-07T18:04:32.5058220Z     "output": "static",
iOS preview (macos-26 / Xcode 26.2)	UNKNOWN STEP	2026-05-07T18:04:32.5058450Z     "favicon": "./assets/favicon.png"
iOS preview (macos-26 / Xcode 26.2)	UNKNOWN STEP	2026-05-07T18:04:32.5058710Z   },
iOS preview (macos-26 / Xcode 26.2)	UNKNOWN STEP	2026-05-07T18:04:32.5058870Z   "plugins": [
iOS preview (macos-26 / Xcode 26.2)	UNKNOWN STEP	2026-05-07T18:04:32.5059050Z     "expo-router",
iOS preview (macos-26 / Xcode 26.2)	UNKNOWN STEP	2026-05-07T18:04:32.5059260Z     [
iOS preview (macos-26 / Xcode 26.2)	UNKNOWN STEP	2026-05-07T18:04:32.5059440Z       "expo-secure-store",
iOS preview (macos-26 / Xcode 26.2)	UNKNOWN STEP	2026-05-07T18:04:32.5059630Z       {
iOS preview (macos-26 / Xcode 26.2)	UNKNOWN STEP	2026-05-07T18:04:32.5060080Z         "faceIDPermission": "O FisioFlow usa Face ID para proteger o acesso aos dados dos seus pacientes."
iOS preview (macos-26 / Xcode 26.2)	UNKNOWN STEP	2026-05-07T18:04:32.5060460Z       }
iOS preview (macos-26 / Xcode 26.2)	UNKNOWN STEP	2026-05-07T18:04:32.5060650Z     ],
iOS preview (macos-26 / Xcode 26.2)	UNKNOWN STEP	2026-05-07T18:04:32.5060810Z     [
iOS preview (macos-26 / Xcode 26.2)	UNKNOWN STEP	2026-05-07T18:04:32.5061010Z       "expo-local-authentication",
iOS preview (macos-26 / Xcode 26.2)	UNKNOWN STEP	2026-05-07T18:04:32.5061260Z       {
iOS preview (macos-26 / Xcode 26.2)	UNKNOWN STEP	2026-05-07T18:04:32.5061700Z         "faceIDPermission": "O FisioFlow usa Face ID para autenticação rápida e segura."
iOS preview (macos-26 / Xcode 26.2)	UNKNOWN STEP	2026-05-07T18:04:32.5062890Z       }
iOS preview (macos-26 / Xcode 26.2)	UNKNOWN STEP	2026-05-07T18:04:32.5063130Z     ],
iOS preview (macos-26 / Xcode 26.2)	UNKNOWN STEP	2026-05-07T18:04:32.5063290Z     [
iOS preview (macos-26 / Xcode 26.2)	UNKNOWN STEP	2026-05-07T18:04:32.5063460Z       "expo-notifications",
iOS preview (macos-26 / Xcode 26.2)	UNKNOWN STEP	2026-05-07T18:04:32.5063710Z       {
iOS preview (macos-26 / Xcode 26.2)	UNKNOWN STEP	2026-05-07T18:04:32.5063930Z         "icon": "./assets/notification-icon.png",
iOS preview (macos-26 / Xcode 26.2)	UNKNOWN STEP	2026-05-07T18:04:32.5064190Z         "color": "#1E40AF",
iOS preview (macos-26 / Xcode 26.2)	UNKNOWN STEP	2026-05-07T18:04:32.5064450Z         "sounds": [],
iOS preview (macos-26 / Xcode 26.2)	UNKNOWN STEP	2026-05-07T18:04:32.5064720Z         "enableBackgroundRemoteNotifications": true
iOS preview (macos-26 / Xcode 26.2)	UNKNOWN STEP	2026-05-07T18:04:32.5064980Z       }
iOS preview (macos-26 / Xcode 26.2)	UNKNOWN STEP	2026-05-07T18:04:32.5065180Z     ],
iOS preview (macos-26 / Xcode 26.2)	UNKNOWN STEP	2026-05-07T18:04:32.5065330Z     [
iOS preview (macos-26 / Xcode 26.2)	UNKNOWN STEP	2026-05-07T18:04:32.5065540Z       "react-native-vision-camera",
iOS preview (macos-26 / Xcode 26.2)	UNKNOWN STEP	2026-05-07T18:04:32.5065820Z       {
iOS preview (macos-26 / Xcode 26.2)	UNKNOWN STEP	2026-05-07T18:04:32.5066260Z         "cameraPermissionText": "O FisioFlow precisa acessar sua câmera para análise biomecânica.",
iOS preview (macos-26 / Xcode 26.2)	UNKNOWN STEP	2026-05-07T18:04:32.5066710Z         "enableMicrophonePermission": true
iOS preview (macos-26 / Xcode 26.2)	UNKNOWN STEP	2026-05-07T18:04:32.5066980Z       }
iOS preview (macos-26 / Xcode 26.2)	UNKNOWN STEP	2026-05-07T18:04:32.5067130Z     ],
iOS preview (macos-26 / Xcode 26.2)	UNKNOWN STEP	2026-05-07T18:04:32.5067290Z     "expo-font",
iOS preview (macos-26 / Xcode 26.2)	UNKNOWN STEP	2026-05-07T18:04:32.5067600Z     "@react-native-community/datetimepicker",
iOS preview (macos-26 / Xcode 26.2)	UNKNOWN STEP	2026-05-07T18:04:32.5067840Z     [
iOS preview (macos-26 / Xcode 26.2)	UNKNOWN STEP	2026-05-07T18:04:32.5068050Z       "@sentry/react-native/expo",
iOS preview (macos-26 / Xcode 26.2)	UNKNOWN STEP	2026-05-07T18:04:32.5068320Z       {
iOS preview (macos-26 / Xcode 26.2)	UNKNOWN STEP	2026-05-07T18:04:32.5068540Z         "url": "https://sentry.io/",
iOS preview (macos-26 / Xcode 26.2)	UNKNOWN STEP	2026-05-07T18:04:32.5068820Z         "project": "fisioflow-professional",
iOS preview (macos-26 / Xcode 26.2)	UNKNOWN STEP	2026-05-07T18:04:32.5069200Z         "organization": "activity-fisioterapia-rg"
iOS preview (macos-26 / Xcode 26.2)	UNKNOWN STEP	2026-05-07T18:04:32.5069460Z       }
iOS preview (macos-26 / Xcode 26.2)	UNKNOWN STEP	2026-05-07T18:04:32.5069630Z     ],
iOS preview (macos-26 / Xcode 26.2)	UNKNOWN STEP	2026-05-07T18:04:32.5069840Z     "expo-audio",
iOS preview (macos-26 / Xcode 26.2)	UNKNOWN STEP	2026-05-07T18:04:32.5070030Z     "expo-asset",
iOS preview (macos-26 / Xcode 26.2)	UNKNOWN STEP	2026-05-07T18:04:32.5070190Z     "expo-sharing"
iOS preview (macos-26 / Xcode 26.2)	UNKNOWN STEP	2026-05-07T18:04:32.5070410Z   ],
iOS preview (macos-26 / Xcode 26.2)	UNKNOWN STEP	2026-05-07T18:04:32.5070570Z   "experiments": {
iOS preview (macos-26 / Xcode 26.2)	UNKNOWN STEP	2026-05-07T18:04:32.5070750Z     "typedRoutes": true
iOS preview (macos-26 / Xcode 26.2)	UNKNOWN STEP	2026-05-07T18:04:32.5070990Z   },
iOS preview (macos-26 / Xcode 26.2)	UNKNOWN STEP	2026-05-07T18:04:32.5071150Z   "extra": {
iOS preview (macos-26 / Xcode 26.2)	UNKNOWN STEP	2026-05-07T18:04:32.5071320Z     "router": {
iOS preview (macos-26 / Xcode 26.2)	UNKNOWN STEP	2026-05-07T18:04:32.5071540Z       "origin": false
iOS preview (macos-26 / Xcode 26.2)	UNKNOWN STEP	2026-05-07T18:04:32.5071910Z     },
iOS preview (macos-26 / Xcode 26.2)	UNKNOWN STEP	2026-05-07T18:04:32.5072080Z     "eas": {
iOS preview (macos-26 / Xcode 26.2)	UNKNOWN STEP	2026-05-07T18:04:32.5072390Z       "projectId": "ca7042a7-03d4-4731-b4e5-6f5de3b48300"
iOS preview (macos-26 / Xcode 26.2)	UNKNOWN STEP	2026-05-07T18:04:32.5072650Z     }
iOS preview (macos-26 / Xcode 26.2)	UNKNOWN STEP	2026-05-07T18:04:32.5072820Z   },
iOS preview (macos-26 / Xcode 26.2)	UNKNOWN STEP	2026-05-07T18:04:32.5073050Z   "owner": "rafaelminatto",
iOS preview (macos-26 / Xcode 26.2)	UNKNOWN STEP	2026-05-07T18:04:32.5073260Z   "updates": {
iOS preview (macos-26 / Xcode 26.2)	UNKNOWN STEP	2026-05-07T18:04:32.5073440Z     "enabled": true,
iOS preview (macos-26 / Xcode 26.2)	UNKNOWN STEP	2026-05-07T18:04:32.5073800Z     "url": "https://u.expo.dev/ca7042a7-03d4-4731-b4e5-6f5de3b48300",
iOS preview (macos-26 / Xcode 26.2)	UNKNOWN STEP	2026-05-07T18:04:32.5074170Z     "enableBsdiffPatchSupport": true
iOS preview (macos-26 / Xcode 26.2)	UNKNOWN STEP	2026-05-07T18:04:32.5074390Z   },
iOS preview (macos-26 / Xcode 26.2)	UNKNOWN STEP	2026-05-07T18:04:32.5074600Z   "runtimeVersion": {
iOS preview (macos-26 / Xcode 26.2)	UNKNOWN STEP	2026-05-07T18:04:32.5074810Z     "policy": "appVersion"
iOS preview (macos-26 / Xcode 26.2)	UNKNOWN STEP	2026-05-07T18:04:32.5075010Z   },
iOS preview (macos-26 / Xcode 26.2)	UNKNOWN STEP	2026-05-07T18:04:32.5076020Z   "description": "> Sistema completo de gestão para profissionais de fisioterapia",
iOS preview (macos-26 / Xcode 26.2)	UNKNOWN STEP	2026-05-07T18:04:32.5076600Z   "sdkVersion": "55.0.0",
iOS preview (macos-26 / Xcode 26.2)	UNKNOWN STEP	2026-05-07T18:04:32.5076880Z   "platforms": [
iOS preview (macos-26 / Xcode 26.2)	UNKNOWN STEP	2026-05-07T18:04:32.5077070Z     "ios",
iOS preview (macos-26 / Xcode 26.2)	UNKNOWN STEP	2026-05-07T18:04:32.5077270Z     "android",
iOS preview (macos-26 / Xcode 26.2)	UNKNOWN STEP	2026-05-07T18:04:32.5077520Z     "web"
iOS preview (macos-26 / Xcode 26.2)	UNKNOWN STEP	2026-05-07T18:04:32.5077710Z   ]
iOS preview (macos-26 / Xcode 26.2)	UNKNOWN STEP	2026-05-07T18:04:32.5077870Z }
iOS preview (macos-26 / Xcode 26.2)	UNKNOWN STEP	2026-05-07T18:04:32.5078180Z [RUN_EXPO_DOCTOR] Running "expo doctor"
iOS preview (macos-26 / Xcode 26.2)	UNKNOWN STEP	2026-05-07T18:04:34.0005810Z [RUN_EXPO_DOCTOR] Running 18 checks on your project...
iOS preview (macos-26 / Xcode 26.2)	UNKNOWN STEP	2026-05-07T18:04:36.1450450Z [RUN_EXPO_DOCTOR] 16/18 checks passed. 2 checks failed. Possible issues detected:
iOS preview (macos-26 / Xcode 26.2)	UNKNOWN STEP	2026-05-07T18:04:36.1467090Z [RUN_EXPO_DOCTOR] Use the --verbose flag to see more details about passed checks.
iOS preview (macos-26 / Xcode 26.2)	UNKNOWN STEP	2026-05-07T18:04:36.1469980Z [RUN_EXPO_DOCTOR] 
iOS preview (macos-26 / Xcode 26.2)	UNKNOWN STEP	2026-05-07T18:04:36.1476730Z [RUN_EXPO_DOCTOR] 2 checks failed, indicating possible issues with the project.
iOS preview (macos-26 / Xcode 26.2)	UNKNOWN STEP	2026-05-07T18:04:36.1477660Z [RUN_EXPO_DOCTOR] ✖ Check that no duplicate dependencies are installed
iOS preview (macos-26 / Xcode 26.2)	UNKNOWN STEP	2026-05-07T18:04:36.1478430Z [RUN_EXPO_DOCTOR] Your project contains duplicate native module dependencies, which should be de-duplicated.
iOS preview (macos-26 / Xcode 26.2)	UNKNOWN STEP	2026-05-07T18:04:36.1479780Z [RUN_EXPO_DOCTOR] Native builds may only contain one version of any given native module, and having multiple versions of a single Native module installed may lead to unexpected build errors.
iOS preview (macos-26 / Xcode 26.2)	UNKNOWN STEP	2026-05-07T18:04:36.1482350Z [RUN_EXPO_DOCTOR] Found duplicates for @expo/vector-icons:
iOS preview (macos-26 / Xcode 26.2)	UNKNOWN STEP	2026-05-07T18:04:36.1483180Z [RUN_EXPO_DOCTOR]   ├─ @expo/vector-icons@15.1.1 (at: ../../node_modules/@expo/vector-icons)
iOS preview (macos-26 / Xcode 26.2)	UNKNOWN STEP	2026-05-07T18:04:36.1484400Z [RUN_EXPO_DOCTOR]   ├─ @expo/vector-icons@15.0.3 (at: ../../node_modules/@expo/metro-runtime/node_modules/@expo/vector-icons)
iOS preview (macos-26 / Xcode 26.2)	UNKNOWN STEP	2026-05-07T18:04:36.1485390Z [RUN_EXPO_DOCTOR]   ├─ @expo/vector-icons@15.0.3 (at: ../../node_modules/@expo/log-box/node_modules/@expo/vector-icons)
iOS preview (macos-26 / Xcode 26.2)	UNKNOWN STEP	2026-05-07T18:04:36.1486410Z [RUN_EXPO_DOCTOR]   ├─ @expo/vector-icons@15.0.3 (at: ../../node_modules/@expo/dom-webview/node_modules/@expo/vector-icons)
iOS preview (macos-26 / Xcode 26.2)	UNKNOWN STEP	2026-05-07T18:04:36.1487360Z [RUN_EXPO_DOCTOR]   ├─ @expo/vector-icons@15.0.3 (at: ../../node_modules/expo-font/node_modules/@expo/vector-icons)
iOS preview (macos-26 / Xcode 26.2)	UNKNOWN STEP	2026-05-07T18:04:36.1488390Z [RUN_EXPO_DOCTOR]   ├─ @expo/vector-icons@15.0.3 (at: ../../node_modules/expo-file-system/node_modules/@expo/vector-icons)
iOS preview (macos-26 / Xcode 26.2)	UNKNOWN STEP	2026-05-07T18:04:36.1489320Z [RUN_EXPO_DOCTOR]   ├─ @expo/vector-icons@15.0.3 (at: ../../node_modules/expo-keep-awake/node_modules/@expo/vector-icons)
iOS preview (macos-26 / Xcode 26.2)	UNKNOWN STEP	2026-05-07T18:04:36.1490250Z [RUN_EXPO_DOCTOR]   ├─ @expo/vector-icons@15.0.3 (at: ../../node_modules/expo-asset/node_modules/@expo/vector-icons)
iOS preview (macos-26 / Xcode 26.2)	UNKNOWN STEP	2026-05-07T18:04:36.1491220Z [RUN_EXPO_DOCTOR]   └─ @expo/vector-icons@15.0.3 (at: ../../node_modules/expo-constants/node_modules/@expo/vector-icons)
iOS preview (macos-26 / Xcode 26.2)	UNKNOWN STEP	2026-05-07T18:04:36.1491880Z [RUN_EXPO_DOCTOR] Found duplicates for expo:
iOS preview (macos-26 / Xcode 26.2)	UNKNOWN STEP	2026-05-07T18:04:36.1492420Z [RUN_EXPO_DOCTOR]   ├─ expo@55.0.23 (at: ../../node_modules/expo)
iOS preview (macos-26 / Xcode 26.2)	UNKNOWN STEP	2026-05-07T18:04:36.1493190Z [RUN_EXPO_DOCTOR]   ├─ expo@55.0.8 (at: ../../node_modules/@expo/metro-runtime/node_modules/expo)
iOS preview (macos-26 / Xcode 26.2)	UNKNOWN STEP	2026-05-07T18:04:36.1493930Z [RUN_EXPO_DOCTOR]   ├─ expo@55.0.8 (at: ../../node_modules/@expo/log-box/node_modules/expo)
iOS preview (macos-26 / Xcode 26.2)	UNKNOWN STEP	2026-05-07T18:04:36.1494720Z [RUN_EXPO_DOCTOR]   ├─ expo@55.0.8 (at: ../../node_modules/@expo/dom-webview/node_modules/expo)
iOS preview (macos-26 / Xcode 26.2)	UNKNOWN STEP	2026-05-07T18:04:36.1495430Z [RUN_EXPO_DOCTOR]   ├─ expo@55.0.8 (at: ../../node_modules/expo-font/node_modules/expo)
iOS preview (macos-26 / Xcode 26.2)	UNKNOWN STEP	2026-05-07T18:04:36.1496160Z [RUN_EXPO_DOCTOR]   ├─ expo@55.0.8 (at: ../../node_modules/expo-file-system/node_modules/expo)
iOS preview (macos-26 / Xcode 26.2)	UNKNOWN STEP	2026-05-07T18:04:36.1496940Z [RUN_EXPO_DOCTOR]   ├─ expo@55.0.8 (at: ../../node_modules/expo-keep-awake/node_modules/expo)
iOS preview (macos-26 / Xcode 26.2)	UNKNOWN STEP	2026-05-07T18:04:36.1497640Z [RUN_EXPO_DOCTOR]   ├─ expo@55.0.8 (at: ../../node_modules/expo-asset/node_modules/expo)
iOS preview (macos-26 / Xcode 26.2)	UNKNOWN STEP	2026-05-07T18:04:36.1498340Z [RUN_EXPO_DOCTOR]   ├─ expo@55.0.8 (at: ../../node_modules/expo-constants/node_modules/expo)
iOS preview (macos-26 / Xcode 26.2)	UNKNOWN STEP	2026-05-07T18:04:36.1506560Z [RUN_EXPO_DOCTOR]   ├─ expo@55.0.18 (at: ../../node_modules/expo-audio/node_modules/expo)
iOS preview (macos-26 / Xcode 26.2)	UNKNOWN STEP	2026-05-07T18:04:36.1507860Z [RUN_EXPO_DOCTOR]   ├─ expo@55.0.18 (at: ../../node_modules/expo-haptics/node_modules/expo)
iOS preview (macos-26 / Xcode 26.2)	UNKNOWN STEP	2026-05-07T18:04:36.1508810Z [RUN_EXPO_DOCTOR]   ├─ expo@55.0.18 (at: ../../node_modules/expo-secure-store/node_modules/expo)
iOS preview (macos-26 / Xcode 26.2)	UNKNOWN STEP	2026-05-07T18:04:36.1509980Z [RUN_EXPO_DOCTOR]   └─ expo@55.0.18 (at: ../../node_modules/expo-sharing/node_modules/expo)
iOS preview (macos-26 / Xcode 26.2)	UNKNOWN STEP	2026-05-07T18:04:36.1510690Z [RUN_EXPO_DOCTOR] Found duplicates for expo-constants:
iOS preview (macos-26 / Xcode 26.2)	UNKNOWN STEP	2026-05-07T18:04:36.1511430Z [RUN_EXPO_DOCTOR]   ├─ expo-constants@55.0.16 (at: ../../node_modules/expo-constants)
iOS preview (macos-26 / Xcode 26.2)	UNKNOWN STEP	2026-05-07T18:04:36.1512230Z [RUN_EXPO_DOCTOR]   ├─ expo-constants@55.0.16 (at: ../../node_modules/expo-audio/node_modules/expo-constants)
iOS preview (macos-26 / Xcode 26.2)	UNKNOWN STEP	2026-05-07T18:04:36.1513050Z [RUN_EXPO_DOCTOR]   ├─ expo-constants@55.0.16 (at: ../../node_modules/expo-haptics/node_modules/expo-constants)
iOS preview (macos-26 / Xcode 26.2)	UNKNOWN STEP	2026-05-07T18:04:36.1513870Z [RUN_EXPO_DOCTOR]   ├─ expo-constants@55.0.16 (at: ../../node_modules/expo-secure-store/node_modules/expo-constants)
iOS preview (macos-26 / Xcode 26.2)	UNKNOWN STEP	2026-05-07T18:04:36.1514850Z [RUN_EXPO_DOCTOR]   └─ expo-constants@55.0.16 (at: ../../node_modules/expo-sharing/node_modules/expo-constants)
iOS preview (macos-26 / Xcode 26.2)	UNKNOWN STEP	2026-05-07T18:04:36.1515370Z [RUN_EXPO_DOCTOR] Found duplicates for react-native:
iOS preview (macos-26 / Xcode 26.2)	UNKNOWN STEP	2026-05-07T18:04:36.1515920Z [RUN_EXPO_DOCTOR]   ├─ react-native@0.83.6 (at: ../../node_modules/react-native)
iOS preview (macos-26 / Xcode 26.2)	UNKNOWN STEP	2026-05-07T18:04:36.1516660Z [RUN_EXPO_DOCTOR]   ├─ react-native@0.83.2 (at: ../../node_modules/@expo/metro-runtime/node_modules/react-native)
iOS preview (macos-26 / Xcode 26.2)	UNKNOWN STEP	2026-05-07T18:04:36.1518780Z [RUN_EXPO_DOCTOR]   ├─ react-native@0.83.2 (at: ../../node_modules/@expo/log-box/node_modules/react-native)
iOS preview (macos-26 / Xcode 26.2)	UNKNOWN STEP	2026-05-07T18:04:36.1519600Z [RUN_EXPO_DOCTOR]   ├─ react-native@0.83.2 (at: ../../node_modules/@expo/dom-webview/node_modules/react-native)
iOS preview (macos-26 / Xcode 26.2)	UNKNOWN STEP	2026-05-07T18:04:36.1520430Z [RUN_EXPO_DOCTOR]   ├─ react-native@0.83.2 (at: ../../node_modules/@react-native/virtualized-lists/node_modules/react-native)
iOS preview (macos-26 / Xcode 26.2)	UNKNOWN STEP	2026-05-07T18:04:36.1521400Z [RUN_EXPO_DOCTOR]   ├─ react-native@0.83.2 (at: ../../node_modules/expo-font/node_modules/react-native)
iOS preview (macos-26 / Xcode 26.2)	UNKNOWN STEP	2026-05-07T18:04:36.1522210Z [RUN_EXPO_DOCTOR]   ├─ react-native@0.83.2 (at: ../../node_modules/expo-file-system/node_modules/react-native)
iOS preview (macos-26 / Xcode 26.2)	UNKNOWN STEP	2026-05-07T18:04:36.1523010Z [RUN_EXPO_DOCTOR]   ├─ react-native@0.83.2 (at: ../../node_modules/expo-keep-awake/node_modules/react-native)
iOS preview (macos-26 / Xcode 26.2)	UNKNOWN STEP	2026-05-07T18:04:36.1523750Z [RUN_EXPO_DOCTOR]   ├─ react-native@0.83.2 (at: ../../node_modules/expo-asset/node_modules/react-native)
iOS preview (macos-26 / Xcode 26.2)	UNKNOWN STEP	2026-05-07T18:04:36.1524920Z [RUN_EXPO_DOCTOR]   ├─ react-native@0.83.2 (at: ../../node_modules/expo-constants/node_modules/react-native)
iOS preview (macos-26 / Xcode 26.2)	UNKNOWN STEP	2026-05-07T18:04:36.1525770Z [RUN_EXPO_DOCTOR]   ├─ react-native@0.83.2 (at: ../../node_modules/react-native-is-edge-to-edge/node_modules/react-native)
iOS preview (macos-26 / Xcode 26.2)	UNKNOWN STEP	2026-05-07T18:04:36.1526710Z [RUN_EXPO_DOCTOR]   ├─ react-native@0.83.2 (at: ../../node_modules/react-native-worklets/node_modules/react-native)
iOS preview (macos-26 / Xcode 26.2)	UNKNOWN STEP	2026-05-07T18:04:36.1527590Z [RUN_EXPO_DOCTOR]   └─ react-native@0.83.2 (at: ../../node_modules/react-native-vision-camera/node_modules/react-native)
iOS preview (macos-26 / Xcode 26.2)	UNKNOWN STEP	2026-05-07T18:04:36.1528150Z [RUN_EXPO_DOCTOR] Found duplicates for @expo/log-box:
iOS preview (macos-26 / Xcode 26.2)	UNKNOWN STEP	2026-05-07T18:04:36.1528850Z [RUN_EXPO_DOCTOR]   ├─ @expo/log-box@55.0.12 (at: ../../node_modules/@expo/log-box)
iOS preview (macos-26 / Xcode 26.2)	UNKNOWN STEP	2026-05-07T18:04:36.1529850Z [RUN_EXPO_DOCTOR]   ├─ @expo/log-box@55.0.7 (at: ../../node_modules/@expo/log-box/node_modules/@expo/log-box)
iOS preview (macos-26 / Xcode 26.2)	UNKNOWN STEP	2026-05-07T18:04:36.1530640Z [RUN_EXPO_DOCTOR]   ├─ @expo/log-box@55.0.7 (at: ../../node_modules/@expo/dom-webview/node_modules/@expo/log-box)
iOS preview (macos-26 / Xcode 26.2)	UNKNOWN STEP	2026-05-07T18:04:36.1531680Z [RUN_EXPO_DOCTOR]   ├─ @expo/log-box@55.0.7 (at: ../../node_modules/@expo/metro-runtime/node_modules/expo/node_modules/@expo/log-box)
iOS preview (macos-26 / Xcode 26.2)	UNKNOWN STEP	2026-05-07T18:04:36.1540520Z [RUN_EXPO_DOCTOR]   ├─ @expo/log-box@55.0.7 (at: ../../node_modules/expo-font/node_modules/@expo/log-box)
iOS preview (macos-26 / Xcode 26.2)	UNKNOWN STEP	2026-05-07T18:04:36.1541920Z [RUN_EXPO_DOCTOR]   ├─ @expo/log-box@55.0.7 (at: ../../node_modules/expo-file-system/node_modules/@expo/log-box)
iOS preview (macos-26 / Xcode 26.2)	UNKNOWN STEP	2026-05-07T18:04:36.1542950Z [RUN_EXPO_DOCTOR]   ├─ @expo/log-box@55.0.7 (at: ../../node_modules/expo-keep-awake/node_modules/@expo/log-box)
iOS preview (macos-26 / Xcode 26.2)	UNKNOWN STEP	2026-05-07T18:04:36.1544460Z [RUN_EXPO_DOCTOR]   ├─ @expo/log-box@55.0.7 (at: ../../node_modules/expo-asset/node_modules/@expo/log-box)
iOS preview (macos-26 / Xcode 26.2)	UNKNOWN STEP	2026-05-07T18:04:36.1545470Z [RUN_EXPO_DOCTOR]   ├─ @expo/log-box@55.0.7 (at: ../../node_modules/expo-constants/node_modules/@expo/log-box)
iOS preview (macos-26 / Xcode 26.2)	UNKNOWN STEP	2026-05-07T18:04:36.1546400Z [RUN_EXPO_DOCTOR]   ├─ @expo/log-box@55.0.11 (at: ../../node_modules/expo-audio/node_modules/@expo/log-box)
iOS preview (macos-26 / Xcode 26.2)	UNKNOWN STEP	2026-05-07T18:04:36.1547280Z [RUN_EXPO_DOCTOR]   ├─ @expo/log-box@55.0.11 (at: ../../node_modules/expo-haptics/node_modules/@expo/log-box)
iOS preview (macos-26 / Xcode 26.2)	UNKNOWN STEP	2026-05-07T18:04:36.1548250Z [RUN_EXPO_DOCTOR]   ├─ @expo/log-box@55.0.11 (at: ../../node_modules/expo-secure-store/node_modules/@expo/log-box)
iOS preview (macos-26 / Xcode 26.2)	UNKNOWN STEP	2026-05-07T18:04:36.1548980Z [RUN_EXPO_DOCTOR]   └─ @expo/log-box@55.0.11 (at: ../../node_modules/expo-sharing/node_modules/@expo/log-box)
iOS preview (macos-26 / Xcode 26.2)	UNKNOWN STEP	2026-05-07T18:04:36.1549560Z [RUN_EXPO_DOCTOR] Found duplicates for @expo/fingerprint:
iOS preview (macos-26 / Xcode 26.2)	UNKNOWN STEP	2026-05-07T18:04:36.1550300Z [RUN_EXPO_DOCTOR]   ├─ @expo/fingerprint@0.16.7 (at: ../../node_modules/expo/node_modules/@expo/fingerprint)
iOS preview (macos-26 / Xcode 26.2)	UNKNOWN STEP	2026-05-07T18:04:36.1551070Z [RUN_EXPO_DOCTOR]   └─ @expo/fingerprint@0.16.6 (at: ../../node_modules/@expo/fingerprint)
iOS preview (macos-26 / Xcode 26.2)	UNKNOWN STEP	2026-05-07T18:04:36.1551620Z [RUN_EXPO_DOCTOR] Found duplicates for expo-keep-awake:
iOS preview (macos-26 / Xcode 26.2)	UNKNOWN STEP	2026-05-07T18:04:36.1584300Z [RUN_EXPO_DOCTOR] Command "expo doctor" failed.
iOS preview (macos-26 / Xcode 26.2)	UNKNOWN STEP	2026-05-07T18:04:36.1585060Z [RUN_EXPO_DOCTOR]   ├─ expo-keep-awake@55.0.8 (at: ../../node_modules/expo/node_modules/expo-keep-awake)
iOS preview (macos-26 / Xcode 26.2)	UNKNOWN STEP	2026-05-07T18:04:36.1585720Z [RUN_EXPO_DOCTOR]   ├─ expo-keep-awake@55.0.4 (at: ../../node_modules/expo-keep-awake)
iOS preview (macos-26 / Xcode 26.2)	UNKNOWN STEP	2026-05-07T18:04:36.1586170Z Error: npx -y expo-doctor exited with non-zero code: 1
iOS preview (macos-26 / Xcode 26.2)	UNKNOWN STEP	2026-05-07T18:04:36.1586770Z     at ChildProcess.completionListener (/Users/runner/.npm/_npx/0917d8cd6fe7b3c5/node_modules/@expo/spawn-async/build/spawnAsync.js:42:23)
iOS preview (macos-26 / Xcode 26.2)	UNKNOWN STEP	2026-05-07T18:04:36.1587290Z     at Object.onceWrapper (node:events:634:26)
iOS preview (macos-26 / Xcode 26.2)	UNKNOWN STEP	2026-05-07T18:04:36.1587570Z     at ChildProcess.emit (node:events:519:28)
iOS preview (macos-26 / Xcode 26.2)	UNKNOWN STEP	2026-05-07T18:04:36.1587980Z     at maybeClose (node:internal/child_process:1101:16)
iOS preview (macos-26 / Xcode 26.2)	UNKNOWN STEP	2026-05-07T18:04:36.1588330Z     at Socket.<anonymous> (node:internal/child_process:456:11)
iOS preview (macos-26 / Xcode 26.2)	UNKNOWN STEP	2026-05-07T18:04:36.1588610Z     at Socket.emit (node:events:519:28)
iOS preview (macos-26 / Xcode 26.2)	UNKNOWN STEP	2026-05-07T18:04:36.1588860Z     at Pipe.<anonymous> (node:net:346:12)
iOS preview (macos-26 / Xcode 26.2)	UNKNOWN STEP	2026-05-07T18:04:36.1589030Z     ...
iOS preview (macos-26 / Xcode 26.2)	UNKNOWN STEP	2026-05-07T18:04:36.1589420Z     at spawnAsync (/Users/runner/.npm/_npx/0917d8cd6fe7b3c5/node_modules/@expo/spawn-async/build/spawnAsync.js:7:23)
iOS preview (macos-26 / Xcode 26.2)	UNKNOWN STEP	2026-05-07T18:04:36.1590560Z     at spawn (/Users/runner/.npm/_npx/0917d8cd6fe7b3c5/node_modules/@expo/turtle-spawn/dist/index.js:16:47)
iOS preview (macos-26 / Xcode 26.2)	UNKNOWN STEP	2026-05-07T18:04:36.1591230Z     at runExpoDoctor (/Users/runner/.npm/_npx/0917d8cd6fe7b3c5/node_modules/@expo/build-tools/dist/common/setup.js:139:52)
iOS preview (macos-26 / Xcode 26.2)	UNKNOWN STEP	2026-05-07T18:04:36.1591900Z     at async /Users/runner/.npm/_npx/0917d8cd6fe7b3c5/node_modules/@expo/build-tools/dist/common/setup.js:118:17
iOS preview (macos-26 / Xcode 26.2)	UNKNOWN STEP	2026-05-07T18:04:36.1592630Z     at async BuildContext.runBuildPhase (/Users/runner/.npm/_npx/0917d8cd6fe7b3c5/node_modules/@expo/build-tools/dist/context.js:127:28)
iOS preview (macos-26 / Xcode 26.2)	UNKNOWN STEP	2026-05-07T18:04:36.1593370Z     at async setupAsync (/Users/runner/.npm/_npx/0917d8cd6fe7b3c5/node_modules/@expo/build-tools/dist/common/setup.js:116:9)
iOS preview (macos-26 / Xcode 26.2)	UNKNOWN STEP	2026-05-07T18:04:36.1595040Z     at async buildAsync (/Users/runner/.npm/_npx/0917d8cd6fe7b3c5/node_modules/@expo/build-tools/dist/builders/ios.js:51:5)
iOS preview (macos-26 / Xcode 26.2)	UNKNOWN STEP	2026-05-07T18:04:36.1595810Z     at async runBuilderWithHooksAsync (/Users/runner/.npm/_npx/0917d8cd6fe7b3c5/node_modules/@expo/build-tools/dist/builders/common.js:12:13)
iOS preview (macos-26 / Xcode 26.2)	UNKNOWN STEP	2026-05-07T18:04:36.1596580Z     at async Object.iosBuilder (/Users/runner/.npm/_npx/0917d8cd6fe7b3c5/node_modules/@expo/build-tools/dist/builders/ios.js:38:16)
iOS preview (macos-26 / Xcode 26.2)	UNKNOWN STEP	2026-05-07T18:04:36.1597320Z     at async buildIosAsync (/Users/runner/.npm/_npx/0917d8cd6fe7b3c5/node_modules/eas-cli-local-build-plugin/dist/ios.js:43:12)
iOS preview (macos-26 / Xcode 26.2)	UNKNOWN STEP	2026-05-07T18:04:36.1598190Z [RUN_EXPO_DOCTOR]   ├─ expo-keep-awake@55.0.6 (at: ../../node_modules/expo-audio/node_modules/expo-keep-awake)
iOS preview (macos-26 / Xcode 26.2)	UNKNOWN STEP	2026-05-07T18:04:36.1598970Z [RUN_EXPO_DOCTOR]   ├─ expo-keep-awake@55.0.6 (at: ../../node_modules/expo-haptics/node_modules/expo-keep-awake)
iOS preview (macos-26 / Xcode 26.2)	UNKNOWN STEP	2026-05-07T18:04:36.1600050Z [RUN_EXPO_DOCTOR]   ├─ expo-keep-awake@55.0.6 (at: ../../node_modules/expo-secure-store/node_modules/expo-keep-awake)
iOS preview (macos-26 / Xcode 26.2)	UNKNOWN STEP	2026-05-07T18:04:36.1602530Z [RUN_EXPO_DOCTOR]   └─ expo-keep-awake@55.0.6 (at: ../../node_modules/expo-sharing/node_modules/expo-keep-awake)
iOS preview (macos-26 / Xcode 26.2)	UNKNOWN STEP	2026-05-07T18:04:36.1603760Z [RUN_EXPO_DOCTOR] Found duplicates for expo-modules-core:
iOS preview (macos-26 / Xcode 26.2)	UNKNOWN STEP	2026-05-07T18:04:36.1604500Z [RUN_EXPO_DOCTOR]   ├─ expo-modules-core@55.0.25 (at: ../../node_modules/expo/node_modules/expo-modules-core)
iOS preview (macos-26 / Xcode 26.2)	UNKNOWN STEP	2026-05-07T18:04:36.1605750Z [RUN_EXPO_DOCTOR]   ├─ expo-modules-core@55.0.17 (at: ../../node_modules/@expo/metro-runtime/node_modules/expo-modules-core)
iOS preview (macos-26 / Xcode 26.2)	UNKNOWN STEP	2026-05-07T18:04:36.1607130Z [RUN_EXPO_DOCTOR]   ├─ expo-modules-core@55.0.17 (at: ../../node_modules/@expo/log-box/node_modules/expo-modules-core)
iOS preview (macos-26 / Xcode 26.2)	UNKNOWN STEP	2026-05-07T18:04:36.1608710Z [RUN_EXPO_DOCTOR]   ├─ expo-modules-core@55.0.17 (at: ../../node_modules/@expo/dom-webview/node_modules/expo-modules-core)
iOS preview (macos-26 / Xcode 26.2)	UNKNOWN STEP	2026-05-07T18:04:36.1609880Z [RUN_EXPO_DOCTOR]   ├─ expo-modules-core@55.0.17 (at: ../../node_modules/expo-font/node_modules/expo-modules-core)
iOS preview (macos-26 / Xcode 26.2)	UNKNOWN STEP	2026-05-07T18:04:36.1610680Z [RUN_EXPO_DOCTOR]   ├─ expo-modules-core@55.0.17 (at: ../../node_modules/expo-file-system/node_modules/expo-modules-core)
iOS preview (macos-26 / Xcode 26.2)	UNKNOWN STEP	2026-05-07T18:04:36.1611470Z [RUN_EXPO_DOCTOR]   ├─ expo-modules-core@55.0.17 (at: ../../node_modules/expo-keep-awake/node_modules/expo-modules-core)
iOS preview (macos-26 / Xcode 26.2)	UNKNOWN STEP	2026-05-07T18:04:36.1612220Z [RUN_EXPO_DOCTOR]   ├─ expo-modules-core@55.0.17 (at: ../../node_modules/expo-asset/node_modules/expo-modules-core)
iOS preview (macos-26 / Xcode 26.2)	UNKNOWN STEP	2026-05-07T18:04:36.1612970Z [RUN_EXPO_DOCTOR]   ├─ expo-modules-core@55.0.17 (at: ../../node_modules/expo-constants/node_modules/expo-modules-core)
iOS preview (macos-26 / Xcode 26.2)	UNKNOWN STEP	2026-05-07T18:04:36.1613920Z [RUN_EXPO_DOCTOR]   └─ expo-modules-core@55.0.23 (at: ../../node_modules/expo-modules-core)
iOS preview (macos-26 / Xcode 26.2)	UNKNOWN STEP	2026-05-07T18:04:36.1614280Z [RUN_EXPO_DOCTOR] Advice:
iOS preview (macos-26 / Xcode 26.2)	UNKNOWN STEP	2026-05-07T18:04:36.1614850Z [RUN_EXPO_DOCTOR] Your node_modules folder may be corrupted. Multiple copies of the same version exist for: expo-constants.
iOS preview (macos-26 / Xcode 26.2)	UNKNOWN STEP	2026-05-07T18:04:36.1615580Z [RUN_EXPO_DOCTOR] - Try deleting your node_modules folders and reinstall your dependencies after.
iOS preview (macos-26 / Xcode 26.2)	UNKNOWN STEP	2026-05-07T18:04:36.1616240Z [RUN_EXPO_DOCTOR] - If this error persists, delete your node_modules as well as your lockfile and reinstall.
iOS preview (macos-26 / Xcode 26.2)	UNKNOWN STEP	2026-05-07T18:04:36.1617270Z [RUN_EXPO_DOCTOR] Resolve your dependency issues and deduplicate your dependencies. Learn more: https://expo.fyi/resolving-dependency-issues
iOS preview (macos-26 / Xcode 26.2)	UNKNOWN STEP	2026-05-07T18:04:36.1617740Z [RUN_EXPO_DOCTOR] 
iOS preview (macos-26 / Xcode 26.2)	UNKNOWN STEP	2026-05-07T18:04:36.1618170Z [RUN_EXPO_DOCTOR] ✖ Check that packages match versions required by installed Expo SDK
iOS preview (macos-26 / Xcode 26.2)	UNKNOWN STEP	2026-05-07T18:04:36.1618480Z [RUN_EXPO_DOCTOR] 
iOS preview (macos-26 / Xcode 26.2)	UNKNOWN STEP	2026-05-07T18:04:36.1618830Z [RUN_EXPO_DOCTOR] ❗ Major version mismatches
iOS preview (macos-26 / Xcode 26.2)	UNKNOWN STEP	2026-05-07T18:04:36.1619150Z [RUN_EXPO_DOCTOR] package               expected  found  
iOS preview (macos-26 / Xcode 26.2)	UNKNOWN STEP	2026-05-07T18:04:36.1619760Z [RUN_EXPO_DOCTOR] @sentry/react-native  ~7.11.0   8.7.0  
iOS preview (macos-26 / Xcode 26.2)	UNKNOWN STEP	2026-05-07T18:04:36.1620000Z [RUN_EXPO_DOCTOR] 
iOS preview (macos-26 / Xcode 26.2)	UNKNOWN STEP	2026-05-07T18:04:36.1620150Z [RUN_EXPO_DOCTOR] 
iOS preview (macos-26 / Xcode 26.2)	UNKNOWN STEP	2026-05-07T18:04:36.1620310Z [RUN_EXPO_DOCTOR] 
iOS preview (macos-26 / Xcode 26.2)	UNKNOWN STEP	2026-05-07T18:04:36.1620530Z [RUN_EXPO_DOCTOR] 1 package out of date.
iOS preview (macos-26 / Xcode 26.2)	UNKNOWN STEP	2026-05-07T18:04:36.1621010Z [RUN_EXPO_DOCTOR] Advice:
iOS preview (macos-26 / Xcode 26.2)	UNKNOWN STEP	2026-05-07T18:04:36.1621430Z [RUN_EXPO_DOCTOR] Use 'npx expo install --check' to review and upgrade your dependencies.
iOS preview (macos-26 / Xcode 26.2)	UNKNOWN STEP	2026-05-07T18:04:36.1622740Z [RUN_EXPO_DOCTOR] To ignore specific packages, add them to "expo.install.exclude" in package.json. Learn more: https://expo.fyi/dependency-validation
iOS preview (macos-26 / Xcode 26.2)	UNKNOWN STEP	2026-05-07T18:04:36.1623390Z [PREPARE_CREDENTIALS] Preparing credentials
iOS preview (macos-26 / Xcode 26.2)	UNKNOWN STEP	2026-05-07T18:04:36.1623670Z [PREPARE_CREDENTIALS] Creating keychain
iOS preview (macos-26 / Xcode 26.2)	UNKNOWN STEP	2026-05-07T18:04:38.1257180Z [PREPARE_CREDENTIALS] Preparing credentials for target 'FisioFlowPro'
iOS preview (macos-26 / Xcode 26.2)	UNKNOWN STEP	2026-05-07T18:04:38.1258530Z [PREPARE_CREDENTIALS] Getting distribution certificate fingerprint and common name
iOS preview (macos-26 / Xcode 26.2)	UNKNOWN STEP	2026-05-07T18:04:38.1695640Z [PREPARE_CREDENTIALS] Fingerprint = "457342B2A7B7FB68F81BCF8D61DCC6C1F24B6764", common name = iPhone Distribution: Rafael De Martino (G7FDW933SF)
iOS preview (macos-26 / Xcode 26.2)	UNKNOWN STEP	2026-05-07T18:04:38.1705810Z [PREPARE_CREDENTIALS] Writing distribution certificate to /var/folders/dy/3g4vbvsx7lx51x77m3_b20cc0000gn/T/d96c9398-079f-457a-9257-cc26e02bb9b9.p12
iOS preview (macos-26 / Xcode 26.2)	UNKNOWN STEP	2026-05-07T18:04:38.1707080Z [PREPARE_CREDENTIALS] Importing distribution certificate into the keychain
iOS preview (macos-26 / Xcode 26.2)	UNKNOWN STEP	2026-05-07T18:04:39.4363220Z [PREPARE_CREDENTIALS] Initializing provisioning profile
iOS preview (macos-26 / Xcode 26.2)	UNKNOWN STEP	2026-05-07T18:04:39.4822800Z [PREPARE_CREDENTIALS] Validating whether the distribution certificate has been imported successfully
iOS preview (macos-26 / Xcode 26.2)	UNKNOWN STEP	2026-05-07T18:04:39.5333600Z [PREPARE_CREDENTIALS] Verifying whether the distribution certificate and provisioning profile match
iOS preview (macos-26 / Xcode 26.2)	UNKNOWN STEP	2026-05-07T18:04:39.9355510Z [PREBUILD] The ios project is malformed, project files will be cleared and reinitialized.
iOS preview (macos-26 / Xcode 26.2)	UNKNOWN STEP	2026-05-07T18:04:39.9899790Z [PREBUILD] - Clearing ios
iOS preview (macos-26 / Xcode 26.2)	UNKNOWN STEP	2026-05-07T18:04:39.9937830Z [PREBUILD] ✔ Cleared ios code
iOS preview (macos-26 / Xcode 26.2)	UNKNOWN STEP	2026-05-07T18:04:39.9988300Z [PREBUILD] - Creating native directory (./ios)
iOS preview (macos-26 / Xcode 26.2)	UNKNOWN STEP	2026-05-07T18:04:40.0979110Z [PREBUILD] ✔ Created native directory
iOS preview (macos-26 / Xcode 26.2)	UNKNOWN STEP	2026-05-07T18:04:40.0979720Z [PREBUILD] - Updating package.json
iOS preview (macos-26 / Xcode 26.2)	UNKNOWN STEP	2026-05-07T18:04:40.1011760Z [PREBUILD] ✔ Updated package.json | no changes
iOS preview (macos-26 / Xcode 26.2)	UNKNOWN STEP	2026-05-07T18:04:40.1012040Z [PREBUILD] - Running prebuild
iOS preview (macos-26 / Xcode 26.2)	UNKNOWN STEP	2026-05-07T18:04:42.0600390Z [PREBUILD] ✔ Finished prebuild
iOS preview (macos-26 / Xcode 26.2)	UNKNOWN STEP	2026-05-07T18:04:42.0818850Z [PREBUILD] We detected that 'apps/professional-app' is a pnpm workspace
iOS preview (macos-26 / Xcode 26.2)	UNKNOWN STEP	2026-05-07T18:04:42.0821090Z [PREBUILD] Running "pnpm install --no-frozen-lockfile" in /var/folders/dy/3g4vbvsx7lx51x77m3_b20cc0000gn/T/eas-build-local-nodejs/746ae97a-55e5-4761-923f-3bbe8932e842/build directory
iOS preview (macos-26 / Xcode 26.2)	UNKNOWN STEP	2026-05-07T18:04:42.3030650Z [PREBUILD] Scope: all 8 workspace projects
iOS preview (macos-26 / Xcode 26.2)	UNKNOWN STEP	2026-05-07T18:04:42.8652690Z [PREBUILD] Progress: resolved 1, reused 0, downloaded 0, added 0
iOS preview (macos-26 / Xcode 26.2)	UNKNOWN STEP	2026-05-07T18:04:43.8676160Z [PREBUILD] Progress: resolved 3, reused 0, downloaded 0, added 0
iOS preview (macos-26 / Xcode 26.2)	UNKNOWN STEP	2026-05-07T18:04:44.8722330Z [PREBUILD] Progress: resolved 10, reused 0, downloaded 0, added 0
iOS preview (macos-26 / Xcode 26.2)	UNKNOWN STEP	2026-05-07T18:04:45.8724270Z [PREBUILD] Progress: resolved 113, reused 0, downloaded 0, added 0
iOS preview (macos-26 / Xcode 26.2)	UNKNOWN STEP	2026-05-07T18:04:46.8749020Z [PREBUILD] Progress: resolved 153, reused 0, downloaded 0, added 0
iOS preview (macos-26 / Xcode 26.2)	UNKNOWN STEP	2026-05-07T18:04:47.8779450Z [PREBUILD] Progress: resolved 157, reused 0, downloaded 0, added 0
iOS preview (macos-26 / Xcode 26.2)	UNKNOWN STEP	2026-05-07T18:04:48.8798120Z [PREBUILD] Progress: resolved 202, reused 0, downloaded 0, added 0
iOS preview (macos-26 / Xcode 26.2)	UNKNOWN STEP	2026-05-07T18:04:49.8831010Z [PREBUILD] Progress: resolved 228, reused 0, downloaded 0, added 0
iOS preview (macos-26 / Xcode 26.2)	UNKNOWN STEP	2026-05-07T18:04:50.8885590Z [PREBUILD] Progress: resolved 237, reused 0, downloaded 0, added 0
iOS preview (macos-26 / Xcode 26.2)	UNKNOWN STEP	2026-05-07T18:04:51.8917470Z [PREBUILD] Progress: resolved 270, reused 0, downloaded 0, added 0
iOS preview (macos-26 / Xcode 26.2)	UNKNOWN STEP	2026-05-07T18:04:52.8919940Z [PREBUILD] Progress: resolved 493, reused 0, downloaded 0, added 0
iOS preview (macos-26 / Xcode 26.2)	UNKNOWN STEP	2026-05-07T18:04:53.8939120Z [PREBUILD] Progress: resolved 608, reused 0, downloaded 0, added 0
iOS preview (macos-26 / Xcode 26.2)	UNKNOWN STEP	2026-05-07T18:04:54.8964130Z [PREBUILD] Progress: resolved 615, reused 0, downloaded 0, added 0
iOS preview (macos-26 / Xcode 26.2)	UNKNOWN STEP	2026-05-07T18:04:55.8961750Z [PREBUILD] Progress: resolved 675, reused 0, downloaded 0, added 0
iOS preview (macos-26 / Xcode 26.2)	UNKNOWN STEP	2026-05-07T18:04:56.8961870Z [PREBUILD] Progress: resolved 755, reused 0, downloaded 0, added 0
iOS preview (macos-26 / Xcode 26.2)	UNKNOWN STEP	2026-05-07T18:04:57.8970930Z [PREBUILD] Progress: resolved 901, reused 0, downloaded 0, added 0
iOS preview (macos-26 / Xcode 26.2)	UNKNOWN STEP	2026-05-07T18:04:58.8995400Z [PREBUILD] Progress: resolved 1098, reused 0, downloaded 0, added 0
iOS preview (macos-26 / Xcode 26.2)	UNKNOWN STEP	2026-05-07T18:04:59.9012600Z [PREBUILD] Progress: resolved 1271, reused 0, downloaded 0, added 0
iOS preview (macos-26 / Xcode 26.2)	UNKNOWN STEP	2026-05-07T18:05:00.9032690Z [PREBUILD] Progress: resolved 1688, reused 0, downloaded 0, added 0
iOS preview (macos-26 / Xcode 26.2)	UNKNOWN STEP	2026-05-07T18:05:01.9034960Z [PREBUILD] Progress: resolved 1963, reused 0, downloaded 0, added 0
iOS preview (macos-26 / Xcode 26.2)	UNKNOWN STEP	2026-05-07T18:05:02.9053460Z [PREBUILD] Progress: resolved 2331, reused 0, downloaded 0, added 0
iOS preview (macos-26 / Xcode 26.2)	UNKNOWN STEP	2026-05-07T18:05:03.9095570Z [PREBUILD] Progress: resolved 2405, reused 0, downloaded 0, added 0
iOS preview (macos-26 / Xcode 26.2)	UNKNOWN STEP	2026-05-07T18:05:04.6328010Z [PREBUILD] apps/professional-app                    |  WARN  deprecated react-server-dom-webpack@19.2.4
iOS preview (macos-26 / Xcode 26.2)	UNKNOWN STEP	2026-05-07T18:05:04.9455790Z [PREBUILD] Progress: resolved 2415, reused 0, downloaded 0, added 0
iOS preview (macos-26 / Xcode 26.2)	UNKNOWN STEP	2026-05-07T18:05:05.9233100Z [PREBUILD] Progress: resolved 2476, reused 0, downloaded 0, added 0
iOS preview (macos-26 / Xcode 26.2)	UNKNOWN STEP	2026-05-07T18:05:13.8510910Z [PREBUILD] Progress: resolved 2477, reused 0, downloaded 0, added 0
iOS preview (macos-26 / Xcode 26.2)	UNKNOWN STEP	2026-05-07T18:05:16.6113870Z [PREBUILD] WARN  34 deprecated subdependencies found: @esbuild-kit/core-utils@3.3.2, @esbuild-kit/esm-loader@2.6.5, @react-email/body@0.3.0, @react-email/button@0.2.1, @react-email/code-block@0.2.1, @react-email/code-inline@0.0.6, @react-email/column@0.0.14, @react-email/components@1.0.10, @react-email/container@0.0.16, @react-email/font@0.0.10, @react-email/head@0.0.13, @react-email/heading@0.0.16, @react-email/hr@0.0.12, @react-email/html@0.0.12, @react-email/img@0.0.12, @react-email/link@0.0.13, @react-email/markdown@0.0.18, @react-email/preview@0.0.14, @react-email/row@0.0.13, @react-email/section@0.0.17, @react-email/tailwind@2.0.6, @react-email/text@0.1.6, @ungap/structured-clone@1.3.0, abab@2.0.6, domexception@4.0.0, fstream@1.0.12, glob@10.5.0, glob@7.2.3, inflight@1.0.6, lodash.isequal@4.5.0, rimraf@2.7.1, rimraf@3.0.2, whatwg-encoding@2.0.0, whatwg-encoding@3.1.1
iOS preview (macos-26 / Xcode 26.2)	UNKNOWN STEP	2026-05-07T18:05:16.7801500Z [PREBUILD] Progress: resolved 2515, reused 0, downloaded 0, added 0
iOS preview (macos-26 / Xcode 26.2)	UNKNOWN STEP	2026-05-07T18:05:16.8248990Z [PREBUILD] WARN  Issues with peer dependencies found
iOS preview (macos-26 / Xcode 26.2)	UNKNOWN STEP	2026-05-07T18:05:16.8304780Z [PREBUILD] .
iOS preview (macos-26 / Xcode 26.2)	UNKNOWN STEP	2026-05-07T18:05:16.8307830Z [PREBUILD] ├─┬ @tiptap/extensions 3.21.0
iOS preview (macos-26 / Xcode 26.2)	UNKNOWN STEP	2026-05-07T18:05:16.8316930Z [PREBUILD] │ ├── ✕ unmet peer @tiptap/pm@^3.21.0: found 3.20.5
iOS preview (macos-26 / Xcode 26.2)	UNKNOWN STEP	2026-05-07T18:05:16.8317580Z [PREBUILD] │ └── ✕ unmet peer @tiptap/core@^3.21.0: found 3.20.5
iOS preview (macos-26 / Xcode 26.2)	UNKNOWN STEP	2026-05-07T18:05:16.8318130Z [PREBUILD] ├─┬ @tiptap/extension-list 3.21.0
iOS preview (macos-26 / Xcode 26.2)	UNKNOWN STEP	2026-05-07T18:05:16.8319790Z [PREBUILD] │ ├── ✕ unmet peer @tiptap/pm@^3.21.0: found 3.20.5
iOS preview (macos-26 / Xcode 26.2)	UNKNOWN STEP	2026-05-07T18:05:16.8328160Z [PREBUILD] │ └── ✕ unmet peer @tiptap/core@^3.21.0: found 3.20.5
iOS preview (macos-26 / Xcode 26.2)	UNKNOWN STEP	2026-05-07T18:05:16.8329650Z [PREBUILD] ├─┬ @tiptap/extension-code-block 3.21.0
iOS preview (macos-26 / Xcode 26.2)	UNKNOWN STEP	2026-05-07T18:05:16.8330180Z [PREBUILD] │ ├── ✕ unmet peer @tiptap/pm@^3.21.0: found 3.20.5
iOS preview (macos-26 / Xcode 26.2)	UNKNOWN STEP	2026-05-07T18:05:16.8330760Z [PREBUILD] │ └── ✕ unmet peer @tiptap/core@^3.21.0: found 3.20.5
iOS preview (macos-26 / Xcode 26.2)	UNKNOWN STEP	2026-05-07T18:05:16.8331230Z [PREBUILD] ├─┬ @better-auth/passkey 1.5.3
iOS preview (macos-26 / Xcode 26.2)	UNKNOWN STEP	2026-05-07T18:05:16.8331820Z [PREBUILD] │ └── ✕ unmet peer @better-auth/core@1.5.3: found 1.5.6
iOS preview (macos-26 / Xcode 26.2)	UNKNOWN STEP	2026-05-07T18:05:16.8332370Z [PREBUILD] └─┬ @neondatabase/neon-js 0.2.0-beta.1
iOS preview (macos-26 / Xcode 26.2)	UNKNOWN STEP	2026-05-07T18:05:16.8332860Z [PREBUILD]   └─┬ @supabase/postgres-meta 0.93.1
iOS preview (macos-26 / Xcode 26.2)	UNKNOWN STEP	2026-05-07T18:05:16.8333440Z [PREBUILD]     └─┬ @supabase/pg 0.0.3
iOS preview (macos-26 / Xcode 26.2)	UNKNOWN STEP	2026-05-07T18:05:16.8333910Z [PREBUILD]       └─┬ pg-pool 3.13.0
iOS preview (macos-26 / Xcode 26.2)	UNKNOWN STEP	2026-05-07T18:05:16.8334650Z [PREBUILD]         └── ✕ unmet peer pg@>=8.0: found 0.0.3 in @supabase/postgres-meta
iOS preview (macos-26 / Xcode 26.2)	UNKNOWN STEP	2026-05-07T18:05:16.8335110Z [PREBUILD] 
iOS preview (macos-26 / Xcode 26.2)	UNKNOWN STEP	2026-05-07T18:05:16.8335430Z [PREBUILD] apps/patient-app
iOS preview (macos-26 / Xcode 26.2)	UNKNOWN STEP	2026-05-07T18:05:16.8335780Z [PREBUILD] ├─┬ expo 55.0.18
iOS preview (macos-26 / Xcode 26.2)	UNKNOWN STEP	2026-05-07T18:05:16.8336230Z [PREBUILD] │ └─┬ @expo/log-box 55.0.11
iOS preview (macos-26 / Xcode 26.2)	UNKNOWN STEP	2026-05-07T18:05:16.8336740Z [PREBUILD] │   └── ✕ unmet peer @expo/dom-webview@^55.0.5: found 55.0.3
iOS preview (macos-26 / Xcode 26.2)	UNKNOWN STEP	2026-05-07T18:05:16.8341060Z [PREBUILD] ├─┬ @expo/metro-runtime 55.0.11
iOS preview (macos-26 / Xcode 26.2)	UNKNOWN STEP	2026-05-07T18:05:16.8341550Z [PREBUILD] │ └─┬ @expo/log-box 55.0.12
iOS preview (macos-26 / Xcode 26.2)	UNKNOWN STEP	2026-05-07T18:05:16.8342030Z [PREBUILD] │   └── ✕ unmet peer @expo/dom-webview@^55.0.6: found 55.0.3
iOS preview (macos-26 / Xcode 26.2)	UNKNOWN STEP	2026-05-07T18:05:16.8342510Z [PREBUILD] └─┬ expo-router 55.0.13
iOS preview (macos-26 / Xcode 26.2)	UNKNOWN STEP	2026-05-07T18:05:16.8343120Z [PREBUILD]   └── ✕ unmet peer @testing-library/react-native@">= 13.2.0": found 12.9.0
iOS preview (macos-26 / Xcode 26.2)	UNKNOWN STEP	2026-05-07T18:05:16.8353570Z [PREBUILD] 
iOS preview (macos-26 / Xcode 26.2)	UNKNOWN STEP	2026-05-07T18:05:16.8354260Z [PREBUILD] apps/professional-app
iOS preview (macos-26 / Xcode 26.2)	UNKNOWN STEP	2026-05-07T18:05:16.8355380Z [PREBUILD] ├─┬ @expo/metro-runtime 55.0.11
iOS preview (macos-26 / Xcode 26.2)	UNKNOWN STEP	2026-05-07T18:05:16.8356730Z [PREBUILD] │ └─┬ @expo/log-box 55.0.12
iOS preview (macos-26 / Xcode 26.2)	UNKNOWN STEP	2026-05-07T18:05:16.8357230Z [PREBUILD] │   └── ✕ unmet peer @expo/dom-webview@^55.0.6: found 55.0.3
iOS preview (macos-26 / Xcode 26.2)	UNKNOWN STEP	2026-05-07T18:05:16.8357640Z [PREBUILD] ├─┬ expo-router 55.0.14
iOS preview (macos-26 / Xcode 26.2)	UNKNOWN STEP	2026-05-07T18:05:16.8358240Z [PREBUILD] │ └── ✕ unmet peer @testing-library/react-native@">= 13.2.0": found 12.9.0
iOS preview (macos-26 / Xcode 26.2)	UNKNOWN STEP	2026-05-07T18:05:16.8358710Z [PREBUILD] └─┬ expo-camera 55.0.18
iOS preview (macos-26 / Xcode 26.2)	UNKNOWN STEP	2026-05-07T18:05:16.8359060Z [PREBUILD]   └─┬ barcode-detector 3.1.1
iOS preview (macos-26 / Xcode 26.2)	UNKNOWN STEP	2026-05-07T18:05:16.8359720Z [PREBUILD]     └─┬ zxing-wasm 3.0.1
iOS preview (macos-26 / Xcode 26.2)	UNKNOWN STEP	2026-05-07T18:05:16.8361400Z [PREBUILD]       └── ✕ unmet peer @types/emscripten@>=1.39.6: found 0.0.34
iOS preview (macos-26 / Xcode 26.2)	UNKNOWN STEP	2026-05-07T18:05:24.1319740Z [PREBUILD] Packages: +775 -2983
iOS preview (macos-26 / Xcode 26.2)	UNKNOWN STEP	2026-05-07T18:05:24.1422350Z [PREBUILD] ++++++++++++++++----------------------------------------------------------------
iOS preview (macos-26 / Xcode 26.2)	UNKNOWN STEP	2026-05-07T18:05:24.3012960Z [PREBUILD] Progress: resolved 2515, reused 0, downloaded 1, added 0
iOS preview (macos-26 / Xcode 26.2)	UNKNOWN STEP	2026-05-07T18:05:25.3458700Z [PREBUILD] Progress: resolved 2515, reused 0, downloaded 4, added 0
iOS preview (macos-26 / Xcode 26.2)	UNKNOWN STEP	2026-05-07T18:05:26.3485120Z [PREBUILD] Progress: resolved 2515, reused 0, downloaded 9, added 0
iOS preview (macos-26 / Xcode 26.2)	UNKNOWN STEP	2026-05-07T18:05:27.3596370Z [PREBUILD] Progress: resolved 2515, reused 0, downloaded 11, added 0
iOS preview (macos-26 / Xcode 26.2)	UNKNOWN STEP	2026-05-07T18:05:28.3526920Z [PREBUILD] Progress: resolved 2515, reused 0, downloaded 13, added 0
iOS preview (macos-26 / Xcode 26.2)	UNKNOWN STEP	2026-05-07T18:05:29.8099130Z [PREBUILD] Progress: resolved 2515, reused 0, downloaded 14, added 0
iOS preview (macos-26 / Xcode 26.2)	UNKNOWN STEP	2026-05-07T18:05:30.8051850Z [PREBUILD] Progress: resolved 2515, reused 17, downloaded 16, added 0
iOS preview (macos-26 / Xcode 26.2)	UNKNOWN STEP	2026-05-07T18:05:31.8086700Z [PREBUILD] Progress: resolved 2515, reused 19, downloaded 16, added 0
iOS preview (macos-26 / Xcode 26.2)	UNKNOWN STEP	2026-05-07T18:05:32.8058170Z [PREBUILD] Progress: resolved 2515, reused 62, downloaded 16, added 0
iOS preview (macos-26 / Xcode 26.2)	UNKNOWN STEP	2026-05-07T18:05:33.8068370Z [PREBUILD] Progress: resolved 2515, reused 99, downloaded 16, added 0
iOS preview (macos-26 / Xcode 26.2)	UNKNOWN STEP	2026-05-07T18:05:34.8074140Z [PREBUILD] Progress: resolved 2515, reused 157, downloaded 16, added 0
iOS preview (macos-26 / Xcode 26.2)	UNKNOWN STEP	2026-05-07T18:05:35.8116820Z [PREBUILD] Progress: resolved 2515, reused 200, downloaded 16, added 0
iOS preview (macos-26 / Xcode 26.2)	UNKNOWN STEP	2026-05-07T18:05:36.8153470Z [PREBUILD] Progress: resolved 2515, reused 221, downloaded 16, added 0
iOS preview (macos-26 / Xcode 26.2)	UNKNOWN STEP	2026-05-07T18:05:38.1020660Z [PREBUILD] Progress: resolved 2515, reused 222, downloaded 16, added 0
iOS preview (macos-26 / Xcode 26.2)	UNKNOWN STEP	2026-05-07T18:05:39.1044570Z [PREBUILD] Progress: resolved 2515, reused 248, downloaded 19, added 0
iOS preview (macos-26 / Xcode 26.2)	UNKNOWN STEP	2026-05-07T18:05:40.1079100Z [PREBUILD] Progress: resolved 2515, reused 248, downloaded 29, added 0
iOS preview (macos-26 / Xcode 26.2)	UNKNOWN STEP	2026-05-07T18:05:41.1078800Z [PREBUILD] Progress: resolved 2515, reused 248, downloaded 32, added 0
iOS preview (macos-26 / Xcode 26.2)	UNKNOWN STEP	2026-05-07T18:05:44.9582020Z [PREBUILD] Progress: resolved 2515, reused 248, downloaded 33, added 0
iOS preview (macos-26 / Xcode 26.2)	UNKNOWN STEP	2026-05-07T18:05:45.9685240Z [PREBUILD] Progress: resolved 2515, reused 248, downloaded 39, added 0
iOS preview (macos-26 / Xcode 26.2)	UNKNOWN STEP	2026-05-07T18:05:46.9627540Z [PREBUILD] Progress: resolved 2515, reused 248, downloaded 48, added 0
iOS preview (macos-26 / Xcode 26.2)	UNKNOWN STEP	2026-05-07T18:05:47.9623330Z [PREBUILD] Progress: resolved 2515, reused 248, downloaded 58, added 0
iOS preview (macos-26 / Xcode 26.2)	UNKNOWN STEP	2026-05-07T18:05:48.9660050Z [PREBUILD] Progress: resolved 2515, reused 248, downloaded 62, added 0
iOS preview (macos-26 / Xcode 26.2)	UNKNOWN STEP	2026-05-07T18:05:49.9687650Z [PREBUILD] Progress: resolved 2515, reused 248, downloaded 70, added 0
iOS preview (macos-26 / Xcode 26.2)	UNKNOWN STEP	2026-05-07T18:05:50.9697310Z [PREBUILD] Progress: resolved 2515, reused 248, downloaded 86, added 0
iOS preview (macos-26 / Xcode 26.2)	UNKNOWN STEP	2026-05-07T18:05:51.9723450Z [PREBUILD] Progress: resolved 2515, reused 248, downloaded 95, added 0
iOS preview (macos-26 / Xcode 26.2)	UNKNOWN STEP	2026-05-07T18:05:52.9746160Z [PREBUILD] Progress: resolved 2515, reused 248, downloaded 104, added 0
iOS preview (macos-26 / Xcode 26.2)	UNKNOWN STEP	2026-05-07T18:05:53.9736460Z [PREBUILD] Progress: resolved 2515, reused 248, downloaded 110, added 0
iOS preview (macos-26 / Xcode 26.2)	UNKNOWN STEP	2026-05-07T18:05:54.9760750Z [PREBUILD] Progress: resolved 2515, reused 248, downloaded 127, added 0
iOS preview (macos-26 / Xcode 26.2)	UNKNOWN STEP	2026-05-07T18:05:55.9912360Z [PREBUILD] Progress: resolved 2515, reused 248, downloaded 145, added 0
iOS preview (macos-26 / Xcode 26.2)	UNKNOWN STEP	2026-05-07T18:05:57.0018750Z [PREBUILD] Progress: resolved 2515, reused 248, downloaded 152, added 0
iOS preview (macos-26 / Xcode 26.2)	UNKNOWN STEP	2026-05-07T18:05:57.9962800Z [PREBUILD] Progress: resolved 2515, reused 248, downloaded 154, added 0
iOS preview (macos-26 / Xcode 26.2)	UNKNOWN STEP	2026-05-07T18:05:58.9974130Z [PREBUILD] Progress: resolved 2515, reused 248, downloaded 163, added 0
iOS preview (macos-26 / Xcode 26.2)	UNKNOWN STEP	2026-05-07T18:05:59.9980690Z [PREBUILD] Progress: resolved 2515, reused 248, downloaded 164, added 0
iOS preview (macos-26 / Xcode 26.2)	UNKNOWN STEP	2026-05-07T18:06:01.0010200Z [PREBUILD] Progress: resolved 2515, reused 248, downloaded 166, added 0
iOS preview (macos-26 / Xcode 26.2)	UNKNOWN STEP	2026-05-07T18:06:02.0707910Z [PREBUILD] Progress: resolved 2515, reused 248, downloaded 170, added 0
iOS preview (macos-26 / Xcode 26.2)	UNKNOWN STEP	2026-05-07T18:06:03.0889120Z [PREBUILD] Progress: resolved 2515, reused 248, downloaded 175, added 0
iOS preview (macos-26 / Xcode 26.2)	UNKNOWN STEP	2026-05-07T18:06:04.1175250Z [PREBUILD] Progress: resolved 2515, reused 248, downloaded 186, added 0
iOS preview (macos-26 / Xcode 26.2)	UNKNOWN STEP	2026-05-07T18:06:05.1222320Z [PREBUILD] Progress: resolved 2515, reused 248, downloaded 196, added 0
iOS preview (macos-26 / Xcode 26.2)	UNKNOWN STEP	2026-05-07T18:06:06.1198880Z [PREBUILD] Progress: resolved 2515, reused 248, downloaded 210, added 0
iOS preview (macos-26 / Xcode 26.2)	UNKNOWN STEP	2026-05-07T18:06:07.2442580Z [PREBUILD] Progress: resolved 2515, reused 248, downloaded 223, added 0
iOS preview (macos-26 / Xcode 26.2)	UNKNOWN STEP	2026-05-07T18:06:08.2364440Z [PREBUILD] Progress: resolved 2515, reused 248, downloaded 228, added 0
iOS preview (macos-26 / Xcode 26.2)	UNKNOWN STEP	2026-05-07T18:06:10.1110610Z [PREBUILD] Progress: resolved 2515, reused 248, downloaded 229, added 0
iOS preview (macos-26 / Xcode 26.2)	UNKNOWN STEP	2026-05-07T18:06:11.1872890Z [PREBUILD] Progress: resolved 2515, reused 248, downloaded 230, added 0
iOS preview (macos-26 / Xcode 26.2)	UNKNOWN STEP	2026-05-07T18:06:14.3130590Z [PREBUILD] Progress: resolved 2515, reused 248, downloaded 231, added 0
iOS preview (macos-26 / Xcode 26.2)	UNKNOWN STEP	2026-05-07T18:06:22.3620470Z [PREBUILD] Progress: resolved 2515, reused 248, downloaded 232, added 0
iOS preview (macos-26 / Xcode 26.2)	UNKNOWN STEP	2026-05-07T18:06:23.3611780Z [PREBUILD] Progress: resolved 2515, reused 248, downloaded 233, added 0
iOS preview (macos-26 / Xcode 26.2)	UNKNOWN STEP	2026-05-07T18:06:24.6239230Z [PREBUILD] Progress: resolved 2515, reused 248, downloaded 234, added 0
iOS preview (macos-26 / Xcode 26.2)	UNKNOWN STEP	2026-05-07T18:06:28.3863500Z [PREBUILD] Progress: resolved 2515, reused 248, downloaded 235, added 0
iOS preview (macos-26 / Xcode 26.2)	UNKNOWN STEP	2026-05-07T18:06:29.3970890Z [PREBUILD] Progress: resolved 2515, reused 248, downloaded 237, added 0
iOS preview (macos-26 / Xcode 26.2)	UNKNOWN STEP	2026-05-07T18:06:30.3998870Z [PREBUILD] Progress: resolved 2515, reused 248, downloaded 238, added 0
iOS preview (macos-26 / Xcode 26.2)	UNKNOWN STEP	2026-05-07T18:06:31.4218600Z [PREBUILD] Progress: resolved 2515, reused 248, downloaded 240, added 0
iOS preview (macos-26 / Xcode 26.2)	UNKNOWN STEP	2026-05-07T18:06:32.4255190Z [PREBUILD] Progress: resolved 2515, reused 248, downloaded 241, added 0
iOS preview (macos-26 / Xcode 26.2)	UNKNOWN STEP	2026-05-07T18:06:33.4214920Z [PREBUILD] Progress: resolved 2515, reused 248, downloaded 241, added 4
iOS preview (macos-26 / Xcode 26.2)	UNKNOWN STEP	2026-05-07T18:06:34.4290320Z [PREBUILD] Progress: resolved 2515, reused 248, downloaded 241, added 21
iOS preview (macos-26 / Xcode 26.2)	UNKNOWN STEP	2026-05-07T18:06:35.4329100Z [PREBUILD] Progress: resolved 2515, reused 248, downloaded 241, added 82
iOS preview (macos-26 / Xcode 26.2)	UNKNOWN STEP	2026-05-07T18:06:36.4341030Z [PREBUILD] Progress: resolved 2515, reused 248, downloaded 241, added 107
iOS preview (macos-26 / Xcode 26.2)	UNKNOWN STEP	2026-05-07T18:06:37.4356900Z [PREBUILD] Progress: resolved 2515, reused 248, downloaded 241, added 135
iOS preview (macos-26 / Xcode 26.2)	UNKNOWN STEP	2026-05-07T18:06:38.4369130Z [PREBUILD] Progress: resolved 2515, reused 248, downloaded 241, added 180
iOS preview (macos-26 / Xcode 26.2)	UNKNOWN STEP	2026-05-07T18:06:39.4400370Z [PREBUILD] Progress: resolved 2515, reused 248, downloaded 241, added 316
iOS preview (macos-26 / Xcode 26.2)	UNKNOWN STEP	2026-05-07T18:06:40.4398810Z [PREBUILD] Progress: resolved 2515, reused 248, downloaded 241, added 455
iOS preview (macos-26 / Xcode 26.2)	UNKNOWN STEP	2026-05-07T18:06:41.4423280Z [PREBUILD] Progress: resolved 2515, reused 248, downloaded 241, added 515
iOS preview (macos-26 / Xcode 26.2)	UNKNOWN STEP	2026-05-07T18:06:42.4436550Z [PREBUILD] Progress: resolved 2515, reused 248, downloaded 241, added 581
iOS preview (macos-26 / Xcode 26.2)	UNKNOWN STEP	2026-05-07T18:06:43.4534250Z [PREBUILD] Progress: resolved 2515, reused 248, downloaded 241, added 654
iOS preview (macos-26 / Xcode 26.2)	UNKNOWN STEP	2026-05-07T18:06:44.4474040Z [PREBUILD] Progress: resolved 2515, reused 248, downloaded 241, added 721
iOS preview (macos-26 / Xcode 26.2)	UNKNOWN STEP	2026-05-07T18:06:45.4685500Z [PREBUILD] Progress: resolved 2515, reused 248, downloaded 241, added 775
iOS preview (macos-26 / Xcode 26.2)	UNKNOWN STEP	2026-05-07T18:06:45.4787230Z [PREBUILD] Progress: resolved 2515, reused 248, downloaded 241, added 775, done
iOS preview (macos-26 / Xcode 26.2)	UNKNOWN STEP	2026-05-07T18:06:46.0625200Z [PREBUILD] . prepare$ husky
iOS preview (macos-26 / Xcode 26.2)	UNKNOWN STEP	2026-05-07T18:06:46.1916290Z [PREBUILD] . prepare: .git can't be found
iOS preview (macos-26 / Xcode 26.2)	UNKNOWN STEP	2026-05-07T18:06:46.1917960Z [PREBUILD] . prepare: Done
iOS preview (macos-26 / Xcode 26.2)	UNKNOWN STEP	2026-05-07T18:06:46.1959440Z [PREBUILD] ╭ Warning ─────────────────────────────────────────────────────────────────────╮
iOS preview (macos-26 / Xcode 26.2)	UNKNOWN STEP	2026-05-07T18:06:46.1965620Z [PREBUILD] │                                                                              │
iOS preview (macos-26 / Xcode 26.2)	UNKNOWN STEP	2026-05-07T18:06:46.1967020Z [PREBUILD] │   Ignored build scripts: @sentry-internal/node-cpu-profiler@2.2.0,           │
iOS preview (macos-26 / Xcode 26.2)	UNKNOWN STEP	2026-05-07T18:06:46.1974040Z [PREBUILD] │   @sentry/cli@3.3.5, core-js@3.29.1, core-js@3.48.0, core-js@3.49.0,         │
iOS preview (macos-26 / Xcode 26.2)	UNKNOWN STEP	2026-05-07T18:06:46.1974770Z [PREBUILD] │   esbuild@0.25.12, msw@2.12.14, protobufjs@7.5.5, sharp@0.34.5.              │
iOS preview (macos-26 / Xcode 26.2)	UNKNOWN STEP	2026-05-07T18:06:46.1975790Z [PREBUILD] │   Run "pnpm approve-builds" to pick which dependencies should be allowed     │
iOS preview (macos-26 / Xcode 26.2)	UNKNOWN STEP	2026-05-07T18:06:46.1976510Z [PREBUILD] │   to run scripts.                                                            │
iOS preview (macos-26 / Xcode 26.2)	UNKNOWN STEP	2026-05-07T18:06:46.1977090Z [PREBUILD] │                                                                              │
iOS preview (macos-26 / Xcode 26.2)	UNKNOWN STEP	2026-05-07T18:06:46.1978210Z [PREBUILD] ╰──────────────────────────────────────────────────────────────────────────────╯
iOS preview (macos-26 / Xcode 26.2)	UNKNOWN STEP	2026-05-07T18:06:46.2126520Z [PREBUILD] Done in 2m 4s using pnpm v10.33.0
iOS preview (macos-26 / Xcode 26.2)	UNKNOWN STEP	2026-05-07T18:06:46.5953630Z [RESTORE_CACHE] Local builds do not support restoring cache
iOS preview (macos-26 / Xcode 26.2)	UNKNOWN STEP	2026-05-07T18:06:49.3670820Z [INSTALL_PODS] Using Expo modules
iOS preview (macos-26 / Xcode 26.2)	UNKNOWN STEP	2026-05-07T18:06:49.3673610Z [INSTALL_PODS] [Expo] Enabling modular headers for pod ExpoModulesCore
iOS preview (macos-26 / Xcode 26.2)	UNKNOWN STEP	2026-05-07T18:06:49.3674530Z [INSTALL_PODS] [Expo] Enabling modular headers for pod React-RCTAppDelegate
iOS preview (macos-26 / Xcode 26.2)	UNKNOWN STEP	2026-05-07T18:06:49.3675260Z [INSTALL_PODS] [Expo] Enabling modular headers for pod React-RCTFabric
iOS preview (macos-26 / Xcode 26.2)	UNKNOWN STEP	2026-05-07T18:06:49.3676200Z [INSTALL_PODS] [Expo] Enabling modular headers for pod ReactAppDependencyProvider
iOS preview (macos-26 / Xcode 26.2)	UNKNOWN STEP	2026-05-07T18:06:49.3676850Z [INSTALL_PODS] [Expo] Enabling modular headers for pod React-Core
iOS preview (macos-26 / Xcode 26.2)	UNKNOWN STEP	2026-05-07T18:06:49.3678840Z [INSTALL_PODS] [Expo] Enabling modular headers for pod ReactCodegen
iOS preview (macos-26 / Xcode 26.2)	UNKNOWN STEP	2026-05-07T18:06:49.3679750Z [INSTALL_PODS] [Expo] Enabling modular headers for pod RCTRequired
iOS preview (macos-26 / Xcode 26.2)	UNKNOWN STEP	2026-05-07T18:06:49.3680500Z [INSTALL_PODS] [Expo] Enabling modular headers for pod RCTTypeSafety
iOS preview (macos-26 / Xcode 26.2)	UNKNOWN STEP	2026-05-07T18:06:49.3683380Z [INSTALL_PODS] [Expo] Enabling modular headers for pod ReactCommon
iOS preview (macos-26 / Xcode 26.2)	UNKNOWN STEP	2026-05-07T18:06:49.3691480Z [INSTALL_PODS] [Expo] Enabling modular headers for pod React-NativeModulesApple
iOS preview (macos-26 / Xcode 26.2)	UNKNOWN STEP	2026-05-07T18:06:49.3692270Z [INSTALL_PODS] [Expo] Enabling modular headers for pod Yoga
iOS preview (macos-26 / Xcode 26.2)	UNKNOWN STEP	2026-05-07T18:06:49.3692950Z [INSTALL_PODS] [Expo] Enabling modular headers for pod React-Fabric
iOS preview (macos-26 / Xcode 26.2)	UNKNOWN STEP	2026-05-07T18:06:49.3693820Z [INSTALL_PODS] [Expo] Enabling modular headers for pod React-graphics
iOS preview (macos-26 / Xcode 26.2)	UNKNOWN STEP	2026-05-07T18:06:49.3694540Z [INSTALL_PODS] [Expo] Enabling modular headers for pod React-utils
iOS preview (macos-26 / Xcode 26.2)	UNKNOWN STEP	2026-05-07T18:06:49.3695410Z [INSTALL_PODS] [Expo] Enabling modular headers for pod React-featureflags
iOS preview (macos-26 / Xcode 26.2)	UNKNOWN STEP	2026-05-07T18:06:49.3696090Z [INSTALL_PODS] [Expo] Enabling modular headers for pod React-debug
iOS preview (macos-26 / Xcode 26.2)	UNKNOWN STEP	2026-05-07T18:06:49.3696790Z [INSTALL_PODS] [Expo] Enabling modular headers for pod React-ImageManager
iOS preview (macos-26 / Xcode 26.2)	UNKNOWN STEP	2026-05-07T18:06:49.3697680Z [INSTALL_PODS] [Expo] Enabling modular headers for pod React-rendererdebug
iOS preview (macos-26 / Xcode 26.2)	UNKNOWN STEP	2026-05-07T18:06:49.3698620Z [INSTALL_PODS] [Expo] Enabling modular headers for pod React-jsi
iOS preview (macos-26 / Xcode 26.2)	UNKNOWN STEP	2026-05-07T18:06:49.3699360Z [INSTALL_PODS] [Expo] Enabling modular headers for pod React-renderercss
iOS preview (macos-26 / Xcode 26.2)	UNKNOWN STEP	2026-05-07T18:06:49.3700160Z [INSTALL_PODS] [Expo] Enabling modular headers for pod hermes-engine
iOS preview (macos-26 / Xcode 26.2)	UNKNOWN STEP	2026-05-07T18:06:49.3700920Z [INSTALL_PODS] [Expo] Enabling modular headers for pod glog
iOS preview (macos-26 / Xcode 26.2)	UNKNOWN STEP	2026-05-07T18:06:49.3701790Z [INSTALL_PODS] [Expo] Enabling modular headers for pod boost
iOS preview (macos-26 / Xcode 26.2)	UNKNOWN STEP	2026-05-07T18:06:49.3702530Z [INSTALL_PODS] [Expo] Enabling modular headers for pod DoubleConversion
iOS preview (macos-26 / Xcode 26.2)	UNKNOWN STEP	2026-05-07T18:06:49.3703200Z [INSTALL_PODS] [Expo] Enabling modular headers for pod fast_float
iOS preview (macos-26 / Xcode 26.2)	UNKNOWN STEP	2026-05-07T18:06:49.3703980Z [INSTALL_PODS] [Expo] Enabling modular headers for pod fmt
iOS preview (macos-26 / Xcode 26.2)	UNKNOWN STEP	2026-05-07T18:06:49.3704740Z [INSTALL_PODS] [Expo] Enabling modular headers for pod RCT-Folly
iOS preview (macos-26 / Xcode 26.2)	UNKNOWN STEP	2026-05-07T18:06:49.3705360Z [INSTALL_PODS] [Expo] Enabling modular headers for pod SocketRocket
iOS preview (macos-26 / Xcode 26.2)	UNKNOWN STEP	2026-05-07T18:06:49.3706250Z [INSTALL_PODS] [Expo] Enabling modular headers for pod expo-dev-menu-interface
iOS preview (macos-26 / Xcode 26.2)	UNKNOWN STEP	2026-05-07T18:06:49.3707220Z [INSTALL_PODS] [Expo] Enabling modular headers for pod EXManifests
iOS preview (macos-26 / Xcode 26.2)	UNKNOWN STEP	2026-05-07T18:06:49.3708630Z [INSTALL_PODS] [Expo] Enabling modular headers for pod EXUpdatesInterface
iOS preview (macos-26 / Xcode 26.2)	UNKNOWN STEP	2026-05-07T18:06:49.3709990Z [INSTALL_PODS] [Expo] Enabling modular headers for pod expo-dev-menu
iOS preview (macos-26 / Xcode 26.2)	UNKNOWN STEP	2026-05-07T18:06:49.3710910Z [INSTALL_PODS] [Expo] Enabling modular headers for pod React-jsinspector
iOS preview (macos-26 / Xcode 26.2)	UNKNOWN STEP	2026-05-07T18:06:49.3711670Z [INSTALL_PODS] [Expo] Enabling modular headers for pod expo-dev-launcher
iOS preview (macos-26 / Xcode 26.2)	UNKNOWN STEP	2026-05-07T18:06:49.3712440Z [INSTALL_PODS] [Expo] Enabling modular headers for pod SDWebImage
iOS preview (macos-26 / Xcode 26.2)	UNKNOWN STEP	2026-05-07T18:06:49.3713380Z [INSTALL_PODS] [Expo] Enabling modular headers for pod SDWebImageAVIFCoder
iOS preview (macos-26 / Xcode 26.2)	UNKNOWN STEP	2026-05-07T18:06:49.3714130Z [INSTALL_PODS] [Expo] Enabling modular headers for pod SDWebImageSVGCoder
iOS preview (macos-26 / Xcode 26.2)	UNKNOWN STEP	2026-05-07T18:06:49.3727610Z [INSTALL_PODS] [Expo] Enabling modular headers for pod SDWebImageWebPCoder
iOS preview (macos-26 / Xcode 26.2)	UNKNOWN STEP	2026-05-07T18:06:49.3728680Z [INSTALL_PODS] [Expo] Enabling modular headers for pod libavif
iOS preview (macos-26 / Xcode 26.2)	UNKNOWN STEP	2026-05-07T18:06:49.3729420Z [INSTALL_PODS] [Expo] Enabling modular headers for pod RNScreens
iOS preview (macos-26 / Xcode 26.2)	UNKNOWN STEP	2026-05-07T18:06:49.3730580Z [INSTALL_PODS] [Expo] Enabling modular headers for pod EXStructuredHeaders
iOS preview (macos-26 / Xcode 26.2)	UNKNOWN STEP	2026-05-07T18:06:49.3736280Z [INSTALL_PODS] [Expo] Enabling modular headers for pod EASClient
iOS preview (macos-26 / Xcode 26.2)	UNKNOWN STEP	2026-05-07T18:06:49.3737010Z [INSTALL_PODS] [Expo] Enabling modular headers for pod ReachabilitySwift
iOS preview (macos-26 / Xcode 26.2)	UNKNOWN STEP	2026-05-07T18:06:50.8650500Z [INSTALL_PODS] [RNScreens] Gamma project enabled. Including source files.
iOS preview (macos-26 / Xcode 26.2)	UNKNOWN STEP	2026-05-07T18:06:50.9094180Z [INSTALL_PODS] [VisionCamera] Thank you for using VisionCamera ❤️
iOS preview (macos-26 / Xcode 26.2)	UNKNOWN STEP	2026-05-07T18:06:50.9095620Z [INSTALL_PODS] [VisionCamera] If you enjoy using VisionCamera, please consider sponsoring this project: https://github.com/sponsors/mrousavy
iOS preview (macos-26 / Xcode 26.2)	UNKNOWN STEP	2026-05-07T18:06:50.9096600Z [INSTALL_PODS] [VisionCamera] $VCEnableLocation is not set, enabling CLLocation APIs by default...
iOS preview (macos-26 / Xcode 26.2)	UNKNOWN STEP	2026-05-07T18:06:50.9097530Z [INSTALL_PODS] [VisionCamera] $VCEnableFrameProcessors is not set, enabling Frame Processors if Worklets is installed...
iOS preview (macos-26 / Xcode 26.2)	UNKNOWN STEP	2026-05-07T18:06:50.9491900Z [INSTALL_PODS] [VisionCamera] react-native-worklets-core found at /private/var/folders/dy/3g4vbvsx7lx51x77m3_b20cc0000gn/T/eas-build-local-nodejs/746ae97a-55e5-4761-923f-3bbe8932e842/build/node_modules/react-native-worklets-core, Frame Processors are enabled!
iOS preview (macos-26 / Xcode 26.2)	UNKNOWN STEP	2026-05-07T18:06:51.0459420Z [INSTALL_PODS] Found 15 modules for target `FisioFlowPro`
iOS preview (macos-26 / Xcode 26.2)	UNKNOWN STEP	2026-05-07T18:06:51.0495170Z [INSTALL_PODS] link_native_modules! {ios_packages: [{configurations: [], name: "expo-vision-pose-detector", root: "/private/var/folders/dy/3g4vbvsx7lx51x77m3_b20cc0000gn/T/eas-build-local-nodejs/746ae97a-55e5-4761-923f-3bbe8932e842/build/apps/professional-app/modules/expo-vision-pose-detector", path: "../modules/expo-vision-pose-detector", podspec_path: "/private/var/folders/dy/3g4vbvsx7lx51x77m3_b20cc0000gn/T/eas-build-local-nodejs/746ae97a-55e5-4761-923f-3bbe8932e842/build/apps/professional-app/modules/expo-vision-pose-detector/expo-vision-pose-detector.podspec", script_phases: []}, {configurations: [], name: "@react-native-async-storage/async-storage", root: "/private/var/folders/dy/3g4vbvsx7lx51x77m3_b20cc0000gn/T/eas-build-local-nodejs/746ae97a-55e5-4761-923f-3bbe8932e842/build/node_modules/@react-native-async-storage/async-storage", path: "../../../node_modules/@react-native-async-storage/async-storage", podspec_path: "/private/var/folders/dy/3g4vbvsx7lx51x77m3_b20cc0000gn/T/eas-build-local-nodejs/746ae97a-55e5-4761-923f-3bbe8932e842/build/node_modules/@react-native-async-storage/async-storage/RNCAsyncStorage.podspec", script_phases: []}, {configurations: [], name: "@react-native-community/datetimepicker", root: "/private/var/folders/dy/3g4vbvsx7lx51x77m3_b20cc0000gn/T/eas-build-local-nodejs/746ae97a-55e5-4761-923f-3bbe8932e842/build/node_modules/@react-native-community/datetimepicker", path: "../../../node_modules/@react-native-community/datetimepicker", podspec_path: "/private/var/folders/dy/3g4vbvsx7lx51x77m3_b20cc0000gn/T/eas-build-local-nodejs/746ae97a-55e5-4761-923f-3bbe8932e842/build/node_modules/@react-native-community/datetimepicker/RNDateTimePicker.podspec", script_phases: []}, {configurations: [], name: "@react-native-community/netinfo", root: "/private/var/folders/dy/3g4vbvsx7lx51x77m3_b20cc0000gn/T/eas-build-local-nodejs/746ae97a-55e5-4761-923f-3bbe8932e842/build/node_modules/@react-native-community/netinfo", path: "../../../node_modules/@react-native-community/netinfo", podspec_path: "/private/var/folders/dy/3g4vbvsx7lx51x77m3_b20cc0000gn/T/eas-build-local-nodejs/746ae97a-55e5-4761-923f-3bbe8932e842/build/node_modules/@react-native-community/netinfo/react-native-netinfo.podspec", script_phases: []}, {configurations: [], name: "@react-native-community/slider", root: "/private/var/folders/dy/3g4vbvsx7lx51x77m3_b20cc0000gn/T/eas-build-local-nodejs/746ae97a-55e5-4761-923f-3bbe8932e842/build/node_modules/@react-native-community/slider", path: "../../../node_modules/@react-native-community/slider", podspec_path: "/private/var/folders/dy/3g4vbvsx7lx51x77m3_b20cc0000gn/T/eas-build-local-nodejs/746ae97a-55e5-4761-923f-3bbe8932e842/build/node_modules/@react-native-community/slider/react-native-slider.podspec", script_phases: []}, {configurations: [], name: "@sentry/react-native", root: "/private/var/folders/dy/3g4vbvsx7lx51x77m3_b20cc0000gn/T/eas-build-local-nodejs/746ae97a-55e5-4761-923f-3bbe8932e842/build/node_modules/@sentry/react-native", path: "../../../node_modules/@sentry/react-native", podspec_path: "/private/var/folders/dy/3g4vbvsx7lx51x77m3_b20cc0000gn/T/eas-build-local-nodejs/746ae97a-55e5-4761-923f-3bbe8932e842/build/node_modules/@sentry/react-native/RNSentry.podspec", script_phases: []}, {configurations: [], name: "expo", root: "/private/var/folders/dy/3g4vbvsx7lx51x77m3_b20cc0000gn/T/eas-build-local-nodejs/746ae97a-55e5-4761-923f-3bbe8932e842/build/node_modules/expo", path: "../../../node_modules/expo", podspec_path: "/private/var/folders/dy/3g4vbvsx7lx51x77m3_b20cc0000gn/T/eas-build-local-nodejs/746ae97a-55e5-4761-923f-3bbe8932e842/build/node_modules/expo/Expo.podspec", script_phases: []}, {configurations: [], name: "react-native-gesture-handler", root: "/private/var/folders/dy/3g4vbvsx7lx51x77m3_b20cc0000gn/T/eas-build-local-nodejs/746ae97a-55e5-4761-923f-3bbe8932e842/build/node_modules/react-native-gesture-handler", path: "../../../node_modules/react-native-gesture-handler", podspec_path: "/private/var/folders/dy/3g4vbvsx7lx51x77m3_b20cc0000gn/T/eas-build-local-nodejs/746ae97a-55e5-4761-923f-3bbe8932e842/build/node_modules/react-native-gesture-handler/RNGestureHandler.podspec", script_phases: []}, {configurations: [], name: "react-native-reanimated", root: "/private/var/folders/dy/3g4vbvsx7lx51x77m3_b20cc0000gn/T/eas-build-local-nodejs/746ae97a-55e5-4761-923f-3bbe8932e842/build/node_modules/react-native-reanimated", path: "../../../node_modules/react-native-reanimated", podspec_path: "/private/var/folders/dy/3g4vbvsx7lx51x77m3_b20cc0000gn/T/eas-build-local-nodejs/746ae97a-55e5-4761-923f-3bbe8932e842/build/node_modules/react-native-reanimated/RNReanimated.podspec", script_phases: []}, {configurations: [], name: "react-native-safe-area-context", root: "/private/var/folders/dy/3g4vbvsx7lx51x77m3_b20cc0000gn/T/eas-build-local-nodejs/746ae97a-55e5-4761-923f-3bbe8932e842/build/node_modules/react-native-safe-area-context", path: "../../../node_modules/react-native-safe-area-context", podspec_path: "/private/var/folders/dy/3g4vbvsx7lx51x77m3_b20cc0000gn/T/eas-build-local-nodejs/746ae97a-55e5-4761-923f-3bbe8932e842/build/node_modules/react-native-safe-area-context/react-native-safe-area-context.podspec", script_phases: []}, {configurations: [], name: "react-native-screens", root: "/private/var/folders/dy/3g4vbvsx7lx51x77m3_b20cc0000gn/T/eas-build-local-nodejs/746ae97a-55e5-4761-923f-3bbe8932e842/build/node_modules/react-native-screens", path: "../../../node_modules/react-native-screens", podspec_path: "/private/var/folders/dy/3g4vbvsx7lx51x77m3_b20cc0000gn/T/eas-build-local-nodejs/746ae97a-55e5-4761-923f-3bbe8932e842/build/node_modules/react-native-screens/RNScreens.podspec", script_phases: []}, {configurations: [], name: "react-native-svg", root: "/private/var/folders/dy/3g4vbvsx7lx51x77m3_b20cc0000gn/T/eas-build-local-nodejs/746ae97a-55e5-4761-923f-3bbe8932e842/build/node_modules/react-native-svg", path: "../../../node_modules/react-native-svg", podspec_path: "/private/var/folders/dy/3g4vbvsx7lx51x77m3_b20cc0000gn/T/eas-build-local-nodejs/746ae97a-55e5-4761-923f-3bbe8932e842/build/node_modules/react-native-svg/RNSVG.podspec", script_phases: []}, {configurations: [], name: "react-native-vision-camera", root: "/private/var/folders/dy/3g4vbvsx7lx51x77m3_b20cc0000gn/T/eas-build-local-nodejs/746ae97a-55e5-4761-923f-3bbe8932e842/build/node_modules/react-native-vision-camera", path: "../../../node_modules/react-native-vision-camera", podspec_path: "/private/var/folders/dy/3g4vbvsx7lx51x77m3_b20cc0000gn/T/eas-build-local-nodejs/746ae97a-55e5-4761-923f-3bbe8932e842/build/node_modules/react-native-vision-camera/VisionCamera.podspec", script_phases: []}, {configurations: [], name: "react-native-worklets", root: "/private/var/folders/dy/3g4vbvsx7lx51x77m3_b20cc0000gn/T/eas-build-local-nodejs/746ae97a-55e5-4761-923f-3bbe8932e842/build/node_modules/react-native-worklets", path: "../../../node_modules/react-native-worklets", podspec_path: "/private/var/folders/dy/3g4vbvsx7lx51x77m3_b20cc0000gn/T/eas-build-local-nodejs/746ae97a-55e5-4761-923f-3bbe8932e842/build/node_modules/react-native-worklets/RNWorklets.podspec", script_phases: []}, {configurations: [], name: "react-native-worklets-core", root: "/private/var/folders/dy/3g4vbvsx7lx51x77m3_b20cc0000gn/T/eas-build-local-nodejs/746ae97a-55e5-4761-923f-3bbe8932e842/build/node_modules/react-native-worklets-core", path: "../../../node_modules/react-native-worklets-core", podspec_path: "/private/var/folders/dy/3g4vbvsx7lx51x77m3_b20cc0000gn/T/eas-build-local-nodejs/746ae97a-55e5-4761-923f-3bbe8932e842/build/node_modules/react-native-worklets-core/react-native-worklets-core.podspec", script_phases: []}], ios_project_root_path: "/private/var/folders/dy/3g4vbvsx7lx51x77m3_b20cc0000gn/T/eas-build-local-nodejs/746ae97a-55e5-4761-923f-3bbe8932e842/build/apps/professional-app/ios", react_native_path: "../../../node_modules/react-native"}
iOS preview (macos-26 / Xcode 26.2)	UNKNOWN STEP	2026-05-07T18:06:51.4047290Z [INSTALL_PODS] [RNScreens] Gamma project enabled. Including source files.
iOS preview (macos-26 / Xcode 26.2)	UNKNOWN STEP	2026-05-07T18:06:51.4851450Z [INSTALL_PODS] [VisionCamera] Thank you for using VisionCamera ❤️
iOS preview (macos-26 / Xcode 26.2)	UNKNOWN STEP	2026-05-07T18:06:51.4955350Z [INSTALL_PODS] [VisionCamera] If you enjoy using VisionCamera, please consider sponsoring this project: https://github.com/sponsors/mrousavy
iOS preview (macos-26 / Xcode 26.2)	UNKNOWN STEP	2026-05-07T18:06:51.5054440Z [INSTALL_PODS] [VisionCamera] $VCEnableLocation is not set, enabling CLLocation APIs by default...
iOS preview (macos-26 / Xcode 26.2)	UNKNOWN STEP	2026-05-07T18:06:51.5155380Z [INSTALL_PODS] [VisionCamera] $VCEnableFrameProcessors is not set, enabling Frame Processors if Worklets is installed...
iOS preview (macos-26 / Xcode 26.2)	UNKNOWN STEP	2026-05-07T18:06:51.5460000Z [INSTALL_PODS] [VisionCamera] react-native-worklets-core found at /private/var/folders/dy/3g4vbvsx7lx51x77m3_b20cc0000gn/T/eas-build-local-nodejs/746ae97a-55e5-4761-923f-3bbe8932e842/build/node_modules/react-native-worklets-core, Frame Processors are enabled!
iOS preview (macos-26 / Xcode 26.2)	UNKNOWN STEP	2026-05-07T18:06:51.6662980Z [INSTALL_PODS] Auto-linking React Native modules for target `FisioFlowPro`: RNCAsyncStorage, RNDateTimePicker, RNGestureHandler, RNReanimated, RNSVG, RNScreens, RNSentry, RNWorklets, VisionCamera, expo-vision-pose-detector, react-native-netinfo, react-native-safe-area-context, react-native-slider, and react-native-worklets-core
iOS preview (macos-26 / Xcode 26.2)	UNKNOWN STEP	2026-05-07T18:06:52.0217530Z [INSTALL_PODS] Framework build type is static library
iOS preview (macos-26 / Xcode 26.2)	UNKNOWN STEP	2026-05-07T18:06:52.0329620Z [INSTALL_PODS] [ReactNativeDependencies] Setting up ReactNativeDependencies...
iOS preview (macos-26 / Xcode 26.2)	UNKNOWN STEP	2026-05-07T18:06:52.1391050Z [INSTALL_PODS] [ReactNativeDependencies] Building from source: false
iOS preview (macos-26 / Xcode 26.2)	UNKNOWN STEP	2026-05-07T18:06:52.1392740Z [INSTALL_PODS] [ReactNativeDependencies] Using tarball from URL: https://repo1.maven.org/maven2/com/facebook/react/react-native-artifacts/0.83.6/react-native-artifacts-0.83.6-reactnative-dependencies-debug.tar.gz
iOS preview (macos-26 / Xcode 26.2)	UNKNOWN STEP	2026-05-07T18:06:52.1573460Z [INSTALL_PODS] % Total    % Received % Xferd  Average Speed   Time    Ti
iOS preview (macos-26 / Xcode 26.2)	UNKNOWN STEP	2026-05-07T18:06:52.1579560Z [INSTALL_PODS] me     Time  Current
iOS preview (macos-26 / Xcode 26.2)	UNKNOWN STEP	2026-05-07T18:06:52.1580820Z [INSTALL_PODS]                                  Dload  Upload   Total   Spent    Left  Speed
iOS preview (macos-26 / Xcode 26.2)	UNKNOWN STEP	2026-05-07T18:06:52.1582580Z [INSTALL_PODS] 
iOS preview (macos-26 / Xcode 26.2)	UNKNOWN STEP	2026-05-07T18:06:52.1583240Z   0     0    0     0    0     0      0      0 --:--:-- --:--:-- --:--:--     0
iOS preview (macos-26 / Xcode 26.2)	UNKNOWN STEP	2026-05-07T18:06:52.3262290Z [INSTALL_PODS] 100 18.3M  100 18.3M    0     0   111M      0 --:--:-- --:--:-- -
iOS preview (macos-26 / Xcode 26.2)	UNKNOWN STEP	2026-05-07T18:06:52.3363550Z [INSTALL_PODS] -:--:--  111M
iOS preview (macos-26 / Xcode 26.2)	UNKNOWN STEP	2026-05-07T18:06:52.3682720Z [INSTALL_PODS] % Total    % Received % Xferd  Average Speed   Time    Time     Time  Current
iOS preview (macos-26 / Xcode 26.2)	UNKNOWN STEP	2026-05-07T18:06:52.3697160Z [INSTALL_PODS]                                  Dload  Upload   Total   Spent    Left  Speed
iOS preview (macos-26 / Xcode 26.2)	UNKNOWN STEP	2026-05-07T18:06:52.3697950Z [INSTALL_PODS] 
iOS preview (macos-26 / Xcode 26.2)	UNKNOWN STEP	2026-05-07T18:06:52.3699800Z   0     0    0     0    0     0      0      0 --:--:-- --:--:-- --:--:--     0
iOS preview (macos-26 / Xcode 26.2)	UNKNOWN STEP	2026-05-07T18:06:52.4029400Z [INSTALL_PODS] 7  9.9M    7  807k    0     0  22.2M      0 --:--:-- --:--:-- --:--:-- 21.8M
iOS preview (macos-26 / Xcode 26.2)	UNKNOWN STEP	2026-05-07T18:06:52.4596130Z [INSTALL_PODS] 100  9.9M  100  9.9M
iOS preview (macos-26 / Xcode 26.2)	UNKNOWN STEP	2026-05-07T18:06:52.4620330Z [INSTALL_PODS] 0     0   107M      0 --:--:-- --:--:-- --:--:--  106M
iOS preview (macos-26 / Xcode 26.2)	UNKNOWN STEP	2026-05-07T18:06:52.4750960Z [INSTALL_PODS] [ReactNativeDependencies] Source: {http: "file:///private/var/folders/dy/3g4vbvsx7lx51x77m3_b20cc0000gn/T/eas-build-local-nodejs/746ae97a-55e5-4761-923f-3bbe8932e842/build/apps/professional-app/ios/Pods/ReactNativeDependencies-artifacts/reactnative-dependencies-0.83.6-debug.tar.gz"}
iOS preview (macos-26 / Xcode 26.2)	UNKNOWN STEP	2026-05-07T18:06:52.4755580Z [INSTALL_PODS] [ReactNativeCore] Setting up ReactNativeCore...
iOS preview (macos-26 / Xcode 26.2)	UNKNOWN STEP	2026-05-07T18:06:52.5217270Z [INSTALL_PODS] [ReactNativeCore] Building from source: false
iOS preview (macos-26 / Xcode 26.2)	UNKNOWN STEP	2026-05-07T18:06:52.5218560Z [INSTALL_PODS] Configuring the target with the New Architecture
iOS preview (macos-26 / Xcode 26.2)	UNKNOWN STEP	2026-05-07T18:06:52.5219360Z [INSTALL_PODS] [ReactNativeCore] Using React Native Core and React Native Dependencies prebuilt versions.
iOS preview (macos-26 / Xcode 26.2)	UNKNOWN STEP	2026-05-07T18:06:53.0441980Z [INSTALL_PODS] ^[[36m^[[1m[Codegen]^[[0m Analyzing /private/var/folders/dy/3g4vbvsx7lx51x77m3_b20cc0000gn/T/eas-build-local-nodejs/746ae97a-55e5-4761-923f-3bbe8932e842/build/apps/professional-app/package.json^[[0m
iOS preview (macos-26 / Xcode 26.2)	UNKNOWN STEP	2026-05-07T18:06:53.0451340Z [INSTALL_PODS] ^[[36m^[[1m[Codegen]^[[0m ^[[33mSearching for codegen-enabled libraries in the app.^[[0m
iOS preview (macos-26 / Xcode 26.2)	UNKNOWN STEP	2026-05-07T18:06:53.0453180Z [INSTALL_PODS] ^[[36m^[[1m[Codegen]^[[0m ^[[33mThe "codegenConfig" field is not defined in package.json. Assuming there is nothing to generate at the app level.^[[0m
iOS preview (macos-26 / Xcode 26.2)	UNKNOWN STEP	2026-05-07T18:06:53.0474380Z [INSTALL_PODS] ^[[36m^[[1m[Codegen]^[[0m ^[[33mSearching for codegen-enabled libraries in react-native.config.js^[[0m
iOS preview (macos-26 / Xcode 26.2)	UNKNOWN STEP	2026-05-07T18:06:53.0475470Z [INSTALL_PODS] ^[[36m^[[1m[Codegen]^[[0m Found @react-native-async-storage/async-storage^[[0m
iOS preview (macos-26 / Xcode 26.2)	UNKNOWN STEP	2026-05-07T18:06:53.0476550Z [INSTALL_PODS] ^[[36m^[[1m[Codegen]^[[0m Found @react-native-community/datetimepicker^[[0m
iOS preview (macos-26 / Xcode 26.2)	UNKNOWN STEP	2026-05-07T18:06:53.0477650Z [INSTALL_PODS] ^[[36m^[[1m[Codegen]^[[0m Found @react-native-community/netinfo^[[0m
iOS preview (macos-26 / Xcode 26.2)	UNKNOWN STEP	2026-05-07T18:06:53.0478580Z [INSTALL_PODS] ^[[36m^[[1m[Codegen]^[[0m Found @react-native-community/slider^[[0m
iOS preview (macos-26 / Xcode 26.2)	UNKNOWN STEP	2026-05-07T18:06:53.0479380Z [INSTALL_PODS] ^[[36m^[[1m[Codegen]^[[0m Found @sentry/react-native^[[0m
iOS preview (macos-26 / Xcode 26.2)	UNKNOWN STEP	2026-05-07T18:06:53.0480430Z [INSTALL_PODS] ^[[36m^[[1m[Codegen]^[[0m Found react-native-gesture-handler^[[0m
iOS preview (macos-26 / Xcode 26.2)	UNKNOWN STEP	2026-05-07T18:06:53.0481050Z [INSTALL_PODS] ^[[36m^[[1m[Codegen]^[[0m Found react-native-reanimated^[[0m
iOS preview (macos-26 / Xcode 26.2)	UNKNOWN STEP	2026-05-07T18:06:53.0481790Z [INSTALL_PODS] ^[[36m^[[1m[Codegen]^[[0m Found react-native-safe-area-context^[[0m
iOS preview (macos-26 / Xcode 26.2)	UNKNOWN STEP	2026-05-07T18:06:53.0482320Z [INSTALL_PODS] ^[[36m^[[1m[Codegen]^[[0m Found react-native-screens^[[0m
iOS preview (macos-26 / Xcode 26.2)	UNKNOWN STEP	2026-05-07T18:06:53.0482920Z [INSTALL_PODS] ^[[36m^[[1m[Codegen]^[[0m Found react-native-svg^[[0m
iOS preview (macos-26 / Xcode 26.2)	UNKNOWN STEP	2026-05-07T18:06:53.0483810Z [INSTALL_PODS] ^[[36m^[[1m[Codegen]^[[0m Found react-native-worklets^[[0m
iOS preview (macos-26 / Xcode 26.2)	UNKNOWN STEP	2026-05-07T18:06:53.0484430Z [INSTALL_PODS] ^[[36m^[[1m[Codegen]^[[0m Found react-native-worklets-core^[[0m
iOS preview (macos-26 / Xcode 26.2)	UNKNOWN STEP	2026-05-07T18:06:53.0485890Z [INSTALL_PODS] ^[[36m^[[1m[Codegen]^[[0m Processing rnasyncstorage^[[0m
iOS preview (macos-26 / Xcode 26.2)	UNKNOWN STEP	2026-05-07T18:06:53.0486580Z [INSTALL_PODS] ^[[36m^[[1m[Codegen]^[[0m ^[[33mSearching for podspec in the project dependencies.^[[0m
iOS preview (macos-26 / Xcode 26.2)	UNKNOWN STEP	2026-05-07T18:06:53.0487840Z [INSTALL_PODS] ^[[36m^[[1m[Codegen]^[[0m Supported Apple platforms: ios, macos, tvos, visionos for rnasyncstorage^[[0m
iOS preview (macos-26 / Xcode 26.2)	UNKNOWN STEP	2026-05-07T18:06:53.0488670Z [INSTALL_PODS] ^[[36m^[[1m[Codegen]^[[0m Processing RNDateTimePickerCGen^[[0m
iOS preview (macos-26 / Xcode 26.2)	UNKNOWN STEP	2026-05-07T18:06:53.0489690Z [INSTALL_PODS] ^[[36m^[[1m[Codegen]^[[0m ^[[33mSearching for podspec in the project dependencies.^[[0m
iOS preview (macos-26 / Xcode 26.2)	UNKNOWN STEP	2026-05-07T18:06:53.0491540Z [INSTALL_PODS] ^[[36m^[[1m[Codegen]^[[0m Supported Apple platforms: ios, visionos for RNDateTimePickerCGen^[[0m
iOS preview (macos-26 / Xcode 26.2)	UNKNOWN STEP	2026-05-07T18:06:53.0492550Z [INSTALL_PODS] ^[[36m^[[1m[Codegen]^[[0m Processing RNCNetInfoSpec^[[0m
iOS preview (macos-26 / Xcode 26.2)	UNKNOWN STEP	2026-05-07T18:06:53.0493250Z [INSTALL_PODS] ^[[36m^[[1m[Codegen]^[[0m ^[[33mSearching for podspec in the project dependencies.^[[0m
iOS preview (macos-26 / Xcode 26.2)	UNKNOWN STEP	2026-05-07T18:06:53.0494070Z [INSTALL_PODS] ^[[36m^[[1m[Codegen]^[[0m Supported Apple platforms: ios, macos, tvos, visionos for RNCNetInfoSpec^[[0m
iOS preview (macos-26 / Xcode 26.2)	UNKNOWN STEP	2026-05-07T18:06:53.0495180Z [INSTALL_PODS] ^[[36m^[[1m[Codegen]^[[0m Processing RNCSlider^[[0m
iOS preview (macos-26 / Xcode 26.2)	UNKNOWN STEP	2026-05-07T18:06:53.0495980Z [INSTALL_PODS] ^[[36m^[[1m[Codegen]^[[0m ^[[33mSearching for podspec in the project dependencies.^[[0m
iOS preview (macos-26 / Xcode 26.2)	UNKNOWN STEP	2026-05-07T18:06:53.0497270Z [INSTALL_PODS] ^[[36m^[[1m[Codegen]^[[0m Supported Apple platforms: ios, visionos for RNCSlider^[[0m
iOS preview (macos-26 / Xcode 26.2)	UNKNOWN STEP	2026-05-07T18:06:53.0498100Z [INSTALL_PODS] ^[[36m^[[1m[Codegen]^[[0m Processing RNSentrySpec^[[0m
iOS preview (macos-26 / Xcode 26.2)	UNKNOWN STEP	2026-05-07T18:06:53.0499060Z [INSTALL_PODS] ^[[36m^[[1m[Codegen]^[[0m ^[[33mSearching for podspec in the project dependencies.^[[0m
iOS preview (macos-26 / Xcode 26.2)	UNKNOWN STEP	2026-05-07T18:06:53.0500090Z [INSTALL_PODS] ^[[36m^[[1m[Codegen]^[[0m Supported Apple platforms: ios, macos, tvos, visionos for RNSentrySpec^[[0m
iOS preview (macos-26 / Xcode 26.2)	UNKNOWN STEP	2026-05-07T18:06:53.0500820Z [INSTALL_PODS] ^[[36m^[[1m[Codegen]^[[0m Processing rngesturehandler_codegen^[[0m
iOS preview (macos-26 / Xcode 26.2)	UNKNOWN STEP	2026-05-07T18:06:53.0502650Z [INSTALL_PODS] ^[[36m^[[1m[Codegen]^[[0m ^[[33mSearching for podspec in the project dependencies.^[[0m
iOS preview (macos-26 / Xcode 26.2)	UNKNOWN STEP	2026-05-07T18:06:53.0503470Z [INSTALL_PODS] ^[[36m^[[1m[Codegen]^[[0m Supported Apple platforms: ios, macos, tvos, visionos for rngesturehandler_codegen^[[0m
iOS preview (macos-26 / Xcode 26.2)	UNKNOWN STEP	2026-05-07T18:06:53.0504590Z [INSTALL_PODS] ^[[36m^[[1m[Codegen]^[[0m Processing rnreanimated^[[0m
iOS preview (macos-26 / Xcode 26.2)	UNKNOWN STEP	2026-05-07T18:06:53.0505920Z [INSTALL_PODS] ^[[36m^[[1m[Codegen]^[[0m ^[[33mSearching for podspec in the project dependencies.^[[0m
iOS preview (macos-26 / Xcode 26.2)	UNKNOWN STEP	2026-05-07T18:06:53.0507270Z [INSTALL_PODS] ^[[36m^[[1m[Codegen]^[[0m Supported Apple platforms: ios, macos, tvos, visionos for rnreanimated^[[0m
iOS preview (macos-26 / Xcode 26.2)	UNKNOWN STEP	2026-05-07T18:06:53.0508260Z [INSTALL_PODS] ^[[36m^[[1m[Codegen]^[[0m Processing safeareacontext^[[0m
iOS preview (macos-26 / Xcode 26.2)	UNKNOWN STEP	2026-05-07T18:06:53.0509050Z [INSTALL_PODS] ^[[36m^[[1m[Codegen]^[[0m ^[[33mSearching for podspec in the project dependencies.^[[0m
iOS preview (macos-26 / Xcode 26.2)	UNKNOWN STEP	2026-05-07T18:06:53.0510200Z [INSTALL_PODS] ^[[36m^[[1m[Codegen]^[[0m Supported Apple platforms: ios, macos, tvos, visionos for safeareacontext^[[0m
iOS preview (macos-26 / Xcode 26.2)	UNKNOWN STEP	2026-05-07T18:06:53.0511110Z [INSTALL_PODS] ^[[36m^[[1m[Codegen]^[[0m Processing rnscreens^[[0m
iOS preview (macos-26 / Xcode 26.2)	UNKNOWN STEP	2026-05-07T18:06:53.0511760Z [INSTALL_PODS] ^[[36m^[[1m[Codegen]^[[0m ^[[33mSearching for podspec in the project dependencies.^[[0m
iOS preview (macos-26 / Xcode 26.2)	UNKNOWN STEP	2026-05-07T18:06:53.0512570Z [INSTALL_PODS] ^[[36m^[[1m[Codegen]^[[0m Supported Apple platforms: ios, tvos, visionos for rnscreens^[[0m
iOS preview (macos-26 / Xcode 26.2)	UNKNOWN STEP	2026-05-07T18:06:53.0513200Z [INSTALL_PODS] ^[[36m^[[1m[Codegen]^[[0m Processing rnsvg^[[0m
iOS preview (macos-26 / Xcode 26.2)	UNKNOWN STEP	2026-05-07T18:06:53.0513840Z [INSTALL_PODS] ^[[36m^[[1m[Codegen]^[[0m ^[[33mSearching for podspec in the project dependencies.^[[0m
iOS preview (macos-26 / Xcode 26.2)	UNKNOWN STEP	2026-05-07T18:06:53.0514600Z [INSTALL_PODS] ^[[36m^[[1m[Codegen]^[[0m Supported Apple platforms: ios, macos, tvos, visionos for rnsvg^[[0m
iOS preview (macos-26 / Xcode 26.2)	UNKNOWN STEP	2026-05-07T18:06:53.0515350Z [INSTALL_PODS] ^[[36m^[[1m[Codegen]^[[0m Processing rnworklets^[[0m
iOS preview (macos-26 / Xcode 26.2)	UNKNOWN STEP	2026-05-07T18:06:53.0515960Z [INSTALL_PODS] ^[[36m^[[1m[Codegen]^[[0m ^[[33mSearching for podspec in the project dependencies.^[[0m
iOS preview (macos-26 / Xcode 26.2)	UNKNOWN STEP	2026-05-07T18:06:53.0516780Z [INSTALL_PODS] ^[[36m^[[1m[Codegen]^[[0m Supported Apple platforms: ios, macos, tvos, visionos for rnworklets^[[0m
iOS preview (macos-26 / Xcode 26.2)	UNKNOWN STEP	2026-05-07T18:06:53.0538050Z [INSTALL_PODS] ^[[36m^[[1m[Codegen]^[[0m Processing RNWorkletsSpec^[[0m
iOS preview (macos-26 / Xcode 26.2)	UNKNOWN STEP	2026-05-07T18:06:53.0538910Z [INSTALL_PODS] ^[[36m^[[1m[Codegen]^[[0m ^[[33mSearching for podspec in the project dependencies.^[[0m
iOS preview (macos-26 / Xcode 26.2)	UNKNOWN STEP	2026-05-07T18:06:53.0539690Z [INSTALL_PODS] ^[[36m^[[1m[Codegen]^[[0m Supported Apple platforms: ios for RNWorkletsSpec^[[0m
iOS preview (macos-26 / Xcode 26.2)	UNKNOWN STEP	2026-05-07T18:06:53.0540810Z [INSTALL_PODS] ^[[36m^[[1m[Codegen]^[[0m Generating Native Code for rnasyncstorage - ios^[[0m
iOS preview (macos-26 / Xcode 26.2)	UNKNOWN STEP	2026-05-07T18:06:53.0542540Z [INSTALL_PODS] ^[[36m^[[1m[Codegen]^[[0m Generated artifacts: /private/var/folders/dy/3g4vbvsx7lx51x77m3_b20cc0000gn/T/eas-build-local-nodejs/746ae97a-55e5-4761-923f-3bbe8932e842/build/apps/professional-app/ios/build/generated/ios/ReactCodegen^[[0m
iOS preview (macos-26 / Xcode 26.2)	UNKNOWN STEP	2026-05-07T18:06:53.0544050Z [INSTALL_PODS] ^[[36m^[[1m[Codegen]^[[0m Generating Native Code for RNDateTimePickerCGen - ios^[[0m
iOS preview (macos-26 / Xcode 26.2)	UNKNOWN STEP	2026-05-07T18:06:53.0545410Z [INSTALL_PODS] ^[[36m^[[1m[Codegen]^[[0m Generated artifacts: /private/var/folders/dy/3g4vbvsx7lx51x77m3_b20cc0000gn/T/eas-build-local-nodejs/746ae97a-55e5-4761-923f-3bbe8932e842/build/apps/professional-app/ios/build/generated/ios/ReactCodegen^[[0m
iOS preview (macos-26 / Xcode 26.2)	UNKNOWN STEP	2026-05-07T18:06:53.0546530Z [INSTALL_PODS] ^[[36m^[[1m[Codegen]^[[0m Generating Native Code for RNCNetInfoSpec - ios^[[0m
iOS preview (macos-26 / Xcode 26.2)	UNKNOWN STEP	2026-05-07T18:06:53.0547970Z [INSTALL_PODS] ^[[36m^[[1m[Codegen]^[[0m Generated artifacts: /private/var/folders/dy/3g4vbvsx7lx51x77m3_b20cc0000gn/T/eas-build-local-nodejs/746ae97a-55e5-4761-923f-3bbe8932e842/build/apps/professional-app/ios/build/generated/ios/ReactCodegen^[[0m
iOS preview (macos-26 / Xcode 26.2)	UNKNOWN STEP	2026-05-07T18:06:53.0549280Z [INSTALL_PODS] ^[[36m^[[1m[Codegen]^[[0m Generating Native Code for RNCSlider - ios^[[0m
iOS preview (macos-26 / Xcode 26.2)	UNKNOWN STEP	2026-05-07T18:06:53.0551400Z [INSTALL_PODS] ^[[36m^[[1m[Codegen]^[[0m Generated artifacts: /private/var/folders/dy/3g4vbvsx7lx51x77m3_b20cc0000gn/T/eas-build-local-nodejs/746ae97a-55e5-4761-923f-3bbe8932e842/build/apps/professional-app/ios/build/generated/ios/ReactCodegen^[[0m
iOS preview (macos-26 / Xcode 26.2)	UNKNOWN STEP	2026-05-07T18:06:53.0552760Z [INSTALL_PODS] ^[[36m^[[1m[Codegen]^[[0m Generating Native Code for RNSentrySpec - ios^[[0m
iOS preview (macos-26 / Xcode 26.2)	UNKNOWN STEP	2026-05-07T18:06:53.0554300Z [INSTALL_PODS] ^[[36m^[[1m[Codegen]^[[0m Generated artifacts: /private/var/folders/dy/3g4vbvsx7lx51x77m3_b20cc0000gn/T/eas-build-local-nodejs/746ae97a-55e5-4761-923f-3bbe8932e842/build/apps/professional-app/ios/build/generated/ios/ReactCodegen^[[0m
iOS preview (macos-26 / Xcode 26.2)	UNKNOWN STEP	2026-05-07T18:06:53.0555870Z [INSTALL_PODS] ^[[36m^[[1m[Codegen]^[[0m Generating Native Code for rngesturehandler_codegen - ios^[[0m
iOS preview (macos-26 / Xcode 26.2)	UNKNOWN STEP	2026-05-07T18:06:53.0557660Z [INSTALL_PODS] ^[[36m^[[1m[Codegen]^[[0m Generated artifacts: /private/var/folders/dy/3g4vbvsx7lx51x77m3_b20cc0000gn/T/eas-build-local-nodejs/746ae97a-55e5-4761-923f-3bbe8932e842/build/apps/professional-app/ios/build/generated/ios/ReactCodegen^[[0m
iOS preview (macos-26 / Xcode 26.2)	UNKNOWN STEP	2026-05-07T18:06:53.0559010Z [INSTALL_PODS] ^[[36m^[[1m[Codegen]^[[0m Generating Native Code for rnreanimated - ios^[[0m
iOS preview (macos-26 / Xcode 26.2)	UNKNOWN STEP	2026-05-07T18:06:53.0560360Z [INSTALL_PODS] ^[[36m^[[1m[Codegen]^[[0m Generated artifacts: /private/var/folders/dy/3g4vbvsx7lx51x77m3_b20cc0000gn/T/eas-build-local-nodejs/746ae97a-55e5-4761-923f-3bbe8932e842/build/apps/professional-app/ios/build/generated/ios/ReactCodegen^[[0m
iOS preview (macos-26 / Xcode 26.2)	UNKNOWN STEP	2026-05-07T18:06:53.0561510Z [INSTALL_PODS] ^[[36m^[[1m[Codegen]^[[0m Generating Native Code for safeareacontext - ios^[[0m
iOS preview (macos-26 / Xcode 26.2)	UNKNOWN STEP	2026-05-07T18:06:53.0562980Z [INSTALL_PODS] ^[[36m^[[1m[Codegen]^[[0m Generated artifacts: /private/var/folders/dy/3g4vbvsx7lx51x77m3_b20cc0000gn/T/eas-build-local-nodejs/746ae97a-55e5-4761-923f-3bbe8932e842/build/apps/professional-app/ios/build/generated/ios/ReactCodegen^[[0m
iOS preview (macos-26 / Xcode 26.2)	UNKNOWN STEP	2026-05-07T18:06:53.0564130Z [INSTALL_PODS] ^[[36m^[[1m[Codegen]^[[0m Generating Native Code for rnscreens - ios^[[0m
iOS preview (macos-26 / Xcode 26.2)	UNKNOWN STEP	2026-05-07T18:06:53.0565580Z [INSTALL_PODS] ^[[36m^[[1m[Codegen]^[[0m Generated artifacts: /private/var/folders/dy/3g4vbvsx7lx51x77m3_b20cc0000gn/T/eas-build-local-nodejs/746ae97a-55e5-4761-923f-3bbe8932e842/build/apps/professional-app/ios/build/generated/ios/ReactCodegen^[[0m
iOS preview (macos-26 / Xcode 26.2)	UNKNOWN STEP	2026-05-07T18:06:53.0566640Z [INSTALL_PODS] ^[[36m^[[1m[Codegen]^[[0m Generating Native Code for rnsvg - ios^[[0m
iOS preview (macos-26 / Xcode 26.2)	UNKNOWN STEP	2026-05-07T18:06:53.0568030Z [INSTALL_PODS] ^[[36m^[[1m[Codegen]^[[0m Generated artifacts: /private/var/folders/dy/3g4vbvsx7lx51x77m3_b20cc0000gn/T/eas-build-local-nodejs/746ae97a-55e5-4761-923f-3bbe8932e842/build/apps/professional-app/ios/build/generated/ios/ReactCodegen^[[0m
iOS preview (macos-26 / Xcode 26.2)	UNKNOWN STEP	2026-05-07T18:06:53.0569020Z [INSTALL_PODS] ^[[36m^[[1m[Codegen]^[[0m Generating Native Code for rnworklets - ios^[[0m
iOS preview (macos-26 / Xcode 26.2)	UNKNOWN STEP	2026-05-07T18:06:53.0570660Z [INSTALL_PODS] ^[[36m^[[1m[Codegen]^[[0m Generated artifacts: /private/var/folders/dy/3g4vbvsx7lx51x77m3_b20cc0000gn/T/eas-build-local-nodejs/746ae97a-55e5-4761-923f-3bbe8932e842/build/apps/professional-app/ios/build/generated/ios/ReactCodegen^[[0m
iOS preview (macos-26 / Xcode 26.2)	UNKNOWN STEP	2026-05-07T18:06:53.0572300Z [INSTALL_PODS] ^[[36m^[[1m[Codegen]^[[0m Generating Native Code for RNWorkletsSpec - ios^[[0m
iOS preview (macos-26 / Xcode 26.2)	UNKNOWN STEP	2026-05-07T18:06:53.0573650Z [INSTALL_PODS] ^[[36m^[[1m[Codegen]^[[0m Generated artifacts: /private/var/folders/dy/3g4vbvsx7lx51x77m3_b20cc0000gn/T/eas-build-local-nodejs/746ae97a-55e5-4761-923f-3bbe8932e842/build/apps/professional-app/ios/build/generated/ios/ReactCodegen^[[0m
iOS preview (macos-26 / Xcode 26.2)	UNKNOWN STEP	2026-05-07T18:06:53.0574720Z [INSTALL_PODS] ^[[36m^[[1m[Codegen]^[[0m Generating RCTThirdPartyComponentsProvider.h^[[0m
iOS preview (macos-26 / Xcode 26.2)	UNKNOWN STEP	2026-05-07T18:06:53.0576330Z [INSTALL_PODS] ^[[36m^[[1m[Codegen]^[[0m Generated artifact: /private/var/folders/dy/3g4vbvsx7lx51x77m3_b20cc0000gn/T/eas-build-local-nodejs/746ae97a-55e5-4761-923f-3bbe8932e842/build/apps/professional-app/ios/build/generated/ios/ReactCodegen/RCTThirdPartyComponentsProvider.h^[[0m
iOS preview (macos-26 / Xcode 26.2)	UNKNOWN STEP	2026-05-07T18:06:53.0577690Z [INSTALL_PODS] ^[[36m^[[1m[Codegen]^[[0m Generating RCTThirdPartyComponentsProvider.mm^[[0m
iOS preview (macos-26 / Xcode 26.2)	UNKNOWN STEP	2026-05-07T18:06:53.0579260Z [INSTALL_PODS] ^[[36m^[[1m[Codegen]^[[0m Generated artifact: /private/var/folders/dy/3g4vbvsx7lx51x77m3_b20cc0000gn/T/eas-build-local-nodejs/746ae97a-55e5-4761-923f-3bbe8932e842/build/apps/professional-app/ios/build/generated/ios/ReactCodegen/RCTThirdPartyComponentsProvider.mm^[[0m
iOS preview (macos-26 / Xcode 26.2)	UNKNOWN STEP	2026-05-07T18:06:53.0580530Z [INSTALL_PODS] ^[[36m^[[1m[Codegen]^[[0m Generating RCTModulesProvider.h^[[0m
iOS preview (macos-26 / Xcode 26.2)	UNKNOWN STEP	2026-05-07T18:06:53.0581990Z [INSTALL_PODS] ^[[36m^[[1m[Codegen]^[[0m Generated artifact: /private/var/folders/dy/3g4vbvsx7lx51x77m3_b20cc0000gn/T/eas-build-local-nodejs/746ae97a-55e5-4761-923f-3bbe8932e842/build/apps/professional-app/ios/build/generated/ios/ReactCodegen/RCTModuleProviders.h^[[0m
iOS preview (macos-26 / Xcode 26.2)	UNKNOWN STEP	2026-05-07T18:06:53.0583170Z [INSTALL_PODS] ^[[36m^[[1m[Codegen]^[[0m Generating RCTModuleProviders.mm^[[0m
iOS preview (macos-26 / Xcode 26.2)	UNKNOWN STEP	2026-05-07T18:06:53.0584520Z [INSTALL_PODS] ^[[36m^[[1m[Codegen]^[[0m Generated artifact: /private/var/folders/dy/3g4vbvsx7lx51x77m3_b20cc0000gn/T/eas-build-local-nodejs/746ae97a-55e5-4761-923f-3bbe8932e842/build/apps/professional-app/ios/build/generated/ios/ReactCodegen/RCTModuleProviders.mm^[[0m
iOS preview (macos-26 / Xcode 26.2)	UNKNOWN STEP	2026-05-07T18:06:53.0585620Z [INSTALL_PODS] ^[[36m^[[1m[Codegen]^[[0m Generating RCTAppDependencyProvider^[[0m
iOS preview (macos-26 / Xcode 26.2)	UNKNOWN STEP	2026-05-07T18:06:53.0587130Z [INSTALL_PODS] ^[[36m^[[1m[Codegen]^[[0m Generated artifact: /private/var/folders/dy/3g4vbvsx7lx51x77m3_b20cc0000gn/T/eas-build-local-nodejs/746ae97a-55e5-4761-923f-3bbe8932e842/build/apps/professional-app/ios/build/generated/ios/ReactAppDependencyProvider/RCTAppDependencyProvider.h^[[0m
iOS preview (macos-26 / Xcode 26.2)	UNKNOWN STEP	2026-05-07T18:06:53.0590070Z [INSTALL_PODS] ^[[36m^[[1m[Codegen]^[[0m Generated artifact: /private/var/folders/dy/3g4vbvsx7lx51x77m3_b20cc0000gn/T/eas-build-local-nodejs/746ae97a-55e5-4761-923f-3bbe8932e842/build/apps/professional-app/ios/build/generated/ios/ReactAppDependencyProvider/RCTAppDependencyProvider.mm^[[0m
iOS preview (macos-26 / Xcode 26.2)	UNKNOWN STEP	2026-05-07T18:06:53.0592390Z [INSTALL_PODS] ^[[36m^[[1m[Codegen]^[[0m Generated podspec: /private/var/folders/dy/3g4vbvsx7lx51x77m3_b20cc0000gn/T/eas-build-local-nodejs/746ae97a-55e5-4761-923f-3bbe8932e842/build/apps/professional-app/ios/build/generated/ios/ReactAppDependencyProvider/ReactAppDependencyProvider.podspec^[[0m
iOS preview (macos-26 / Xcode 26.2)	UNKNOWN STEP	2026-05-07T18:06:53.0594410Z [INSTALL_PODS] ^[[36m^[[1m[Codegen]^[[0m Generated podspec: /private/var/folders/dy/3g4vbvsx7lx51x77m3_b20cc0000gn/T/eas-build-local-nodejs/746ae97a-55e5-4761-923f-3bbe8932e842/build/apps/professional-app/ios/build/generated/ios/ReactCodegen/ReactCodegen.podspec^[[0m
iOS preview (macos-26 / Xcode 26.2)	UNKNOWN STEP	2026-05-07T18:06:53.0595620Z [INSTALL_PODS] ^[[36m^[[1m[Codegen]^[[0m Generating Package.swift^[[0m
iOS preview (macos-26 / Xcode 26.2)	UNKNOWN STEP	2026-05-07T18:06:53.0596960Z [INSTALL_PODS] ^[[36m^[[1m[Codegen]^[[0m Generated artifact: /private/var/folders/dy/3g4vbvsx7lx51x77m3_b20cc0000gn/T/eas-build-local-nodejs/746ae97a-55e5-4761-923f-3bbe8932e842/build/apps/professional-app/ios/build/generated/ios/Package.swift^[[0m
iOS preview (macos-26 / Xcode 26.2)	UNKNOWN STEP	2026-05-07T18:06:53.0598210Z [INSTALL_PODS] ^[[36m^[[1m[Codegen]^[[0m ^[[33mDone.^[[0m
iOS preview (macos-26 / Xcode 26.2)	UNKNOWN STEP	2026-05-07T18:06:53.0782060Z [INSTALL_PODS] Analyzing dependencies
iOS preview (macos-26 / Xcode 26.2)	UNKNOWN STEP	2026-05-07T18:06:53.6466340Z [INSTALL_PODS] [RNScreens] Gamma project enabled. Including source files.
iOS preview (macos-26 / Xcode 26.2)	UNKNOWN STEP	2026-05-07T18:06:53.8754510Z [INSTALL_PODS] Fetching podspec for `React-Core-prebuilt` from `../../../node_modules/react-native/React-Core-prebuilt.podspec`
iOS preview (macos-26 / Xcode 26.2)	UNKNOWN STEP	2026-05-07T18:06:53.8775660Z [INSTALL_PODS] [ReactNativeCore] Downloading ReactNativeCore-prebuilt debug tarball from https://repo1.maven.org/maven2/com/facebook/react/react-native-artifacts/0.83.6/react-native-artifacts-0.83.6-reactnative-core-debug.tar.gz to ../../apps/professional-app/ios/Pods/ReactNativeCore-artifacts/reactnative-core-0.83.6-debug.tar.gz
iOS preview (macos-26 / Xcode 26.2)	UNKNOWN STEP	2026-05-07T18:06:53.9291310Z [INSTALL_PODS] % Total    % Received % Xferd  Average Speed   Time    Time     Time  Current
iOS preview (macos-26 / Xcode 26.2)	UNKNOWN STEP	2026-05-07T18:06:53.9392870Z [INSTALL_PODS]                                  Dload  Upload   Total   Spent    Left  Speed
iOS preview (macos-26 / Xcode 26.2)	UNKNOWN STEP	2026-05-07T18:06:53.9404540Z [INSTALL_PODS] 
iOS preview (macos-26 / Xcode 26.2)	UNKNOWN STEP	2026-05-07T18:06:53.9405740Z   0     0    0     0    0     0      0      0 --:--:-- --:--:-- --:--:--     0
iOS preview (macos-26 / Xcode 26.2)	UNKNOWN STEP	2026-05-07T18:06:54.4102790Z [INSTALL_PODS] 71 88.2M   71 63.4M    0     0   130M      0 --:--:-- --:--:-- --:-
iOS preview (macos-26 / Xcode 26.2)	UNKNOWN STEP	2026-05-07T18:06:54.4202800Z [INSTALL_PODS] -:--  130M
iOS preview (macos-26 / Xcode 26.2)	UNKNOWN STEP	2026-05-07T18:06:54.5896240Z [INSTALL_PODS] 100 88.2M  100 88.2M    0     0   131M      0 --:--:-
iOS preview (macos-26 / Xcode 26.2)	UNKNOWN STEP	2026-05-07T18:06:54.5944130Z [INSTALL_PODS] - --:--:-- --:--:--  131M
iOS preview (macos-26 / Xcode 26.2)	UNKNOWN STEP	2026-05-07T18:06:54.6006810Z [INSTALL_PODS] [ReactNativeCore] Downloading ReactNativeCore-prebuilt release tarball from https://repo1.maven.org/maven2/com/facebook/react/react-native-artifacts/0.83.6/react-native-artifacts-0.83.6-reactnative-core-release.tar.gz to ../../apps/professional-app/ios/Pods/ReactNativeCore-artifacts/reactnative-core-0.83.6-release.tar.gz
iOS preview (macos-26 / Xcode 26.2)	UNKNOWN STEP	2026-05-07T18:06:54.6227810Z [INSTALL_PODS] % Total    % Received % Xferd  Average Spe
iOS preview (macos-26 / Xcode 26.2)	UNKNOWN STEP	2026-05-07T18:06:54.6228910Z [INSTALL_PODS] ed   Time    Time     Time  Current
iOS preview (macos-26 / Xcode 26.2)	UNKNOWN STEP	2026-05-07T18:06:54.6229440Z [INSTALL_PODS]                                  Dload  Upload   Total   Spent    Left  Speed
iOS preview (macos-26 / Xcode 26.2)	UNKNOWN STEP	2026-05-07T18:06:54.6229800Z [INSTALL_PODS] 
iOS preview (macos-26 / Xcode 26.2)	UNKNOWN STEP	2026-05-07T18:06:54.6230120Z   0     0    0     0    0     0      0      0 --:--:-- --:--:-- --:--:--     0
iOS preview (macos-26 / Xcode 26.2)	UNKNOWN STEP	2026-05-07T18:06:54.8969270Z [INSTALL_PODS] 100 27.9M  100 27.9M    0     0   104M      0 --:--:-- -
iOS preview (macos-26 / Xcode 26.2)	UNKNOWN STEP	2026-05-07T18:06:54.9070360Z [INSTALL_PODS] -:--:-- --:--:--  104M
iOS preview (macos-26 / Xcode 26.2)	UNKNOWN STEP	2026-05-07T18:06:54.9171020Z [INSTALL_PODS] [ReactNativeCore] Resolved stable ReactNativeCore-prebuilt version:
iOS preview (macos-26 / Xcode 26.2)	UNKNOWN STEP	2026-05-07T18:06:54.9272280Z [INSTALL_PODS] [ReactNativeCore]   ../../apps/professional-app/ios/Pods/ReactNativeCore-artifacts/reactnative-core-0.83.6-debug.tar.gz
iOS preview (macos-26 / Xcode 26.2)	UNKNOWN STEP	2026-05-07T18:06:54.9372850Z [INSTALL_PODS] [ReactNativeCore]   ../../apps/professional-app/ios/Pods/ReactNativeCore-artifacts/reactnative-core-0.83.6-release.tar.gz
iOS preview (macos-26 / Xcode 26.2)	UNKNOWN STEP	2026-05-07T18:06:55.1615950Z [INSTALL_PODS] Fetching podspec for `ReactNativeDependencies` from `../../../node_modules/react-native/third-party-podspecs/ReactNativeDependencies.podspec`
iOS preview (macos-26 / Xcode 26.2)	UNKNOWN STEP	2026-05-07T18:06:55.2486840Z [INSTALL_PODS] [ReactNativeDependencies] Using tarball from URL: https://repo1.maven.org/maven2/com/facebook/react/react-native-artifacts/0.83.6/react-native-artifacts-0.83.6-reactnative-dependencies-debug.tar.gz
iOS preview (macos-26 / Xcode 26.2)	UNKNOWN STEP	2026-05-07T18:06:55.2499050Z [INSTALL_PODS] [VisionCamera] Thank you for using VisionCamera ❤️
iOS preview (macos-26 / Xcode 26.2)	UNKNOWN STEP	2026-05-07T18:06:55.2499950Z [INSTALL_PODS] [VisionCamera] If you enjoy using VisionCamera, please consider sponsoring this project: https://github.com/sponsors/mrousavy
iOS preview (macos-26 / Xcode 26.2)	UNKNOWN STEP	2026-05-07T18:06:55.2500760Z [INSTALL_PODS] [VisionCamera] $VCEnableLocation is not set, enabling CLLocation APIs by default...
iOS preview (macos-26 / Xcode 26.2)	UNKNOWN STEP	2026-05-07T18:06:55.2501580Z [INSTALL_PODS] [VisionCamera] $VCEnableFrameProcessors is not set, enabling Frame Processors if Worklets is installed...
iOS preview (macos-26 / Xcode 26.2)	UNKNOWN STEP	2026-05-07T18:06:55.2861870Z [INSTALL_PODS] [VisionCamera] react-native-worklets-core found at /private/var/folders/dy/3g4vbvsx7lx51x77m3_b20cc0000gn/T/eas-build-local-nodejs/746ae97a-55e5-4761-923f-3bbe8932e842/build/node_modules/react-native-worklets-core, Frame Processors are enabled!
iOS preview (macos-26 / Xcode 26.2)	UNKNOWN STEP	2026-05-07T18:06:55.3759340Z [INSTALL_PODS] Fetching podspec for `hermes-engine` from `../../../node_modules/react-native/sdks/hermes-engine/hermes-engine.podspec`
iOS preview (macos-26 / Xcode 26.2)	UNKNOWN STEP	2026-05-07T18:06:55.5301090Z [INSTALL_PODS] [Hermes] Using release tarball from URL: https://repo1.maven.org/maven2/com/facebook/hermes/hermes-ios/0.14.1/hermes-ios-0.14.1-hermes-ios-debug.tar.gz
iOS preview (macos-26 / Xcode 26.2)	UNKNOWN STEP	2026-05-07T18:06:55.5602130Z [INSTALL_PODS] % Total    % Received % Xferd  Average Speed   Time
iOS preview (macos-26 / Xcode 26.2)	UNKNOWN STEP	2026-05-07T18:06:55.5703160Z [INSTALL_PODS] Time     Time  Current
iOS preview (macos-26 / Xcode 26.2)	UNKNOWN STEP	2026-05-07T18:06:55.5803900Z [INSTALL_PODS]                                  Dload  Upload   Total   Spent    Left  Speed
iOS preview (macos-26 / Xcode 26.2)	UNKNOWN STEP	2026-05-07T18:06:55.5904560Z [INSTALL_PODS] 
iOS preview (macos-26 / Xcode 26.2)	UNKNOWN STEP	2026-05-07T18:06:55.6005940Z   0     0    0     0    0     0      0      0 --:--:-- --:--:-- --:--:--     0
iOS preview (macos-26 / Xcode 26.2)	UNKNOWN STEP	2026-05-07T18:06:55.7711740Z [INSTALL_PODS] 100 29.0M  100 29.0M    0     0   135M      0 --:--
iOS preview (macos-26 / Xcode 26.2)	UNKNOWN STEP	2026-05-07T18:06:55.7815980Z [INSTALL_PODS] :-- --:--:-- --:--:--  135M
iOS preview (macos-26 / Xcode 26.2)	UNKNOWN STEP	2026-05-07T18:06:55.8117100Z [INSTALL_PODS] % Total    % Received % Xferd  Average Speed   Time    Time     Time  Current
iOS preview (macos-26 / Xcode 26.2)	UNKNOWN STEP	2026-05-07T18:06:55.8217470Z [INSTALL_PODS]                                  Dload  Upload   Total   Spent    Left  Speed
iOS preview (macos-26 / Xcode 26.2)	UNKNOWN STEP	2026-05-07T18:06:55.8318080Z [INSTALL_PODS] 
iOS preview (macos-26 / Xcode 26.2)	UNKNOWN STEP	2026-05-07T18:06:55.8341160Z   0     0    0     0    0
iOS preview (macos-26 / Xcode 26.2)	UNKNOWN STEP	2026-05-07T18:06:55.8396910Z [INSTALL_PODS] 0      0      0 --:--:-- --:--:-- --:--:--     0
iOS preview (macos-26 / Xcode 26.2)	UNKNOWN STEP	2026-05-07T18:06:55.9652010Z [INSTALL_PODS] 100 20.7M  100 20.7M    0     0   132M      0 --:--:-- --:--:-- --:--:--  133M
iOS preview (macos-26 / Xcode 26.2)	UNKNOWN STEP	2026-05-07T18:07:00.4890100Z [INSTALL_PODS] Adding spec repo `trunk` with CDN `https://cdn.cocoapods.org/`
iOS preview (macos-26 / Xcode 26.2)	UNKNOWN STEP	2026-05-07T18:07:00.4891040Z [INSTALL_PODS] Downloading dependencies
iOS preview (macos-26 / Xcode 26.2)	UNKNOWN STEP	2026-05-07T18:07:00.4891590Z [INSTALL_PODS] Installing EASClient (55.0.5)
iOS preview (macos-26 / Xcode 26.2)	UNKNOWN STEP	2026-05-07T18:07:00.4892030Z [INSTALL_PODS] Installing EXAV (16.0.8)
iOS preview (macos-26 / Xcode 26.2)	UNKNOWN STEP	2026-05-07T18:07:00.4892540Z [INSTALL_PODS] Installing EXApplication (55.0.14)
iOS preview (macos-26 / Xcode 26.2)	UNKNOWN STEP	2026-05-07T18:07:00.4892970Z [INSTALL_PODS] Installing EXConstants (55.0.16)
iOS preview (macos-26 / Xcode 26.2)	UNKNOWN STEP	2026-05-07T18:07:00.4893480Z [INSTALL_PODS] Installing EXJSONUtils (55.0.2)
iOS preview (macos-26 / Xcode 26.2)	UNKNOWN STEP	2026-05-07T18:07:00.4893940Z [INSTALL_PODS] Installing EXManifests (55.0.16)
iOS preview (macos-26 / Xcode 26.2)	UNKNOWN STEP	2026-05-07T18:07:00.4894440Z [INSTALL_PODS] Installing EXStructuredHeaders (55.0.2)
iOS preview (macos-26 / Xcode 26.2)	UNKNOWN STEP	2026-05-07T18:07:00.4894950Z [INSTALL_PODS] Installing EXUpdates (55.0.21)
iOS preview (macos-26 / Xcode 26.2)	UNKNOWN STEP	2026-05-07T18:07:00.4895440Z [INSTALL_PODS] Installing EXUpdatesInterface (55.1.6)
iOS preview (macos-26 / Xcode 26.2)	UNKNOWN STEP	2026-05-07T18:07:00.4895960Z [INSTALL_PODS] Installing Expo (55.0.23)
iOS preview (macos-26 / Xcode 26.2)	UNKNOWN STEP	2026-05-07T18:07:00.4896410Z [INSTALL_PODS] Installing ExpoAsset (55.0.17)
iOS preview (macos-26 / Xcode 26.2)	UNKNOWN STEP	2026-05-07T18:07:00.4896830Z [INSTALL_PODS] Installing ExpoAudio (55.0.14)
iOS preview (macos-26 / Xcode 26.2)	UNKNOWN STEP	2026-05-07T18:07:00.4897240Z [INSTALL_PODS] Installing ExpoCamera (55.0.18)
iOS preview (macos-26 / Xcode 26.2)	UNKNOWN STEP	2026-05-07T18:07:00.4897780Z [INSTALL_PODS] Installing ExpoCameraBarcodeScanning (55.0.18)
iOS preview (macos-26 / Xcode 26.2)	UNKNOWN STEP	2026-05-07T18:07:00.4898320Z [INSTALL_PODS] Installing ExpoDevice (55.0.16)
iOS preview (macos-26 / Xcode 26.2)	UNKNOWN STEP	2026-05-07T18:07:00.4898890Z [INSTALL_PODS] Installing ExpoFileSystem (55.0.19)
iOS preview (macos-26 / Xcode 26.2)	UNKNOWN STEP	2026-05-07T18:07:00.4899240Z [INSTALL_PODS] Installing ExpoFont (55.0.7)
iOS preview (macos-26 / Xcode 26.2)	UNKNOWN STEP	2026-05-07T18:07:00.4900180Z [INSTALL_PODS] Installing ExpoGlassEffect (55.0.11)
iOS preview (macos-26 / Xcode 26.2)	UNKNOWN STEP	2026-05-07T18:07:00.4900920Z [INSTALL_PODS] Installing ExpoHaptics (55.0.14)
iOS preview (macos-26 / Xcode 26.2)	UNKNOWN STEP	2026-05-07T18:07:00.4901350Z [INSTALL_PODS] Installing ExpoImage (55.0.10)
iOS preview (macos-26 / Xcode 26.2)	UNKNOWN STEP	2026-05-07T18:07:00.4901750Z [INSTALL_PODS] Installing ExpoImagePicker (55.0.20)
iOS preview (macos-26 / Xcode 26.2)	UNKNOWN STEP	2026-05-07T18:07:00.4902230Z [INSTALL_PODS] Installing ExpoKeepAwake (55.0.8)
iOS preview (macos-26 / Xcode 26.2)	UNKNOWN STEP	2026-05-07T18:07:00.4902620Z [INSTALL_PODS] Installing ExpoLinking (55.0.15)
iOS preview (macos-26 / Xcode 26.2)	UNKNOWN STEP	2026-05-07T18:07:00.4903050Z [INSTALL_PODS] Installing ExpoLocalAuthentication (55.0.13)
iOS preview (macos-26 / Xcode 26.2)	UNKNOWN STEP	2026-05-07T18:07:00.4903420Z [INSTALL_PODS] Installing ExpoLocation (55.1.9)
iOS preview (macos-26 / Xcode 26.2)	UNKNOWN STEP	2026-05-07T18:07:00.4903780Z [INSTALL_PODS] Installing ExpoLogBox (55.0.12)
iOS preview (macos-26 / Xcode 26.2)	UNKNOWN STEP	2026-05-07T18:07:00.4904180Z [INSTALL_PODS] Installing ExpoModulesCore (55.0.25)
iOS preview (macos-26 / Xcode 26.2)	UNKNOWN STEP	2026-05-07T18:07:00.4904570Z [INSTALL_PODS] Installing ExpoModulesJSI (55.0.25)
iOS preview (macos-26 / Xcode 26.2)	UNKNOWN STEP	2026-05-07T18:07:00.4904950Z [INSTALL_PODS] Installing ExpoNotifications (55.0.22)
iOS preview (macos-26 / Xcode 26.2)	UNKNOWN STEP	2026-05-07T18:07:00.4905290Z [INSTALL_PODS] Installing ExpoPrint (55.0.14)
iOS preview (macos-26 / Xcode 26.2)	UNKNOWN STEP	2026-05-07T18:07:00.4905650Z [INSTALL_PODS] Installing ExpoRouter (55.0.14)
iOS preview (macos-26 / Xcode 26.2)	UNKNOWN STEP	2026-05-07T18:07:00.4906390Z [INSTALL_PODS] Installing ExpoSecureStore (55.0.13)
iOS preview (macos-26 / Xcode 26.2)	UNKNOWN STEP	2026-05-07T18:07:00.4906800Z [INSTALL_PODS] Installing ExpoSensors (55.0.14)
iOS preview (macos-26 / Xcode 26.2)	UNKNOWN STEP	2026-05-07T18:07:00.4907410Z [INSTALL_PODS] Installing ExpoSharing (55.0.18)
iOS preview (macos-26 / Xcode 26.2)	UNKNOWN STEP	2026-05-07T18:07:00.4907760Z [INSTALL_PODS] Installing ExpoSplashScreen (55.0.20)
iOS preview (macos-26 / Xcode 26.2)	UNKNOWN STEP	2026-05-07T18:07:00.4908070Z [INSTALL_PODS] Installing ExpoSymbols (55.0.8)
iOS preview (macos-26 / Xcode 26.2)	UNKNOWN STEP	2026-05-07T18:07:00.4908410Z [INSTALL_PODS] Installing FBLazyVector (0.83.6)
iOS preview (macos-26 / Xcode 26.2)	UNKNOWN STEP	2026-05-07T18:07:00.4908760Z [INSTALL_PODS] Installing RCTDeprecation (0.83.6)
iOS preview (macos-26 / Xcode 26.2)	UNKNOWN STEP	2026-05-07T18:07:00.4909080Z [INSTALL_PODS] Installing RCTRequired (0.83.6)
iOS preview (macos-26 / Xcode 26.2)	UNKNOWN STEP	2026-05-07T18:07:00.4909450Z [INSTALL_PODS] Installing RCTSwiftUI (0.83.6)
iOS preview (macos-26 / Xcode 26.2)	UNKNOWN STEP	2026-05-07T18:07:00.4909860Z [INSTALL_PODS] Installing RCTSwiftUIWrapper (0.83.6)
iOS preview (macos-26 / Xcode 26.2)	UNKNOWN STEP	2026-05-07T18:07:00.4910210Z [INSTALL_PODS] Installing RCTTypeSafety (0.83.6)
iOS preview (macos-26 / Xcode 26.2)	UNKNOWN STEP	2026-05-07T18:07:00.4910540Z [INSTALL_PODS] Installing RNCAsyncStorage (2.2.0)
iOS preview (macos-26 / Xcode 26.2)	UNKNOWN STEP	2026-05-07T18:07:00.4910870Z [INSTALL_PODS] Installing RNDateTimePicker (8.6.0)
iOS preview (macos-26 / Xcode 26.2)	UNKNOWN STEP	2026-05-07T18:07:00.4911290Z [INSTALL_PODS] Installing RNGestureHandler (2.30.0)
iOS preview (macos-26 / Xcode 26.2)	UNKNOWN STEP	2026-05-07T18:07:00.4911640Z [INSTALL_PODS] Installing RNReanimated (4.2.1)
iOS preview (macos-26 / Xcode 26.2)	UNKNOWN STEP	2026-05-07T18:07:00.4911950Z [INSTALL_PODS] Installing RNSVG (15.15.3)
iOS preview (macos-26 / Xcode 26.2)	UNKNOWN STEP	2026-05-07T18:07:00.4912280Z [INSTALL_PODS] Installing RNScreens (4.23.0)
iOS preview (macos-26 / Xcode 26.2)	UNKNOWN STEP	2026-05-07T18:07:00.4912590Z [INSTALL_PODS] Installing RNSentry (8.7.0)
iOS preview (macos-26 / Xcode 26.2)	UNKNOWN STEP	2026-05-07T18:07:00.4912940Z [INSTALL_PODS] Installing RNWorklets (0.7.4)
iOS preview (macos-26 / Xcode 26.2)	UNKNOWN STEP	2026-05-07T18:07:00.4913280Z [INSTALL_PODS] Installing ReachabilitySwift (5.2.4)
iOS preview (macos-26 / Xcode 26.2)	UNKNOWN STEP	2026-05-07T18:07:01.2059240Z [INSTALL_PODS] Installing React (0.83.6)
iOS preview (macos-26 / Xcode 26.2)	UNKNOWN STEP	2026-05-07T18:07:01.2069930Z [INSTALL_PODS] Installing React-Core (0.83.6)
iOS preview (macos-26 / Xcode 26.2)	UNKNOWN STEP	2026-05-07T18:07:01.2074100Z [INSTALL_PODS] Installing React-Core-prebuilt (0.83.6)
iOS preview (macos-26 / Xcode 26.2)	UNKNOWN STEP	2026-05-07T18:07:10.6749780Z [INSTALL_PODS] Installing React-CoreModules (0.83.6)
iOS preview (macos-26 / Xcode 26.2)	UNKNOWN STEP	2026-05-07T18:07:10.6751290Z [INSTALL_PODS] Installing React-Fabric (0.83.6)
iOS preview (macos-26 / Xcode 26.2)	UNKNOWN STEP	2026-05-07T18:07:10.6753080Z [INSTALL_PODS] Installing React-FabricComponents (0.83.6)
iOS preview (macos-26 / Xcode 26.2)	UNKNOWN STEP	2026-05-07T18:07:10.6756440Z [INSTALL_PODS] Installing React-FabricImage (0.83.6)
iOS preview (macos-26 / Xcode 26.2)	UNKNOWN STEP	2026-05-07T18:07:10.6759190Z [INSTALL_PODS] Installing React-ImageManager (0.83.6)
iOS preview (macos-26 / Xcode 26.2)	UNKNOWN STEP	2026-05-07T18:07:10.6759820Z [INSTALL_PODS] Installing React-Mapbuffer (0.83.6)
iOS preview (macos-26 / Xcode 26.2)	UNKNOWN STEP	2026-05-07T18:07:10.6760500Z [INSTALL_PODS] Installing React-NativeModulesApple (0.83.6)
iOS preview (macos-26 / Xcode 26.2)	UNKNOWN STEP	2026-05-07T18:07:10.6763230Z [INSTALL_PODS] Installing React-RCTActionSheet (0.83.6)
iOS preview (macos-26 / Xcode 26.2)	UNKNOWN STEP	2026-05-07T18:07:10.6764710Z [INSTALL_PODS] Installing React-RCTAnimation (0.83.6)
iOS preview (macos-26 / Xcode 26.2)	UNKNOWN STEP	2026-05-07T18:07:10.6766730Z [INSTALL_PODS] Installing React-RCTAppDelegate (0.83.6)
iOS preview (macos-26 / Xcode 26.2)	UNKNOWN STEP	2026-05-07T18:07:10.6767410Z [INSTALL_PODS] Installing React-RCTBlob (0.83.6)
iOS preview (macos-26 / Xcode 26.2)	UNKNOWN STEP	2026-05-07T18:07:10.6768020Z [INSTALL_PODS] Installing React-RCTFBReactNativeSpec (0.83.6)
iOS preview (macos-26 / Xcode 26.2)	UNKNOWN STEP	2026-05-07T18:07:10.6768570Z [INSTALL_PODS] Installing React-RCTFabric (0.83.6)
iOS preview (macos-26 / Xcode 26.2)	UNKNOWN STEP	2026-05-07T18:07:10.6769150Z [INSTALL_PODS] Installing React-RCTImage (0.83.6)
iOS preview (macos-26 / Xcode 26.2)	UNKNOWN STEP	2026-05-07T18:07:10.6769980Z [INSTALL_PODS] Installing React-RCTLinking (0.83.6)
iOS preview (macos-26 / Xcode 26.2)	UNKNOWN STEP	2026-05-07T18:07:10.6770580Z [INSTALL_PODS] Installing React-RCTNetwork (0.83.6)
iOS preview (macos-26 / Xcode 26.2)	UNKNOWN STEP	2026-05-07T18:07:10.6771190Z [INSTALL_PODS] Installing React-RCTRuntime (0.83.6)
iOS preview (macos-26 / Xcode 26.2)	UNKNOWN STEP	2026-05-07T18:07:10.6876370Z [INSTALL_PODS] Installing React-RCTSettings (0.83.6)
iOS preview (macos-26 / Xcode 26.2)	UNKNOWN STEP	2026-05-07T18:07:10.6896580Z [INSTALL_PODS] Installing React-RCTText (0.83.6)
iOS preview (macos-26 / Xcode 26.2)	UNKNOWN STEP	2026-05-07T18:07:10.6898820Z [INSTALL_PODS] Installing React-RCTVibration (0.83.6)
iOS preview (macos-26 / Xcode 26.2)	UNKNOWN STEP	2026-05-07T18:07:10.6900540Z [INSTALL_PODS] Installing React-RuntimeApple (0.83.6)
iOS preview (macos-26 / Xcode 26.2)	UNKNOWN STEP	2026-05-07T18:07:10.6901170Z [INSTALL_PODS] Installing React-RuntimeCore (0.83.6)
iOS preview (macos-26 / Xcode 26.2)	UNKNOWN STEP	2026-05-07T18:07:10.6902350Z [INSTALL_PODS] Installing React-RuntimeHermes (0.83.6)
iOS preview (macos-26 / Xcode 26.2)	UNKNOWN STEP	2026-05-07T18:07:10.6903300Z [INSTALL_PODS] Installing React-callinvoker (0.83.6)
iOS preview (macos-26 / Xcode 26.2)	UNKNOWN STEP	2026-05-07T18:07:10.6903860Z [INSTALL_PODS] Installing React-cxxreact (0.83.6)
iOS preview (macos-26 / Xcode 26.2)	UNKNOWN STEP	2026-05-07T18:07:10.6905900Z [INSTALL_PODS] Installing React-debug (0.83.6)
iOS preview (macos-26 / Xcode 26.2)	UNKNOWN STEP	2026-05-07T18:07:10.6906490Z [INSTALL_PODS] Installing React-defaultsnativemodule (0.83.6)
iOS preview (macos-26 / Xcode 26.2)	UNKNOWN STEP	2026-05-07T18:07:10.6907130Z [INSTALL_PODS] Installing React-domnativemodule (0.83.6)
iOS preview (macos-26 / Xcode 26.2)	UNKNOWN STEP	2026-05-07T18:07:10.6908910Z [INSTALL_PODS] Installing React-featureflags (0.83.6)
iOS preview (macos-26 / Xcode 26.2)	UNKNOWN STEP	2026-05-07T18:07:10.6909680Z [INSTALL_PODS] Installing React-featureflagsnativemodule (0.83.6)
iOS preview (macos-26 / Xcode 26.2)	UNKNOWN STEP	2026-05-07T18:07:10.6918350Z [INSTALL_PODS] Installing React-graphics (0.83.6)
iOS preview (macos-26 / Xcode 26.2)	UNKNOWN STEP	2026-05-07T18:07:10.6918740Z [INSTALL_PODS] Installing React-hermes (0.83.6)
iOS preview (macos-26 / Xcode 26.2)	UNKNOWN STEP	2026-05-07T18:07:10.6919250Z [INSTALL_PODS] Installing React-idlecallbacksnativemodule (0.83.6)
iOS preview (macos-26 / Xcode 26.2)	UNKNOWN STEP	2026-05-07T18:07:10.6919780Z [INSTALL_PODS] Installing React-intersectionobservernativemodule (0.83.6)
iOS preview (macos-26 / Xcode 26.2)	UNKNOWN STEP	2026-05-07T18:07:10.6920260Z [INSTALL_PODS] Installing React-jserrorhandler (0.83.6)
iOS preview (macos-26 / Xcode 26.2)	UNKNOWN STEP	2026-05-07T18:07:10.6920690Z [INSTALL_PODS] Installing React-jsi (0.83.6)
iOS preview (macos-26 / Xcode 26.2)	UNKNOWN STEP	2026-05-07T18:07:10.6921090Z [INSTALL_PODS] Installing React-jsiexecutor (0.83.6)
iOS preview (macos-26 / Xcode 26.2)	UNKNOWN STEP	2026-05-07T18:07:10.6921510Z [INSTALL_PODS] Installing React-jsinspector (0.83.6)
iOS preview (macos-26 / Xcode 26.2)	UNKNOWN STEP	2026-05-07T18:07:10.6921920Z [INSTALL_PODS] Installing React-jsinspectorcdp (0.83.6)
iOS preview (macos-26 / Xcode 26.2)	UNKNOWN STEP	2026-05-07T18:07:10.6922380Z [INSTALL_PODS] Installing React-jsinspectornetwork (0.83.6)
iOS preview (macos-26 / Xcode 26.2)	UNKNOWN STEP	2026-05-07T18:07:10.6922900Z [INSTALL_PODS] Installing React-jsinspectortracing (0.83.6)
iOS preview (macos-26 / Xcode 26.2)	UNKNOWN STEP	2026-05-07T18:07:10.6923310Z [INSTALL_PODS] Installing React-jsitooling (0.83.6)
iOS preview (macos-26 / Xcode 26.2)	UNKNOWN STEP	2026-05-07T18:07:10.6923770Z [INSTALL_PODS] Installing React-jsitracing (0.83.6)
iOS preview (macos-26 / Xcode 26.2)	UNKNOWN STEP	2026-05-07T18:07:10.6924230Z [INSTALL_PODS] Installing React-logger (0.83.6)
iOS preview (macos-26 / Xcode 26.2)	UNKNOWN STEP	2026-05-07T18:07:10.6924680Z [INSTALL_PODS] Installing React-microtasksnativemodule (0.83.6)
iOS preview (macos-26 / Xcode 26.2)	UNKNOWN STEP	2026-05-07T18:07:10.6925140Z [INSTALL_PODS] Installing React-networking (0.83.6)
iOS preview (macos-26 / Xcode 26.2)	UNKNOWN STEP	2026-05-07T18:07:10.6925590Z [INSTALL_PODS] Installing React-oscompat (0.83.6)
iOS preview (macos-26 / Xcode 26.2)	UNKNOWN STEP	2026-05-07T18:07:10.6926000Z [INSTALL_PODS] Installing React-perflogger (0.83.6)
iOS preview (macos-26 / Xcode 26.2)	UNKNOWN STEP	2026-05-07T18:07:10.6927990Z [INSTALL_PODS] Installing React-performancecdpmetrics (0.83.6)
iOS preview (macos-26 / Xcode 26.2)	UNKNOWN STEP	2026-05-07T18:07:10.6929360Z [INSTALL_PODS] Installing React-performancetimeline (0.83.6)
iOS preview (macos-26 / Xcode 26.2)	UNKNOWN STEP	2026-05-07T18:07:10.6930520Z [INSTALL_PODS] Installing React-rendererconsistency (0.83.6)
iOS preview (macos-26 / Xcode 26.2)	UNKNOWN STEP	2026-05-07T18:07:10.6931650Z [INSTALL_PODS] Installing React-renderercss (0.83.6)
iOS preview (macos-26 / Xcode 26.2)	UNKNOWN STEP	2026-05-07T18:07:10.6932840Z [INSTALL_PODS] Installing React-rendererdebug (0.83.6)
iOS preview (macos-26 / Xcode 26.2)	UNKNOWN STEP	2026-05-07T18:07:10.6933920Z [INSTALL_PODS] Installing React-runtimeexecutor (0.83.6)
iOS preview (macos-26 / Xcode 26.2)	UNKNOWN STEP	2026-05-07T18:07:10.6935030Z [INSTALL_PODS] Installing React-runtimescheduler (0.83.6)
iOS preview (macos-26 / Xcode 26.2)	UNKNOWN STEP	2026-05-07T18:07:10.6936670Z [INSTALL_PODS] Installing React-timing (0.83.6)
iOS preview (macos-26 / Xcode 26.2)	UNKNOWN STEP	2026-05-07T18:07:10.6937680Z [INSTALL_PODS] Installing React-utils (0.83.6)
iOS preview (macos-26 / Xcode 26.2)	UNKNOWN STEP	2026-05-07T18:07:10.6938850Z [INSTALL_PODS] Installing React-webperformancenativemodule (0.83.6)
iOS preview (macos-26 / Xcode 26.2)	UNKNOWN STEP	2026-05-07T18:07:10.6940270Z [INSTALL_PODS] Installing ReactAppDependencyProvider (0.83.6)
iOS preview (macos-26 / Xcode 26.2)	UNKNOWN STEP	2026-05-07T18:07:10.6941360Z [INSTALL_PODS] Installing ReactCodegen (0.83.6)
iOS preview (macos-26 / Xcode 26.2)	UNKNOWN STEP	2026-05-07T18:07:10.6942360Z [INSTALL_PODS] Installing ReactCommon (0.83.6)
iOS preview (macos-26 / Xcode 26.2)	UNKNOWN STEP	2026-05-07T18:07:10.6943570Z [INSTALL_PODS] Installing ReactNativeDependencies (0.83.6)
iOS preview (macos-26 / Xcode 26.2)	UNKNOWN STEP	2026-05-07T18:07:15.3046420Z [INSTALL_PODS] Installing SDWebImage (5.21.7)
iOS preview (macos-26 / Xcode 26.2)	UNKNOWN STEP	2026-05-07T18:07:17.7259720Z [INSTALL_PODS] Installing SDWebImageAVIFCoder (0.11.1)
iOS preview (macos-26 / Xcode 26.2)	UNKNOWN STEP	2026-05-07T18:07:20.1097910Z [INSTALL_PODS] Installing SDWebImageSVGCoder (1.7.0)
iOS preview (macos-26 / Xcode 26.2)	UNKNOWN STEP	2026-05-07T18:07:20.9008200Z [INSTALL_PODS] Installing SDWebImageWebPCoder (0.14.6)
iOS preview (macos-26 / Xcode 26.2)	UNKNOWN STEP	2026-05-07T18:07:21.8319610Z [INSTALL_PODS] Installing Sentry (9.8.0)
iOS preview (macos-26 / Xcode 26.2)	UNKNOWN STEP	2026-05-07T18:07:25.5998120Z [INSTALL_PODS] Installing VisionCamera (4.7.3)
iOS preview (macos-26 / Xcode 26.2)	UNKNOWN STEP	2026-05-07T18:07:25.5999040Z [INSTALL_PODS] Installing Yoga (0.0.0)
iOS preview (macos-26 / Xcode 26.2)	UNKNOWN STEP	2026-05-07T18:07:25.5999600Z [INSTALL_PODS] Installing ZXingObjC (3.6.9)
iOS preview (macos-26 / Xcode 26.2)	UNKNOWN STEP	2026-05-07T18:07:49.0526070Z [INSTALL_PODS] Installing expo-dev-client (55.0.32)
iOS preview (macos-26 / Xcode 26.2)	UNKNOWN STEP	2026-05-07T18:07:49.0527780Z [INSTALL_PODS] Installing expo-dev-launcher (55.0.33)
iOS preview (macos-26 / Xcode 26.2)	UNKNOWN STEP	2026-05-07T18:07:49.0529060Z [INSTALL_PODS] Installing expo-dev-menu (55.0.27)
iOS preview (macos-26 / Xcode 26.2)	UNKNOWN STEP	2026-05-07T18:07:49.0529850Z [INSTALL_PODS] Installing expo-dev-menu-interface (55.0.2)
iOS preview (macos-26 / Xcode 26.2)	UNKNOWN STEP	2026-05-07T18:07:49.0530300Z [INSTALL_PODS] Installing expo-vision-pose-detector (1.0.0)
iOS preview (macos-26 / Xcode 26.2)	UNKNOWN STEP	2026-05-07T18:07:49.0530720Z [INSTALL_PODS] Installing hermes-engine (0.14.1)
iOS preview (macos-26 / Xcode 26.2)	UNKNOWN STEP	2026-05-07T18:07:50.3270290Z [INSTALL_PODS] Installing libavif (1.0.0)
iOS preview (macos-26 / Xcode 26.2)	UNKNOWN STEP	2026-05-07T18:07:51.5729520Z [INSTALL_PODS] Installing libdav1d (1.2.0)
iOS preview (macos-26 / Xcode 26.2)	UNKNOWN STEP	2026-05-07T18:07:54.8065690Z [INSTALL_PODS] Installing libwebp (1.5.0)
iOS preview (macos-26 / Xcode 26.2)	UNKNOWN STEP	2026-05-07T18:08:12.7107810Z [INSTALL_PODS] Installing react-native-netinfo (11.5.2)
iOS preview (macos-26 / Xcode 26.2)	UNKNOWN STEP	2026-05-07T18:08:12.7109670Z [INSTALL_PODS] Installing react-native-safe-area-context (5.6.2)
iOS preview (macos-26 / Xcode 26.2)	UNKNOWN STEP	2026-05-07T18:08:12.7110240Z [INSTALL_PODS] Installing react-native-slider (5.1.2)
iOS preview (macos-26 / Xcode 26.2)	UNKNOWN STEP	2026-05-07T18:08:12.7110880Z [INSTALL_PODS] Installing react-native-worklets-core (1.6.3)
iOS preview (macos-26 / Xcode 26.2)	UNKNOWN STEP	2026-05-07T18:08:12.7111360Z [INSTALL_PODS] Generating Pods project
iOS preview (macos-26 / Xcode 26.2)	UNKNOWN STEP	2026-05-07T18:08:12.7111810Z [INSTALL_PODS] Setting USE_HERMES build settings
iOS preview (macos-26 / Xcode 26.2)	UNKNOWN STEP	2026-05-07T18:08:12.7112360Z [INSTALL_PODS] Setting REACT_NATIVE_PATH build settings
iOS preview (macos-26 / Xcode 26.2)	UNKNOWN STEP	2026-05-07T18:08:12.7112980Z [INSTALL_PODS] Setting SWIFT_ACTIVE_COMPILATION_CONDITIONS build settings
iOS preview (macos-26 / Xcode 26.2)	UNKNOWN STEP	2026-05-07T18:08:14.4208120Z [INSTALL_PODS] [Ccache]: Removing Ccache from CC, LD, CXX & LDPLUSPLUS build settings
iOS preview (macos-26 / Xcode 26.2)	UNKNOWN STEP	2026-05-07T18:08:14.4209040Z [INSTALL_PODS] Setting SWIFT_ENABLE_EXPLICIT_MODULES build settings
iOS preview (macos-26 / Xcode 26.2)	UNKNOWN STEP	2026-05-07T18:08:14.4209690Z [INSTALL_PODS] [SPM] Cleaning old SPM dependencies from Pods project
iOS preview (macos-26 / Xcode 26.2)	UNKNOWN STEP	2026-05-07T18:08:14.4210280Z [INSTALL_PODS] [SPM] Adding SPM dependencies to Pods project
iOS preview (macos-26 / Xcode 26.2)	UNKNOWN STEP	2026-05-07T18:08:14.4211530Z [INSTALL_PODS] [Privacy Manifest Aggregation] No existing PrivacyInfo.xcprivacy file found, creating a new one.
iOS preview (macos-26 / Xcode 26.2)	UNKNOWN STEP	2026-05-07T18:08:14.4253410Z [INSTALL_PODS] [Privacy Manifest Aggregation] Reading .xcprivacy files to aggregate all used Required Reason APIs.
iOS preview (macos-26 / Xcode 26.2)	UNKNOWN STEP	2026-05-07T18:08:14.4254120Z [INSTALL_PODS] file_root: FisioFlowPro
iOS preview (macos-26 / Xcode 26.2)	UNKNOWN STEP	2026-05-07T18:08:14.4255920Z [INSTALL_PODS] Setting CLANG_CXX_LANGUAGE_STANDARD to c++20 on /private/var/folders/dy/3g4vbvsx7lx51x77m3_b20cc0000gn/T/eas-build-local-nodejs/746ae97a-55e5-4761-923f-3bbe8932e842/build/apps/professional-app/ios/FisioFlowPro.xcodeproj
iOS preview (macos-26 / Xcode 26.2)	UNKNOWN STEP	2026-05-07T18:08:16.6077240Z [INSTALL_PODS] ==================== DEPRECATION NOTICE =====================
iOS preview (macos-26 / Xcode 26.2)	UNKNOWN STEP	2026-05-07T18:08:16.6177650Z [INSTALL_PODS] Calling `pod install` directly is deprecated in React Native
iOS preview (macos-26 / Xcode 26.2)	UNKNOWN STEP	2026-05-07T18:08:16.6277990Z [INSTALL_PODS] because we are moving away from Cocoapods toward alternative
iOS preview (macos-26 / Xcode 26.2)	UNKNOWN STEP	2026-05-07T18:08:16.6303450Z [INSTALL_PODS] solutions to build the project.
iOS preview (macos-26 / Xcode 26.2)	UNKNOWN STEP	2026-05-07T18:08:16.6304050Z [INSTALL_PODS] * If you are using Expo, please run:
iOS preview (macos-26 / Xcode 26.2)	UNKNOWN STEP	2026-05-07T18:08:16.6304540Z [INSTALL_PODS] `npx expo run:ios`
iOS preview (macos-26 / Xcode 26.2)	UNKNOWN STEP	2026-05-07T18:08:16.6305100Z [INSTALL_PODS] * If you are using the Community CLI, please run:
iOS preview (macos-26 / Xcode 26.2)	UNKNOWN STEP	2026-05-07T18:08:16.6305530Z [INSTALL_PODS] `yarn ios`
iOS preview (macos-26 / Xcode 26.2)	UNKNOWN STEP	2026-05-07T18:08:16.6306010Z [INSTALL_PODS] =============================================================
iOS preview (macos-26 / Xcode 26.2)	UNKNOWN STEP	2026-05-07T18:08:16.6306620Z [INSTALL_PODS] Pod install took 86 [s] to run
iOS preview (macos-26 / Xcode 26.2)	UNKNOWN STEP	2026-05-07T18:08:16.6307070Z [INSTALL_PODS] Integrating client project
iOS preview (macos-26 / Xcode 26.2)	UNKNOWN STEP	2026-05-07T18:08:16.6307980Z [INSTALL_PODS] [!] Please close any current Xcode sessions and use `FisioFlowPro.xcworkspace` for this project from now on.
iOS preview (macos-26 / Xcode 26.2)	UNKNOWN STEP	2026-05-07T18:08:17.1835300Z [INSTALL_PODS] [Expo] Installing the build script for target FisioFlowPro
iOS preview (macos-26 / Xcode 26.2)	UNKNOWN STEP	2026-05-07T18:08:17.1840750Z [INSTALL_PODS] [!] React-Core-prebuilt has added 1 script phase. Please inspect before executing a build. See `https://guides.cocoapods.org/syntax/podspec.html#script_phases` for more information.
iOS preview (macos-26 / Xcode 26.2)	UNKNOWN STEP	2026-05-07T18:08:17.1939950Z [INSTALL_PODS] Pod installation complete! There are 128 dependencies from the Podfile and 137 total pods installed.
iOS preview (macos-26 / Xcode 26.2)	UNKNOWN STEP	2026-05-07T18:08:17.1942270Z [INSTALL_PODS] [!] ReactNativeDependencies has added 1 script phase. Please inspect before executing a build. See `https://guides.cocoapods.org/syntax/podspec.html#script_phases` for more information.
iOS preview (macos-26 / Xcode 26.2)	UNKNOWN STEP	2026-05-07T18:08:17.2052050Z [INSTALL_PODS] [!] hermes-engine has added 1 script phase. Please inspect before executing a build. See `https://guides.cocoapods.org/syntax/podspec.html#script_phases` for more information.
iOS preview (macos-26 / Xcode 26.2)	UNKNOWN STEP	2026-05-07T18:08:17.2053200Z [INSTALL_PODS] [Expo] Adding '[Expo Autolinking] Run Codegen with autolinking' build phase to ReactCodegen
iOS preview (macos-26 / Xcode 26.2)	UNKNOWN STEP	2026-05-07T18:08:17.2181190Z [INSTALL_PODS] [Expo] Disabling SWIFT_EMIT_MODULE_INTERFACE for pod targets (prebuilt React compatibility)
iOS preview (macos-26 / Xcode 26.2)	UNKNOWN STEP	2026-05-07T18:08:17.5349550Z [CALCULATE_EXPO_UPDATES_RUNTIME_VERSION] Resolved runtime version: 1.0.0
iOS preview (macos-26 / Xcode 26.2)	UNKNOWN STEP	2026-05-07T18:08:17.5356880Z [CONFIGURE_XCODE_PROJECT] Configuring Xcode project
iOS preview (macos-26 / Xcode 26.2)	UNKNOWN STEP	2026-05-07T18:08:17.5364350Z [CONFIGURE_XCODE_PROJECT] Assigning provisioning profile '*[expo] com.fisioflow.professionals AdHoc 1775517789905' (Apple Team ID: G7FDW933SF) to target 'FisioFlowPro'
iOS preview (macos-26 / Xcode 26.2)	UNKNOWN STEP	2026-05-07T18:08:17.6479420Z [CONFIGURE_XCODE_PROJECT] Updating versions in /var/folders/dy/3g4vbvsx7lx51x77m3_b20cc0000gn/T/eas-build-local-nodejs/746ae97a-55e5-4761-923f-3bbe8932e842/build/apps/professional-app/ios/FisioFlowPro/Info.plist
iOS preview (macos-26 / Xcode 26.2)	UNKNOWN STEP	2026-05-07T18:08:17.6597040Z [CONFIGURE_EXPO_UPDATES] Setting the update request headers in 'Expo.plist' to '{"expo-channel-name":"preview"}'
iOS preview (macos-26 / Xcode 26.2)	UNKNOWN STEP	2026-05-07T18:08:18.5174490Z [EAGER_BUNDLE] Expo Autolinking module resolution enabled
iOS preview (macos-26 / Xcode 26.2)	UNKNOWN STEP	2026-05-07T18:08:19.1594610Z [EAGER_BUNDLE] Starting Metro Bundler
iOS preview (macos-26 / Xcode 26.2)	UNKNOWN STEP	2026-05-07T18:09:28.5412140Z [EAGER_BUNDLE] iOS node_modules/expo-router/entry.js ░░░░░░░░░░░░░░░░  0.0% (0/1)
iOS preview (macos-26 / Xcode 26.2)	UNKNOWN STEP	2026-05-07T18:09:32.0654710Z [EAGER_BUNDLE] iOS node_modules/expo-router/entry.js ▓▓▓▓▓▓░░░░░░░░░░ 38.7% (400/643)
iOS preview (macos-26 / Xcode 26.2)	UNKNOWN STEP	2026-05-07T18:09:35.5796300Z [EAGER_BUNDLE] iOS node_modules/expo-router/entry.js ▓▓▓▓▓▓▓░░░░░░░░░ 47.7% (513/767)
iOS preview (macos-26 / Xcode 26.2)	UNKNOWN STEP	2026-05-07T18:09:39.0879760Z [EAGER_BUNDLE] iOS node_modules/expo-router/entry.js ▓▓▓▓▓▓▓░░░░░░░░░ 47.7% (538/796)
iOS preview (macos-26 / Xcode 26.2)	UNKNOWN STEP	2026-05-07T18:09:42.6080180Z [EAGER_BUNDLE] iOS node_modules/expo-router/entry.js ▓▓▓▓▓▓▓▓▓░░░░░░░ 56.8% ( 749/1416)
iOS preview (macos-26 / Xcode 26.2)	UNKNOWN STEP	2026-05-07T18:09:46.1140070Z [EAGER_BUNDLE] iOS node_modules/expo-router/entry.js ▓▓▓▓▓▓▓▓▓░░░░░░░ 56.8% (1134/1674)
iOS preview (macos-26 / Xcode 26.2)	UNKNOWN STEP	2026-05-07T18:09:49.6207100Z [EAGER_BUNDLE] iOS node_modules/expo-router/entry.js ▓▓▓▓▓▓▓▓▓░░░░░░░ 58.1% (1655/2563)
iOS preview (macos-26 / Xcode 26.2)	UNKNOWN STEP	2026-05-07T18:09:53.1191980Z [EAGER_BUNDLE] iOS node_modules/expo-router/entry.js ▓▓▓▓▓▓▓▓▓▓▓░░░░░ 70.4% (2236/2664)
iOS preview (macos-26 / Xcode 26.2)	UNKNOWN STEP	2026-05-07T18:09:56.6875700Z [EAGER_BUNDLE] iOS node_modules/expo-router/entry.js ▓▓▓▓▓▓▓▓▓▓▓▓▓░░░ 81.3% (2653/3008)
iOS preview (macos-26 / Xcode 26.2)	UNKNOWN STEP	2026-05-07T18:10:00.1907980Z [EAGER_BUNDLE] iOS node_modules/expo-router/entry.js ▓▓▓▓▓▓▓▓▓▓▓▓▓▓░░ 89.9% (3038/3207)
iOS preview (macos-26 / Xcode 26.2)	UNKNOWN STEP	2026-05-07T18:10:03.6912760Z [EAGER_BUNDLE] iOS node_modules/expo-router/entry.js ▓▓▓▓▓▓▓▓▓▓▓▓▓▓░░ 90.6% (3360/3549)
iOS preview (macos-26 / Xcode 26.2)	UNKNOWN STEP	2026-05-07T18:10:07.1968430Z [EAGER_BUNDLE] iOS node_modules/expo-router/entry.js ▓▓▓▓▓▓▓▓▓▓▓▓▓▓▓░ 98.7% (3688/3712)
iOS preview (macos-26 / Xcode 26.2)	UNKNOWN STEP	2026-05-07T18:10:08.2083770Z [EAGER_BUNDLE] iOS Bundled 39686ms node_modules/expo-router/entry.js (3728 modules)
iOS preview (macos-26 / Xcode 26.2)	UNKNOWN STEP	2026-05-07T18:10:08.2184750Z [EAGER_BUNDLE] Writing bundle output to: /var/folders/dy/3g4vbvsx7lx51x77m3_b20cc0000gn/T/ruzsgdwl5s/main.jsbundle
iOS preview (macos-26 / Xcode 26.2)	UNKNOWN STEP	2026-05-07T18:10:08.2657170Z [EAGER_BUNDLE] Copying 42 asset files
iOS preview (macos-26 / Xcode 26.2)	UNKNOWN STEP	2026-05-07T18:10:08.3003910Z [EAGER_BUNDLE] Done writing bundle output
iOS preview (macos-26 / Xcode 26.2)	UNKNOWN STEP	2026-05-07T18:10:11.9587150Z [RUN_FASTLANE] Creating Gymfile
iOS preview (macos-26 / Xcode 26.2)	UNKNOWN STEP	2026-05-07T18:10:11.9617280Z [RUN_FASTLANE] Gymfile created
iOS preview (macos-26 / Xcode 26.2)	UNKNOWN STEP	2026-05-07T18:10:15.4141110Z [RUN_FASTLANE] Successfully loaded '/private/var/folders/dy/3g4vbvsx7lx51x77m3_b20cc0000gn/T/eas-build-local-nodejs/746ae97a-55e5-4761-923f-3bbe8932e842/build/apps/professional-app/ios/Gymfile' 📄
iOS preview (macos-26 / Xcode 26.2)	UNKNOWN STEP	2026-05-07T18:10:15.4147030Z [RUN_FASTLANE] +---------------------------------------------------------------------------------------------------------------------------------------------------------------------+
iOS preview (macos-26 / Xcode 26.2)	UNKNOWN STEP	2026-05-07T18:10:15.4152040Z [RUN_FASTLANE] |                                                                  Detected Values from './Gymfile'                                                                   |
iOS preview (macos-26 / Xcode 26.2)	UNKNOWN STEP	2026-05-07T18:10:15.4155030Z [RUN_FASTLANE] +-----------------------+---------------------------------------------------------------------------------------------------------------------------------------------+
iOS preview (macos-26 / Xcode 26.2)	UNKNOWN STEP	2026-05-07T18:10:15.4158340Z [RUN_FASTLANE] | suppress_xcode_output | true                                                                                                                                        |
iOS preview (macos-26 / Xcode 26.2)	UNKNOWN STEP	2026-05-07T18:10:15.4160930Z [RUN_FASTLANE] | clean                 | false                                                                                                                                       |
iOS preview (macos-26 / Xcode 26.2)	UNKNOWN STEP	2026-05-07T18:10:15.4180270Z [RUN_FASTLANE] | scheme                | FisioFlowPro                                                                                                                                |
iOS preview (macos-26 / Xcode 26.2)	UNKNOWN STEP	2026-05-07T18:10:15.4184130Z [RUN_FASTLANE] | configuration         | Release                                                                                                                                     |
iOS preview (macos-26 / Xcode 26.2)	UNKNOWN STEP	2026-05-07T18:10:15.4186680Z [RUN_FASTLANE] | export_options        |                                                                                                                                             |
iOS preview (macos-26 / Xcode 26.2)	UNKNOWN STEP	2026-05-07T18:10:15.4194970Z [RUN_FASTLANE] | export_xcargs         | OTHER_CODE_SIGN_FLAGS="--keychain /var/folders/dy/3g4vbvsx7lx51x77m3_b20cc0000gn/T/eas-build-eb7efc18-ad57-4a82-90b2-eac37c7b6d5c.keychain" |
iOS preview (macos-26 / Xcode 26.2)	UNKNOWN STEP	2026-05-07T18:10:15.4198120Z [RUN_FASTLANE] | disable_xcpretty      | true                                                                                                                                        |
iOS preview (macos-26 / Xcode 26.2)	UNKNOWN STEP	2026-05-07T18:10:15.4200960Z [RUN_FASTLANE] | buildlog_path         | /var/folders/dy/3g4vbvsx7lx51x77m3_b20cc0000gn/T/eas-build-local-nodejs/746ae97a-55e5-4761-923f-3bbe8932e842/logs                           |
iOS preview (macos-26 / Xcode 26.2)	UNKNOWN STEP	2026-05-07T18:10:15.4203820Z [RUN_FASTLANE] | derived_data_path     | ./build                                                                                                                                     |
iOS preview (macos-26 / Xcode 26.2)	UNKNOWN STEP	2026-05-07T18:10:15.4206060Z [RUN_FASTLANE] | result_bundle         | true                                                                                                                                        |
iOS preview (macos-26 / Xcode 26.2)	UNKNOWN STEP	2026-05-07T18:10:15.4210830Z [RUN_FASTLANE] | result_bundle_path    | /var/folders/dy/3g4vbvsx7lx51x77m3_b20cc0000gn/T/result-bundle-1778177411958.xcresult                                                       |
iOS preview (macos-26 / Xcode 26.2)	UNKNOWN STEP	2026-05-07T18:10:15.4213760Z [RUN_FASTLANE] | output_directory      | ./build                                                                                                                                     |
iOS preview (macos-26 / Xcode 26.2)	UNKNOWN STEP	2026-05-07T18:10:15.4216510Z [RUN_FASTLANE] +-----------------------+---------------------------------------------------------------------------------------------------------------------------------------------+
iOS preview (macos-26 / Xcode 26.2)	UNKNOWN STEP	2026-05-07T18:10:15.4810930Z [RUN_FASTLANE] Resolving Swift Package Manager dependencies...
iOS preview (macos-26 / Xcode 26.2)	UNKNOWN STEP	2026-05-07T18:10:15.4854930Z [RUN_FASTLANE] $ xcodebuild -resolvePackageDependencies -workspace ./FisioFlowPro.xcworkspace -scheme FisioFlowPro -configuration Release -derivedDataPath ./build
iOS preview (macos-26 / Xcode 26.2)	UNKNOWN STEP	2026-05-07T18:10:19.1223730Z [RUN_FASTLANE] ▸ Command line invocation:
iOS preview (macos-26 / Xcode 26.2)	UNKNOWN STEP	2026-05-07T18:10:19.1248140Z [RUN_FASTLANE] ▸     /Applications/Xcode_26.2.app/Contents/Developer/usr/bin/xcodebuild -resolvePackageDependencies -workspace ./FisioFlowPro.xcworkspace -scheme FisioFlowPro -configuration Release -derivedDataPath ./build
iOS preview (macos-26 / Xcode 26.2)	UNKNOWN STEP	2026-05-07T18:10:36.2997220Z [RUN_FASTLANE] ▸ resolved source packages:
iOS preview (macos-26 / Xcode 26.2)	UNKNOWN STEP	2026-05-07T18:10:36.3670520Z [RUN_FASTLANE] $ xcodebuild -showBuildSettings -workspace ./FisioFlowPro.xcworkspace -scheme FisioFlowPro -configuration Release -derivedDataPath ./build 2>&1
iOS preview (macos-26 / Xcode 26.2)	UNKNOWN STEP	2026-05-07T18:10:39.5037130Z [RUN_FASTLANE] Command timed out after 3 seconds on try 1 of 4, trying again with a 6 second timeout...
iOS preview (macos-26 / Xcode 26.2)	UNKNOWN STEP	2026-05-07T18:10:45.5128140Z [RUN_FASTLANE] Command timed out after 6 seconds on try 2 of 4, trying again with a 12 second timeout...
iOS preview (macos-26 / Xcode 26.2)	UNKNOWN STEP	2026-05-07T18:10:51.4221760Z [RUN_FASTLANE] Detected provisioning profile mapping: {"com.fisioflow.professionals": "01d5987a-9cb0-491a-9851-9b0388cc32ec"}
iOS preview (macos-26 / Xcode 26.2)	UNKNOWN STEP	2026-05-07T18:10:51.4621110Z [RUN_FASTLANE] +---------------------------------------------------------------------------------------------------------------------------------------------------------------------------------------------------------------+
iOS preview (macos-26 / Xcode 26.2)	UNKNOWN STEP	2026-05-07T18:10:51.4641380Z [RUN_FASTLANE] |                                                                                            Summary for gym 2.233.0                                                                                            |
iOS preview (macos-26 / Xcode 26.2)	UNKNOWN STEP	2026-05-07T18:10:51.4651910Z [RUN_FASTLANE] +-----------------------------------------------------------------+---------------------------------------------------------------------------------------------------------------------------------------------+
iOS preview (macos-26 / Xcode 26.2)	UNKNOWN STEP	2026-05-07T18:10:51.4654150Z [RUN_FASTLANE] | workspace                                                       | ./FisioFlowPro.xcworkspace                                                                                                                  |
iOS preview (macos-26 / Xcode 26.2)	UNKNOWN STEP	2026-05-07T18:10:51.4655440Z [RUN_FASTLANE] | scheme                                                          | FisioFlowPro                                                                                                                                |
iOS preview (macos-26 / Xcode 26.2)	UNKNOWN STEP	2026-05-07T18:10:51.4657730Z [RUN_FASTLANE] | clean                                                           | false                                                                                                                                       |
iOS preview (macos-26 / Xcode 26.2)	UNKNOWN STEP	2026-05-07T18:10:51.4660030Z [RUN_FASTLANE] | output_directory                                                | ./build                                                                                                                                     |
iOS preview (macos-26 / Xcode 26.2)	UNKNOWN STEP	2026-05-07T18:10:51.4661820Z [RUN_FASTLANE] | output_name                                                     | FisioFlowPro                                                                                                                                |
iOS preview (macos-26 / Xcode 26.2)	UNKNOWN STEP	2026-05-07T18:10:51.4663070Z [RUN_FASTLANE] | configuration                                                   | Release                                                                                                                                     |
iOS preview (macos-26 / Xcode 26.2)	UNKNOWN STEP	2026-05-07T18:10:51.4668640Z [RUN_FASTLANE] | silent                                                          | false                                                                                                                                       |
iOS preview (macos-26 / Xcode 26.2)	UNKNOWN STEP	2026-05-07T18:10:51.4675550Z [RUN_FASTLANE] | skip_package_ipa                                                | false                                                                                                                                       |
iOS preview (macos-26 / Xcode 26.2)	UNKNOWN STEP	2026-05-07T18:10:51.4681070Z [RUN_FASTLANE] | skip_package_pkg                                                | false                                                                                                                                       |
iOS preview (macos-26 / Xcode 26.2)	UNKNOWN STEP	2026-05-07T18:10:51.4689280Z [RUN_FASTLANE] | export_options.method                                           | ad-hoc                                                                                                                                      |
iOS preview (macos-26 / Xcode 26.2)	UNKNOWN STEP	2026-05-07T18:10:51.4693190Z [RUN_FASTLANE] | export_options.provisioningProfiles.com.fisioflow.professionals | 01d5987a-9cb0-491a-9851-9b0388cc32ec                                                                                                        |
iOS preview (macos-26 / Xcode 26.2)	UNKNOWN STEP	2026-05-07T18:10:51.4697830Z [RUN_FASTLANE] | export_xcargs                                                   | OTHER_CODE_SIGN_FLAGS="--keychain /var/folders/dy/3g4vbvsx7lx51x77m3_b20cc0000gn/T/eas-build-eb7efc18-ad57-4a82-90b2-eac37c7b6d5c.keychain" |
iOS preview (macos-26 / Xcode 26.2)	UNKNOWN STEP	2026-05-07T18:10:51.4704220Z [RUN_FASTLANE] | build_path                                                      | /Users/runner/Library/Developer/Xcode/Archives/2026-05-07                                                                                   |
iOS preview (macos-26 / Xcode 26.2)	UNKNOWN STEP	2026-05-07T18:10:51.4708690Z [RUN_FASTLANE] | derived_data_path                                               | ./build                                                                                                                                     |
iOS preview (macos-26 / Xcode 26.2)	UNKNOWN STEP	2026-05-07T18:10:51.4710470Z [RUN_FASTLANE] | result_bundle                                                   | true                                                                                                                                        |
iOS preview (macos-26 / Xcode 26.2)	UNKNOWN STEP	2026-05-07T18:10:51.4712240Z [RUN_FASTLANE] | result_bundle_path                                              | /var/folders/dy/3g4vbvsx7lx51x77m3_b20cc0000gn/T/result-bundle-1778177411958.xcresult                                                       |
iOS preview (macos-26 / Xcode 26.2)	UNKNOWN STEP	2026-05-07T18:10:51.4717000Z [RUN_FASTLANE] | buildlog_path                                                   | /var/folders/dy/3g4vbvsx7lx51x77m3_b20cc0000gn/T/eas-build-local-nodejs/746ae97a-55e5-4761-923f-3bbe8932e842/logs                           |
iOS preview (macos-26 / Xcode 26.2)	UNKNOWN STEP	2026-05-07T18:10:51.4718570Z [RUN_FASTLANE] | destination                                                     | generic/platform=iOS                                                                                                                        |
iOS preview (macos-26 / Xcode 26.2)	UNKNOWN STEP	2026-05-07T18:10:51.4719630Z [RUN_FASTLANE] | suppress_xcode_output                                           | true                                                                                                                                        |
iOS preview (macos-26 / Xcode 26.2)	UNKNOWN STEP	2026-05-07T18:10:51.4721160Z [RUN_FASTLANE] | xcodebuild_formatter                                            | xcbeautify                                                                                                                                  |
iOS preview (macos-26 / Xcode 26.2)	UNKNOWN STEP	2026-05-07T18:10:51.4722260Z [RUN_FASTLANE] | build_timing_summary                                            | false                                                                                                                                       |
iOS preview (macos-26 / Xcode 26.2)	UNKNOWN STEP	2026-05-07T18:10:51.4723410Z [RUN_FASTLANE] | disable_xcpretty                                                | true                                                                                                                                        |
iOS preview (macos-26 / Xcode 26.2)	UNKNOWN STEP	2026-05-07T18:10:51.4724480Z [RUN_FASTLANE] | skip_profile_detection                                          | false                                                                                                                                       |
iOS preview (macos-26 / Xcode 26.2)	UNKNOWN STEP	2026-05-07T18:10:51.4725750Z [RUN_FASTLANE] | xcodebuild_command                                              | xcodebuild                                                                                                                                  |
iOS preview (macos-26 / Xcode 26.2)	UNKNOWN STEP	2026-05-07T18:10:51.4727210Z [RUN_FASTLANE] | skip_package_dependencies_resolution                            | false                                                                                                                                       |
iOS preview (macos-26 / Xcode 26.2)	UNKNOWN STEP	2026-05-07T18:10:51.4728370Z [RUN_FASTLANE] | disable_package_automatic_updates                               | false                                                                                                                                       |
iOS preview (macos-26 / Xcode 26.2)	UNKNOWN STEP	2026-05-07T18:10:51.4739820Z [RUN_FASTLANE] | skip_package_repository_fetches                                 | false                                                                                                                                       |
iOS preview (macos-26 / Xcode 26.2)	UNKNOWN STEP	2026-05-07T18:10:51.4741300Z [RUN_FASTLANE] | use_system_scm                                                  | false                                                                                                                                       |
iOS preview (macos-26 / Xcode 26.2)	UNKNOWN STEP	2026-05-07T18:10:51.4742860Z [RUN_FASTLANE] | generate_appstore_info                                          | false                                                                                                                                       |
iOS preview (macos-26 / Xcode 26.2)	UNKNOWN STEP	2026-05-07T18:10:51.4744270Z [RUN_FASTLANE] | xcode_path                                                      | /Applications/Xcode_26.2.app                                                                                                                |
iOS preview (macos-26 / Xcode 26.2)	UNKNOWN STEP	2026-05-07T18:10:51.4745650Z [RUN_FASTLANE] +-----------------------------------------------------------------+---------------------------------------------------------------------------------------------------------------------------------------------+
iOS preview (macos-26 / Xcode 26.2)	UNKNOWN STEP	2026-05-07T18:10:51.4749780Z [RUN_FASTLANE] $ set -o pipefail && xcodebuild -workspace ./FisioFlowPro.xcworkspace -scheme FisioFlowPro -configuration Release -derivedDataPath ./build -destination 'generic/platform=iOS' -archivePath /Users/runner/Library/Developer/Xcode/Archives/2026-05-07/FisioFlowPro\ 2026-05-07\ 18.10.51.xcarchive -resultBundlePath '/var/folders/dy/3g4vbvsx7lx51x77m3_b20cc0000gn/T/result-bundle-1778177411958.xcresult' archive | tee /var/folders/dy/3g4vbvsx7lx51x77m3_b20cc0000gn/T/eas-build-local-nodejs/746ae97a-55e5-4761-923f-3bbe8932e842/logs/FisioFlowPro-FisioFlowPro.log > /dev/null
iOS preview (macos-26 / Xcode 26.2)	UNKNOWN STEP	2026-05-07T18:11:23.0541610Z [RUN_FASTLANE] › Executing react-native Pods/hermes-engine » [CP-User] [Hermes] Replace Hermes for the right configuration, if needed
iOS preview (macos-26 / Xcode 26.2)	UNKNOWN STEP	2026-05-07T18:11:23.1436430Z [RUN_FASTLANE] › Executing react-native Pods/ReactNativeDependencies » [CP-User] [RNDeps] Replace React Native Dependencies for the right configuration, if needed
iOS preview (macos-26 / Xcode 26.2)	UNKNOWN STEP	2026-05-07T18:11:23.5196140Z [RUN_FASTLANE] › Executing react-native Pods/hermes-engine » [CP] Copy XCFrameworks
iOS preview (macos-26 / Xcode 26.2)	UNKNOWN STEP	2026-05-07T18:11:24.1065270Z [RUN_FASTLANE] › Executing react-native Pods/ReactNativeDependencies » [CP] Copy XCFrameworks
iOS preview (macos-26 / Xcode 26.2)	UNKNOWN STEP	2026-05-07T18:11:46.9468850Z [RUN_FASTLANE] › Compiling expo-image Pods/libwebp » yuv_sse41.c
iOS preview (macos-26 / Xcode 26.2)	UNKNOWN STEP	2026-05-07T18:11:46.9569130Z [RUN_FASTLANE] › Compiling expo-image Pods/libwebp » yuv_sse2.c
iOS preview (macos-26 / Xcode 26.2)	UNKNOWN STEP	2026-05-07T18:11:46.9671200Z [RUN_FASTLANE] › Compiling expo-image Pods/libwebp » yuv_mips_dsp_r2.c
iOS preview (macos-26 / Xcode 26.2)	UNKNOWN STEP	2026-05-07T18:11:46.9672470Z [RUN_FASTLANE] › Compiling expo-image Pods/libwebp » yuv_mips32.c
iOS preview (macos-26 / Xcode 26.2)	UNKNOWN STEP	2026-05-07T18:11:46.9774220Z [RUN_FASTLANE] › Compiling expo-image Pods/libwebp » yuv_neon.c
iOS preview (macos-26 / Xcode 26.2)	UNKNOWN STEP	2026-05-07T18:11:46.9876150Z [RUN_FASTLANE] › Compiling expo-image Pods/libwebp » yuv.c
iOS preview (macos-26 / Xcode 26.2)	UNKNOWN STEP	2026-05-07T18:11:46.9980300Z [RUN_FASTLANE] › Compiling expo-image Pods/libwebp » webp_enc.c
iOS preview (macos-26 / Xcode 26.2)	UNKNOWN STEP	2026-05-07T18:11:47.0081980Z [RUN_FASTLANE] › Compiling expo-image Pods/libwebp » webp_dec.c
iOS preview (macos-26 / Xcode 26.2)	UNKNOWN STEP	2026-05-07T18:11:47.0183440Z [RUN_FASTLANE] › Compiling expo-image Pods/libwebp » vp8l_enc.c
iOS preview (macos-26 / Xcode 26.2)	UNKNOWN STEP	2026-05-07T18:11:47.0285440Z [RUN_FASTLANE] › Compiling expo-image Pods/libwebp » vp8l_dec.c
iOS preview (macos-26 / Xcode 26.2)	UNKNOWN STEP	2026-05-07T18:11:47.0387220Z [RUN_FASTLANE] › Compiling expo-image Pods/libwebp » vp8_dec.c
iOS preview (macos-26 / Xcode 26.2)	UNKNOWN STEP	2026-05-07T18:11:47.0489020Z [RUN_FASTLANE] › Compiling expo-image Pods/libwebp » utils.c
iOS preview (macos-26 / Xcode 26.2)	UNKNOWN STEP	2026-05-07T18:11:47.0590610Z [RUN_FASTLANE] › Compiling expo-image Pods/libwebp » upsampling_sse41.c
iOS preview (macos-26 / Xcode 26.2)	UNKNOWN STEP	2026-05-07T18:11:47.0692120Z [RUN_FASTLANE] › Compiling expo-image Pods/libwebp » upsampling_sse2.c
iOS preview (macos-26 / Xcode 26.2)	UNKNOWN STEP	2026-05-07T18:11:47.0793760Z [RUN_FASTLANE] › Compiling expo-image Pods/libwebp » upsampling_neon.c
iOS preview (macos-26 / Xcode 26.2)	UNKNOWN STEP	2026-05-07T18:11:47.0895150Z [RUN_FASTLANE] › Compiling expo-image Pods/libwebp » upsampling_msa.c
iOS preview (macos-26 / Xcode 26.2)	UNKNOWN STEP	2026-05-07T18:11:47.0996940Z [RUN_FASTLANE] › Compiling expo-image Pods/libwebp » upsampling_mips_dsp_r2.c
iOS preview (macos-26 / Xcode 26.2)	UNKNOWN STEP	2026-05-07T18:11:47.1098790Z [RUN_FASTLANE] › Compiling expo-image Pods/libwebp » upsampling.c
iOS preview (macos-26 / Xcode 26.2)	UNKNOWN STEP	2026-05-07T18:11:47.1200340Z [RUN_FASTLANE] › Compiling expo-image Pods/libwebp » tree_enc.c
iOS preview (macos-26 / Xcode 26.2)	UNKNOWN STEP	2026-05-07T18:11:47.1301820Z [RUN_FASTLANE] › Compiling expo-image Pods/libwebp » tree_dec.c
iOS preview (macos-26 / Xcode 26.2)	UNKNOWN STEP	2026-05-07T18:11:47.1403710Z [RUN_FASTLANE] › Compiling expo-image Pods/libwebp » token_enc.c
iOS preview (macos-26 / Xcode 26.2)	UNKNOWN STEP	2026-05-07T18:11:47.1505220Z [RUN_FASTLANE] › Compiling expo-image Pods/libwebp » thread_utils.c
iOS preview (macos-26 / Xcode 26.2)	UNKNOWN STEP	2026-05-07T18:11:47.1620110Z [RUN_FASTLANE] › Compiling expo-image Pods/libwebp » syntax_enc.c
iOS preview (macos-26 / Xcode 26.2)	UNKNOWN STEP	2026-05-07T18:11:47.1721630Z [RUN_FASTLANE] › Compiling expo-image Pods/libwebp » ssim_sse2.c
iOS preview (macos-26 / Xcode 26.2)	UNKNOWN STEP	2026-05-07T18:11:47.1823170Z [RUN_FASTLANE] › Compiling expo-image Pods/libwebp » ssim.c
iOS preview (macos-26 / Xcode 26.2)	UNKNOWN STEP	2026-05-07T18:11:47.1924780Z [RUN_FASTLANE] › Compiling expo-image Pods/libwebp » sharpyuv_sse2.c
iOS preview (macos-26 / Xcode 26.2)	UNKNOWN STEP	2026-05-07T18:11:47.2044670Z [RUN_FASTLANE] › Compiling expo-image Pods/libwebp » sharpyuv_neon.c
iOS preview (macos-26 / Xcode 26.2)	UNKNOWN STEP	2026-05-07T18:11:47.2147330Z [RUN_FASTLANE] › Compiling expo-image Pods/libwebp » sharpyuv_gamma.c
iOS preview (macos-26 / Xcode 26.2)	UNKNOWN STEP	2026-05-07T18:11:47.2271440Z [RUN_FASTLANE] › Compiling expo-image Pods/libwebp » sharpyuv_dsp.c
iOS preview (macos-26 / Xcode 26.2)	UNKNOWN STEP	2026-05-07T18:11:47.2376970Z [RUN_FASTLANE] › Compiling expo-image Pods/libwebp » sharpyuv_csp.c
iOS preview (macos-26 / Xcode 26.2)	UNKNOWN STEP	2026-05-07T18:11:47.2497850Z [RUN_FASTLANE] › Compiling expo-image Pods/libwebp » sharpyuv_cpu.c
iOS preview (macos-26 / Xcode 26.2)	UNKNOWN STEP	2026-05-07T18:11:47.2641680Z [RUN_FASTLANE] › Compiling expo-image Pods/libwebp » sharpyuv.c
iOS preview (macos-26 / Xcode 26.2)	UNKNOWN STEP	2026-05-07T18:11:47.2747510Z [RUN_FASTLANE] › Compiling expo-image Pods/libwebp » rescaler_utils.c
iOS preview (macos-26 / Xcode 26.2)	UNKNOWN STEP	2026-05-07T18:11:47.2870240Z [RUN_FASTLANE] › Compiling expo-image Pods/libwebp » rescaler_sse2.c
iOS preview (macos-26 / Xcode 26.2)	UNKNOWN STEP	2026-05-07T18:11:47.2992870Z [RUN_FASTLANE] › Compiling expo-image Pods/libwebp » rescaler_neon.c
iOS preview (macos-26 / Xcode 26.2)	UNKNOWN STEP	2026-05-07T18:11:47.3115280Z [RUN_FASTLANE] › Compiling expo-image Pods/libwebp » rescaler_msa.c
iOS preview (macos-26 / Xcode 26.2)	UNKNOWN STEP	2026-05-07T18:11:47.3219810Z [RUN_FASTLANE] › Compiling expo-image Pods/libwebp » rescaler_mips_dsp_r2.c
iOS preview (macos-26 / Xcode 26.2)	UNKNOWN STEP	2026-05-07T18:11:47.3322780Z [RUN_FASTLANE] › Compiling expo-image Pods/libwebp » rescaler_mips32.c
iOS preview (macos-26 / Xcode 26.2)	UNKNOWN STEP	2026-05-07T18:11:47.3424320Z [RUN_FASTLANE] › Compiling expo-image Pods/libwebp » rescaler.c
iOS preview (macos-26 / Xcode 26.2)	UNKNOWN STEP	2026-05-07T18:11:47.3525890Z [RUN_FASTLANE] › Compiling expo-image Pods/libwebp » random_utils.c
iOS preview (macos-26 / Xcode 26.2)	UNKNOWN STEP	2026-05-07T18:11:47.3627550Z [RUN_FASTLANE] › Compiling expo-image Pods/libwebp » quant_levels_utils.c
iOS preview (macos-26 / Xcode 26.2)	UNKNOWN STEP	2026-05-07T18:11:47.3729350Z [RUN_FASTLANE] › Compiling expo-image Pods/libwebp » quant_levels_dec_utils.c
iOS preview (macos-26 / Xcode 26.2)	UNKNOWN STEP	2026-05-07T18:11:47.3844030Z [RUN_FASTLANE] › Compiling expo-image Pods/libwebp » quant_enc.c
iOS preview (macos-26 / Xcode 26.2)	UNKNOWN STEP	2026-05-07T18:11:47.3945730Z [RUN_FASTLANE] › Compiling expo-image Pods/libwebp » quant_dec.c
iOS preview (macos-26 / Xcode 26.2)	UNKNOWN STEP	2026-05-07T18:11:47.4048030Z [RUN_FASTLANE] › Compiling expo-image Pods/libwebp » predictor_enc.c
iOS preview (macos-26 / Xcode 26.2)	UNKNOWN STEP	2026-05-07T18:11:47.4149810Z [RUN_FASTLANE] › Compiling expo-image Pods/libwebp » picture_tools_enc.c
iOS preview (macos-26 / Xcode 26.2)	UNKNOWN STEP	2026-05-07T18:11:47.4251370Z [RUN_FASTLANE] › Compiling expo-image Pods/libwebp » picture_rescale_enc.c
iOS preview (macos-26 / Xcode 26.2)	UNKNOWN STEP	2026-05-07T18:11:47.4353140Z [RUN_FASTLANE] › Compiling expo-image Pods/libwebp » picture_psnr_enc.c
iOS preview (macos-26 / Xcode 26.2)	UNKNOWN STEP	2026-05-07T18:11:47.4454770Z [RUN_FASTLANE] › Compiling expo-image Pods/libwebp » picture_enc.c
iOS preview (macos-26 / Xcode 26.2)	UNKNOWN STEP	2026-05-07T18:11:47.4556440Z [RUN_FASTLANE] › Compiling expo-image Pods/libwebp » picture_csp_enc.c
iOS preview (macos-26 / Xcode 26.2)	UNKNOWN STEP	2026-05-07T18:11:47.4658020Z [RUN_FASTLANE] › Compiling expo-image Pods/libwebp » palette.c
iOS preview (macos-26 / Xcode 26.2)	UNKNOWN STEP	2026-05-07T18:11:47.4760200Z [RUN_FASTLANE] › Compiling expo-image Pods/libwebp » near_lossless_enc.c
iOS preview (macos-26 / Xcode 26.2)	UNKNOWN STEP	2026-05-07T18:11:47.4862000Z [RUN_FASTLANE] › Compiling expo-image Pods/libwebp » muxread.c
iOS preview (macos-26 / Xcode 26.2)	UNKNOWN STEP	2026-05-07T18:11:47.4975630Z [RUN_FASTLANE] › Compiling expo-image Pods/libwebp » muxinternal.c
iOS preview (macos-26 / Xcode 26.2)	UNKNOWN STEP	2026-05-07T18:11:47.5080010Z [RUN_FASTLANE] › Compiling expo-image Pods/libwebp » muxedit.c
iOS preview (macos-26 / Xcode 26.2)	UNKNOWN STEP	2026-05-07T18:11:47.5191100Z [RUN_FASTLANE] › Compiling expo-image Pods/libwebp » lossless_sse41.c
iOS preview (macos-26 / Xcode 26.2)	UNKNOWN STEP	2026-05-07T18:11:47.5294630Z [RUN_FASTLANE] › Compiling expo-image Pods/libwebp » lossless_sse2.c
iOS preview (macos-26 / Xcode 26.2)	UNKNOWN STEP	2026-05-07T18:11:47.5396100Z [RUN_FASTLANE] › Compiling expo-image Pods/libwebp » lossless_neon.c
iOS preview (macos-26 / Xcode 26.2)	UNKNOWN STEP	2026-05-07T18:11:47.5497860Z [RUN_FASTLANE] › Compiling expo-image Pods/libwebp » lossless_msa.c
iOS preview (macos-26 / Xcode 26.2)	UNKNOWN STEP	2026-05-07T18:11:47.5599330Z [RUN_FASTLANE] › Compiling expo-image Pods/libwebp » lossless_mips_dsp_r2.c
iOS preview (macos-26 / Xcode 26.2)	UNKNOWN STEP	2026-05-07T18:11:47.5700960Z [RUN_FASTLANE] › Compiling expo-image Pods/libwebp » lossless_enc_sse41.c
iOS preview (macos-26 / Xcode 26.2)	UNKNOWN STEP	2026-05-07T18:11:47.5802580Z [RUN_FASTLANE] › Compiling expo-image Pods/libwebp » lossless_enc_neon.c
iOS preview (macos-26 / Xcode 26.2)	UNKNOWN STEP	2026-05-07T18:11:47.5904300Z [RUN_FASTLANE] › Compiling expo-image Pods/libwebp » lossless_enc_msa.c
iOS preview (macos-26 / Xcode 26.2)	UNKNOWN STEP	2026-05-07T18:11:47.6007200Z [RUN_FASTLANE] › Compiling expo-image Pods/libwebp » lossless_enc_mips_dsp_r2.c
iOS preview (macos-26 / Xcode 26.2)	UNKNOWN STEP	2026-05-07T18:11:47.6109650Z [RUN_FASTLANE] › Compiling expo-image Pods/libwebp » lossless_enc_mips32.c
iOS preview (macos-26 / Xcode 26.2)	UNKNOWN STEP	2026-05-07T18:11:47.6211000Z [RUN_FASTLANE] › Compiling expo-image Pods/libwebp » lossless_enc.c
iOS preview (macos-26 / Xcode 26.2)	UNKNOWN STEP	2026-05-07T18:11:47.6312790Z [RUN_FASTLANE] › Compiling expo-image Pods/libwebp » lossless.c
iOS preview (macos-26 / Xcode 26.2)	UNKNOWN STEP	2026-05-07T18:11:47.6413460Z [RUN_FASTLANE] › Compiling expo-image Pods/libwebp » iterator_enc.c
iOS preview (macos-26 / Xcode 26.2)	UNKNOWN STEP	2026-05-07T18:11:47.6514580Z [RUN_FASTLANE] › Compiling expo-image Pods/libwebp » io_dec.c
iOS preview (macos-26 / Xcode 26.2)	UNKNOWN STEP	2026-05-07T18:11:47.6615490Z [RUN_FASTLANE] › Compiling expo-image Pods/libwebp » idec_dec.c
iOS preview (macos-26 / Xcode 26.2)	UNKNOWN STEP	2026-05-07T18:11:47.6716530Z [RUN_FASTLANE] › Compiling expo-image Pods/libwebp » huffman_utils.c
iOS preview (macos-26 / Xcode 26.2)	UNKNOWN STEP	2026-05-07T18:11:47.6816670Z [RUN_FASTLANE] › Compiling expo-image Pods/libwebp » huffman_encode_utils.c
iOS preview (macos-26 / Xcode 26.2)	UNKNOWN STEP	2026-05-07T18:11:47.6918280Z [RUN_FASTLANE] › Compiling expo-image Pods/libwebp » histogram_enc.c
iOS preview (macos-26 / Xcode 26.2)	UNKNOWN STEP	2026-05-07T18:11:47.7019680Z [RUN_FASTLANE] › Compiling expo-image Pods/libwebp » frame_enc.c
iOS preview (macos-26 / Xcode 26.2)	UNKNOWN STEP	2026-05-07T18:11:47.7152590Z [RUN_FASTLANE] › Compiling expo-image Pods/libwebp » frame_dec.c
iOS preview (macos-26 / Xcode 26.2)	UNKNOWN STEP	2026-05-07T18:11:47.7266690Z [RUN_FASTLANE] › Compiling expo-image Pods/libwebp » libwebp-dummy.m
iOS preview (macos-26 / Xcode 26.2)	UNKNOWN STEP	2026-05-07T18:11:47.7375390Z [RUN_FASTLANE] › Compiling expo-image Pods/libwebp » filters_utils.c
iOS preview (macos-26 / Xcode 26.2)	UNKNOWN STEP	2026-05-07T18:11:47.7481020Z [RUN_FASTLANE] › Compiling expo-image Pods/libwebp » filters_sse2.c
iOS preview (macos-26 / Xcode 26.2)	UNKNOWN STEP	2026-05-07T18:11:47.7609170Z [RUN_FASTLANE] › Compiling expo-image Pods/libwebp » filters_neon.c
iOS preview (macos-26 / Xcode 26.2)	UNKNOWN STEP	2026-05-07T18:11:47.7711240Z [RUN_FASTLANE] › Compiling expo-image Pods/libwebp » filters_msa.c
iOS preview (macos-26 / Xcode 26.2)	UNKNOWN STEP	2026-05-07T18:11:47.7870400Z [RUN_FASTLANE] › Compiling expo-image Pods/libwebp » filters_mips_dsp_r2.c
iOS preview (macos-26 / Xcode 26.2)	UNKNOWN STEP	2026-05-07T18:11:47.8134490Z [RUN_FASTLANE] › Compiling expo-image Pods/libwebp » filters.c
iOS preview (macos-26 / Xcode 26.2)	UNKNOWN STEP	2026-05-07T18:11:47.8236950Z [RUN_FASTLANE] › Compiling expo-image Pods/libwebp » filter_enc.c
iOS preview (macos-26 / Xcode 26.2)	UNKNOWN STEP	2026-05-07T18:11:47.8350290Z [RUN_FASTLANE] › Compiling expo-image Pods/libwebp » enc_sse41.c
iOS preview (macos-26 / Xcode 26.2)	UNKNOWN STEP	2026-05-07T18:11:47.8454370Z [RUN_FASTLANE] › Compiling expo-image Pods/libwebp » enc_sse2.c
iOS preview (macos-26 / Xcode 26.2)	UNKNOWN STEP	2026-05-07T18:11:47.8556080Z [RUN_FASTLANE] › Compiling expo-image Pods/libwebp » enc_neon.c
iOS preview (macos-26 / Xcode 26.2)	UNKNOWN STEP	2026-05-07T18:11:47.8658420Z [RUN_FASTLANE] › Compiling expo-image Pods/libwebp » enc_msa.c
iOS preview (macos-26 / Xcode 26.2)	UNKNOWN STEP	2026-05-07T18:11:47.8760290Z [RUN_FASTLANE] › Compiling expo-image Pods/libwebp » enc_mips_dsp_r2.c
iOS preview (macos-26 / Xcode 26.2)	UNKNOWN STEP	2026-05-07T18:11:47.8864920Z [RUN_FASTLANE] › Compiling expo-image Pods/libwebp » enc_mips32.c
iOS preview (macos-26 / Xcode 26.2)	UNKNOWN STEP	2026-05-07T18:11:47.8979140Z [RUN_FASTLANE] › Compiling expo-image Pods/libwebp » enc.c
iOS preview (macos-26 / Xcode 26.2)	UNKNOWN STEP	2026-05-07T18:11:47.9081320Z [RUN_FASTLANE] › Compiling expo-image Pods/libwebp » demux.c
iOS preview (macos-26 / Xcode 26.2)	UNKNOWN STEP	2026-05-07T18:11:47.9182780Z [RUN_FASTLANE] › Compiling expo-image Pods/libwebp » dec_sse41.c
iOS preview (macos-26 / Xcode 26.2)	UNKNOWN STEP	2026-05-07T18:11:47.9285460Z [RUN_FASTLANE] › Compiling expo-image Pods/libwebp » dec_sse2.c
iOS preview (macos-26 / Xcode 26.2)	UNKNOWN STEP	2026-05-07T18:11:47.9387240Z [RUN_FASTLANE] › Compiling expo-image Pods/libwebp » dec_neon.c
iOS preview (macos-26 / Xcode 26.2)	UNKNOWN STEP	2026-05-07T18:11:47.9488920Z [RUN_FASTLANE] › Compiling expo-image Pods/libwebp » dec_msa.c
iOS preview (macos-26 / Xcode 26.2)	UNKNOWN STEP	2026-05-07T18:11:47.9594080Z [RUN_FASTLANE] › Compiling expo-image Pods/libwebp » dec_mips_dsp_r2.c
iOS preview (macos-26 / Xcode 26.2)	UNKNOWN STEP	2026-05-07T18:11:47.9702660Z [RUN_FASTLANE] › Compiling expo-image Pods/libwebp » dec_mips32.c
iOS preview (macos-26 / Xcode 26.2)	UNKNOWN STEP	2026-05-07T18:11:47.9804050Z [RUN_FASTLANE] › Compiling expo-image Pods/libwebp » dec_clip_tables.c
iOS preview (macos-26 / Xcode 26.2)	UNKNOWN STEP	2026-05-07T18:11:47.9905370Z [RUN_FASTLANE] › Compiling expo-image Pods/libwebp » dec.c
iOS preview (macos-26 / Xcode 26.2)	UNKNOWN STEP	2026-05-07T18:11:48.0017610Z [RUN_FASTLANE] › Compiling expo-image Pods/libwebp » cpu.c
iOS preview (macos-26 / Xcode 26.2)	UNKNOWN STEP	2026-05-07T18:11:48.0140220Z [RUN_FASTLANE] › Compiling expo-image Pods/libwebp » cost_sse2.c
iOS preview (macos-26 / Xcode 26.2)	UNKNOWN STEP	2026-05-07T18:11:48.0245550Z [RUN_FASTLANE] › Compiling expo-image Pods/libwebp » cost_neon.c
iOS preview (macos-26 / Xcode 26.2)	UNKNOWN STEP	2026-05-07T18:11:48.0358850Z [RUN_FASTLANE] › Compiling expo-image Pods/libwebp » cost_mips_dsp_r2.c
iOS preview (macos-26 / Xcode 26.2)	UNKNOWN STEP	2026-05-07T18:11:48.0462400Z [RUN_FASTLANE] › Compiling expo-image Pods/libwebp » cost_mips32.c
iOS preview (macos-26 / Xcode 26.2)	UNKNOWN STEP	2026-05-07T18:11:48.0575470Z [RUN_FASTLANE] › Compiling expo-image Pods/libwebp » cost_enc.c
iOS preview (macos-26 / Xcode 26.2)	UNKNOWN STEP	2026-05-07T18:11:48.0691050Z [RUN_FASTLANE] › Compiling expo-image Pods/libwebp » cost.c
iOS preview (macos-26 / Xcode 26.2)	UNKNOWN STEP	2026-05-07T18:11:48.0806490Z [RUN_FASTLANE] › Compiling expo-image Pods/libwebp » config_enc.c
iOS preview (macos-26 / Xcode 26.2)	UNKNOWN STEP	2026-05-07T18:11:48.0910580Z [RUN_FASTLANE] › Compiling expo-image Pods/libwebp » color_cache_utils.c
iOS preview (macos-26 / Xcode 26.2)	UNKNOWN STEP	2026-05-07T18:11:48.1012190Z [RUN_FASTLANE] › Compiling expo-image Pods/libwebp » buffer_dec.c
iOS preview (macos-26 / Xcode 26.2)	UNKNOWN STEP	2026-05-07T18:11:48.1114330Z [RUN_FASTLANE] › Compiling expo-image Pods/libwebp » bit_writer_utils.c
iOS preview (macos-26 / Xcode 26.2)	UNKNOWN STEP	2026-05-07T18:11:48.1215730Z [RUN_FASTLANE] › Compiling expo-image Pods/libwebp » bit_reader_utils.c
iOS preview (macos-26 / Xcode 26.2)	UNKNOWN STEP	2026-05-07T18:11:48.1317250Z [RUN_FASTLANE] › Compiling expo-image Pods/libwebp » backward_references_cost_enc.c
iOS preview (macos-26 / Xcode 26.2)	UNKNOWN STEP	2026-05-07T18:11:48.1418880Z [RUN_FASTLANE] › Compiling expo-image Pods/libwebp » anim_encode.c
iOS preview (macos-26 / Xcode 26.2)	UNKNOWN STEP	2026-05-07T18:11:48.1520160Z [RUN_FASTLANE] › Compiling expo-image Pods/libwebp » anim_decode.c
iOS preview (macos-26 / Xcode 26.2)	UNKNOWN STEP	2026-05-07T18:11:48.1621580Z [RUN_FASTLANE] › Compiling expo-image Pods/libwebp » analysis_enc.c
iOS preview (macos-26 / Xcode 26.2)	UNKNOWN STEP	2026-05-07T18:11:48.1723340Z [RUN_FASTLANE] › Compiling expo-image Pods/libwebp » alpha_processing_sse41.c
iOS preview (macos-26 / Xcode 26.2)	UNKNOWN STEP	2026-05-07T18:11:48.1824890Z [RUN_FASTLANE] › Compiling expo-image Pods/libwebp » alpha_processing_sse2.c
iOS preview (macos-26 / Xcode 26.2)	UNKNOWN STEP	2026-05-07T18:11:48.1926730Z [RUN_FASTLANE] › Compiling expo-image Pods/libwebp » alpha_processing_neon.c
iOS preview (macos-26 / Xcode 26.2)	UNKNOWN STEP	2026-05-07T18:11:48.2028970Z [RUN_FASTLANE] › Compiling expo-image Pods/libwebp » alpha_processing_mips_dsp_r2.c
iOS preview (macos-26 / Xcode 26.2)	UNKNOWN STEP	2026-05-07T18:11:48.2156560Z [RUN_FASTLANE] › Compiling expo-image Pods/libwebp » alpha_processing.c
iOS preview (macos-26 / Xcode 26.2)	UNKNOWN STEP	2026-05-07T18:11:48.2258040Z [RUN_FASTLANE] › Compiling expo-image Pods/libwebp » alpha_enc.c
iOS preview (macos-26 / Xcode 26.2)	UNKNOWN STEP	2026-05-07T18:11:48.2359840Z [RUN_FASTLANE] › Compiling expo-image Pods/libwebp » alpha_dec.c
iOS preview (macos-26 / Xcode 26.2)	UNKNOWN STEP	2026-05-07T18:11:48.2479010Z [RUN_FASTLANE] › Packaging expo-image Pods/libwebp » liblibwebp.a
iOS preview (macos-26 / Xcode 26.2)	UNKNOWN STEP	2026-05-07T18:11:48.2592030Z [RUN_FASTLANE] › Compiling expo-image Pods/libdav1d » wedge.c
iOS preview (macos-26 / Xcode 26.2)	UNKNOWN STEP	2026-05-07T18:11:48.2715950Z [RUN_FASTLANE] › Compiling expo-image Pods/libdav1d » warpmv.c
iOS preview (macos-26 / Xcode 26.2)	UNKNOWN STEP	2026-05-07T18:11:48.2817530Z [RUN_FASTLANE] › Compiling expo-image Pods/libdav1d » thread_task.c
iOS preview (macos-26 / Xcode 26.2)	UNKNOWN STEP	2026-05-07T18:11:48.2919690Z [RUN_FASTLANE] › Compiling expo-image Pods/libdav1d » tables.c
iOS preview (macos-26 / Xcode 26.2)	UNKNOWN STEP	2026-05-07T18:11:48.3021790Z [RUN_FASTLANE] › Compiling expo-image Pods/libdav1d » scan.c
iOS preview (macos-26 / Xcode 26.2)	UNKNOWN STEP	2026-05-07T18:11:48.3130380Z [RUN_FASTLANE] › Compiling expo-image Pods/libdav1d » refmvs.c
iOS preview (macos-26 / Xcode 26.2)	UNKNOWN STEP	2026-05-07T18:11:48.3231890Z [RUN_FASTLANE] › Compiling expo-image Pods/libdav1d » ref.c
iOS preview (macos-26 / Xcode 26.2)	UNKNOWN STEP	2026-05-07T18:11:48.3278430Z [RUN_FASTLANE] › Compiling expo-image Pods/libdav1d » recon_tmpl_16.c
iOS preview (macos-26 / Xcode 26.2)	UNKNOWN STEP	2026-05-07T18:11:48.3380480Z [RUN_FASTLANE] › Compiling expo-image Pods/libdav1d » recon_tmpl.c
iOS preview (macos-26 / Xcode 26.2)	UNKNOWN STEP	2026-05-07T18:11:48.3482190Z [RUN_FASTLANE] › Compiling expo-image Pods/libdav1d » qm.c
iOS preview (macos-26 / Xcode 26.2)	UNKNOWN STEP	2026-05-07T18:11:48.3583770Z [RUN_FASTLANE] › Compiling expo-image Pods/libdav1d » picture.c
iOS preview (macos-26 / Xcode 26.2)	UNKNOWN STEP	2026-05-07T18:11:48.3685240Z [RUN_FASTLANE] › Compiling expo-image Pods/libdav1d » obu.c
iOS preview (macos-26 / Xcode 26.2)	UNKNOWN STEP	2026-05-07T18:11:48.3786660Z [RUN_FASTLANE] › Compiling expo-image Pods/libdav1d » msac.c
iOS preview (macos-26 / Xcode 26.2)	UNKNOWN STEP	2026-05-07T18:11:48.3888040Z [RUN_FASTLANE] › Compiling expo-image Pods/libdav1d » mem.c
iOS preview (macos-26 / Xcode 26.2)	UNKNOWN STEP	2026-05-07T18:11:48.3989470Z [RUN_FASTLANE] › Compiling expo-image Pods/libdav1d » mc_tmpl_16.c
iOS preview (macos-26 / Xcode 26.2)	UNKNOWN STEP	2026-05-07T18:11:48.4090970Z [RUN_FASTLANE] › Compiling expo-image Pods/libdav1d » mc_tmpl.c
iOS preview (macos-26 / Xcode 26.2)	UNKNOWN STEP	2026-05-07T18:11:48.4192420Z [RUN_FASTLANE] › Compiling expo-image Pods/libdav1d » lr_apply_tmpl_16.c
iOS preview (macos-26 / Xcode 26.2)	UNKNOWN STEP	2026-05-07T18:11:48.4294030Z [RUN_FASTLANE] › Compiling expo-image Pods/libdav1d » lr_apply_tmpl.c
iOS preview (macos-26 / Xcode 26.2)	UNKNOWN STEP	2026-05-07T18:11:48.4395630Z [RUN_FASTLANE] › Compiling expo-image Pods/libdav1d » looprestoration_tmpl_16.c
iOS preview (macos-26 / Xcode 26.2)	UNKNOWN STEP	2026-05-07T18:11:48.4497210Z [RUN_FASTLANE] › Compiling expo-image Pods/libdav1d » looprestoration_tmpl.c
iOS preview (macos-26 / Xcode 26.2)	UNKNOWN STEP	2026-05-07T18:11:48.4598710Z [RUN_FASTLANE] › Compiling expo-image Pods/libdav1d » loopfilter_tmpl_16.c
iOS preview (macos-26 / Xcode 26.2)	UNKNOWN STEP	2026-05-07T18:11:48.4707860Z [RUN_FASTLANE] › Compiling expo-image Pods/libdav1d » loopfilter_tmpl.c
iOS preview (macos-26 / Xcode 26.2)	UNKNOWN STEP	2026-05-07T18:11:48.4836640Z [RUN_FASTLANE] › Compiling expo-image Pods/libdav1d » log.c
iOS preview (macos-26 / Xcode 26.2)	UNKNOWN STEP	2026-05-07T18:11:48.4950540Z [RUN_FASTLANE] › Compiling expo-image Pods/libdav1d » lib.c
iOS preview (macos-26 / Xcode 26.2)	UNKNOWN STEP	2026-05-07T18:11:48.5054320Z [RUN_FASTLANE] › Compiling expo-image Pods/libdav1d » lf_mask.c
iOS preview (macos-26 / Xcode 26.2)	UNKNOWN STEP	2026-05-07T18:11:48.5180760Z [RUN_FASTLANE] › Compiling expo-image Pods/libdav1d » lf_apply_tmpl_16.c
iOS preview (macos-26 / Xcode 26.2)	UNKNOWN STEP	2026-05-07T18:11:48.5291770Z [RUN_FASTLANE] › Compiling expo-image Pods/libdav1d » lf_apply_tmpl.c
iOS preview (macos-26 / Xcode 26.2)	UNKNOWN STEP	2026-05-07T18:11:48.5392500Z [RUN_FASTLANE] › Compiling expo-image Pods/libdav1d » itx_tmpl_16.c
iOS preview (macos-26 / Xcode 26.2)	UNKNOWN STEP	2026-05-07T18:11:48.5493520Z [RUN_FASTLANE] › Compiling expo-image Pods/libdav1d » libdav1d-dummy.m
iOS preview (macos-26 / Xcode 26.2)	UNKNOWN STEP	2026-05-07T18:11:48.5602490Z [RUN_FASTLANE] › Compiling expo-image Pods/libdav1d » itx_tmpl.c
iOS preview (macos-26 / Xcode 26.2)	UNKNOWN STEP	2026-05-07T18:11:48.5705200Z [RUN_FASTLANE] › Compiling expo-image Pods/libdav1d » itx_1d.c
iOS preview (macos-26 / Xcode 26.2)	UNKNOWN STEP	2026-05-07T18:11:48.5808520Z [RUN_FASTLANE] › Compiling expo-image Pods/libdav1d » ipred_tmpl_16.c
iOS preview (macos-26 / Xcode 26.2)	UNKNOWN STEP	2026-05-07T18:11:48.5911590Z [RUN_FASTLANE] › Compiling expo-image Pods/libdav1d » ipred_tmpl.c
iOS preview (macos-26 / Xcode 26.2)	UNKNOWN STEP	2026-05-07T18:11:48.6033700Z [RUN_FASTLANE] › Compiling expo-image Pods/libdav1d » ipred_prepare_tmpl_16.c
iOS preview (macos-26 / Xcode 26.2)	UNKNOWN STEP	2026-05-07T18:11:48.6165950Z [RUN_FASTLANE] › Compiling expo-image Pods/libdav1d » ipred_prepare_tmpl.c
iOS preview (macos-26 / Xcode 26.2)	UNKNOWN STEP	2026-05-07T18:11:48.6291950Z [RUN_FASTLANE] › Compiling expo-image Pods/libdav1d » intra_edge.c
iOS preview (macos-26 / Xcode 26.2)	UNKNOWN STEP	2026-05-07T18:11:48.6393640Z [RUN_FASTLANE] › Compiling expo-image Pods/libdav1d » getbits.c
iOS preview (macos-26 / Xcode 26.2)	UNKNOWN STEP	2026-05-07T18:11:48.6508710Z [RUN_FASTLANE] › Compiling expo-image Pods/libdav1d » filmgrain_tmpl_16.c
iOS preview (macos-26 / Xcode 26.2)	UNKNOWN STEP	2026-05-07T18:11:48.6610740Z [RUN_FASTLANE] › Compiling expo-image Pods/libdav1d » filmgrain_tmpl.c
iOS preview (macos-26 / Xcode 26.2)	UNKNOWN STEP	2026-05-07T18:11:48.6719190Z [RUN_FASTLANE] › Compiling expo-image Pods/libdav1d » fg_apply_tmpl_16.c
iOS preview (macos-26 / Xcode 26.2)	UNKNOWN STEP	2026-05-07T18:11:48.6831300Z [RUN_FASTLANE] › Compiling expo-image Pods/libdav1d » fg_apply_tmpl.c
iOS preview (macos-26 / Xcode 26.2)	UNKNOWN STEP	2026-05-07T18:11:48.6933180Z [RUN_FASTLANE] › Compiling expo-image Pods/libdav1d » dequant_tables.c
iOS preview (macos-26 / Xcode 26.2)	UNKNOWN STEP	2026-05-07T18:11:48.7034710Z [RUN_FASTLANE] › Compiling expo-image Pods/libdav1d » data.c
iOS preview (macos-26 / Xcode 26.2)	UNKNOWN STEP	2026-05-07T18:11:48.7139140Z [RUN_FASTLANE] › Compiling expo-image Pods/libdav1d » decode.c
iOS preview (macos-26 / Xcode 26.2)	UNKNOWN STEP	2026-05-07T18:11:49.4571940Z [RUN_FASTLANE] › Compiling expo-image Pods/libdav1d » cpu.c
iOS preview (macos-26 / Xcode 26.2)	UNKNOWN STEP	2026-05-07T18:11:49.4678410Z [RUN_FASTLANE] › Compiling expo-image Pods/libdav1d » cdf.c
iOS preview (macos-26 / Xcode 26.2)	UNKNOWN STEP	2026-05-07T18:11:49.4789820Z [RUN_FASTLANE] › Compiling expo-image Pods/libdav1d » cdef_tmpl_16.c
iOS preview (macos-26 / Xcode 26.2)	UNKNOWN STEP	2026-05-07T18:11:49.4892200Z [RUN_FASTLANE] › Compiling expo-image Pods/libdav1d » cpu.c
iOS preview (macos-26 / Xcode 26.2)	UNKNOWN STEP	2026-05-07T18:11:49.4995400Z [RUN_FASTLANE] › Compiling expo-image Pods/libdav1d » cdef_tmpl.c
iOS preview (macos-26 / Xcode 26.2)	UNKNOWN STEP	2026-05-07T18:11:49.5094820Z [RUN_FASTLANE] › Compiling expo-image Pods/libdav1d » cdef_apply_tmpl_16.c
iOS preview (macos-26 / Xcode 26.2)	UNKNOWN STEP	2026-05-07T18:11:49.5196390Z [RUN_FASTLANE] › Compiling expo-image Pods/libdav1d » cdef_apply_tmpl.c
iOS preview (macos-26 / Xcode 26.2)	UNKNOWN STEP	2026-05-07T18:11:49.5297500Z [RUN_FASTLANE] › Compiling Pods/libavif » write.c
iOS preview (macos-26 / Xcode 26.2)	UNKNOWN STEP	2026-05-07T18:11:49.5400020Z [RUN_FASTLANE] › Compiling Pods/libavif » utils.c
iOS preview (macos-26 / Xcode 26.2)	UNKNOWN STEP	2026-05-07T18:11:49.5500000Z [RUN_FASTLANE] › Compiling Pods/libavif » scale.c
iOS preview (macos-26 / Xcode 26.2)	UNKNOWN STEP	2026-05-07T18:11:49.5606270Z [RUN_FASTLANE] › Compiling Pods/libavif » reformat_libyuv.c
iOS preview (macos-26 / Xcode 26.2)	UNKNOWN STEP	2026-05-07T18:11:49.5706910Z [RUN_FASTLANE] › Compiling Pods/libavif » reformat_libsharpyuv.c
iOS preview (macos-26 / Xcode 26.2)	UNKNOWN STEP	2026-05-07T18:11:49.5810400Z [RUN_FASTLANE] › Compiling Pods/libavif » rawdata.c
iOS preview (macos-26 / Xcode 26.2)	UNKNOWN STEP	2026-05-07T18:11:49.5932260Z [RUN_FASTLANE] › Compiling Pods/libavif » obu.c
iOS preview (macos-26 / Xcode 26.2)	UNKNOWN STEP	2026-05-07T18:11:49.6035470Z [RUN_FASTLANE] › Compiling Pods/libavif » reformat.c
iOS preview (macos-26 / Xcode 26.2)	UNKNOWN STEP	2026-05-07T18:11:49.6501290Z [RUN_FASTLANE] › Compiling Pods/libavif » mem.c
iOS preview (macos-26 / Xcode 26.2)	UNKNOWN STEP	2026-05-07T18:11:49.6613710Z [RUN_FASTLANE] › Packaging expo-image Pods/libdav1d » liblibdav1d.a
iOS preview (macos-26 / Xcode 26.2)	UNKNOWN STEP	2026-05-07T18:11:49.7993660Z [RUN_FASTLANE] › Compiling Pods/libavif » stream.c
iOS preview (macos-26 / Xcode 26.2)	UNKNOWN STEP	2026-05-07T18:11:49.8098600Z [RUN_FASTLANE] › Compiling Pods/libavif » read.c
iOS preview (macos-26 / Xcode 26.2)	UNKNOWN STEP	2026-05-07T18:11:50.1006050Z [RUN_FASTLANE] › Compiling Pods/libavif » io.c
iOS preview (macos-26 / Xcode 26.2)	UNKNOWN STEP	2026-05-07T18:11:50.1112260Z [RUN_FASTLANE] › Compiling Pods/libavif » exif.c
iOS preview (macos-26 / Xcode 26.2)	UNKNOWN STEP	2026-05-07T18:11:50.1213780Z [RUN_FASTLANE] › Compiling Pods/libavif » diag.c
iOS preview (macos-26 / Xcode 26.2)	UNKNOWN STEP	2026-05-07T18:11:50.1315270Z [RUN_FASTLANE] › Compiling Pods/libavif » colr.c
iOS preview (macos-26 / Xcode 26.2)	UNKNOWN STEP	2026-05-07T18:11:50.1416660Z [RUN_FASTLANE] › Compiling Pods/libavif » codec_dav1d.c
iOS preview (macos-26 / Xcode 26.2)	UNKNOWN STEP	2026-05-07T18:11:50.1518020Z [RUN_FASTLANE] › Compiling Pods/libavif » avif.c
iOS preview (macos-26 / Xcode 26.2)	UNKNOWN STEP	2026-05-07T18:11:50.1619560Z [RUN_FASTLANE] › Compiling Pods/libavif » alpha.c
iOS preview (macos-26 / Xcode 26.2)	UNKNOWN STEP	2026-05-07T18:11:50.1723240Z [RUN_FASTLANE] › Preparing Pods/expo-dev-menu-EXDevMenu » ResourceBundle-EXDevMenu-expo-dev-menu-Info.plist
iOS preview (macos-26 / Xcode 26.2)	UNKNOWN STEP	2026-05-07T18:11:50.1825570Z [RUN_FASTLANE] › Preparing Pods/expo-dev-launcher-EXDevLauncher » ResourceBundle-EXDevLauncher-expo-dev-launcher-Info.plist
iOS preview (macos-26 / Xcode 26.2)	UNKNOWN STEP	2026-05-07T18:11:50.4493970Z [RUN_FASTLANE] › Compiling expo-dev-menu-interface Pods/expo-dev-menu-interface » expo-dev-menu-interface-dummy.m
iOS preview (macos-26 / Xcode 26.2)	UNKNOWN STEP	2026-05-07T18:11:50.4596640Z [RUN_FASTLANE] › Packaging expo-dev-menu-interface Pods/expo-dev-menu-interface » libexpo-dev-menu-interface.a
iOS preview (macos-26 / Xcode 26.2)	UNKNOWN STEP	2026-05-07T18:11:51.5650720Z [RUN_FASTLANE] › Compiling Pods/libavif » libavif-dummy.m
iOS preview (macos-26 / Xcode 26.2)	UNKNOWN STEP	2026-05-07T18:11:52.0551060Z [RUN_FASTLANE] › Compiling Pods/ZXingObjC » ZXingObjC-dummy.m
iOS preview (macos-26 / Xcode 26.2)	UNKNOWN STEP	2026-05-07T18:11:52.0770330Z [RUN_FASTLANE] › Compiling Pods/ZXingObjC » ZXWifiResultParser.m
iOS preview (macos-26 / Xcode 26.2)	UNKNOWN STEP	2026-05-07T18:11:52.1134580Z [RUN_FASTLANE] › Compiling Pods/ZXingObjC » ZXWifiParsedResult.m
iOS preview (macos-26 / Xcode 26.2)	UNKNOWN STEP	2026-05-07T18:11:52.1142690Z [RUN_FASTLANE] › Compiling Pods/ZXingObjC » ZXWhiteRectangleDetector.m
iOS preview (macos-26 / Xcode 26.2)	UNKNOWN STEP	2026-05-07T18:11:52.1427260Z [RUN_FASTLANE] › Compiling Pods/ZXingObjC » ZXVINResultParser.m
iOS preview (macos-26 / Xcode 26.2)	UNKNOWN STEP	2026-05-07T18:11:52.1528990Z [RUN_FASTLANE] › Compiling Pods/ZXingObjC » ZXVINParsedResult.m
iOS preview (macos-26 / Xcode 26.2)	UNKNOWN STEP	2026-05-07T18:11:52.1630550Z [RUN_FASTLANE] › Compiling Pods/ZXingObjC » ZXVEventResultParser.m
iOS preview (macos-26 / Xcode 26.2)	UNKNOWN STEP	2026-05-07T18:11:52.1732340Z [RUN_FASTLANE] › Compiling Pods/ZXingObjC » ZXVCardResultParser.m
iOS preview (macos-26 / Xcode 26.2)	UNKNOWN STEP	2026-05-07T18:11:52.2296910Z [RUN_FASTLANE] › Compiling Pods/ZXingObjC » ZXURLTOResultParser.m
iOS preview (macos-26 / Xcode 26.2)	UNKNOWN STEP	2026-05-07T18:11:52.2399150Z [RUN_FASTLANE] › Compiling Pods/ZXingObjC » ZXURIResultParser.m
iOS preview (macos-26 / Xcode 26.2)	UNKNOWN STEP	2026-05-07T18:11:52.2508290Z [RUN_FASTLANE] › Compiling Pods/ZXingObjC » ZXURIParsedResult.m
iOS preview (macos-26 / Xcode 26.2)	UNKNOWN STEP	2026-05-07T18:11:52.2614800Z [RUN_FASTLANE] › Compiling Pods/ZXingObjC » ZXUPCEWriter.m
iOS preview (macos-26 / Xcode 26.2)	UNKNOWN STEP	2026-05-07T18:11:52.2723430Z [RUN_FASTLANE] › Compiling Pods/ZXingObjC » ZXUPCEReader.m
iOS preview (macos-26 / Xcode 26.2)	UNKNOWN STEP	2026-05-07T18:11:52.2839600Z [RUN_FASTLANE] › Compiling Pods/ZXingObjC » ZXUPCEANWriter.m
iOS preview (macos-26 / Xcode 26.2)	UNKNOWN STEP	2026-05-07T18:11:52.2940970Z [RUN_FASTLANE] › Compiling Pods/ZXingObjC » ZXUPCEANReader.m
iOS preview (macos-26 / Xcode 26.2)	UNKNOWN STEP	2026-05-07T18:11:52.3670600Z [RUN_FASTLANE] › Compiling Pods/ZXingObjC » ZXUPCEANExtensionSupport.m
iOS preview (macos-26 / Xcode 26.2)	UNKNOWN STEP	2026-05-07T18:11:52.3773260Z [RUN_FASTLANE] › Compiling Pods/ZXingObjC » ZXUPCEANExtension5Support.m
iOS preview (macos-26 / Xcode 26.2)	UNKNOWN STEP	2026-05-07T18:11:52.3832670Z [RUN_FASTLANE] › Compiling Pods/ZXingObjC » ZXUPCEANExtension2Support.m
iOS preview (macos-26 / Xcode 26.2)	UNKNOWN STEP	2026-05-07T18:11:52.3934370Z [RUN_FASTLANE] › Compiling Pods/ZXingObjC » ZXUPCAWriter.m
iOS preview (macos-26 / Xcode 26.2)	UNKNOWN STEP	2026-05-07T18:11:52.4035750Z [RUN_FASTLANE] › Compiling Pods/ZXingObjC » ZXUPCAReader.m
iOS preview (macos-26 / Xcode 26.2)	UNKNOWN STEP	2026-05-07T18:11:52.4094140Z [RUN_FASTLANE] › Compiling Pods/ZXingObjC » ZXTextParsedResult.m
iOS preview (macos-26 / Xcode 26.2)	UNKNOWN STEP	2026-05-07T18:11:52.4197610Z [RUN_FASTLANE] › Compiling Pods/ZXingObjC » ZXTelResultParser.m
iOS preview (macos-26 / Xcode 26.2)	UNKNOWN STEP	2026-05-07T18:11:52.4325450Z [RUN_FASTLANE] › Compiling Pods/ZXingObjC » ZXTelParsedResult.m
iOS preview (macos-26 / Xcode 26.2)	UNKNOWN STEP	2026-05-07T18:11:52.4428040Z [RUN_FASTLANE] › Compiling Pods/ZXingObjC » ZXStringUtils.m
iOS preview (macos-26 / Xcode 26.2)	UNKNOWN STEP	2026-05-07T18:11:52.4544310Z [RUN_FASTLANE] › Compiling Pods/ZXingObjC » ZXSMTPResultParser.m
iOS preview (macos-26 / Xcode 26.2)	UNKNOWN STEP	2026-05-07T18:11:52.4646450Z [RUN_FASTLANE] › Compiling Pods/ZXingObjC » ZXSMSTOMMSTOResultParser.m
iOS preview (macos-26 / Xcode 26.2)	UNKNOWN STEP	2026-05-07T18:11:52.4748700Z [RUN_FASTLANE] › Compiling Pods/ZXingObjC » ZXSMSParsedResult.m
iOS preview (macos-26 / Xcode 26.2)	UNKNOWN STEP	2026-05-07T18:11:52.4964370Z [RUN_FASTLANE] › Compiling Pods/ZXingObjC » ZXSMSMMSResultParser.m
iOS preview (macos-26 / Xcode 26.2)	UNKNOWN STEP	2026-05-07T18:11:52.5097170Z [RUN_FASTLANE] › Compiling Pods/ZXingObjC » ZXResultPoint.m
iOS preview (macos-26 / Xcode 26.2)	UNKNOWN STEP	2026-05-07T18:11:52.5198660Z [RUN_FASTLANE] › Compiling Pods/ZXingObjC » ZXResultParser.m
iOS preview (macos-26 / Xcode 26.2)	UNKNOWN STEP	2026-05-07T18:11:52.5673540Z [RUN_FASTLANE] › Compiling Pods/ZXingObjC » ZXResult.m
iOS preview (macos-26 / Xcode 26.2)	UNKNOWN STEP	2026-05-07T18:11:52.5779370Z [RUN_FASTLANE] › Compiling Pods/ZXingObjC » ZXReedSolomonEncoder.m
iOS preview (macos-26 / Xcode 26.2)	UNKNOWN STEP	2026-05-07T18:11:52.5887440Z [RUN_FASTLANE] › Compiling Pods/ZXingObjC » ZXReedSolomonDecoder.m
iOS preview (macos-26 / Xcode 26.2)	UNKNOWN STEP	2026-05-07T18:11:52.5996240Z [RUN_FASTLANE] › Compiling Pods/ZXingObjC » ZXRSSUtils.m
iOS preview (macos-26 / Xcode 26.2)	UNKNOWN STEP	2026-05-07T18:11:52.6120520Z [RUN_FASTLANE] › Compiling Pods/ZXingObjC » ZXRSSPair.m
iOS preview (macos-26 / Xcode 26.2)	UNKNOWN STEP	2026-05-07T18:11:52.6223170Z [RUN_FASTLANE] › Compiling Pods/ZXingObjC » ZXRSSFinderPattern.m
iOS preview (macos-26 / Xcode 26.2)	UNKNOWN STEP	2026-05-07T18:11:52.6325390Z [RUN_FASTLANE] › Compiling Pods/ZXingObjC » ZXRSSExpandedRow.m
iOS preview (macos-26 / Xcode 26.2)	UNKNOWN STEP	2026-05-07T18:11:52.6427110Z [RUN_FASTLANE] › Compiling Pods/ZXingObjC » ZXRSSExpandedReader.m
iOS preview (macos-26 / Xcode 26.2)	UNKNOWN STEP	2026-05-07T18:11:52.7251990Z [RUN_FASTLANE] › Compiling Pods/ZXingObjC » ZXRSSExpandedPair.m
iOS preview (macos-26 / Xcode 26.2)	UNKNOWN STEP	2026-05-07T18:11:52.7373540Z [RUN_FASTLANE] › Compiling Pods/ZXingObjC » ZXRSSExpandedGeneralAppIdDecoder.m
iOS preview (macos-26 / Xcode 26.2)	UNKNOWN STEP	2026-05-07T18:11:52.7481660Z [RUN_FASTLANE] › Compiling Pods/ZXingObjC » ZXRSSExpandedFieldParser.m
iOS preview (macos-26 / Xcode 26.2)	UNKNOWN STEP	2026-05-07T18:11:52.7609730Z [RUN_FASTLANE] › Compiling Pods/ZXingObjC » ZXRSSExpandedDecodedObject.m
iOS preview (macos-26 / Xcode 26.2)	UNKNOWN STEP	2026-05-07T18:11:52.7715460Z [RUN_FASTLANE] › Compiling Pods/ZXingObjC » ZXRSSExpandedDecodedNumeric.m
iOS preview (macos-26 / Xcode 26.2)	UNKNOWN STEP	2026-05-07T18:11:52.7825710Z [RUN_FASTLANE] › Compiling Pods/ZXingObjC » ZXRSSExpandedDecodedInformation.m
iOS preview (macos-26 / Xcode 26.2)	UNKNOWN STEP	2026-05-07T18:11:52.7929950Z [RUN_FASTLANE] › Compiling Pods/ZXingObjC » ZXRSSExpandedDecodedChar.m
iOS preview (macos-26 / Xcode 26.2)	UNKNOWN STEP	2026-05-07T18:11:52.8031490Z [RUN_FASTLANE] › Compiling Pods/ZXingObjC » ZXRSSExpandedCurrentParsingState.m
iOS preview (macos-26 / Xcode 26.2)	UNKNOWN STEP	2026-05-07T18:11:52.8137440Z [RUN_FASTLANE] › Compiling Pods/ZXingObjC » ZXRSSExpandedBlockParsedResult.m
iOS preview (macos-26 / Xcode 26.2)	UNKNOWN STEP	2026-05-07T18:11:52.8239060Z [RUN_FASTLANE] › Compiling Pods/ZXingObjC » ZXRSSDataCharacter.m
iOS preview (macos-26 / Xcode 26.2)	UNKNOWN STEP	2026-05-07T18:11:52.8340660Z [RUN_FASTLANE] › Compiling Pods/ZXingObjC » ZXRSS14Reader.m
iOS preview (macos-26 / Xcode 26.2)	UNKNOWN STEP	2026-05-07T18:11:52.8655250Z [RUN_FASTLANE] › Compiling Pods/ZXingObjC » ZXRGBLuminanceSource.m
iOS preview (macos-26 / Xcode 26.2)	UNKNOWN STEP	2026-05-07T18:11:52.8762900Z [RUN_FASTLANE] › Compiling Pods/ZXingObjC » ZXProductResultParser.m
iOS preview (macos-26 / Xcode 26.2)	UNKNOWN STEP	2026-05-07T18:11:52.8865800Z [RUN_FASTLANE] › Compiling Pods/ZXingObjC » ZXProductParsedResult.m
iOS preview (macos-26 / Xcode 26.2)	UNKNOWN STEP	2026-05-07T18:11:52.8989260Z [RUN_FASTLANE] › Compiling Pods/ZXingObjC » ZXPlanarYUVLuminanceSource.m
iOS preview (macos-26 / Xcode 26.2)	UNKNOWN STEP	2026-05-07T18:11:52.9100920Z [RUN_FASTLANE] › Compiling Pods/ZXingObjC » ZXPerspectiveTransform.m
iOS preview (macos-26 / Xcode 26.2)	UNKNOWN STEP	2026-05-07T18:11:52.9223630Z [RUN_FASTLANE] › Compiling Pods/ZXingObjC » ZXParsedResult.m
iOS preview (macos-26 / Xcode 26.2)	UNKNOWN STEP	2026-05-07T18:11:52.9346640Z [RUN_FASTLANE] › Compiling Pods/ZXingObjC » ZXPDF417Writer.m
iOS preview (macos-26 / Xcode 26.2)	UNKNOWN STEP	2026-05-07T18:11:52.9472880Z [RUN_FASTLANE] › Compiling Pods/ZXingObjC » ZXPDF417ScanningDecoder.m
iOS preview (macos-26 / Xcode 26.2)	UNKNOWN STEP	2026-05-07T18:11:53.0116210Z [RUN_FASTLANE] › Compiling Pods/ZXingObjC » ZXPDF417ResultMetadata.m
iOS preview (macos-26 / Xcode 26.2)	UNKNOWN STEP	2026-05-07T18:11:53.0219130Z [RUN_FASTLANE] › Compiling Pods/ZXingObjC » ZXPDF417Reader.m
iOS preview (macos-26 / Xcode 26.2)	UNKNOWN STEP	2026-05-07T18:11:53.0324270Z [RUN_FASTLANE] › Compiling Pods/ZXingObjC » ZXPDF417HighLevelEncoder.m
iOS preview (macos-26 / Xcode 26.2)	UNKNOWN STEP	2026-05-07T18:11:53.0334390Z [RUN_FASTLANE] › Compiling Pods/ZXingObjC » ZXPDF417ErrorCorrection.m
iOS preview (macos-26 / Xcode 26.2)	UNKNOWN STEP	2026-05-07T18:11:53.0436600Z [RUN_FASTLANE] › Compiling Pods/ZXingObjC » ZXPDF417ECErrorCorrection.m
iOS preview (macos-26 / Xcode 26.2)	UNKNOWN STEP	2026-05-07T18:11:53.0740750Z [RUN_FASTLANE] › Compiling Pods/ZXingObjC » ZXPDF417Dimensions.m
iOS preview (macos-26 / Xcode 26.2)	UNKNOWN STEP	2026-05-07T18:11:53.0842280Z [RUN_FASTLANE] › Compiling Pods/ZXingObjC » ZXPDF417DetectorResult.m
iOS preview (macos-26 / Xcode 26.2)	UNKNOWN STEP	2026-05-07T18:11:53.0944060Z [RUN_FASTLANE] › Compiling Pods/ZXingObjC » ZXPDF417Detector.m
iOS preview (macos-26 / Xcode 26.2)	UNKNOWN STEP	2026-05-07T18:11:53.1170680Z [RUN_FASTLANE] › Compiling Pods/ZXingObjC » ZXPDF417DetectionResultRowIndicatorColumn.m
iOS preview (macos-26 / Xcode 26.2)	UNKNOWN STEP	2026-05-07T18:11:53.1612340Z [RUN_FASTLANE] › Compiling Pods/ZXingObjC » ZXPDF417DetectionResultColumn.m
iOS preview (macos-26 / Xcode 26.2)	UNKNOWN STEP	2026-05-07T18:11:53.1743650Z [RUN_FASTLANE] › Compiling Pods/ZXingObjC » ZXPDF417DetectionResult.m
iOS preview (macos-26 / Xcode 26.2)	UNKNOWN STEP	2026-05-07T18:11:53.2303680Z [RUN_FASTLANE] › Compiling Pods/ZXingObjC » ZXPDF417DecodedBitStreamParser.m
iOS preview (macos-26 / Xcode 26.2)	UNKNOWN STEP	2026-05-07T18:11:53.2409640Z [RUN_FASTLANE] › Compiling Pods/ZXingObjC » ZXPDF417Common.m
iOS preview (macos-26 / Xcode 26.2)	UNKNOWN STEP	2026-05-07T18:11:53.2511220Z [RUN_FASTLANE] › Compiling Pods/ZXingObjC » ZXPDF417CodewordDecoder.m
iOS preview (macos-26 / Xcode 26.2)	UNKNOWN STEP	2026-05-07T18:11:53.2612870Z [RUN_FASTLANE] › Compiling Pods/ZXingObjC » ZXPDF417Codeword.m
iOS preview (macos-26 / Xcode 26.2)	UNKNOWN STEP	2026-05-07T18:11:53.2714380Z [RUN_FASTLANE] › Compiling Pods/ZXingObjC » ZXPDF417BoundingBox.m
iOS preview (macos-26 / Xcode 26.2)	UNKNOWN STEP	2026-05-07T18:11:53.2816470Z [RUN_FASTLANE] › Compiling Pods/ZXingObjC » ZXPDF417BarcodeValue.m
iOS preview (macos-26 / Xcode 26.2)	UNKNOWN STEP	2026-05-07T18:11:53.2919390Z [RUN_FASTLANE] › Compiling Pods/ZXingObjC » ZXPDF417BarcodeRow.m
iOS preview (macos-26 / Xcode 26.2)	UNKNOWN STEP	2026-05-07T18:11:53.3222940Z [RUN_FASTLANE] › Compiling Pods/ZXingObjC » ZXPDF417BarcodeMetadata.m
iOS preview (macos-26 / Xcode 26.2)	UNKNOWN STEP	2026-05-07T18:11:53.3425010Z [RUN_FASTLANE] › Compiling Pods/ZXingObjC » ZXPDF417BarcodeMatrix.m
iOS preview (macos-26 / Xcode 26.2)	UNKNOWN STEP	2026-05-07T18:11:53.3526890Z [RUN_FASTLANE] › Compiling Pods/ZXingObjC » ZXPDF417.m
iOS preview (macos-26 / Xcode 26.2)	UNKNOWN STEP	2026-05-07T18:11:53.3990540Z [RUN_FASTLANE] › Compiling Pods/ZXingObjC » ZXOneDimensionalCodeWriter.m
iOS preview (macos-26 / Xcode 26.2)	UNKNOWN STEP	2026-05-07T18:11:53.4199140Z [RUN_FASTLANE] › Compiling Pods/ZXingObjC » ZXOneDReader.m
iOS preview (macos-26 / Xcode 26.2)	UNKNOWN STEP	2026-05-07T18:11:53.4885870Z [RUN_FASTLANE] › Compiling Pods/ZXingObjC » ZXMultiFormatWriter.m
iOS preview (macos-26 / Xcode 26.2)	UNKNOWN STEP	2026-05-07T18:11:53.4986400Z [RUN_FASTLANE] › Compiling Pods/ZXingObjC » ZXMultiFormatUPCEANReader.m
iOS preview (macos-26 / Xcode 26.2)	UNKNOWN STEP	2026-05-07T18:11:53.4988530Z [RUN_FASTLANE] › Compiling Pods/ZXingObjC » ZXMultiFormatReader.m
iOS preview (macos-26 / Xcode 26.2)	UNKNOWN STEP	2026-05-07T18:11:53.5189570Z [RUN_FASTLANE] › Compiling Pods/ZXingObjC » ZXMultiFormatOneDReader.m
iOS preview (macos-26 / Xcode 26.2)	UNKNOWN STEP	2026-05-07T18:11:53.5598060Z [RUN_FASTLANE] › Compiling Pods/ZXingObjC » ZXMonochromeRectangleDetector.m
iOS preview (macos-26 / Xcode 26.2)	UNKNOWN STEP	2026-05-07T18:11:53.5699880Z [RUN_FASTLANE] › Compiling Pods/ZXingObjC » ZXModulusPoly.m
iOS preview (macos-26 / Xcode 26.2)	UNKNOWN STEP	2026-05-07T18:11:53.5901840Z [RUN_FASTLANE] › Compiling Pods/ZXingObjC » ZXModulusGF.m
iOS preview (macos-26 / Xcode 26.2)	UNKNOWN STEP	2026-05-07T18:11:53.6227750Z [RUN_FASTLANE] › Compiling Pods/ZXingObjC » ZXMathUtils.m
iOS preview (macos-26 / Xcode 26.2)	UNKNOWN STEP	2026-05-07T18:11:53.6553950Z [RUN_FASTLANE] › Compiling Pods/ZXingObjC » ZXLuminanceSource.m
iOS preview (macos-26 / Xcode 26.2)	UNKNOWN STEP	2026-05-07T18:11:53.6889110Z [RUN_FASTLANE] › Compiling Pods/ZXingObjC » ZXInvertedLuminanceSource.m
iOS preview (macos-26 / Xcode 26.2)	UNKNOWN STEP	2026-05-07T18:11:53.7461360Z [RUN_FASTLANE] › Compiling Pods/ZXingObjC » ZXIntArray.m
iOS preview (macos-26 / Xcode 26.2)	UNKNOWN STEP	2026-05-07T18:11:53.7554800Z [RUN_FASTLANE] › Compiling Pods/ZXingObjC » ZXImage.m
iOS preview (macos-26 / Xcode 26.2)	UNKNOWN STEP	2026-05-07T18:11:53.8065170Z [RUN_FASTLANE] › Compiling Pods/ZXingObjC » ZXITFWriter.m
iOS preview (macos-26 / Xcode 26.2)	UNKNOWN STEP	2026-05-07T18:11:53.8670630Z [RUN_FASTLANE] › Compiling Pods/ZXingObjC » ZXISBNResultParser.m
iOS preview (macos-26 / Xcode 26.2)	UNKNOWN STEP	2026-05-07T18:11:53.8772970Z [RUN_FASTLANE] › Compiling Pods/ZXingObjC » ZXITFReader.m
iOS preview (macos-26 / Xcode 26.2)	UNKNOWN STEP	2026-05-07T18:11:53.9407580Z [RUN_FASTLANE] › Compiling Pods/ZXingObjC » ZXISBNParsedResult.m
iOS preview (macos-26 / Xcode 26.2)	UNKNOWN STEP	2026-05-07T18:11:53.9509750Z [RUN_FASTLANE] › Compiling Pods/ZXingObjC » ZXHybridBinarizer.m
iOS preview (macos-26 / Xcode 26.2)	UNKNOWN STEP	2026-05-07T18:11:54.0016210Z [RUN_FASTLANE] › Compiling Pods/ZXingObjC » ZXGridSampler.m
iOS preview (macos-26 / Xcode 26.2)	UNKNOWN STEP	2026-05-07T18:11:54.0118960Z [RUN_FASTLANE] › Compiling Pods/ZXingObjC » ZXGlobalHistogramBinarizer.m
iOS preview (macos-26 / Xcode 26.2)	UNKNOWN STEP	2026-05-07T18:11:54.0760100Z [RUN_FASTLANE] › Compiling Pods/ZXingObjC » ZXGeoResultParser.m
iOS preview (macos-26 / Xcode 26.2)	UNKNOWN STEP	2026-05-07T18:11:54.0861740Z [RUN_FASTLANE] › Compiling Pods/ZXingObjC » ZXGeoParsedResult.m
iOS preview (macos-26 / Xcode 26.2)	UNKNOWN STEP	2026-05-07T18:11:54.0963350Z [RUN_FASTLANE] › Compiling Pods/ZXingObjC » ZXGenericMultipleBarcodeReader.m
iOS preview (macos-26 / Xcode 26.2)	UNKNOWN STEP	2026-05-07T18:11:54.1654930Z [RUN_FASTLANE] › Compiling Pods/ZXingObjC » ZXGenericGFPoly.m
iOS preview (macos-26 / Xcode 26.2)	UNKNOWN STEP	2026-05-07T18:11:54.2007690Z [RUN_FASTLANE] › Compiling Pods/ZXingObjC » ZXGenericGF.m
iOS preview (macos-26 / Xcode 26.2)	UNKNOWN STEP	2026-05-07T18:11:54.2454160Z [RUN_FASTLANE] › Compiling Pods/ZXingObjC » ZXExpandedProductResultParser.m
iOS preview (macos-26 / Xcode 26.2)	UNKNOWN STEP	2026-05-07T18:11:54.2757910Z [RUN_FASTLANE] › Compiling Pods/ZXingObjC » ZXExpandedProductParsedResult.m
iOS preview (macos-26 / Xcode 26.2)	UNKNOWN STEP	2026-05-07T18:11:54.3161800Z [RUN_FASTLANE] › Compiling Pods/ZXingObjC » ZXErrors.m
iOS preview (macos-26 / Xcode 26.2)	UNKNOWN STEP	2026-05-07T18:11:54.3363630Z [RUN_FASTLANE] › Compiling Pods/ZXingObjC » ZXEncodeHints.m
iOS preview (macos-26 / Xcode 26.2)	UNKNOWN STEP	2026-05-07T18:11:54.3923990Z [RUN_FASTLANE] › Compiling Pods/ZXingObjC » ZXEmailDoCoMoResultParser.m
iOS preview (macos-26 / Xcode 26.2)	UNKNOWN STEP	2026-05-07T18:11:54.4412230Z [RUN_FASTLANE] › Compiling Pods/ZXingObjC » ZXEmailAddressResultParser.m
iOS preview (macos-26 / Xcode 26.2)	UNKNOWN STEP	2026-05-07T18:11:54.4979610Z [RUN_FASTLANE] › Compiling Pods/ZXingObjC » ZXEmailAddressParsedResult.m
iOS preview (macos-26 / Xcode 26.2)	UNKNOWN STEP	2026-05-07T18:11:54.5082040Z [RUN_FASTLANE] › Compiling Pods/ZXingObjC » ZXEANManufacturerOrgSupport.m
iOS preview (macos-26 / Xcode 26.2)	UNKNOWN STEP	2026-05-07T18:11:54.5183150Z [RUN_FASTLANE] › Compiling Pods/ZXingObjC » ZXEAN8Writer.m
iOS preview (macos-26 / Xcode 26.2)	UNKNOWN STEP	2026-05-07T18:11:54.5284410Z [RUN_FASTLANE] › Compiling Pods/ZXingObjC » ZXEAN8Reader.m
iOS preview (macos-26 / Xcode 26.2)	UNKNOWN STEP	2026-05-07T18:11:54.5794540Z [RUN_FASTLANE] › Compiling Pods/ZXingObjC » ZXEAN13Writer.m
iOS preview (macos-26 / Xcode 26.2)	UNKNOWN STEP	2026-05-07T18:11:54.6119830Z [RUN_FASTLANE] › Compiling Pods/ZXingObjC » ZXEAN13Reader.m
iOS preview (macos-26 / Xcode 26.2)	UNKNOWN STEP	2026-05-07T18:11:54.6586500Z [RUN_FASTLANE] › Compiling Pods/ZXingObjC » ZXDimension.m
iOS preview (macos-26 / Xcode 26.2)	UNKNOWN STEP	2026-05-07T18:11:54.7075960Z [RUN_FASTLANE] › Compiling Pods/ZXingObjC » ZXDetectorResult.m
iOS preview (macos-26 / Xcode 26.2)	UNKNOWN STEP	2026-05-07T18:11:54.7187370Z [RUN_FASTLANE] › Compiling Pods/ZXingObjC » ZXDefaultGridSampler.m
iOS preview (macos-26 / Xcode 26.2)	UNKNOWN STEP	2026-05-07T18:11:54.7498030Z [RUN_FASTLANE] › Compiling Pods/ZXingObjC » ZXDecoderResult.m
iOS preview (macos-26 / Xcode 26.2)	UNKNOWN STEP	2026-05-07T18:11:54.7599750Z [RUN_FASTLANE] › Compiling Pods/ZXingObjC » ZXDecodeHints.m
iOS preview (macos-26 / Xcode 26.2)	UNKNOWN STEP	2026-05-07T18:11:54.7810430Z [RUN_FASTLANE] › Compiling Pods/ZXingObjC » ZXDecimal.m
iOS preview (macos-26 / Xcode 26.2)	UNKNOWN STEP	2026-05-07T18:11:54.8225530Z [RUN_FASTLANE] › Compiling Pods/ZXingObjC » ZXCode93Writer.m
iOS preview (macos-26 / Xcode 26.2)	UNKNOWN STEP	2026-05-07T18:11:54.8726780Z [RUN_FASTLANE] › Compiling Pods/ZXingObjC » ZXCode93Reader.m
iOS preview (macos-26 / Xcode 26.2)	UNKNOWN STEP	2026-05-07T18:11:54.9164700Z [RUN_FASTLANE] › Compiling Pods/ZXingObjC » ZXCode39Writer.m
iOS preview (macos-26 / Xcode 26.2)	UNKNOWN STEP	2026-05-07T18:11:54.9487260Z [RUN_FASTLANE] › Compiling Pods/ZXingObjC » ZXCode39Reader.m
iOS preview (macos-26 / Xcode 26.2)	UNKNOWN STEP	2026-05-07T18:11:55.0036370Z [RUN_FASTLANE] › Compiling Pods/ZXingObjC » ZXCode128Writer.m
iOS preview (macos-26 / Xcode 26.2)	UNKNOWN STEP	2026-05-07T18:11:55.0337780Z [RUN_FASTLANE] › Compiling Pods/ZXingObjC » ZXCode128Reader.m
iOS preview (macos-26 / Xcode 26.2)	UNKNOWN STEP	2026-05-07T18:11:55.0840350Z [RUN_FASTLANE] › Compiling Pods/ZXingObjC » ZXCodaBarWriter.m
iOS preview (macos-26 / Xcode 26.2)	UNKNOWN STEP	2026-05-07T18:11:55.0941530Z [RUN_FASTLANE] › Compiling Pods/ZXingObjC » ZXCodaBarReader.m
iOS preview (macos-26 / Xcode 26.2)	UNKNOWN STEP	2026-05-07T18:11:55.8042660Z [RUN_FASTLANE] › Compiling Pods/ZXingObjC » ZXCharacterSetECI.m
iOS preview (macos-26 / Xcode 26.2)	UNKNOWN STEP	2026-05-07T18:11:55.8155050Z [RUN_FASTLANE] › Compiling Pods/ZXingObjC » ZXCalendarParsedResult.m
iOS preview (macos-26 / Xcode 26.2)	UNKNOWN STEP	2026-05-07T18:11:55.8281800Z [RUN_FASTLANE] › Compiling Pods/ZXingObjC » ZXCGImageLuminanceSourceInfo.m
iOS preview (macos-26 / Xcode 26.2)	UNKNOWN STEP	2026-05-07T18:11:55.8375320Z [RUN_FASTLANE] › Compiling Pods/ZXingObjC » ZXCGImageLuminanceSource.m
iOS preview (macos-26 / Xcode 26.2)	UNKNOWN STEP	2026-05-07T18:11:55.8478680Z [RUN_FASTLANE] › Compiling Pods/ZXingObjC » ZXByteMatrix.m
iOS preview (macos-26 / Xcode 26.2)	UNKNOWN STEP	2026-05-07T18:11:55.8580430Z [RUN_FASTLANE] › Compiling Pods/ZXingObjC » ZXByteArray.m
iOS preview (macos-26 / Xcode 26.2)	UNKNOWN STEP	2026-05-07T18:11:55.8651310Z [RUN_FASTLANE] › Compiling Pods/ZXingObjC » ZXByQuadrantReader.m
iOS preview (macos-26 / Xcode 26.2)	UNKNOWN STEP	2026-05-07T18:11:55.8703970Z [RUN_FASTLANE] › Compiling Pods/ZXingObjC » ZXBoolArray.m
iOS preview (macos-26 / Xcode 26.2)	UNKNOWN STEP	2026-05-07T18:11:55.8806600Z [RUN_FASTLANE] › Compiling Pods/ZXingObjC » ZXBookmarkDoCoMoResultParser.m
iOS preview (macos-26 / Xcode 26.2)	UNKNOWN STEP	2026-05-07T18:11:55.8843310Z [RUN_FASTLANE] › Compiling Pods/ZXingObjC » ZXBizcardResultParser.m
iOS preview (macos-26 / Xcode 26.2)	UNKNOWN STEP	2026-05-07T18:11:55.8843970Z [RUN_FASTLANE] › Compiling Pods/ZXingObjC » ZXBitSource.m
iOS preview (macos-26 / Xcode 26.2)	UNKNOWN STEP	2026-05-07T18:11:55.8908950Z [RUN_FASTLANE] › Compiling Pods/ZXingObjC » ZXBitMatrix.m
iOS preview (macos-26 / Xcode 26.2)	UNKNOWN STEP	2026-05-07T18:11:55.8910160Z [RUN_FASTLANE] › Compiling Pods/ZXingObjC » ZXBitArrayBuilder.m
iOS preview (macos-26 / Xcode 26.2)	UNKNOWN STEP	2026-05-07T18:11:55.8917790Z [RUN_FASTLANE] › Compiling Pods/ZXingObjC » ZXBitArray.m
iOS preview (macos-26 / Xcode 26.2)	UNKNOWN STEP	2026-05-07T18:11:55.9083880Z [RUN_FASTLANE] › Compiling Pods/ZXingObjC » ZXBinaryBitmap.m
iOS preview (macos-26 / Xcode 26.2)	UNKNOWN STEP	2026-05-07T18:11:56.1433090Z [RUN_FASTLANE] › Compiling Pods/ZXingObjC » ZXBinarizer.m
iOS preview (macos-26 / Xcode 26.2)	UNKNOWN STEP	2026-05-07T18:11:56.5106940Z [RUN_FASTLANE] › Compiling Pods/ZXingObjC » ZXAnyAIDecoder.m
iOS preview (macos-26 / Xcode 26.2)	UNKNOWN STEP	2026-05-07T18:11:56.5207450Z [RUN_FASTLANE] › Compiling Pods/ZXingObjC » ZXAddressBookParsedResult.m
iOS preview (macos-26 / Xcode 26.2)	UNKNOWN STEP	2026-05-07T18:11:56.5310790Z [RUN_FASTLANE] › Compiling Pods/ZXingObjC » ZXAddressBookDoCoMoResultParser.m
iOS preview (macos-26 / Xcode 26.2)	UNKNOWN STEP	2026-05-07T18:11:56.5413920Z [RUN_FASTLANE] › Compiling Pods/ZXingObjC » ZXAddressBookAUResultParser.m
iOS preview (macos-26 / Xcode 26.2)	UNKNOWN STEP	2026-05-07T18:11:56.5514720Z [RUN_FASTLANE] › Compiling Pods/ZXingObjC » ZXAbstractRSSReader.m
iOS preview (macos-26 / Xcode 26.2)	UNKNOWN STEP	2026-05-07T18:11:56.5618000Z [RUN_FASTLANE] › Compiling Pods/ZXingObjC » ZXAbstractExpandedDecoder.m
iOS preview (macos-26 / Xcode 26.2)	UNKNOWN STEP	2026-05-07T18:11:56.5717650Z [RUN_FASTLANE] › Compiling Pods/ZXingObjC » ZXAbstractDoCoMoResultParser.m
iOS preview (macos-26 / Xcode 26.2)	UNKNOWN STEP	2026-05-07T18:11:56.5820590Z [RUN_FASTLANE] › Compiling Pods/ZXingObjC » ZXAI01weightDecoder.m
iOS preview (macos-26 / Xcode 26.2)	UNKNOWN STEP	2026-05-07T18:11:56.8402830Z [RUN_FASTLANE] › Compiling Pods/ZXingObjC » ZXAI01decoder.m
iOS preview (macos-26 / Xcode 26.2)	UNKNOWN STEP	2026-05-07T18:11:56.8434660Z [RUN_FASTLANE] › Compiling Pods/ZXingObjC » ZXAI01AndOtherAIs.m
iOS preview (macos-26 / Xcode 26.2)	UNKNOWN STEP	2026-05-07T18:11:56.8435620Z [RUN_FASTLANE] › Compiling Pods/ZXingObjC » ZXAI013x0xDecoder.m
iOS preview (macos-26 / Xcode 26.2)	UNKNOWN STEP	2026-05-07T18:11:56.8436130Z [RUN_FASTLANE] › Compiling Pods/ZXingObjC » ZXAI013x0x1xDecoder.m
iOS preview (macos-26 / Xcode 26.2)	UNKNOWN STEP	2026-05-07T18:11:56.8436650Z [RUN_FASTLANE] › Compiling Pods/ZXingObjC » ZXAI01393xDecoder.m
iOS preview (macos-26 / Xcode 26.2)	UNKNOWN STEP	2026-05-07T18:11:56.8437130Z [RUN_FASTLANE] › Compiling Pods/ZXingObjC » ZXAI01392xDecoder.m
iOS preview (macos-26 / Xcode 26.2)	UNKNOWN STEP	2026-05-07T18:11:56.8437610Z [RUN_FASTLANE] › Compiling Pods/ZXingObjC » ZXAI01320xDecoder.m
iOS preview (macos-26 / Xcode 26.2)	UNKNOWN STEP	2026-05-07T18:11:56.8711250Z [RUN_FASTLANE] › Executing expo-dev-menu-interface Pods/expo-dev-menu-interface » Copy generated compatibility header
iOS preview (macos-26 / Xcode 26.2)	UNKNOWN STEP	2026-05-07T18:11:56.9138990Z [RUN_FASTLANE] › Compiling Pods/ZXingObjC » ZXAI013103decoder.m
iOS preview (macos-26 / Xcode 26.2)	UNKNOWN STEP	2026-05-07T18:11:56.9139660Z [RUN_FASTLANE] › Compiling Pods/ZXingObjC » ZXCapture.m
iOS preview (macos-26 / Xcode 26.2)	UNKNOWN STEP	2026-05-07T18:11:57.0998470Z [RUN_FASTLANE] › Executing react-native Pods/React-Core-prebuilt » [CP-User] [RNDeps] Replace React Native Core for the right configuration, if needed
iOS preview (macos-26 / Xcode 26.2)	UNKNOWN STEP	2026-05-07T18:12:01.1908040Z [RUN_FASTLANE] › Packaging Pods/ZXingObjC » libZXingObjC.a
iOS preview (macos-26 / Xcode 26.2)	UNKNOWN STEP	2026-05-07T18:12:01.1966420Z [RUN_FASTLANE] › Packaging Pods/libavif » liblibavif.a
iOS preview (macos-26 / Xcode 26.2)	UNKNOWN STEP	2026-05-07T18:12:01.1976630Z [RUN_FASTLANE] › Creating  Pods/expo-dev-menu-EXDevMenu » EXDevMenu.bundle
iOS preview (macos-26 / Xcode 26.2)	UNKNOWN STEP	2026-05-07T18:12:01.1977580Z [RUN_FASTLANE] › Preparing @sentry/react-native Pods/Sentry-Sentry » ResourceBundle-Sentry-Sentry-Info.plist
iOS preview (macos-26 / Xcode 26.2)	UNKNOWN STEP	2026-05-07T18:12:01.2000930Z [RUN_FASTLANE] › Copying   @sentry/react-native ios/build/Build/Intermediates.noindex/ArchiveIntermediates/FisioFlowPro/IntermediateBuildFilesPath/UninstalledProducts/iphoneos/Sentry.bundle/PrivacyInfo.xcprivacy ➜ ios/Pods/Sentry/Sources/Resources/PrivacyInfo.xcprivacy
iOS preview (macos-26 / Xcode 26.2)	UNKNOWN STEP	2026-05-07T18:12:01.2060970Z [RUN_FASTLANE] › Creating  Pods/expo-dev-launcher-EXDevLauncher » EXDevLauncher.bundle
iOS preview (macos-26 / Xcode 26.2)	UNKNOWN STEP	2026-05-07T18:12:01.2164730Z [RUN_FASTLANE] › Preparing expo-image Pods/SDWebImage-SDWebImage » ResourceBundle-SDWebImage-SDWebImage-Info.plist
iOS preview (macos-26 / Xcode 26.2)	UNKNOWN STEP	2026-05-07T18:13:15.3781000Z [RUN_FASTLANE] › Copying   expo-image ios/build/Build/Intermediates.noindex/ArchiveIntermediates/FisioFlowPro/IntermediateBuildFilesPath/UninstalledProducts/iphoneos/SDWebImage.bundle/PrivacyInfo.xcprivacy ➜ ios/Pods/SDWebImage/WebImage/PrivacyInfo.xcprivacy
iOS preview (macos-26 / Xcode 26.2)	UNKNOWN STEP	2026-05-07T18:13:15.3892000Z [RUN_FASTLANE] › Preparing Pods/React-cxxreact-React-cxxreact_privacy » ResourceBundle-React-cxxreact_privacy-React-cxxreact-Info.plist
iOS preview (macos-26 / Xcode 26.2)	UNKNOWN STEP	2026-05-07T18:13:15.4019760Z [RUN_FASTLANE] › Copying   ios/build/Build/Intermediates.noindex/ArchiveIntermediates/FisioFlowPro/IntermediateBuildFilesPath/UninstalledProducts/iphoneos/React-cxxreact_privacy.bundle/PrivacyInfo.xcprivacy ➜ ../../../../../../../var/folders/dy/3g4vbvsx7lx51x77m3_b20cc0000gn/T/eas-build-local-nodejs/746ae97a-55e5-4761-923f-3bbe8932e842/build/node_modules/react-native/ReactCommon/cxxreact/PrivacyInfo.xcprivacy
iOS preview (macos-26 / Xcode 26.2)	UNKNOWN STEP	2026-05-07T18:13:15.4123560Z [RUN_FASTLANE] › Preparing Pods/React-Core-React-Core_privacy » ResourceBundle-React-Core_privacy-React-Core-Info.plist
iOS preview (macos-26 / Xcode 26.2)	UNKNOWN STEP	2026-05-07T18:13:15.4247340Z [RUN_FASTLANE] › Copying   ios/build/Build/Intermediates.noindex/ArchiveIntermediates/FisioFlowPro/IntermediateBuildFilesPath/UninstalledProducts/iphoneos/React-Core_privacy.bundle/PrivacyInfo.xcprivacy ➜ ../../../../../../../var/folders/dy/3g4vbvsx7lx51x77m3_b20cc0000gn/T/eas-build-local-nodejs/746ae97a-55e5-4761-923f-3bbe8932e842/build/node_modules/react-native/React/Resources/PrivacyInfo.xcprivacy
iOS preview (macos-26 / Xcode 26.2)	UNKNOWN STEP	2026-05-07T18:13:15.4349860Z [RUN_FASTLANE] › Creating  @sentry/react-native Pods/Sentry-Sentry » Sentry.bundle
iOS preview (macos-26 / Xcode 26.2)	UNKNOWN STEP	2026-05-07T18:13:15.4577480Z [RUN_FASTLANE] › Compiling expo-image Pods/SDWebImageSVGCoder » SDWebImageSVGCoderDefine.m
iOS preview (macos-26 / Xcode 26.2)	UNKNOWN STEP	2026-05-07T18:13:15.4681040Z [RUN_FASTLANE] › Compiling expo-image Pods/SDWebImageSVGCoder » SDWebImageSVGCoder-dummy.m
iOS preview (macos-26 / Xcode 26.2)	UNKNOWN STEP	2026-05-07T18:13:15.4789120Z [RUN_FASTLANE] › Compiling expo-image Pods/SDWebImageSVGCoder » SDImageSVGCoder.m
iOS preview (macos-26 / Xcode 26.2)	UNKNOWN STEP	2026-05-07T18:13:15.4887900Z [RUN_FASTLANE] › Compiling expo-image Pods/SDWebImageAVIFCoder » SDWebImageAVIFCoder-dummy.m
iOS preview (macos-26 / Xcode 26.2)	UNKNOWN STEP	2026-05-07T18:13:15.4986810Z [RUN_FASTLANE] › Compiling expo-image Pods/SDWebImageWebPCoder » UIImage+WebP.m
iOS preview (macos-26 / Xcode 26.2)	UNKNOWN STEP	2026-05-07T18:13:15.5086730Z [RUN_FASTLANE] › Compiling expo-image Pods/SDWebImageWebPCoder » SDWebImageWebPCoderDefine.m
iOS preview (macos-26 / Xcode 26.2)	UNKNOWN STEP	2026-05-07T18:13:15.5189510Z [RUN_FASTLANE] › Compiling expo-image Pods/SDWebImageWebPCoder » SDWebImageWebPCoder-dummy.m
iOS preview (macos-26 / Xcode 26.2)	UNKNOWN STEP	2026-05-07T18:13:15.5291450Z [RUN_FASTLANE] › Compiling expo-image Pods/SDWebImageWebPCoder » SDImageWebPCoder.m
iOS preview (macos-26 / Xcode 26.2)	UNKNOWN STEP	2026-05-07T18:13:15.5392400Z [RUN_FASTLANE] › Executing react-native Pods/React-Core-prebuilt » [CP] Copy XCFrameworks
iOS preview (macos-26 / Xcode 26.2)	UNKNOWN STEP	2026-05-07T18:13:15.5494310Z [RUN_FASTLANE] › Compiling expo-image Pods/SDWebImage » UIView+WebCacheState.m
iOS preview (macos-26 / Xcode 26.2)	UNKNOWN STEP	2026-05-07T18:13:15.5594740Z [RUN_FASTLANE] › Compiling expo-image Pods/SDWebImageAVIFCoder » SDImageAVIFCoder.m
iOS preview (macos-26 / Xcode 26.2)	UNKNOWN STEP	2026-05-07T18:13:15.5698750Z [RUN_FASTLANE] › Compiling expo-image Pods/SDWebImageAVIFCoder » Conversion.m
iOS preview (macos-26 / Xcode 26.2)	UNKNOWN STEP	2026-05-07T18:13:15.5797540Z [RUN_FASTLANE] › Compiling expo-image Pods/SDWebImageAVIFCoder » ColorSpace.m
iOS preview (macos-26 / Xcode 26.2)	UNKNOWN STEP	2026-05-07T18:13:15.5923420Z [RUN_FASTLANE] › Compiling expo-image Pods/SDWebImage » UIView+WebCacheOperation.m
iOS preview (macos-26 / Xcode 26.2)	UNKNOWN STEP	2026-05-07T18:13:15.6001970Z [RUN_FASTLANE] › Compiling expo-image Pods/SDWebImage » UIView+WebCache.m
iOS preview (macos-26 / Xcode 26.2)	UNKNOWN STEP	2026-05-07T18:13:15.6103040Z [RUN_FASTLANE] › Compiling expo-image Pods/SDWebImage » UIImageView+WebCache.m
iOS preview (macos-26 / Xcode 26.2)	UNKNOWN STEP	2026-05-07T18:13:15.6204570Z [RUN_FASTLANE] › Compiling expo-image Pods/SDWebImage » UIImageView+HighlightedWebCache.m
iOS preview (macos-26 / Xcode 26.2)	UNKNOWN STEP	2026-05-07T18:13:15.6306510Z [RUN_FASTLANE] › Compiling expo-image Pods/SDWebImage » UIImage+Transform.m
iOS preview (macos-26 / Xcode 26.2)	UNKNOWN STEP	2026-05-07T18:13:15.6369930Z [RUN_FASTLANE] › Compiling expo-image Pods/SDWebImage » UIImage+MultiFormat.m
iOS preview (macos-26 / Xcode 26.2)	UNKNOWN STEP	2026-05-07T18:13:15.6473570Z [RUN_FASTLANE] › Compiling expo-image Pods/SDWebImage » UIImage+Metadata.m
iOS preview (macos-26 / Xcode 26.2)	UNKNOWN STEP	2026-05-07T18:13:15.6579390Z [RUN_FASTLANE] › Compiling expo-image Pods/SDWebImage » UIImage+MemoryCacheCost.m
iOS preview (macos-26 / Xcode 26.2)	UNKNOWN STEP	2026-05-07T18:13:15.6683160Z [RUN_FASTLANE] › Compiling expo-image Pods/SDWebImage » UIImage+GIF.m
iOS preview (macos-26 / Xcode 26.2)	UNKNOWN STEP	2026-05-07T18:13:15.6785530Z [RUN_FASTLANE] › Compiling expo-image Pods/SDWebImage » UIImage+ForceDecode.m
iOS preview (macos-26 / Xcode 26.2)	UNKNOWN STEP	2026-05-07T18:13:15.6888830Z [RUN_FASTLANE] › Compiling expo-image Pods/SDWebImage » UIImage+ExtendedCacheData.m
iOS preview (macos-26 / Xcode 26.2)	UNKNOWN STEP	2026-05-07T18:13:15.6992290Z [RUN_FASTLANE] › Compiling expo-image Pods/SDWebImage » UIColor+SDHexString.m
iOS preview (macos-26 / Xcode 26.2)	UNKNOWN STEP	2026-05-07T18:13:15.7196210Z [RUN_FASTLANE] › Compiling expo-image Pods/SDWebImage » UIButton+WebCache.m
iOS preview (macos-26 / Xcode 26.2)	UNKNOWN STEP	2026-05-07T18:13:15.7298590Z [RUN_FASTLANE] › Compiling expo-image Pods/SDWebImage » SDWebImageTransition.m
iOS preview (macos-26 / Xcode 26.2)	UNKNOWN STEP	2026-05-07T18:13:15.7400530Z [RUN_FASTLANE] › Compiling expo-image Pods/SDWebImage » SDWebImagePrefetcher.m
iOS preview (macos-26 / Xcode 26.2)	UNKNOWN STEP	2026-05-07T18:13:15.7502560Z [RUN_FASTLANE] › Compiling expo-image Pods/SDWebImage » SDWebImageOptionsProcessor.m
iOS preview (macos-26 / Xcode 26.2)	UNKNOWN STEP	2026-05-07T18:13:15.7604830Z [RUN_FASTLANE] › Compiling expo-image Pods/SDWebImage » SDWebImageOperation.m
iOS preview (macos-26 / Xcode 26.2)	UNKNOWN STEP	2026-05-07T18:13:15.7706850Z [RUN_FASTLANE] › Compiling expo-image Pods/SDWebImage » SDWebImageManager.m
iOS preview (macos-26 / Xcode 26.2)	UNKNOWN STEP	2026-05-07T18:13:15.7811060Z [RUN_FASTLANE] › Compiling expo-image Pods/SDWebImage » SDWebImageIndicator.m
iOS preview (macos-26 / Xcode 26.2)	UNKNOWN STEP	2026-05-07T18:13:15.7912650Z [RUN_FASTLANE] › Compiling expo-image Pods/SDWebImage » SDWebImageError.m
iOS preview (macos-26 / Xcode 26.2)	UNKNOWN STEP	2026-05-07T18:13:15.8013450Z [RUN_FASTLANE] › Compiling expo-image Pods/SDWebImage » SDWebImageDownloaderResponseModifier.m
iOS preview (macos-26 / Xcode 26.2)	UNKNOWN STEP	2026-05-07T18:13:15.8115450Z [RUN_FASTLANE] › Compiling expo-image Pods/SDWebImage » SDWebImageDownloaderRequestModifier.m
iOS preview (macos-26 / Xcode 26.2)	UNKNOWN STEP	2026-05-07T18:13:15.8217850Z [RUN_FASTLANE] › Compiling expo-image Pods/SDWebImage » SDWebImageDownloaderOperation.m
iOS preview (macos-26 / Xcode 26.2)	UNKNOWN STEP	2026-05-07T18:13:15.8317280Z [RUN_FASTLANE] › Compiling expo-image Pods/SDWebImage » SDWebImageDownloaderDecryptor.m
iOS preview (macos-26 / Xcode 26.2)	UNKNOWN STEP	2026-05-07T18:13:15.8419720Z [RUN_FASTLANE] › Compiling expo-image Pods/SDWebImage » SDWebImageDownloaderConfig.m
iOS preview (macos-26 / Xcode 26.2)	UNKNOWN STEP	2026-05-07T18:13:15.8519250Z [RUN_FASTLANE] › Compiling expo-image Pods/SDWebImage » SDWebImageDownloader.m
iOS preview (macos-26 / Xcode 26.2)	UNKNOWN STEP	2026-05-07T18:13:15.8623320Z [RUN_FASTLANE] › Compiling expo-image Pods/SDWebImage » SDWebImageDefine.m
iOS preview (macos-26 / Xcode 26.2)	UNKNOWN STEP	2026-05-07T18:13:15.8722010Z [RUN_FASTLANE] › Compiling expo-image Pods/SDWebImage » SDWebImageCompat.m
iOS preview (macos-26 / Xcode 26.2)	UNKNOWN STEP	2026-05-07T18:13:15.8823830Z [RUN_FASTLANE] › Compiling expo-image Pods/SDWebImage » SDWebImageCacheSerializer.m
iOS preview (macos-26 / Xcode 26.2)	UNKNOWN STEP	2026-05-07T18:13:15.8930830Z [RUN_FASTLANE] › Compiling expo-image Pods/SDWebImage » SDWebImageCacheKeyFilter.m
iOS preview (macos-26 / Xcode 26.2)	UNKNOWN STEP	2026-05-07T18:13:15.9034670Z [RUN_FASTLANE] › Compiling expo-image Pods/SDWebImage » SDWebImage-dummy.m
iOS preview (macos-26 / Xcode 26.2)	UNKNOWN STEP	2026-05-07T18:13:15.9137050Z [RUN_FASTLANE] › Compiling expo-image Pods/SDWebImage » SDWeakProxy.m
iOS preview (macos-26 / Xcode 26.2)	UNKNOWN STEP	2026-05-07T18:13:15.9240290Z [RUN_FASTLANE] › Compiling expo-image Pods/SDWebImage » SDInternalMacros.m
iOS preview (macos-26 / Xcode 26.2)	UNKNOWN STEP	2026-05-07T18:13:15.9343470Z [RUN_FASTLANE] › Compiling expo-image Pods/SDWebImage » SDMemoryCache.m
iOS preview (macos-26 / Xcode 26.2)	UNKNOWN STEP	2026-05-07T18:13:15.9440210Z [RUN_FASTLANE] › Compiling expo-image Pods/SDWebImage » SDImageTransformer.m
iOS preview (macos-26 / Xcode 26.2)	UNKNOWN STEP	2026-05-07T18:13:15.9447190Z [RUN_FASTLANE] › Compiling expo-image Pods/SDWebImage » SDImageLoadersManager.m
iOS preview (macos-26 / Xcode 26.2)	UNKNOWN STEP	2026-05-07T18:13:15.9447980Z [RUN_FASTLANE] › Compiling expo-image Pods/SDWebImage » SDImageLoader.m
iOS preview (macos-26 / Xcode 26.2)	UNKNOWN STEP	2026-05-07T18:13:15.9449360Z [RUN_FASTLANE] › Compiling expo-image Pods/SDWebImage » SDImageIOCoder.m
iOS preview (macos-26 / Xcode 26.2)	UNKNOWN STEP	2026-05-07T18:13:15.9450490Z [RUN_FASTLANE] › Compiling expo-image Pods/SDWebImage » SDImageIOAnimatedCoder.m
iOS preview (macos-26 / Xcode 26.2)	UNKNOWN STEP	2026-05-07T18:13:15.9451640Z [RUN_FASTLANE] › Compiling expo-image Pods/SDWebImage » SDImageHEICCoder.m
iOS preview (macos-26 / Xcode 26.2)	UNKNOWN STEP	2026-05-07T18:13:15.9461360Z [RUN_FASTLANE] › Compiling expo-image Pods/SDWebImage » SDImageGraphics.m
iOS preview (macos-26 / Xcode 26.2)	UNKNOWN STEP	2026-05-07T18:13:15.9462370Z [RUN_FASTLANE] › Compiling expo-image Pods/SDWebImage » SDImageFramePool.m
iOS preview (macos-26 / Xcode 26.2)	UNKNOWN STEP	2026-05-07T18:13:15.9490080Z [RUN_FASTLANE] › Compiling expo-image Pods/SDWebImage » SDImageGIFCoder.m
iOS preview (macos-26 / Xcode 26.2)	UNKNOWN STEP	2026-05-07T18:13:15.9575270Z [RUN_FASTLANE] › Compiling expo-image Pods/SDWebImage » SDImageFrame.m
iOS preview (macos-26 / Xcode 26.2)	UNKNOWN STEP	2026-05-07T18:13:15.9679160Z [RUN_FASTLANE] › Compiling expo-image Pods/SDWebImage » SDImageCodersManager.m
iOS preview (macos-26 / Xcode 26.2)	UNKNOWN STEP	2026-05-07T18:13:15.9781850Z [RUN_FASTLANE] › Compiling expo-image Pods/SDWebImage » SDImageCoderHelper.m
iOS preview (macos-26 / Xcode 26.2)	UNKNOWN STEP	2026-05-07T18:13:15.9897970Z [RUN_FASTLANE] › Compiling expo-image Pods/SDWebImage » SDImageCoder.m
iOS preview (macos-26 / Xcode 26.2)	UNKNOWN STEP	2026-05-07T18:13:16.0007060Z [RUN_FASTLANE] › Compiling expo-image Pods/SDWebImage » SDImageCachesManagerOperation.m
iOS preview (macos-26 / Xcode 26.2)	UNKNOWN STEP	2026-05-07T18:13:16.0104740Z [RUN_FASTLANE] › Compiling expo-image Pods/SDWebImage » SDImageCachesManager.m
iOS preview (macos-26 / Xcode 26.2)	UNKNOWN STEP	2026-05-07T18:13:16.0208140Z [RUN_FASTLANE] › Compiling expo-image Pods/SDWebImage » SDImageCacheDefine.m
iOS preview (macos-26 / Xcode 26.2)	UNKNOWN STEP	2026-05-07T18:13:16.0251340Z [RUN_FASTLANE] › Compiling expo-image Pods/SDWebImage » SDImageCacheConfig.m
iOS preview (macos-26 / Xcode 26.2)	UNKNOWN STEP	2026-05-07T18:13:16.0254270Z [RUN_FASTLANE] › Compiling expo-image Pods/SDWebImage » SDImageCache.m
iOS preview (macos-26 / Xcode 26.2)	UNKNOWN STEP	2026-05-07T18:13:16.0257190Z [RUN_FASTLANE] › Compiling expo-image Pods/SDWebImage » SDImageAssetManager.m
iOS preview (macos-26 / Xcode 26.2)	UNKNOWN STEP	2026-05-07T18:13:16.0269940Z [RUN_FASTLANE] › Compiling expo-image Pods/SDWebImage » SDImageAWebPCoder.m
iOS preview (macos-26 / Xcode 26.2)	UNKNOWN STEP	2026-05-07T18:13:16.0294100Z [RUN_FASTLANE] › Compiling expo-image Pods/SDWebImage » SDImageAPNGCoder.m
iOS preview (macos-26 / Xcode 26.2)	UNKNOWN STEP	2026-05-07T18:13:16.0310160Z [RUN_FASTLANE] › Compiling expo-image Pods/SDWebImage » SDFileAttributeHelper.m
iOS preview (macos-26 / Xcode 26.2)	UNKNOWN STEP	2026-05-07T18:13:16.0314530Z [RUN_FASTLANE] › Compiling expo-image Pods/SDWebImage » SDDisplayLink.m
iOS preview (macos-26 / Xcode 26.2)	UNKNOWN STEP	2026-05-07T18:13:16.0319850Z [RUN_FASTLANE] › Compiling expo-image Pods/SDWebImage » SDDiskCache.m
iOS preview (macos-26 / Xcode 26.2)	UNKNOWN STEP	2026-05-07T18:13:16.0343830Z [RUN_FASTLANE] › Compiling expo-image Pods/SDWebImage » SDCallbackQueue.m
iOS preview (macos-26 / Xcode 26.2)	UNKNOWN STEP	2026-05-07T18:13:16.0345170Z [RUN_FASTLANE] › Compiling expo-image Pods/SDWebImage » SDDeviceHelper.m
iOS preview (macos-26 / Xcode 26.2)	UNKNOWN STEP	2026-05-07T18:13:16.0371150Z [RUN_FASTLANE] › Compiling expo-image Pods/SDWebImage » SDAssociatedObject.m
iOS preview (macos-26 / Xcode 26.2)	UNKNOWN STEP	2026-05-07T18:13:16.0376270Z [RUN_FASTLANE] › Compiling expo-image Pods/SDWebImage » SDAsyncBlockOperation.m
iOS preview (macos-26 / Xcode 26.2)	UNKNOWN STEP	2026-05-07T18:13:16.0399970Z [RUN_FASTLANE] › Compiling expo-image Pods/SDWebImage » SDAnimatedImageView.m
iOS preview (macos-26 / Xcode 26.2)	UNKNOWN STEP	2026-05-07T18:13:16.0400980Z [RUN_FASTLANE] › Compiling expo-image Pods/SDWebImage » SDAnimatedImageView+WebCache.m
iOS preview (macos-26 / Xcode 26.2)	UNKNOWN STEP	2026-05-07T18:13:16.0402890Z [RUN_FASTLANE] › Compiling expo-image Pods/SDWebImage » SDAnimatedImageRep.m
iOS preview (macos-26 / Xcode 26.2)	UNKNOWN STEP	2026-05-07T18:13:16.0403680Z [RUN_FASTLANE] › Compiling expo-image Pods/SDWebImage » SDAnimatedImagePlayer.m
iOS preview (macos-26 / Xcode 26.2)	UNKNOWN STEP	2026-05-07T18:13:16.0405920Z [RUN_FASTLANE] › Compiling expo-image Pods/SDWebImage » SDAnimatedImage.m
iOS preview (macos-26 / Xcode 26.2)	UNKNOWN STEP	2026-05-07T18:13:16.0407120Z [RUN_FASTLANE] › Compiling expo-image Pods/SDWebImage » NSImage+Compatibility.m
iOS preview (macos-26 / Xcode 26.2)	UNKNOWN STEP	2026-05-07T18:13:16.0409810Z [RUN_FASTLANE] › Compiling expo-image Pods/SDWebImage » NSData+ImageContentType.m
iOS preview (macos-26 / Xcode 26.2)	UNKNOWN STEP	2026-05-07T18:13:16.0410620Z [RUN_FASTLANE] › Compiling expo-image Pods/SDWebImage » NSButton+WebCache.m
iOS preview (macos-26 / Xcode 26.2)	UNKNOWN STEP	2026-05-07T18:13:16.0418320Z [RUN_FASTLANE] › Preparing expo-updates Pods/ReachabilitySwift-ReachabilitySwift » ResourceBundle-ReachabilitySwift-ReachabilitySwift-Info.plist
iOS preview (macos-26 / Xcode 26.2)	UNKNOWN STEP	2026-05-07T18:13:16.0420590Z [RUN_FASTLANE] › Compiling expo-image Pods/SDWebImage » NSBezierPath+SDRoundedCorners.m
iOS preview (macos-26 / Xcode 26.2)	UNKNOWN STEP	2026-05-07T18:13:16.0427890Z [RUN_FASTLANE] › Copying   expo-updates ios/build/Build/Intermediates.noindex/ArchiveIntermediates/FisioFlowPro/IntermediateBuildFilesPath/UninstalledProducts/iphoneos/ReachabilitySwift.bundle/PrivacyInfo.xcprivacy ➜ ios/Pods/ReachabilitySwift/Sources/PrivacyInfo.xcprivacy
iOS preview (macos-26 / Xcode 26.2)	UNKNOWN STEP	2026-05-07T18:13:16.0432870Z [RUN_FASTLANE] › Preparing Pods/RNSVG-RNSVGFilters » ResourceBundle-RNSVGFilters-RNSVG-Info.plist
iOS preview (macos-26 / Xcode 26.2)	UNKNOWN STEP	2026-05-07T18:13:16.0436930Z [RUN_FASTLANE] › Copying   ios/build/Build/Intermediates.noindex/ArchiveIntermediates/FisioFlowPro/IntermediateBuildFilesPath/UninstalledProducts/iphoneos/RNSVGFilters.bundle/RNSVGCompositeXor.iphoneos.metallib ➜ ../../../../../../../var/folders/dy/3g4vbvsx7lx51x77m3_b20cc0000gn/T/eas-build-local-nodejs/746ae97a-55e5-4761-923f-3bbe8932e842/build/node_modules/react-native-svg/apple/Filters/MetalCI/RNSVGCompositeXor.iphoneos.metallib
iOS preview (macos-26 / Xcode 26.2)	UNKNOWN STEP	2026-05-07T18:13:16.0465530Z [RUN_FASTLANE] › Copying   ios/build/Build/Intermediates.noindex/ArchiveIntermediates/FisioFlowPro/IntermediateBuildFilesPath/UninstalledProducts/iphoneos/RNSVGFilters.bundle/RNSVGArithmeticFilter.iphoneos.metallib ➜ ../../../../../../../var/folders/dy/3g4vbvsx7lx51x77m3_b20cc0000gn/T/eas-build-local-nodejs/746ae97a-55e5-4761-923f-3bbe8932e842/build/node_modules/react-native-svg/apple/Filters/MetalCI/RNSVGArithmeticFilter.iphoneos.metallib
iOS preview (macos-26 / Xcode 26.2)	UNKNOWN STEP	2026-05-07T18:13:16.0468600Z [RUN_FASTLANE] › Preparing Pods/RNCAsyncStorage-RNCAsyncStorage_resources » ResourceBundle-RNCAsyncStorage_resources-RNCAsyncStorage-Info.plist
iOS preview (macos-26 / Xcode 26.2)	UNKNOWN STEP	2026-05-07T18:13:16.0471610Z [RUN_FASTLANE] › Copying   ios/build/Build/Intermediates.noindex/ArchiveIntermediates/FisioFlowPro/IntermediateBuildFilesPath/UninstalledProducts/iphoneos/RNCAsyncStorage_resources.bundle/PrivacyInfo.xcprivacy ➜ ../../../../../../../var/folders/dy/3g4vbvsx7lx51x77m3_b20cc0000gn/T/eas-build-local-nodejs/746ae97a-55e5-4761-923f-3bbe8932e842/build/node_modules/@react-native-async-storage/async-storage/ios/PrivacyInfo.xcprivacy
iOS preview (macos-26 / Xcode 26.2)	UNKNOWN STEP	2026-05-07T18:13:16.0478790Z [RUN_FASTLANE] › Creating  expo-image Pods/SDWebImage-SDWebImage » SDWebImage.bundle
iOS preview (macos-26 / Xcode 26.2)	UNKNOWN STEP	2026-05-07T18:13:16.0479790Z [RUN_FASTLANE] › Packaging expo-image Pods/SDWebImage » libSDWebImage.a
iOS preview (macos-26 / Xcode 26.2)	UNKNOWN STEP	2026-05-07T18:13:16.0482420Z [RUN_FASTLANE] › Creating  Pods/React-cxxreact-React-cxxreact_privacy » React-cxxreact_privacy.bundle
iOS preview (macos-26 / Xcode 26.2)	UNKNOWN STEP	2026-05-07T18:13:16.0483350Z [RUN_FASTLANE] › Creating  Pods/React-Core-React-Core_privacy » React-Core_privacy.bundle
iOS preview (macos-26 / Xcode 26.2)	UNKNOWN STEP	2026-05-07T18:13:16.0485350Z [RUN_FASTLANE] › Preparing Pods/ExpoNotifications-ExpoNotifications_privacy » ResourceBundle-ExpoNotifications_privacy-ExpoNotifications-Info.plist
iOS preview (macos-26 / Xcode 26.2)	UNKNOWN STEP	2026-05-07T18:13:16.0491890Z [RUN_FASTLANE] › Copying   ios/build/Build/Intermediates.noindex/ArchiveIntermediates/FisioFlowPro/IntermediateBuildFilesPath/UninstalledProducts/iphoneos/ExpoNotifications_privacy.bundle/PrivacyInfo.xcprivacy ➜ node_modules/expo-notifications/ios/PrivacyInfo.xcprivacy
iOS preview (macos-26 / Xcode 26.2)	UNKNOWN STEP	2026-05-07T18:13:16.0511770Z [RUN_FASTLANE] › Compiling react-native Pods/RCTSwiftUI » RCTSwiftUI-dummy.m
iOS preview (macos-26 / Xcode 26.2)	UNKNOWN STEP	2026-05-07T18:13:16.0512820Z [RUN_FASTLANE] › Executing react-native Pods/React-RCTFBReactNativeSpec » [CP-User] [RN]Check FBReactNativeSpec
iOS preview (macos-26 / Xcode 26.2)	UNKNOWN STEP	2026-05-07T18:13:16.0513740Z [RUN_FASTLANE] › Packaging react-native Pods/RCTSwiftUI » libRCTSwiftUI.a
iOS preview (macos-26 / Xcode 26.2)	UNKNOWN STEP	2026-05-07T18:13:16.0519040Z [RUN_FASTLANE] › Creating  expo-updates Pods/ReachabilitySwift-ReachabilitySwift » ReachabilitySwift.bundle
iOS preview (macos-26 / Xcode 26.2)	UNKNOWN STEP	2026-05-07T18:13:16.0520720Z [RUN_FASTLANE] › Packaging expo-image Pods/SDWebImageWebPCoder » libSDWebImageWebPCoder.a
iOS preview (macos-26 / Xcode 26.2)	UNKNOWN STEP	2026-05-07T18:13:16.0522290Z [RUN_FASTLANE] › Packaging expo-image Pods/SDWebImageSVGCoder » libSDWebImageSVGCoder.a
iOS preview (macos-26 / Xcode 26.2)	UNKNOWN STEP	2026-05-07T18:13:16.0523600Z [RUN_FASTLANE] › Packaging expo-image Pods/SDWebImageAVIFCoder » libSDWebImageAVIFCoder.a
iOS preview (macos-26 / Xcode 26.2)	UNKNOWN STEP	2026-05-07T18:13:16.0526210Z [RUN_FASTLANE] › Executing react-native Pods/RCTSwiftUI » Copy generated compatibility header
iOS preview (macos-26 / Xcode 26.2)	UNKNOWN STEP	2026-05-07T18:13:16.0527160Z [RUN_FASTLANE] › Creating  Pods/RNSVG-RNSVGFilters » RNSVGFilters.bundle
iOS preview (macos-26 / Xcode 26.2)	UNKNOWN STEP	2026-05-07T18:13:16.0537970Z [RUN_FASTLANE] › Compiling expo-updates Pods/ReachabilitySwift » ReachabilitySwift-dummy.m
iOS preview (macos-26 / Xcode 26.2)	UNKNOWN STEP	2026-05-07T18:13:16.0540330Z [RUN_FASTLANE] › Packaging expo-updates Pods/ReachabilitySwift » libReachabilitySwift.a
iOS preview (macos-26 / Xcode 26.2)	UNKNOWN STEP	2026-05-07T18:13:16.0541470Z [RUN_FASTLANE] › Preparing Pods/ExpoFileSystem-ExpoFileSystem_privacy » ResourceBundle-ExpoFileSystem_privacy-ExpoFileSystem-Info.plist
iOS preview (macos-26 / Xcode 26.2)	UNKNOWN STEP	2026-05-07T18:13:16.0551730Z [RUN_FASTLANE] › Copying   ios/build/Build/Intermediates.noindex/ArchiveIntermediates/FisioFlowPro/IntermediateBuildFilesPath/UninstalledProducts/iphoneos/ExpoFileSystem_privacy.bundle/PrivacyInfo.xcprivacy ➜ ../../../../../../../var/folders/dy/3g4vbvsx7lx51x77m3_b20cc0000gn/T/eas-build-local-nodejs/746ae97a-55e5-4761-923f-3bbe8932e842/build/node_modules/expo-file-system/ios/PrivacyInfo.xcprivacy
iOS preview (macos-26 / Xcode 26.2)	UNKNOWN STEP	2026-05-07T18:13:16.0554700Z [RUN_FASTLANE] › Preparing Pods/ExpoDevice-ExpoDevice_privacy » ResourceBundle-ExpoDevice_privacy-ExpoDevice-Info.plist
iOS preview (macos-26 / Xcode 26.2)	UNKNOWN STEP	2026-05-07T18:13:16.0557560Z [RUN_FASTLANE] › Copying   ios/build/Build/Intermediates.noindex/ArchiveIntermediates/FisioFlowPro/IntermediateBuildFilesPath/UninstalledProducts/iphoneos/ExpoDevice_privacy.bundle/PrivacyInfo.xcprivacy ➜ node_modules/expo-device/ios/PrivacyInfo.xcprivacy
iOS preview (macos-26 / Xcode 26.2)	UNKNOWN STEP	2026-05-07T18:13:16.0559280Z [RUN_FASTLANE] › Executing expo-updates Pods/ReachabilitySwift » Copy generated compatibility header
iOS preview (macos-26 / Xcode 26.2)	UNKNOWN STEP	2026-05-07T18:13:16.0561710Z [RUN_FASTLANE] › Preparing expo-updates Pods/EXUpdates-EXUpdates » ResourceBundle-EXUpdates-EXUpdates-Info.plist
iOS preview (macos-26 / Xcode 26.2)	UNKNOWN STEP	2026-05-07T18:13:16.0563250Z [RUN_FASTLANE] › Creating  Pods/RNCAsyncStorage-RNCAsyncStorage_resources » RNCAsyncStorage_resources.bundle
iOS preview (macos-26 / Xcode 26.2)	UNKNOWN STEP	2026-05-07T18:13:16.0564380Z [RUN_FASTLANE] › Compiling react-native Pods/RCTSwiftUIWrapper » RCTSwiftUIWrapper-dummy.m
iOS preview (macos-26 / Xcode 26.2)	UNKNOWN STEP	2026-05-07T18:13:16.0570760Z [RUN_FASTLANE] › Compiling react-native Pods/RCTSwiftUIWrapper » RCTSwiftUIContainerViewWrapper.m
iOS preview (macos-26 / Xcode 26.2)	UNKNOWN STEP	2026-05-07T18:13:16.0572000Z [RUN_FASTLANE] › Creating  Pods/ExpoNotifications-ExpoNotifications_privacy » ExpoNotifications_privacy.bundle
iOS preview (macos-26 / Xcode 26.2)	UNKNOWN STEP	2026-05-07T18:13:16.0572980Z [RUN_FASTLANE] › Compiling expo Pods/ExpoModulesJSI » TypedArray.cpp
iOS preview (macos-26 / Xcode 26.2)	UNKNOWN STEP	2026-05-07T18:13:16.0575000Z [RUN_FASTLANE] › Compiling expo Pods/ExpoModulesJSI » ObjectDeallocator.cpp
iOS preview (macos-26 / Xcode 26.2)	UNKNOWN STEP	2026-05-07T18:13:16.0575870Z [RUN_FASTLANE] › Packaging react-native Pods/RCTSwiftUIWrapper » libRCTSwiftUIWrapper.a
iOS preview (macos-26 / Xcode 26.2)	UNKNOWN STEP	2026-05-07T18:13:16.0576590Z [RUN_FASTLANE] › Compiling expo Pods/ExpoModulesJSI » MemoryBuffer.cpp
iOS preview (macos-26 / Xcode 26.2)	UNKNOWN STEP	2026-05-07T18:13:16.0583010Z [RUN_FASTLANE] › Compiling expo Pods/ExpoModulesJSI » MainThreadInvoker.mm
iOS preview (macos-26 / Xcode 26.2)	UNKNOWN STEP	2026-05-07T18:13:16.0596550Z [RUN_FASTLANE] › Compiling expo Pods/ExpoModulesJSI » JSIUtils.cpp
iOS preview (macos-26 / Xcode 26.2)	UNKNOWN STEP	2026-05-07T18:13:16.0600930Z [RUN_FASTLANE] › Compiling expo Pods/ExpoModulesJSI » EXStringUtils.cpp
iOS preview (macos-26 / Xcode 26.2)	UNKNOWN STEP	2026-05-07T18:13:16.0606600Z [RUN_FASTLANE] › Compiling expo Pods/ExpoModulesJSI » EXRawJavaScriptFunction.mm
iOS preview (macos-26 / Xcode 26.2)	UNKNOWN STEP	2026-05-07T18:13:16.0621700Z [RUN_FASTLANE] › Compiling expo Pods/ExpoModulesJSI » EXRawJavaScriptArrayBuffer.mm
iOS preview (macos-26 / Xcode 26.2)	UNKNOWN STEP	2026-05-07T18:13:16.0626220Z [RUN_FASTLANE] › Compiling expo Pods/ExpoModulesJSI » EXNativeArrayBuffer.mm
iOS preview (macos-26 / Xcode 26.2)	UNKNOWN STEP	2026-05-07T18:13:16.0627380Z [RUN_FASTLANE] › Compiling expo Pods/ExpoModulesJSI » EXJavaScriptWeakObject.mm
iOS preview (macos-26 / Xcode 26.2)	UNKNOWN STEP	2026-05-07T18:13:16.0628230Z [RUN_FASTLANE] › Compiling expo Pods/ExpoModulesJSI » EXJavaScriptValue.mm
iOS preview (macos-26 / Xcode 26.2)	UNKNOWN STEP	2026-05-07T18:13:16.0634310Z [RUN_FASTLANE] › Compiling expo Pods/ExpoModulesJSI » EXJavaScriptTypedArray.mm
iOS preview (macos-26 / Xcode 26.2)	UNKNOWN STEP	2026-05-07T18:13:16.0635200Z [RUN_FASTLANE] › Compiling expo Pods/ExpoModulesJSI » EXJavaScriptRuntime.mm
iOS preview (macos-26 / Xcode 26.2)	UNKNOWN STEP	2026-05-07T18:13:16.0638050Z [RUN_FASTLANE] › Compiling expo Pods/ExpoModulesJSI » EXJavaScriptObjectBinding.mm
iOS preview (macos-26 / Xcode 26.2)	UNKNOWN STEP	2026-05-07T18:13:16.0640560Z [RUN_FASTLANE] › Compiling expo Pods/ExpoModulesJSI » EXJavaScriptObject.mm
iOS preview (macos-26 / Xcode 26.2)	UNKNOWN STEP	2026-05-07T18:13:16.0643620Z [RUN_FASTLANE] › Compiling expo Pods/ExpoModulesJSI » EXJSIUtils.mm
iOS preview (macos-26 / Xcode 26.2)	UNKNOWN STEP	2026-05-07T18:13:16.0644400Z [RUN_FASTLANE] › Compiling expo Pods/ExpoModulesJSI » EXJSIConversions.mm
iOS preview (macos-26 / Xcode 26.2)	UNKNOWN STEP	2026-05-07T18:13:16.0655130Z [RUN_FASTLANE] › Compiling expo Pods/ExpoModulesJSI » EXArrayBuffer.mm
iOS preview (macos-26 / Xcode 26.2)	UNKNOWN STEP	2026-05-07T18:13:16.0657940Z [RUN_FASTLANE] › Compiling expo-modules-core Pods/ExpoModulesJSI » ExpoModulesJSI-dummy.m
iOS preview (macos-26 / Xcode 26.2)	UNKNOWN STEP	2026-05-07T18:13:16.0658800Z [RUN_FASTLANE] › Packaging expo-modules-core Pods/ExpoModulesJSI » libExpoModulesJSI.a
iOS preview (macos-26 / Xcode 26.2)	UNKNOWN STEP	2026-05-07T18:13:16.0668580Z [RUN_FASTLANE] › Compiling expo-structured-headers Pods/EXStructuredHeaders » EXStructuredHeadersParser.m
iOS preview (macos-26 / Xcode 26.2)	UNKNOWN STEP	2026-05-07T18:13:16.0670450Z [RUN_FASTLANE] › Compiling expo-structured-headers Pods/EXStructuredHeaders » EXStructuredHeaders-dummy.m
iOS preview (macos-26 / Xcode 26.2)	UNKNOWN STEP	2026-05-07T18:13:16.0691590Z [RUN_FASTLANE] › Packaging expo-structured-headers Pods/EXStructuredHeaders » libEXStructuredHeaders.a
iOS preview (macos-26 / Xcode 26.2)	UNKNOWN STEP	2026-05-07T18:13:16.0693380Z [RUN_FASTLANE] › Compiling expo-manifests Pods/EXJSONUtils » NSDictionary+EXJSONUtils.m
iOS preview (macos-26 / Xcode 26.2)	UNKNOWN STEP	2026-05-07T18:13:16.0706180Z [RUN_FASTLANE] › Compiling expo-json-utils Pods/EXJSONUtils » EXJSONUtils-dummy.m
iOS preview (macos-26 / Xcode 26.2)	UNKNOWN STEP	2026-05-07T18:13:16.0727180Z [RUN_FASTLANE] › Packaging expo-json-utils Pods/EXJSONUtils » libEXJSONUtils.a
iOS preview (macos-26 / Xcode 26.2)	UNKNOWN STEP	2026-05-07T18:13:16.0728230Z [RUN_FASTLANE] › Executing @fisioflow/professional-app Pods/ReactCodegen » [CP-User] Generate Specs
iOS preview (macos-26 / Xcode 26.2)	UNKNOWN STEP	2026-05-07T18:13:16.0729320Z [RUN_FASTLANE] › Preparing Pods/EXConstants-ExpoConstants_privacy » ResourceBundle-ExpoConstants_privacy-EXConstants-Info.plist
iOS preview (macos-26 / Xcode 26.2)	UNKNOWN STEP	2026-05-07T18:13:16.0734700Z [RUN_FASTLANE] › Copying   ios/build/Build/Intermediates.noindex/ArchiveIntermediates/FisioFlowPro/IntermediateBuildFilesPath/UninstalledProducts/iphoneos/ExpoConstants_privacy.bundle/PrivacyInfo.xcprivacy ➜ ../../../../../../../var/folders/dy/3g4vbvsx7lx51x77m3_b20cc0000gn/T/eas-build-local-nodejs/746ae97a-55e5-4761-923f-3bbe8932e842/build/node_modules/expo-constants/ios/PrivacyInfo.xcprivacy
iOS preview (macos-26 / Xcode 26.2)	UNKNOWN STEP	2026-05-07T18:13:16.0782950Z [RUN_FASTLANE] › Preparing expo-constants Pods/EXConstants-EXConstants » ResourceBundle-EXConstants-EXConstants-Info.plist
iOS preview (macos-26 / Xcode 26.2)	UNKNOWN STEP	2026-05-07T18:13:16.0827790Z [RUN_FASTLANE] › Preparing Pods/EXApplication-ExpoApplication_privacy » ResourceBundle-ExpoApplication_privacy-EXApplication-Info.plist
iOS preview (macos-26 / Xcode 26.2)	UNKNOWN STEP	2026-05-07T18:13:16.0899120Z [RUN_FASTLANE] › Copying   ios/build/Build/Intermediates.noindex/ArchiveIntermediates/FisioFlowPro/IntermediateBuildFilesPath/UninstalledProducts/iphoneos/ExpoApplication_privacy.bundle/PrivacyInfo.xcprivacy ➜ ../../../../../../../var/folders/dy/3g4vbvsx7lx51x77m3_b20cc0000gn/T/eas-build-local-nodejs/746ae97a-55e5-4761-923f-3bbe8932e842/build/node_modules/expo-application/ios/PrivacyInfo.xcprivacy
iOS preview (macos-26 / Xcode 26.2)	UNKNOWN STEP	2026-05-07T18:13:16.0905170Z [RUN_FASTLANE] › Compiling @expo/log-box Pods/ExpoLogBox » ExpoRedBoxSwap.mm
iOS preview (macos-26 / Xcode 26.2)	UNKNOWN STEP	2026-05-07T18:13:16.0908440Z [RUN_FASTLANE] › Compiling @fisioflow/professional-app Pods/ReactCodegen » safeareacontext-generated.mm
iOS preview (macos-26 / Xcode 26.2)	UNKNOWN STEP	2026-05-07T18:13:16.0911550Z [RUN_FASTLANE] › Compiling @fisioflow/professional-app Pods/ReactCodegen » rnworklets-generated.mm
iOS preview (macos-26 / Xcode 26.2)	UNKNOWN STEP	2026-05-07T18:13:16.0917770Z [RUN_FASTLANE] › Compiling @fisioflow/professional-app Pods/ReactCodegen » rnsvg-generated.mm
iOS preview (macos-26 / Xcode 26.2)	UNKNOWN STEP	2026-05-07T18:13:16.0926850Z [RUN_FASTLANE] › Compiling @fisioflow/professional-app Pods/ReactCodegen » rnscreens-generated.mm
iOS preview (macos-26 / Xcode 26.2)	UNKNOWN STEP	2026-05-07T18:13:16.0928220Z [RUN_FASTLANE] › Compiling @fisioflow/professional-app Pods/ReactCodegen » rnreanimated-generated.mm
iOS preview (macos-26 / Xcode 26.2)	UNKNOWN STEP	2026-05-07T18:13:16.0929330Z [RUN_FASTLANE] › Compiling @fisioflow/professional-app Pods/ReactCodegen » rngesturehandler_codegen-generated.mm
iOS preview (macos-26 / Xcode 26.2)	UNKNOWN STEP	2026-05-07T18:13:16.1003720Z [RUN_FASTLANE] › Compiling @fisioflow/professional-app Pods/ReactCodegen » rnasyncstorage-generated.mm
iOS preview (macos-26 / Xcode 26.2)	UNKNOWN STEP	2026-05-07T18:13:16.1053870Z [RUN_FASTLANE] › Compiling @fisioflow/professional-app Pods/ReactCodegen » States.cpp
iOS preview (macos-26 / Xcode 26.2)	UNKNOWN STEP	2026-05-07T18:13:16.1158210Z [RUN_FASTLANE] › Compiling @fisioflow/professional-app Pods/ReactCodegen » States.cpp
iOS preview (macos-26 / Xcode 26.2)	UNKNOWN STEP	2026-05-07T18:13:16.1163430Z [RUN_FASTLANE] › Compiling @fisioflow/professional-app Pods/ReactCodegen » States.cpp
iOS preview (macos-26 / Xcode 26.2)	UNKNOWN STEP	2026-05-07T18:13:16.1169240Z [RUN_FASTLANE] › Compiling @fisioflow/professional-app Pods/ReactCodegen » States.cpp
iOS preview (macos-26 / Xcode 26.2)	UNKNOWN STEP	2026-05-07T18:13:16.1170270Z [RUN_FASTLANE] › Compiling @fisioflow/professional-app Pods/ReactCodegen » States.cpp
iOS preview (macos-26 / Xcode 26.2)	UNKNOWN STEP	2026-05-07T18:13:16.1172810Z [RUN_FASTLANE] › Compiling @fisioflow/professional-app Pods/ReactCodegen » States.cpp
iOS preview (macos-26 / Xcode 26.2)	UNKNOWN STEP	2026-05-07T18:13:16.1197630Z [RUN_FASTLANE] › Compiling @fisioflow/professional-app Pods/ReactCodegen » States.cpp
iOS preview (macos-26 / Xcode 26.2)	UNKNOWN STEP	2026-05-07T18:13:16.1299950Z [RUN_FASTLANE] › Compiling @fisioflow/professional-app Pods/ReactCodegen » ShadowNodes.cpp
iOS preview (macos-26 / Xcode 26.2)	UNKNOWN STEP	2026-05-07T18:13:16.7890800Z [RUN_FASTLANE] › Compiling @fisioflow/professional-app Pods/ReactCodegen » ShadowNodes.cpp
iOS preview (macos-26 / Xcode 26.2)	UNKNOWN STEP	2026-05-07T18:13:16.9443970Z [RUN_FASTLANE] › Compiling @fisioflow/professional-app Pods/ReactCodegen » ShadowNodes.cpp
iOS preview (macos-26 / Xcode 26.2)	UNKNOWN STEP	2026-05-07T18:13:18.4909650Z [RUN_FASTLANE] › Compiling @fisioflow/professional-app Pods/ReactCodegen » ShadowNodes.cpp
iOS preview (macos-26 / Xcode 26.2)	UNKNOWN STEP	2026-05-07T18:13:20.0996050Z [RUN_FASTLANE] › Compiling @fisioflow/professional-app Pods/ReactCodegen » ShadowNodes.cpp
iOS preview (macos-26 / Xcode 26.2)	UNKNOWN STEP	2026-05-07T18:13:20.3971500Z [RUN_FASTLANE] › Compiling @fisioflow/professional-app Pods/ReactCodegen » ShadowNodes.cpp
iOS preview (macos-26 / Xcode 26.2)	UNKNOWN STEP	2026-05-07T18:13:22.3443730Z [RUN_FASTLANE] › Compiling @fisioflow/professional-app Pods/ReactCodegen » ShadowNodes.cpp
iOS preview (macos-26 / Xcode 26.2)	UNKNOWN STEP	2026-05-07T18:13:23.7837440Z [RUN_FASTLANE] › Compiling @fisioflow/professional-app Pods/ReactCodegen » RNWorkletsSpec-generated.mm
iOS preview (macos-26 / Xcode 26.2)	UNKNOWN STEP	2026-05-07T18:13:23.7969520Z [RUN_FASTLANE] › Compiling @fisioflow/professional-app Pods/ReactCodegen » RNSentrySpec-generated.mm
iOS preview (macos-26 / Xcode 26.2)	UNKNOWN STEP	2026-05-07T18:13:24.8846210Z [RUN_FASTLANE] › Compiling @fisioflow/professional-app Pods/ReactCodegen » RNDateTimePickerCGen-generated.mm
iOS preview (macos-26 / Xcode 26.2)	UNKNOWN STEP	2026-05-07T18:13:25.8647220Z [RUN_FASTLANE] › Compiling @fisioflow/professional-app Pods/ReactCodegen » RNCNetInfoSpec-generated.mm
iOS preview (macos-26 / Xcode 26.2)	UNKNOWN STEP	2026-05-07T18:13:26.1412670Z [RUN_FASTLANE] › Compiling @fisioflow/professional-app Pods/ReactCodegen » RCTUnstableModulesRequiringMainQueueSetupProvider.mm
iOS preview (macos-26 / Xcode 26.2)	UNKNOWN STEP	2026-05-07T18:13:26.1524480Z [RUN_FASTLANE] › Compiling @fisioflow/professional-app Pods/ReactCodegen » RCTThirdPartyComponentsProvider.mm
iOS preview (macos-26 / Xcode 26.2)	UNKNOWN STEP	2026-05-07T18:13:28.8767950Z [RUN_FASTLANE] › Compiling @fisioflow/professional-app Pods/ReactCodegen » RCTModulesConformingToProtocolsProvider.mm
iOS preview (macos-26 / Xcode 26.2)	UNKNOWN STEP	2026-05-07T18:13:28.8937950Z [RUN_FASTLANE] › Compiling @fisioflow/professional-app Pods/ReactCodegen » RCTModuleProviders.mm
iOS preview (macos-26 / Xcode 26.2)	UNKNOWN STEP	2026-05-07T18:13:28.8941210Z [RUN_FASTLANE] › Compiling @fisioflow/professional-app Pods/ReactCodegen » Props.cpp
iOS preview (macos-26 / Xcode 26.2)	UNKNOWN STEP	2026-05-07T18:13:29.4214940Z [RUN_FASTLANE] › Compiling @fisioflow/professional-app Pods/ReactCodegen » Props.cpp
iOS preview (macos-26 / Xcode 26.2)	UNKNOWN STEP	2026-05-07T18:13:31.5093880Z [RUN_FASTLANE] › Compiling @fisioflow/professional-app Pods/ReactCodegen » Props.cpp
iOS preview (macos-26 / Xcode 26.2)	UNKNOWN STEP	2026-05-07T18:13:34.5182710Z [RUN_FASTLANE] › Compiling @fisioflow/professional-app Pods/ReactCodegen » Props.cpp
iOS preview (macos-26 / Xcode 26.2)	UNKNOWN STEP	2026-05-07T18:13:34.5184310Z [RUN_FASTLANE] › Compiling @fisioflow/professional-app Pods/ReactCodegen » Props.cpp
iOS preview (macos-26 / Xcode 26.2)	UNKNOWN STEP	2026-05-07T18:13:38.2560760Z [RUN_FASTLANE] › Compiling @fisioflow/professional-app Pods/ReactCodegen » Props.cpp
iOS preview (macos-26 / Xcode 26.2)	UNKNOWN STEP	2026-05-07T18:13:38.2664060Z [RUN_FASTLANE] › Compiling @fisioflow/professional-app Pods/ReactCodegen » Props.cpp
iOS preview (macos-26 / Xcode 26.2)	UNKNOWN STEP	2026-05-07T18:13:38.2766700Z [RUN_FASTLANE] › Compiling @fisioflow/professional-app Pods/ReactCodegen » EventEmitters.cpp
iOS preview (macos-26 / Xcode 26.2)	UNKNOWN STEP	2026-05-07T18:13:41.2089870Z [RUN_FASTLANE] › Compiling @fisioflow/professional-app Pods/ReactCodegen » EventEmitters.cpp
iOS preview (macos-26 / Xcode 26.2)	UNKNOWN STEP	2026-05-07T18:13:41.2193180Z [RUN_FASTLANE] › Compiling @fisioflow/professional-app Pods/ReactCodegen » EventEmitters.cpp
iOS preview (macos-26 / Xcode 26.2)	UNKNOWN STEP	2026-05-07T18:13:41.2302760Z [RUN_FASTLANE] › Compiling @fisioflow/professional-app Pods/ReactCodegen » EventEmitters.cpp
iOS preview (macos-26 / Xcode 26.2)	UNKNOWN STEP	2026-05-07T18:13:42.0787020Z [RUN_FASTLANE] › Compiling @fisioflow/professional-app Pods/ReactCodegen » EventEmitters.cpp
iOS preview (macos-26 / Xcode 26.2)	UNKNOWN STEP	2026-05-07T18:13:42.0892670Z [RUN_FASTLANE] › Compiling @fisioflow/professional-app Pods/ReactCodegen » EventEmitters.cpp
iOS preview (macos-26 / Xcode 26.2)	UNKNOWN STEP	2026-05-07T18:13:42.8840260Z [RUN_FASTLANE] › Compiling @fisioflow/professional-app Pods/ReactCodegen » EventEmitters.cpp
iOS preview (macos-26 / Xcode 26.2)	UNKNOWN STEP	2026-05-07T18:13:43.5385460Z [RUN_FASTLANE] › Compiling @fisioflow/professional-app Pods/ReactCodegen » ComponentDescriptors.cpp
iOS preview (macos-26 / Xcode 26.2)	UNKNOWN STEP	2026-05-07T18:13:44.1978880Z [RUN_FASTLANE] › Compiling @fisioflow/professional-app Pods/ReactCodegen » ComponentDescriptors.cpp
iOS preview (macos-26 / Xcode 26.2)	UNKNOWN STEP	2026-05-07T18:13:46.0236940Z [RUN_FASTLANE] › Compiling @fisioflow/professional-app Pods/ReactCodegen » ComponentDescriptors.cpp
iOS preview (macos-26 / Xcode 26.2)	UNKNOWN STEP	2026-05-07T18:13:47.3103630Z [RUN_FASTLANE] › Compiling @fisioflow/professional-app Pods/ReactCodegen » ComponentDescriptors.cpp
iOS preview (macos-26 / Xcode 26.2)	UNKNOWN STEP	2026-05-07T18:13:47.7484210Z [RUN_FASTLANE] › Compiling @fisioflow/professional-app Pods/ReactCodegen » ComponentDescriptors.cpp
iOS preview (macos-26 / Xcode 26.2)	UNKNOWN STEP	2026-05-07T18:13:48.6810040Z [RUN_FASTLANE] › Compiling @fisioflow/professional-app Pods/ReactCodegen » ComponentDescriptors.cpp
iOS preview (macos-26 / Xcode 26.2)	UNKNOWN STEP	2026-05-07T18:13:52.3875400Z [RUN_FASTLANE] › Compiling @fisioflow/professional-app Pods/ReactCodegen » ComponentDescriptors.cpp
iOS preview (macos-26 / Xcode 26.2)	UNKNOWN STEP	2026-05-07T18:13:52.3972640Z [RUN_FASTLANE] › Compiling @expo/log-box Pods/ExpoLogBox » ExpoLogBox-dummy.m
iOS preview (macos-26 / Xcode 26.2)	UNKNOWN STEP	2026-05-07T18:13:52.4074910Z [RUN_FASTLANE] › Packaging @expo/log-box Pods/ExpoLogBox » libExpoLogBox.a
iOS preview (macos-26 / Xcode 26.2)	UNKNOWN STEP	2026-05-07T18:13:52.4176930Z [RUN_FASTLANE] › Compiling @fisioflow/professional-app Pods/ReactCodegen » ReactCodegen-dummy.m
iOS preview (macos-26 / Xcode 26.2)	UNKNOWN STEP	2026-05-07T18:13:52.4277880Z [RUN_FASTLANE] › Compiling react-native-worklets-core Pods/react-native-worklets-core » Worklets.mm
iOS preview (macos-26 / Xcode 26.2)	UNKNOWN STEP	2026-05-07T18:13:52.4380480Z [RUN_FASTLANE] › Compiling react-native-worklets-core Pods/react-native-worklets-core » WKTRuntimeLifecycleMonitor.cpp
iOS preview (macos-26 / Xcode 26.2)	UNKNOWN STEP	2026-05-07T18:13:52.4480970Z [RUN_FASTLANE] › Compiling react-native-worklets-core Pods/react-native-worklets-core » WKTJsiWrapper.cpp
iOS preview (macos-26 / Xcode 26.2)	UNKNOWN STEP	2026-05-07T18:13:57.1137130Z [RUN_FASTLANE] › Compiling react-native-worklets-core Pods/react-native-worklets-core » WKTJsiWorkletContext.cpp
iOS preview (macos-26 / Xcode 26.2)	UNKNOWN STEP	2026-05-07T18:14:00.6502030Z [RUN_FASTLANE] › Compiling react-native-worklets-core Pods/react-native-worklets-core » WKTJsiWorkletApi.cpp
iOS preview (macos-26 / Xcode 26.2)	UNKNOWN STEP	2026-05-07T18:14:00.6614930Z [RUN_FASTLANE] › Packaging @fisioflow/professional-app Pods/ReactCodegen » libReactCodegen.a
iOS preview (macos-26 / Xcode 26.2)	UNKNOWN STEP	2026-05-07T18:14:00.6719400Z [RUN_FASTLANE] › Compiling react-native-worklets-core Pods/react-native-worklets-core » WKTJsiPromiseWrapper.cpp
iOS preview (macos-26 / Xcode 26.2)	UNKNOWN STEP	2026-05-07T18:14:00.6821000Z [RUN_FASTLANE] › Compiling react-native-worklets-core Pods/react-native-worklets-core » WKTJsiHostObject.cpp
iOS preview (macos-26 / Xcode 26.2)	UNKNOWN STEP	2026-05-07T18:14:00.6922710Z [RUN_FASTLANE] › Compiling react-native-worklets-core Pods/react-native-worklets-core » WKTDispatchQueue.cpp
iOS preview (macos-26 / Xcode 26.2)	UNKNOWN STEP	2026-05-07T18:14:01.7163820Z [RUN_FASTLANE] › Compiling @react-native-community/slider Pods/react-native-slider » RNCSliderShadowNode.cpp
iOS preview (macos-26 / Xcode 26.2)	UNKNOWN STEP	2026-05-07T18:14:03.1320140Z [RUN_FASTLANE] › Compiling @react-native-community/slider Pods/react-native-slider » RNCSliderMeasurementsManager.cpp
iOS preview (macos-26 / Xcode 26.2)	UNKNOWN STEP	2026-05-07T18:14:03.1350120Z [RUN_FASTLANE] › Compiling react-native-worklets-core Pods/react-native-worklets-core » react-native-worklets-core-dummy.m
iOS preview (macos-26 / Xcode 26.2)	UNKNOWN STEP	2026-05-07T18:14:03.1353900Z [RUN_FASTLANE] › Compiling @react-native-community/slider Pods/react-native-slider » RNCSliderComponentView.mm
iOS preview (macos-26 / Xcode 26.2)	UNKNOWN STEP	2026-05-07T18:14:04.9892810Z [RUN_FASTLANE] › Compiling @react-native-community/slider Pods/react-native-slider » react-native-slider-dummy.m
iOS preview (macos-26 / Xcode 26.2)	UNKNOWN STEP	2026-05-07T18:14:05.0000770Z [RUN_FASTLANE] › Compiling @sentry/react-native Pods/Sentry » SentryTraceProfiler.mm
iOS preview (macos-26 / Xcode 26.2)	UNKNOWN STEP	2026-05-07T18:14:05.0104820Z [RUN_FASTLANE] › Compiling @sentry/react-native Pods/Sentry » SentryTime.mm
iOS preview (macos-26 / Xcode 26.2)	UNKNOWN STEP	2026-05-07T18:14:05.0216260Z [RUN_FASTLANE] › Compiling @sentry/react-native Pods/Sentry » SentryThreadMetadataCache.cpp
iOS preview (macos-26 / Xcode 26.2)	UNKNOWN STEP	2026-05-07T18:14:05.0327070Z [RUN_FASTLANE] › Compiling @sentry/react-native Pods/Sentry » SentryThreadHandle.cpp
iOS preview (macos-26 / Xcode 26.2)	UNKNOWN STEP	2026-05-07T18:14:05.0428680Z [RUN_FASTLANE] › Compiling @sentry/react-native Pods/Sentry » SentryThread.mm
iOS preview (macos-26 / Xcode 26.2)	UNKNOWN STEP	2026-05-07T18:14:05.7308620Z [RUN_FASTLANE] › Compiling @sentry/react-native Pods/Sentry » SentrySystemWrapper.mm
iOS preview (macos-26 / Xcode 26.2)	UNKNOWN STEP	2026-05-07T18:14:06.0664520Z [RUN_FASTLANE] › Compiling @sentry/react-native Pods/Sentry » SentrySamplingProfiler.cpp
iOS preview (macos-26 / Xcode 26.2)	UNKNOWN STEP	2026-05-07T18:14:06.0766400Z [RUN_FASTLANE] › Compiling @sentry/react-native Pods/Sentry » SentryProfilerState.mm
iOS preview (macos-26 / Xcode 26.2)	UNKNOWN STEP	2026-05-07T18:14:06.9486180Z [RUN_FASTLANE] › Compiling @sentry/react-native Pods/Sentry » SentryProfiler.mm
iOS preview (macos-26 / Xcode 26.2)	UNKNOWN STEP	2026-05-07T18:14:07.0849820Z [RUN_FASTLANE] › Compiling @sentry/react-native Pods/Sentry » SentryProfiledTracerConcurrency.mm
iOS preview (macos-26 / Xcode 26.2)	UNKNOWN STEP	2026-05-07T18:14:07.0975730Z [RUN_FASTLANE] › Compiling @sentry/react-native Pods/Sentry » SentryProfileCollector.mm
iOS preview (macos-26 / Xcode 26.2)	UNKNOWN STEP	2026-05-07T18:14:08.0667760Z [RUN_FASTLANE] › Compiling @sentry/react-native Pods/Sentry » SentryMachLogging.cpp
iOS preview (macos-26 / Xcode 26.2)	UNKNOWN STEP	2026-05-07T18:14:08.0770820Z [RUN_FASTLANE] › Compiling @sentry/react-native Pods/Sentry » SentryError.mm
iOS preview (macos-26 / Xcode 26.2)	UNKNOWN STEP	2026-05-07T18:14:08.0879820Z [RUN_FASTLANE] › Compiling @sentry/react-native Pods/Sentry » SentryCrashMonitor_CPPException.cpp
iOS preview (macos-26 / Xcode 26.2)	UNKNOWN STEP	2026-05-07T18:14:08.0984590Z [RUN_FASTLANE] › Compiling @sentry/react-native Pods/Sentry » SentryContinuousProfiler.mm
iOS preview (macos-26 / Xcode 26.2)	UNKNOWN STEP	2026-05-07T18:14:08.1086290Z [RUN_FASTLANE] › Compiling @sentry/react-native Pods/Sentry » SentryBacktrace.cpp
iOS preview (macos-26 / Xcode 26.2)	UNKNOWN STEP	2026-05-07T18:14:08.5308190Z [RUN_FASTLANE] › Compiling @sentry/react-native Pods/Sentry » _SentryDispatchQueueWrapperInternal.m
iOS preview (macos-26 / Xcode 26.2)	UNKNOWN STEP	2026-05-07T18:14:08.6159290Z [RUN_FASTLANE] › Compiling @sentry/react-native Pods/Sentry » UIViewController+Sentry.m
iOS preview (macos-26 / Xcode 26.2)	UNKNOWN STEP	2026-05-07T18:14:08.6167200Z [RUN_FASTLANE] › Compiling @sentry/react-native Pods/Sentry » SentryWeakMap.m
iOS preview (macos-26 / Xcode 26.2)	UNKNOWN STEP	2026-05-07T18:14:08.9517420Z [RUN_FASTLANE] › Compiling @sentry/react-native Pods/Sentry » SentryWatchdogTerminationBreadcrumbProcessor.m
iOS preview (macos-26 / Xcode 26.2)	UNKNOWN STEP	2026-05-07T18:14:08.9627380Z [RUN_FASTLANE] › Compiling @sentry/react-native Pods/Sentry » SentryViewHierarchyProviderHelper.m
iOS preview (macos-26 / Xcode 26.2)	UNKNOWN STEP	2026-05-07T18:14:08.9732460Z [RUN_FASTLANE] › Compiling @sentry/react-native Pods/Sentry » SentryUserAccess.m
iOS preview (macos-26 / Xcode 26.2)	UNKNOWN STEP	2026-05-07T18:14:08.9856100Z [RUN_FASTLANE] › Compiling @sentry/react-native Pods/Sentry » SentryUser.m
iOS preview (macos-26 / Xcode 26.2)	UNKNOWN STEP	2026-05-07T18:14:08.9969420Z [RUN_FASTLANE] › Compiling @sentry/react-native Pods/Sentry » SentryUncaughtNSExceptions.m
iOS preview (macos-26 / Xcode 26.2)	UNKNOWN STEP	2026-05-07T18:14:09.0072810Z [RUN_FASTLANE] › Compiling @sentry/react-native Pods/Sentry » SentryUIViewControllerSwizzlingHelper.m
iOS preview (macos-26 / Xcode 26.2)	UNKNOWN STEP	2026-05-07T18:14:09.1401690Z [RUN_FASTLANE] › Compiling @sentry/react-native Pods/Sentry » SentryUIEventTrackerTransactionMode.m
iOS preview (macos-26 / Xcode 26.2)	UNKNOWN STEP	2026-05-07T18:14:09.2926090Z [RUN_FASTLANE] › Compiling @sentry/react-native Pods/Sentry » SentryUIEventTracker.m
iOS preview (macos-26 / Xcode 26.2)	UNKNOWN STEP	2026-05-07T18:14:09.3330690Z [RUN_FASTLANE] › Compiling @sentry/react-native Pods/Sentry » SentryTransportFactory.m
iOS preview (macos-26 / Xcode 26.2)	UNKNOWN STEP	2026-05-07T18:14:09.6105480Z [RUN_FASTLANE] › Compiling @sentry/react-native Pods/Sentry » SentryTransactionContext.m
iOS preview (macos-26 / Xcode 26.2)	UNKNOWN STEP	2026-05-07T18:14:09.6618020Z [RUN_FASTLANE] › Compiling @sentry/react-native Pods/Sentry » SentryTransportAdapter.m
iOS preview (macos-26 / Xcode 26.2)	UNKNOWN STEP	2026-05-07T18:14:09.9029280Z [RUN_FASTLANE] › Compiling @sentry/react-native Pods/Sentry » SentryTracerConfiguration.m
iOS preview (macos-26 / Xcode 26.2)	UNKNOWN STEP	2026-05-07T18:14:09.9530520Z [RUN_FASTLANE] › Compiling @sentry/react-native Pods/Sentry » SentryTransaction.m
iOS preview (macos-26 / Xcode 26.2)	UNKNOWN STEP	2026-05-07T18:14:10.0566360Z [RUN_FASTLANE] › Compiling @sentry/react-native Pods/Sentry » SentryTracer.m
iOS preview (macos-26 / Xcode 26.2)	UNKNOWN STEP	2026-05-07T18:14:10.1721030Z [RUN_FASTLANE] › Compiling @sentry/react-native Pods/Sentry » SentryTracePropagation.m
iOS preview (macos-26 / Xcode 26.2)	UNKNOWN STEP	2026-05-07T18:14:10.1826200Z [RUN_FASTLANE] › Compiling @sentry/react-native Pods/Sentry » SentryTraceOrigin.m
iOS preview (macos-26 / Xcode 26.2)	UNKNOWN STEP	2026-05-07T18:14:10.3706590Z [RUN_FASTLANE] › Compiling @sentry/react-native Pods/Sentry » SentryTraceHeader.m
iOS preview (macos-26 / Xcode 26.2)	UNKNOWN STEP	2026-05-07T18:14:10.4670180Z [RUN_FASTLANE] › Compiling @sentry/react-native Pods/Sentry » SentryTraceContext.m
iOS preview (macos-26 / Xcode 26.2)	UNKNOWN STEP	2026-05-07T18:14:10.5785740Z [RUN_FASTLANE] › Compiling @sentry/react-native Pods/Sentry » SentryTimeToDisplayTracker.m
iOS preview (macos-26 / Xcode 26.2)	UNKNOWN STEP	2026-05-07T18:14:10.6085600Z [RUN_FASTLANE] › Compiling @sentry/react-native Pods/Sentry » SentrySysctlObjC.m
iOS preview (macos-26 / Xcode 26.2)	UNKNOWN STEP	2026-05-07T18:14:10.7290240Z [RUN_FASTLANE] › Compiling @sentry/react-native Pods/Sentry » SentrySwizzleWrapperHelper.m
iOS preview (macos-26 / Xcode 26.2)	UNKNOWN STEP	2026-05-07T18:14:11.1558550Z [RUN_FASTLANE] › Compiling @sentry/react-native Pods/Sentry » SentrySwizzle.m
iOS preview (macos-26 / Xcode 26.2)	UNKNOWN STEP	2026-05-07T18:14:11.1661120Z [RUN_FASTLANE] › Compiling @sentry/react-native Pods/Sentry » SentryStacktraceBuilder.m
iOS preview (macos-26 / Xcode 26.2)	UNKNOWN STEP	2026-05-07T18:14:11.1762780Z [RUN_FASTLANE] › Compiling @sentry/react-native Pods/Sentry » SentryStacktrace.m
iOS preview (macos-26 / Xcode 26.2)	UNKNOWN STEP	2026-05-07T18:14:11.1865320Z [RUN_FASTLANE] › Compiling @sentry/react-native Pods/Sentry » SentrySpotlightTransport.m
iOS preview (macos-26 / Xcode 26.2)	UNKNOWN STEP	2026-05-07T18:14:11.1976460Z [RUN_FASTLANE] › Compiling @sentry/react-native Pods/Sentry » SentrySpanStatus.m
iOS preview (macos-26 / Xcode 26.2)	UNKNOWN STEP	2026-05-07T18:14:11.2090830Z [RUN_FASTLANE] › Compiling @sentry/react-native Pods/Sentry » SentrySpanOperation.m
iOS preview (macos-26 / Xcode 26.2)	UNKNOWN STEP	2026-05-07T18:14:11.2192820Z [RUN_FASTLANE] › Compiling @sentry/react-native Pods/Sentry » SentrySpanId.m
iOS preview (macos-26 / Xcode 26.2)	UNKNOWN STEP	2026-05-07T18:14:11.2294430Z [RUN_FASTLANE] › Compiling @sentry/react-native Pods/Sentry » SentrySpanInternal.m
iOS preview (macos-26 / Xcode 26.2)	UNKNOWN STEP	2026-05-07T18:14:11.2396150Z [RUN_FASTLANE] › Compiling @sentry/react-native Pods/Sentry » SentrySpanDataKey.m
iOS preview (macos-26 / Xcode 26.2)	UNKNOWN STEP	2026-05-07T18:14:11.2498040Z [RUN_FASTLANE] › Compiling @sentry/react-native Pods/Sentry » SentrySpanContext.m
iOS preview (macos-26 / Xcode 26.2)	UNKNOWN STEP	2026-05-07T18:14:11.2599770Z [RUN_FASTLANE] › Compiling @react-native-community/slider Pods/react-native-slider » RNCSlider.m
iOS preview (macos-26 / Xcode 26.2)	UNKNOWN STEP	2026-05-07T18:14:11.2838810Z [RUN_FASTLANE] › Compiling @sentry/react-native Pods/Sentry » SentrySessionReplaySyncC.c
iOS preview (macos-26 / Xcode 26.2)	UNKNOWN STEP	2026-05-07T18:14:11.3125700Z [RUN_FASTLANE] › Compiling @sentry/react-native Pods/Sentry » SentrySessionReplayHybridSDK.m
iOS preview (macos-26 / Xcode 26.2)	UNKNOWN STEP	2026-05-07T18:14:11.4212970Z [RUN_FASTLANE] › Compiling @sentry/react-native Pods/Sentry » SentrySerialization.m
iOS preview (macos-26 / Xcode 26.2)	UNKNOWN STEP	2026-05-07T18:14:11.4358840Z [RUN_FASTLANE] › Compiling @sentry/react-native Pods/Sentry » SentryScopeSyncC.c
iOS preview (macos-26 / Xcode 26.2)	UNKNOWN STEP	2026-05-07T18:14:11.4773580Z [RUN_FASTLANE] › Compiling @sentry/react-native Pods/Sentry » SentryScope.m
iOS preview (macos-26 / Xcode 26.2)	UNKNOWN STEP	2026-05-07T18:14:11.6588760Z [RUN_FASTLANE] › Compiling @sentry/react-native Pods/Sentry » SentrySamplingContext.m
iOS preview (macos-26 / Xcode 26.2)	UNKNOWN STEP	2026-05-07T18:14:11.6690850Z [RUN_FASTLANE] › Compiling @sentry/react-native Pods/Sentry » SentrySampling.m
iOS preview (macos-26 / Xcode 26.2)	UNKNOWN STEP	2026-05-07T18:14:11.6791910Z [RUN_FASTLANE] › Compiling @sentry/react-native Pods/Sentry » SentrySamplerDecision.m
iOS preview (macos-26 / Xcode 26.2)	UNKNOWN STEP	2026-05-07T18:14:11.6893220Z [RUN_FASTLANE] › Compiling @sentry/react-native Pods/Sentry » SentrySampleDecision.m
iOS preview (macos-26 / Xcode 26.2)	UNKNOWN STEP	2026-05-07T18:14:11.6993820Z [RUN_FASTLANE] › Compiling @sentry/react-native Pods/Sentry » SentrySDKInternal.m
iOS preview (macos-26 / Xcode 26.2)	UNKNOWN STEP	2026-05-07T18:14:11.7596170Z [RUN_FASTLANE] › Compiling @sentry/react-native Pods/Sentry » SentryRequestOperation.m
iOS preview (macos-26 / Xcode 26.2)	UNKNOWN STEP	2026-05-07T18:14:11.7698000Z [RUN_FASTLANE] › Compiling @sentry/react-native Pods/Sentry » SentryRequest.m
iOS preview (macos-26 / Xcode 26.2)	UNKNOWN STEP	2026-05-07T18:14:11.7800010Z [RUN_FASTLANE] › Compiling @sentry/react-native Pods/Sentry » SentryReplayApi.m
iOS preview (macos-26 / Xcode 26.2)	UNKNOWN STEP	2026-05-07T18:14:11.8718370Z [RUN_FASTLANE] › Compiling @sentry/react-native Pods/Sentry » SentryQueueableRequestManager.m
iOS preview (macos-26 / Xcode 26.2)	UNKNOWN STEP	2026-05-07T18:14:11.8820140Z [RUN_FASTLANE] › Compiling @sentry/react-native Pods/Sentry » SentryProfilingSwiftHelpers.m
iOS preview (macos-26 / Xcode 26.2)	UNKNOWN STEP	2026-05-07T18:14:11.9074070Z [RUN_FASTLANE] › Compiling @sentry/react-native Pods/Sentry » SentryProfilingScreenFramesHelper.m
iOS preview (macos-26 / Xcode 26.2)	UNKNOWN STEP	2026-05-07T18:14:11.9205680Z [RUN_FASTLANE] › Compiling @sentry/react-native Pods/Sentry » SentryProfilerTestHelpers.m
iOS preview (macos-26 / Xcode 26.2)	UNKNOWN STEP	2026-05-07T18:14:11.9637380Z [RUN_FASTLANE] › Compiling @sentry/react-native Pods/Sentry » SentryProfilerSerialization.m
iOS preview (macos-26 / Xcode 26.2)	UNKNOWN STEP	2026-05-07T18:14:12.0441610Z [RUN_FASTLANE] › Compiling @sentry/react-native Pods/Sentry » SentryProfilerSampleCreation.m
iOS preview (macos-26 / Xcode 26.2)	UNKNOWN STEP	2026-05-07T18:14:12.0543550Z [RUN_FASTLANE] › Compiling @sentry/react-native Pods/Sentry » SentryProfileTimeseries.m
iOS preview (macos-26 / Xcode 26.2)	UNKNOWN STEP	2026-05-07T18:14:12.0749770Z [RUN_FASTLANE] › Compiling @sentry/react-native Pods/Sentry » SentryProfileDebugLoggerHelper.m
iOS preview (macos-26 / Xcode 26.2)	UNKNOWN STEP	2026-05-07T18:14:12.0853780Z [RUN_FASTLANE] › Compiling @sentry/react-native Pods/Sentry » SentryProfileConfiguration.m
iOS preview (macos-26 / Xcode 26.2)	UNKNOWN STEP	2026-05-07T18:14:12.1718200Z [RUN_FASTLANE] › Compiling @sentry/react-native Pods/Sentry » SentryPerformanceTracker.m
iOS preview (macos-26 / Xcode 26.2)	UNKNOWN STEP	2026-05-07T18:14:12.1901800Z [RUN_FASTLANE] › Compiling @sentry/react-native Pods/Sentry » SentryOptionsInternal.m
iOS preview (macos-26 / Xcode 26.2)	UNKNOWN STEP	2026-05-07T18:14:12.3637580Z [RUN_FASTLANE] › Compiling @sentry/react-native Pods/Sentry » SentryNoOpSpan.m
iOS preview (macos-26 / Xcode 26.2)	UNKNOWN STEP	2026-05-07T18:14:12.3760080Z [RUN_FASTLANE] › Compiling @sentry/react-native Pods/Sentry » SentryNetworkTracker.m
iOS preview (macos-26 / Xcode 26.2)	UNKNOWN STEP	2026-05-07T18:14:12.4087370Z [RUN_FASTLANE] › Compiling @sentry/react-native Pods/Sentry » SentryNSURLSessionTaskSearch.m
iOS preview (macos-26 / Xcode 26.2)	UNKNOWN STEP	2026-05-07T18:14:12.4209010Z [RUN_FASTLANE] › Compiling @sentry/react-native Pods/Sentry » SentryNSExceptionCaptureHelper.m
iOS preview (macos-26 / Xcode 26.2)	UNKNOWN STEP	2026-05-07T18:14:12.4317600Z [RUN_FASTLANE] › Compiling @sentry/react-native Pods/Sentry » SentryNSFileManagerSwizzlingHelper.m
iOS preview (macos-26 / Xcode 26.2)	UNKNOWN STEP	2026-05-07T18:14:12.5378990Z [RUN_FASTLANE] › Compiling @sentry/react-native Pods/Sentry » SentryNSError.m
iOS preview (macos-26 / Xcode 26.2)	UNKNOWN STEP	2026-05-07T18:14:12.5502980Z [RUN_FASTLANE] › Compiling @sentry/react-native Pods/Sentry » SentryNSDictionarySanitize.m
iOS preview (macos-26 / Xcode 26.2)	UNKNOWN STEP	2026-05-07T18:14:12.5605140Z [RUN_FASTLANE] › Compiling @sentry/react-native Pods/Sentry » SentryNSDataSwizzlingHelper.m
iOS preview (macos-26 / Xcode 26.2)	UNKNOWN STEP	2026-05-07T18:14:12.6878250Z [RUN_FASTLANE] › Compiling @sentry/react-native Pods/Sentry » SentryMsgPackSerializer.m
iOS preview (macos-26 / Xcode 26.2)	UNKNOWN STEP	2026-05-07T18:14:12.6996470Z [RUN_FASTLANE] › Compiling @sentry/react-native Pods/Sentry » SentryNSDataUtils.m
iOS preview (macos-26 / Xcode 26.2)	UNKNOWN STEP	2026-05-07T18:14:12.7104640Z [RUN_FASTLANE] › Compiling @sentry/react-native Pods/Sentry » SentryMetricProfiler.m
iOS preview (macos-26 / Xcode 26.2)	UNKNOWN STEP	2026-05-07T18:14:12.7914640Z [RUN_FASTLANE] › Compiling @sentry/react-native Pods/Sentry » SentryMeta.m
iOS preview (macos-26 / Xcode 26.2)	UNKNOWN STEP	2026-05-07T18:14:12.8017820Z [RUN_FASTLANE] › Compiling @sentry/react-native Pods/Sentry » SentryMessage.m
iOS preview (macos-26 / Xcode 26.2)	UNKNOWN STEP	2026-05-07T18:14:12.8117880Z [RUN_FASTLANE] › Compiling @sentry/react-native Pods/Sentry » SentryMechanismContext.m
iOS preview (macos-26 / Xcode 26.2)	UNKNOWN STEP	2026-05-07T18:14:12.8320550Z [RUN_FASTLANE] › Compiling @sentry/react-native Pods/Sentry » SentryMechanism.m
iOS preview (macos-26 / Xcode 26.2)	UNKNOWN STEP	2026-05-07T18:14:12.8592870Z [RUN_FASTLANE] › Compiling @sentry/react-native Pods/Sentry » SentryMeasurementUnit.m
iOS preview (macos-26 / Xcode 26.2)	UNKNOWN STEP	2026-05-07T18:14:12.9019410Z [RUN_FASTLANE] › Compiling @sentry/react-native Pods/Sentry » SentryLogC.m
iOS preview (macos-26 / Xcode 26.2)	UNKNOWN STEP	2026-05-07T18:14:12.9879320Z [RUN_FASTLANE] › Compiling @sentry/react-native Pods/Sentry » SentryLaunchProfiling.m
iOS preview (macos-26 / Xcode 26.2)	UNKNOWN STEP	2026-05-07T18:14:13.1069760Z [RUN_FASTLANE] › Compiling @sentry/react-native Pods/Sentry » SentryLevelMapper.m
iOS preview (macos-26 / Xcode 26.2)	UNKNOWN STEP	2026-05-07T18:14:13.1172570Z [RUN_FASTLANE] › Compiling @sentry/react-native Pods/Sentry » SentryId.m
iOS preview (macos-26 / Xcode 26.2)	UNKNOWN STEP	2026-05-07T18:14:13.1275500Z [RUN_FASTLANE] › Compiling @sentry/react-native Pods/Sentry » SentryHub.m
iOS preview (macos-26 / Xcode 26.2)	UNKNOWN STEP	2026-05-07T18:14:13.3928370Z [RUN_FASTLANE] › Compiling @sentry/react-native Pods/Sentry » SentryHttpTransport.m
iOS preview (macos-26 / Xcode 26.2)	UNKNOWN STEP	2026-05-07T18:14:13.4031100Z [RUN_FASTLANE] › Compiling @sentry/react-native Pods/Sentry » SentryHttpStatusCodeRange.m
iOS preview (macos-26 / Xcode 26.2)	UNKNOWN STEP	2026-05-07T18:14:13.4131780Z [RUN_FASTLANE] › Compiling @sentry/react-native Pods/Sentry » SentryGeo.m
iOS preview (macos-26 / Xcode 26.2)	UNKNOWN STEP	2026-05-07T18:14:13.4237170Z [RUN_FASTLANE] › Compiling @sentry/react-native Pods/Sentry » SentryFrame.m
iOS preview (macos-26 / Xcode 26.2)	UNKNOWN STEP	2026-05-07T18:14:13.4441190Z [RUN_FASTLANE] › Compiling @sentry/react-native Pods/Sentry » SentryFormatterSwift.m
iOS preview (macos-26 / Xcode 26.2)	UNKNOWN STEP	2026-05-07T18:14:13.4541540Z [RUN_FASTLANE] › Compiling @sentry/react-native Pods/Sentry » SentryFileManagerHelper.m
iOS preview (macos-26 / Xcode 26.2)	UNKNOWN STEP	2026-05-07T18:14:13.6699290Z [RUN_FASTLANE] › Compiling @sentry/react-native Pods/Sentry » SentryFileIOTrackerHelper.m
iOS preview (macos-26 / Xcode 26.2)	UNKNOWN STEP	2026-05-07T18:14:13.6822140Z [RUN_FASTLANE] › Compiling @sentry/react-native Pods/Sentry » SentryException.m
iOS preview (macos-26 / Xcode 26.2)	UNKNOWN STEP	2026-05-07T18:14:13.6931210Z [RUN_FASTLANE] › Compiling @sentry/react-native Pods/Sentry » SentryEventSwiftHelper.m
iOS preview (macos-26 / Xcode 26.2)	UNKNOWN STEP	2026-05-07T18:14:13.7065320Z [RUN_FASTLANE] › Compiling @sentry/react-native Pods/Sentry » SentryEvent.m
iOS preview (macos-26 / Xcode 26.2)	UNKNOWN STEP	2026-05-07T18:14:13.7578630Z [RUN_FASTLANE] › Compiling @sentry/react-native Pods/Sentry » SentryEnvelopeRateLimit.m
iOS preview (macos-26 / Xcode 26.2)	UNKNOWN STEP	2026-05-07T18:14:13.7687810Z [RUN_FASTLANE] › Compiling @sentry/react-native Pods/Sentry » SentryEnvelopeItemHeader.m
iOS preview (macos-26 / Xcode 26.2)	UNKNOWN STEP	2026-05-07T18:14:13.7811820Z [RUN_FASTLANE] › Compiling @sentry/react-native Pods/Sentry » SentryEnvelopeAttachmentHeader.m
iOS preview (macos-26 / Xcode 26.2)	UNKNOWN STEP	2026-05-07T18:14:13.8140360Z [RUN_FASTLANE] › Compiling @sentry/react-native Pods/Sentry » SentryDummyPublicEmptyClass.m
iOS preview (macos-26 / Xcode 26.2)	UNKNOWN STEP	2026-05-07T18:14:13.8252060Z [RUN_FASTLANE] › Compiling @sentry/react-native Pods/Sentry » SentryDummyPrivateEmptyClass.m
iOS preview (macos-26 / Xcode 26.2)	UNKNOWN STEP	2026-05-07T18:14:13.8365510Z [RUN_FASTLANE] › Compiling @sentry/react-native Pods/Sentry » SentryDiscardReasonMapper.m
iOS preview (macos-26 / Xcode 26.2)	UNKNOWN STEP	2026-05-07T18:14:13.8477990Z [RUN_FASTLANE] › Compiling @sentry/react-native Pods/Sentry » SentryDictionaryDeepSearch.m
iOS preview (macos-26 / Xcode 26.2)	UNKNOWN STEP	2026-05-07T18:14:13.8580020Z [RUN_FASTLANE] › Compiling @sentry/react-native Pods/Sentry » SentryDevice.m
iOS preview (macos-26 / Xcode 26.2)	UNKNOWN STEP	2026-05-07T18:14:13.8681670Z [RUN_FASTLANE] › Compiling @sentry/react-native Pods/Sentry » SentryDependencyContainerSwiftHelper.m
iOS preview (macos-26 / Xcode 26.2)	UNKNOWN STEP	2026-05-07T18:14:13.9682800Z [RUN_FASTLANE] › Compiling @sentry/react-native Pods/Sentry » SentryDelayedFramesTracker.m
iOS preview (macos-26 / Xcode 26.2)	UNKNOWN STEP	2026-05-07T18:14:13.9784800Z [RUN_FASTLANE] › Compiling @sentry/react-native Pods/Sentry » SentryDelayedFrame.m
iOS preview (macos-26 / Xcode 26.2)	UNKNOWN STEP	2026-05-07T18:14:13.9886820Z [RUN_FASTLANE] › Compiling @sentry/react-native Pods/Sentry » SentryDefaultUIViewControllerPerformanceTracker.m
iOS preview (macos-26 / Xcode 26.2)	UNKNOWN STEP	2026-05-07T18:14:14.1180370Z [RUN_FASTLANE] › Compiling @sentry/react-native Pods/Sentry » SentryDefaultThreadInspector.m
iOS preview (macos-26 / Xcode 26.2)	UNKNOWN STEP	2026-05-07T18:14:14.1386060Z [RUN_FASTLANE] › Compiling @sentry/react-native Pods/Sentry » SentryDefaultTelemetryProcessorTransport.m
iOS preview (macos-26 / Xcode 26.2)	UNKNOWN STEP	2026-05-07T18:14:14.1511710Z [RUN_FASTLANE] › Compiling @sentry/react-native Pods/Sentry » SentryDefaultAppStateManager.m
iOS preview (macos-26 / Xcode 26.2)	UNKNOWN STEP	2026-05-07T18:14:14.1830410Z [RUN_FASTLANE] › Compiling @sentry/react-native Pods/Sentry » SentryDebugMeta.m
iOS preview (macos-26 / Xcode 26.2)	UNKNOWN STEP	2026-05-07T18:14:14.1940500Z [RUN_FASTLANE] › Compiling @sentry/react-native Pods/Sentry » SentryDateUtils.m
iOS preview (macos-26 / Xcode 26.2)	UNKNOWN STEP	2026-05-07T18:14:14.2064280Z [RUN_FASTLANE] › Compiling @sentry/react-native Pods/Sentry » SentryDataCategoryMapper.m
iOS preview (macos-26 / Xcode 26.2)	UNKNOWN STEP	2026-05-07T18:14:14.2875770Z [RUN_FASTLANE] › Compiling @sentry/react-native Pods/Sentry » SentryCrashUUIDConversion.c
iOS preview (macos-26 / Xcode 26.2)	UNKNOWN STEP	2026-05-07T18:14:14.2977530Z [RUN_FASTLANE] › Compiling @sentry/react-native Pods/Sentry » SentryCrashSysCtl.c
iOS preview (macos-26 / Xcode 26.2)	UNKNOWN STEP	2026-05-07T18:14:14.3234530Z [RUN_FASTLANE] › Compiling @sentry/react-native Pods/Sentry » SentryCrashString.c
iOS preview (macos-26 / Xcode 26.2)	UNKNOWN STEP	2026-05-07T18:14:14.3790350Z [RUN_FASTLANE] › Compiling @sentry/react-native Pods/Sentry » SentryCrashStackEntryMapper.m
iOS preview (macos-26 / Xcode 26.2)	UNKNOWN STEP	2026-05-07T18:14:14.4976490Z [RUN_FASTLANE] › Compiling @sentry/react-native Pods/Sentry » SentryCrashStackCursor_SelfThread.m
iOS preview (macos-26 / Xcode 26.2)	UNKNOWN STEP	2026-05-07T18:14:14.4977450Z [RUN_FASTLANE] › Compiling @sentry/react-native Pods/Sentry » SentryCrashStackCursor_MachineContext.c
iOS preview (macos-26 / Xcode 26.2)	UNKNOWN STEP	2026-05-07T18:14:14.4978440Z [RUN_FASTLANE] › Compiling @sentry/react-native Pods/Sentry » SentryCrashThread.c
iOS preview (macos-26 / Xcode 26.2)	UNKNOWN STEP	2026-05-07T18:14:14.4979290Z [RUN_FASTLANE] › Compiling @sentry/react-native Pods/Sentry » SentryCrashStackCursor_Backtrace.c
iOS preview (macos-26 / Xcode 26.2)	UNKNOWN STEP	2026-05-07T18:14:14.4980160Z [RUN_FASTLANE] › Compiling @sentry/react-native Pods/Sentry » SentryCrashStackCursor.c
iOS preview (macos-26 / Xcode 26.2)	UNKNOWN STEP	2026-05-07T18:14:14.6260170Z [RUN_FASTLANE] › Compiling @sentry/react-native Pods/Sentry » SentryCrashSignalInfo.c
iOS preview (macos-26 / Xcode 26.2)	UNKNOWN STEP	2026-05-07T18:14:14.6357970Z [RUN_FASTLANE] › Compiling @sentry/react-native Pods/Sentry » SentryCrashReportStore.c
iOS preview (macos-26 / Xcode 26.2)	UNKNOWN STEP	2026-05-07T18:14:14.6779190Z [RUN_FASTLANE] › Compiling @sentry/react-native Pods/Sentry » SentryCrashScopeObserver.m
iOS preview (macos-26 / Xcode 26.2)	UNKNOWN STEP	2026-05-07T18:14:14.7549460Z [RUN_FASTLANE] › Compiling @sentry/react-native Pods/Sentry » SentryCrashReportSink.m
iOS preview (macos-26 / Xcode 26.2)	UNKNOWN STEP	2026-05-07T18:14:14.7893790Z [RUN_FASTLANE] › Compiling @sentry/react-native Pods/Sentry » SentryCrashReportFixer.c
iOS preview (macos-26 / Xcode 26.2)	UNKNOWN STEP	2026-05-07T18:14:14.7999180Z [RUN_FASTLANE] › Compiling @sentry/react-native Pods/Sentry » SentryCrashReportFilterBasic.m
iOS preview (macos-26 / Xcode 26.2)	UNKNOWN STEP	2026-05-07T18:14:14.9326340Z [RUN_FASTLANE] › Compiling @sentry/react-native Pods/Sentry » SentryCrashReportConverter.m
iOS preview (macos-26 / Xcode 26.2)	UNKNOWN STEP	2026-05-07T18:14:15.0248550Z [RUN_FASTLANE] › Compiling @sentry/react-native Pods/Sentry » SentryCrashReport.c
iOS preview (macos-26 / Xcode 26.2)	UNKNOWN STEP	2026-05-07T18:14:15.0824680Z [RUN_FASTLANE] › Compiling @sentry/react-native Pods/Sentry » SentryCrashNSErrorUtil.m
iOS preview (macos-26 / Xcode 26.2)	UNKNOWN STEP	2026-05-07T18:14:15.1106010Z [RUN_FASTLANE] › Compiling @sentry/react-native Pods/Sentry » SentryCrashMonitor_Signal.c
iOS preview (macos-26 / Xcode 26.2)	UNKNOWN STEP	2026-05-07T18:14:15.1567770Z [RUN_FASTLANE] › Compiling @sentry/react-native Pods/Sentry » SentryCrashMonitor_System.m
iOS preview (macos-26 / Xcode 26.2)	UNKNOWN STEP	2026-05-07T18:14:15.2917280Z [RUN_FASTLANE] › Compiling @sentry/react-native Pods/Sentry » SentryCrashMonitor_NSException_StackCursor.m
iOS preview (macos-26 / Xcode 26.2)	UNKNOWN STEP	2026-05-07T18:14:15.3031820Z [RUN_FASTLANE] › Compiling @sentry/react-native Pods/Sentry » SentryCrashObjC.c
iOS preview (macos-26 / Xcode 26.2)	UNKNOWN STEP	2026-05-07T18:14:15.4402360Z [RUN_FASTLANE] › Compiling @sentry/react-native Pods/Sentry » SentryCrashMonitor_NSException.m
iOS preview (macos-26 / Xcode 26.2)	UNKNOWN STEP	2026-05-07T18:14:15.4506260Z [RUN_FASTLANE] › Compiling @sentry/react-native Pods/Sentry » SentryCrashMonitor_MachException.c
iOS preview (macos-26 / Xcode 26.2)	UNKNOWN STEP	2026-05-07T18:14:15.4514460Z [RUN_FASTLANE] › Compiling @sentry/react-native Pods/Sentry » SentryCrashMonitor_AppState.c
iOS preview (macos-26 / Xcode 26.2)	UNKNOWN STEP	2026-05-07T18:14:15.4718740Z [RUN_FASTLANE] › Compiling @sentry/react-native Pods/Sentry » SentryCrashMonitorType.c
iOS preview (macos-26 / Xcode 26.2)	UNKNOWN STEP	2026-05-07T18:14:15.4721650Z [RUN_FASTLANE] › Compiling @sentry/react-native Pods/Sentry » SentryCrashMonitor.c
iOS preview (macos-26 / Xcode 26.2)	UNKNOWN STEP	2026-05-07T18:14:15.5084880Z [RUN_FASTLANE] › Compiling @sentry/react-native Pods/Sentry » SentryCrashMachineContext.c
iOS preview (macos-26 / Xcode 26.2)	UNKNOWN STEP	2026-05-07T18:14:15.5733400Z [RUN_FASTLANE] › Compiling @sentry/react-native Pods/Sentry » SentryCrashMemory.c
iOS preview (macos-26 / Xcode 26.2)	UNKNOWN STEP	2026-05-07T18:14:15.5837730Z [RUN_FASTLANE] › Compiling @sentry/react-native Pods/Sentry » SentryCrashMach.c
iOS preview (macos-26 / Xcode 26.2)	UNKNOWN STEP	2026-05-07T18:14:15.6440220Z [RUN_FASTLANE] › Compiling @sentry/react-native Pods/Sentry » SentryCrashJSONCodec.c
iOS preview (macos-26 / Xcode 26.2)	UNKNOWN STEP	2026-05-07T18:14:15.8075830Z [RUN_FASTLANE] › Compiling @sentry/react-native Pods/Sentry » SentryCrashJSONCodecObjC.m
iOS preview (macos-26 / Xcode 26.2)	UNKNOWN STEP	2026-05-07T18:14:15.8179790Z [RUN_FASTLANE] › Compiling @sentry/react-native Pods/Sentry » SentryCrashInstallation.m
iOS preview (macos-26 / Xcode 26.2)	UNKNOWN STEP	2026-05-07T18:14:15.8416820Z [RUN_FASTLANE] › Compiling @sentry/react-native Pods/Sentry » SentryCrashMach-O.c
iOS preview (macos-26 / Xcode 26.2)	UNKNOWN STEP	2026-05-07T18:14:15.8517050Z [RUN_FASTLANE] › Compiling @sentry/react-native Pods/Sentry » SentryCrashID.c
iOS preview (macos-26 / Xcode 26.2)	UNKNOWN STEP	2026-05-07T18:14:15.8880890Z [RUN_FASTLANE] › Compiling @sentry/react-native Pods/Sentry » SentryCrashFileUtils.c
iOS preview (macos-26 / Xcode 26.2)	UNKNOWN STEP	2026-05-07T18:14:15.9899880Z [RUN_FASTLANE] › Compiling @sentry/react-native Pods/Sentry » SentryCrashExceptionApplication.m
iOS preview (macos-26 / Xcode 26.2)	UNKNOWN STEP	2026-05-07T18:14:16.0002090Z [RUN_FASTLANE] › Compiling @sentry/react-native Pods/Sentry » SentryCrashDynamicLinker.c
iOS preview (macos-26 / Xcode 26.2)	UNKNOWN STEP	2026-05-07T18:14:16.0070180Z [RUN_FASTLANE] › Compiling @sentry/react-native Pods/Sentry » SentryCrashDoctor.m
iOS preview (macos-26 / Xcode 26.2)	UNKNOWN STEP	2026-05-07T18:14:16.0373800Z [RUN_FASTLANE] › Compiling @sentry/react-native Pods/Sentry » SentryCrashDefaultMachineContextWrapper.m
iOS preview (macos-26 / Xcode 26.2)	UNKNOWN STEP	2026-05-07T18:14:16.0839740Z [RUN_FASTLANE] › Compiling @sentry/react-native Pods/Sentry » SentryCrashDebug.c
iOS preview (macos-26 / Xcode 26.2)	UNKNOWN STEP	2026-05-07T18:14:16.0941510Z [RUN_FASTLANE] › Compiling @sentry/react-native Pods/Sentry » SentryCrashDate.c
iOS preview (macos-26 / Xcode 26.2)	UNKNOWN STEP	2026-05-07T18:14:16.1010390Z [RUN_FASTLANE] › Compiling @sentry/react-native Pods/Sentry » SentryCrashCxaThrowSwapper.c
iOS preview (macos-26 / Xcode 26.2)	UNKNOWN STEP	2026-05-07T18:14:16.1583430Z [RUN_FASTLANE] › Compiling @sentry/react-native Pods/Sentry » SentryCrashCPU_x86_64.c
iOS preview (macos-26 / Xcode 26.2)	UNKNOWN STEP	2026-05-07T18:14:16.1686720Z [RUN_FASTLANE] › Compiling @sentry/react-native Pods/Sentry » SentryCrashCachedData.c
iOS preview (macos-26 / Xcode 26.2)	UNKNOWN STEP	2026-05-07T18:14:16.1799800Z [RUN_FASTLANE] › Compiling @sentry/react-native Pods/Sentry » SentryCrashCPU_x86_32.c
iOS preview (macos-26 / Xcode 26.2)	UNKNOWN STEP	2026-05-07T18:14:16.1815940Z [RUN_FASTLANE] › Compiling @sentry/react-native Pods/Sentry » SentryCrashCPU_arm64.c
iOS preview (macos-26 / Xcode 26.2)	UNKNOWN STEP	2026-05-07T18:14:16.2118770Z [RUN_FASTLANE] › Compiling @sentry/react-native Pods/Sentry » SentryCrashCPU_arm.c
iOS preview (macos-26 / Xcode 26.2)	UNKNOWN STEP	2026-05-07T18:14:16.2253110Z [RUN_FASTLANE] › Compiling @sentry/react-native Pods/Sentry » SentryCrashCPU.c
iOS preview (macos-26 / Xcode 26.2)	UNKNOWN STEP	2026-05-07T18:14:16.2383170Z [RUN_FASTLANE] › Compiling @sentry/react-native Pods/Sentry » SentryCrashC.c
iOS preview (macos-26 / Xcode 26.2)	UNKNOWN STEP	2026-05-07T18:14:16.2708450Z [RUN_FASTLANE] › Compiling @sentry/react-native Pods/Sentry » SentryCrashBinaryImageCache.c
iOS preview (macos-26 / Xcode 26.2)	UNKNOWN STEP	2026-05-07T18:14:16.5118440Z [RUN_FASTLANE] › Compiling @sentry/react-native Pods/Sentry » SentryCrash.m
iOS preview (macos-26 / Xcode 26.2)	UNKNOWN STEP	2026-05-07T18:14:16.6125340Z [RUN_FASTLANE] › Compiling @sentry/react-native Pods/Sentry » SentryClient.m
iOS preview (macos-26 / Xcode 26.2)	UNKNOWN STEP	2026-05-07T18:14:16.9369260Z [RUN_FASTLANE] › Compiling @sentry/react-native Pods/Sentry » SentryBuildAppStartSpans.m
iOS preview (macos-26 / Xcode 26.2)	UNKNOWN STEP	2026-05-07T18:14:16.9473560Z [RUN_FASTLANE] › Compiling @sentry/react-native Pods/Sentry » SentryBreadcrumb.m
iOS preview (macos-26 / Xcode 26.2)	UNKNOWN STEP	2026-05-07T18:14:16.9581000Z [RUN_FASTLANE] › Compiling @sentry/react-native Pods/Sentry » SentryBaggage.m
iOS preview (macos-26 / Xcode 26.2)	UNKNOWN STEP	2026-05-07T18:14:16.9956270Z [RUN_FASTLANE] › Compiling @sentry/react-native Pods/Sentry » SentryAttachment.m
iOS preview (macos-26 / Xcode 26.2)	UNKNOWN STEP	2026-05-07T18:14:17.0058130Z [RUN_FASTLANE] › Compiling @sentry/react-native Pods/Sentry » SentryAsynchronousOperation.m
iOS preview (macos-26 / Xcode 26.2)	UNKNOWN STEP	2026-05-07T18:14:17.0159840Z [RUN_FASTLANE] › Compiling @sentry/react-native Pods/Sentry » SentryAsyncSafeLog.c
iOS preview (macos-26 / Xcode 26.2)	UNKNOWN STEP	2026-05-07T18:14:17.0287860Z [RUN_FASTLANE] › Compiling @sentry/react-native Pods/Sentry » SentryCoreDataTracker.m
iOS preview (macos-26 / Xcode 26.2)	UNKNOWN STEP	2026-05-07T18:14:17.2487950Z [RUN_FASTLANE] › Compiling @sentry/react-native Pods/Sentry » SentryCoreDataSwizzlingHelper.m
iOS preview (macos-26 / Xcode 26.2)	UNKNOWN STEP	2026-05-07T18:14:17.2611840Z [RUN_FASTLANE] › Compiling @sentry/react-native Pods/Sentry » SentryAsyncLog.m
iOS preview (macos-26 / Xcode 26.2)	UNKNOWN STEP	2026-05-07T18:14:17.2715550Z [RUN_FASTLANE] › Compiling @sentry/react-native Pods/Sentry » SentryArray.m
iOS preview (macos-26 / Xcode 26.2)	UNKNOWN STEP	2026-05-07T18:14:17.2822910Z [RUN_FASTLANE] › Compiling @sentry/react-native Pods/Sentry » SentryAppStartTrackerHelper.m
iOS preview (macos-26 / Xcode 26.2)	UNKNOWN STEP	2026-05-07T18:14:17.3837580Z [RUN_FASTLANE] › Compiling @sentry/react-native Pods/Sentry » SentryAppStartMeasurementProvider.m
iOS preview (macos-26 / Xcode 26.2)	UNKNOWN STEP	2026-05-07T18:14:17.4003120Z [RUN_FASTLANE] › Compiling @sentry/react-native Pods/Sentry » SentryAppStartMeasurement.m
iOS preview (macos-26 / Xcode 26.2)	UNKNOWN STEP	2026-05-07T18:14:17.4105410Z [RUN_FASTLANE] › Compiling @sentry/react-native Pods/Sentry » SentryANRTrackerV2.m
iOS preview (macos-26 / Xcode 26.2)	UNKNOWN STEP	2026-05-07T18:14:17.5825540Z [RUN_FASTLANE] › Compiling @sentry/react-native Pods/Sentry » SentryANRTrackerV1.m
iOS preview (macos-26 / Xcode 26.2)	UNKNOWN STEP	2026-05-07T18:14:17.5866230Z [RUN_FASTLANE] › Compiling @sentry/react-native Pods/Sentry » SentryANRStoppedResultInternal.m
iOS preview (macos-26 / Xcode 26.2)	UNKNOWN STEP	2026-05-07T18:14:17.5914400Z [RUN_FASTLANE] › Compiling @sentry/react-native Pods/Sentry » Sentry-dummy.m
iOS preview (macos-26 / Xcode 26.2)	UNKNOWN STEP	2026-05-07T18:14:17.5915290Z [RUN_FASTLANE] › Compiling @sentry/react-native Pods/Sentry » PrivateSentrySDKOnly.m
iOS preview (macos-26 / Xcode 26.2)	UNKNOWN STEP	2026-05-07T18:14:17.7038150Z [RUN_FASTLANE] › Compiling react-native-safe-area-context Pods/react-native-safe-area-context » RNCSafeAreaViewState.cpp
iOS preview (macos-26 / Xcode 26.2)	UNKNOWN STEP	2026-05-07T18:14:20.0948810Z [RUN_FASTLANE] › Compiling react-native-safe-area-context Pods/react-native-safe-area-context » RNCSafeAreaViewShadowNode.cpp
iOS preview (macos-26 / Xcode 26.2)	UNKNOWN STEP	2026-05-07T18:14:21.1173870Z [RUN_FASTLANE] › Compiling react-native-safe-area-context Pods/react-native-safe-area-context » RNCSafeAreaViewComponentView.mm
iOS preview (macos-26 / Xcode 26.2)	UNKNOWN STEP	2026-05-07T18:14:22.0731370Z [RUN_FASTLANE] › Compiling react-native-safe-area-context Pods/react-native-safe-area-context » RNCSafeAreaProviderComponentView.mm
iOS preview (macos-26 / Xcode 26.2)	UNKNOWN STEP	2026-05-07T18:14:24.8441280Z [RUN_FASTLANE] › Compiling react-native-safe-area-context Pods/react-native-safe-area-context » RNCSafeAreaContext.mm
iOS preview (macos-26 / Xcode 26.2)	UNKNOWN STEP	2026-05-07T18:14:24.8563090Z [RUN_FASTLANE] › Compiling @sentry/react-native Pods/Sentry » NSMutableDictionary+Sentry.m
iOS preview (macos-26 / Xcode 26.2)	UNKNOWN STEP	2026-05-07T18:14:24.8684790Z [RUN_FASTLANE] › Packaging @sentry/react-native Pods/Sentry » libSentry.a
iOS preview (macos-26 / Xcode 26.2)	UNKNOWN STEP	2026-05-07T18:14:24.8805810Z [RUN_FASTLANE] › Compiling react-native-safe-area-context Pods/react-native-safe-area-context » react-native-safe-area-context-dummy.m
iOS preview (macos-26 / Xcode 26.2)	UNKNOWN STEP	2026-05-07T18:14:24.8923200Z [RUN_FASTLANE] › Compiling react-native-safe-area-context Pods/react-native-safe-area-context » RNCSafeAreaViewMode.m
iOS preview (macos-26 / Xcode 26.2)	UNKNOWN STEP	2026-05-07T18:14:24.9028920Z [RUN_FASTLANE] › Compiling react-native-safe-area-context Pods/react-native-safe-area-context » RNCSafeAreaViewManager.m
iOS preview (macos-26 / Xcode 26.2)	UNKNOWN STEP	2026-05-07T18:14:24.9135270Z [RUN_FASTLANE] › Compiling react-native-safe-area-context Pods/react-native-safe-area-context » RNCSafeAreaViewLocalData.m
iOS preview (macos-26 / Xcode 26.2)	UNKNOWN STEP	2026-05-07T18:14:24.9241240Z [RUN_FASTLANE] › Compiling react-native-safe-area-context Pods/react-native-safe-area-context » RNCSafeAreaViewEdges.m
iOS preview (macos-26 / Xcode 26.2)	UNKNOWN STEP	2026-05-07T18:14:24.9345220Z [RUN_FASTLANE] › Compiling react-native-safe-area-context Pods/react-native-safe-area-context » RNCSafeAreaViewEdgeMode.m
iOS preview (macos-26 / Xcode 26.2)	UNKNOWN STEP	2026-05-07T18:14:24.9472010Z [RUN_FASTLANE] › Compiling react-native-safe-area-context Pods/react-native-safe-area-context » RNCSafeAreaView.m
iOS preview (macos-26 / Xcode 26.2)	UNKNOWN STEP	2026-05-07T18:14:24.9588450Z [RUN_FASTLANE] › Compiling react-native-safe-area-context Pods/react-native-safe-area-context » RNCSafeAreaUtils.m
iOS preview (macos-26 / Xcode 26.2)	UNKNOWN STEP	2026-05-07T18:14:24.9602040Z [RUN_FASTLANE] › Compiling react-native-safe-area-context Pods/react-native-safe-area-context » RNCSafeAreaShadowView.m
iOS preview (macos-26 / Xcode 26.2)	UNKNOWN STEP	2026-05-07T18:14:24.9717280Z [RUN_FASTLANE] › Compiling react-native-safe-area-context Pods/react-native-safe-area-context » RNCSafeAreaProviderManager.m
iOS preview (macos-26 / Xcode 26.2)	UNKNOWN STEP	2026-05-07T18:14:24.9820850Z [RUN_FASTLANE] › Compiling react-native-safe-area-context Pods/react-native-safe-area-context » RNCSafeAreaProvider.m
iOS preview (macos-26 / Xcode 26.2)	UNKNOWN STEP	2026-05-07T18:14:24.9924000Z [RUN_FASTLANE] › Compiling react-native-safe-area-context Pods/react-native-safe-area-context » RNCOnInsetsChangeEvent.m
iOS preview (macos-26 / Xcode 26.2)	UNKNOWN STEP	2026-05-07T18:14:25.0036640Z [RUN_FASTLANE] › Executing @sentry/react-native Pods/Sentry » Copy generated compatibility header
iOS preview (macos-26 / Xcode 26.2)	UNKNOWN STEP	2026-05-07T18:14:25.0164980Z [RUN_FASTLANE] › Compiling @react-native-community/netinfo Pods/react-native-netinfo » RNCNetInfo.mm
iOS preview (macos-26 / Xcode 26.2)	UNKNOWN STEP	2026-05-07T18:14:27.6766590Z [RUN_FASTLANE] › Compiling @react-native-community/netinfo Pods/react-native-netinfo » react-native-netinfo-dummy.m
iOS preview (macos-26 / Xcode 26.2)	UNKNOWN STEP	2026-05-07T18:14:27.6865260Z [RUN_FASTLANE] › Compiling @react-native-community/netinfo Pods/react-native-netinfo » RNCConnectionStateWatcher.m
iOS preview (macos-26 / Xcode 26.2)	UNKNOWN STEP	2026-05-07T18:14:27.6968770Z [RUN_FASTLANE] › Compiling @react-native-community/netinfo Pods/react-native-netinfo » RNCConnectionState.m
iOS preview (macos-26 / Xcode 26.2)	UNKNOWN STEP	2026-05-07T18:14:43.1391420Z [RUN_FASTLANE] › Executing @expo/log-box Pods/ExpoLogBox » Copy generated compatibility header
iOS preview (macos-26 / Xcode 26.2)	UNKNOWN STEP	2026-05-07T18:14:43.1493640Z [RUN_FASTLANE] › Compiling @fisioflow/professional-app Pods/ReactAppDependencyProvider » RCTAppDependencyProvider.mm
iOS preview (macos-26 / Xcode 26.2)	UNKNOWN STEP	2026-05-07T18:14:43.1593980Z [RUN_FASTLANE] › Compiling @fisioflow/professional-app Pods/ReactAppDependencyProvider » ReactAppDependencyProvider-dummy.m
iOS preview (macos-26 / Xcode 26.2)	UNKNOWN STEP	2026-05-07T18:14:43.1696260Z [RUN_FASTLANE] › Compiling react-native-worklets Pods/RNWorklets » WorkletsVersion.cpp
iOS preview (macos-26 / Xcode 26.2)	UNKNOWN STEP	2026-05-07T18:14:43.1796470Z [RUN_FASTLANE] › Compiling react-native-worklets Pods/RNWorklets » WorkletsModuleProxy.cpp
iOS preview (macos-26 / Xcode 26.2)	UNKNOWN STEP	2026-05-07T18:14:43.1898220Z [RUN_FASTLANE] › Compiling react-native-worklets Pods/RNWorklets » WorkletsModule.mm
iOS preview (macos-26 / Xcode 26.2)	UNKNOWN STEP	2026-05-07T18:14:43.2142830Z [RUN_FASTLANE] › Compiling react-native-worklets Pods/RNWorklets » WorkletsJSIUtils.cpp
iOS preview (macos-26 / Xcode 26.2)	UNKNOWN STEP	2026-05-07T18:14:43.2244600Z [RUN_FASTLANE] › Compiling react-native-worklets Pods/RNWorklets » WorkletRuntimeRegistry.cpp
iOS preview (macos-26 / Xcode 26.2)	UNKNOWN STEP	2026-05-07T18:14:43.2346330Z [RUN_FASTLANE] › Compiling react-native-worklets Pods/RNWorklets » WorkletRuntimeDecorator.cpp
iOS preview (macos-26 / Xcode 26.2)	UNKNOWN STEP	2026-05-07T18:14:43.2447910Z [RUN_FASTLANE] › Compiling react-native-worklets Pods/RNWorklets » WorkletRuntime.cpp
iOS preview (macos-26 / Xcode 26.2)	UNKNOWN STEP	2026-05-07T18:14:43.2549660Z [RUN_FASTLANE] › Compiling react-native-worklets Pods/RNWorklets » WorkletHermesRuntime.cpp
iOS preview (macos-26 / Xcode 26.2)	UNKNOWN STEP	2026-05-07T18:14:43.3632150Z [RUN_FASTLANE] › Compiling react-native-worklets Pods/RNWorklets » WorkletEventHandler.cpp
iOS preview (macos-26 / Xcode 26.2)	UNKNOWN STEP	2026-05-07T18:14:43.8253510Z [RUN_FASTLANE] › Compiling react-native-worklets Pods/RNWorklets » VersionUtils.cpp
iOS preview (macos-26 / Xcode 26.2)	UNKNOWN STEP	2026-05-07T18:14:45.9810300Z [RUN_FASTLANE] › Compiling react-native-worklets Pods/RNWorklets » ValueUnpacker.cpp
iOS preview (macos-26 / Xcode 26.2)	UNKNOWN STEP	2026-05-07T18:14:45.9913570Z [RUN_FASTLANE] › Compiling react-native-worklets Pods/RNWorklets » UIScheduler.cpp
iOS preview (macos-26 / Xcode 26.2)	UNKNOWN STEP	2026-05-07T18:14:46.0015440Z [RUN_FASTLANE] › Compiling react-native-worklets Pods/RNWorklets » UIRuntimeDecorator.cpp
iOS preview (macos-26 / Xcode 26.2)	UNKNOWN STEP	2026-05-07T18:14:46.0120790Z [RUN_FASTLANE] › Compiling react-native-worklets Pods/RNWorklets » SynchronizableUnpacker.cpp
iOS preview (macos-26 / Xcode 26.2)	UNKNOWN STEP	2026-05-07T18:14:46.0222690Z [RUN_FASTLANE] › Compiling react-native-worklets Pods/RNWorklets » SynchronizableAccess.cpp
iOS preview (macos-26 / Xcode 26.2)	UNKNOWN STEP	2026-05-07T18:14:46.0324380Z [RUN_FASTLANE] › Compiling react-native-worklets Pods/RNWorklets » Synchronizable.cpp
iOS preview (macos-26 / Xcode 26.2)	UNKNOWN STEP	2026-05-07T18:14:46.2916580Z [RUN_FASTLANE] › Compiling react-native-worklets Pods/RNWorklets » SlowAnimations.mm
iOS preview (macos-26 / Xcode 26.2)	UNKNOWN STEP	2026-05-07T18:14:46.5139360Z [RUN_FASTLANE] › Compiling react-native-worklets Pods/RNWorklets » Serializable.cpp
iOS preview (macos-26 / Xcode 26.2)	UNKNOWN STEP	2026-05-07T18:14:47.8317620Z [RUN_FASTLANE] › Compiling react-native-worklets Pods/RNWorklets » RuntimeManager.cpp
iOS preview (macos-26 / Xcode 26.2)	UNKNOWN STEP	2026-05-07T18:14:49.0571670Z [RUN_FASTLANE] › Compiling react-native-worklets Pods/RNWorklets » RuntimeData.cpp
iOS preview (macos-26 / Xcode 26.2)	UNKNOWN STEP	2026-05-07T18:14:49.0672250Z [RUN_FASTLANE] › Compiling react-native-worklets Pods/RNWorklets » RNRuntimeWorkletDecorator.cpp
iOS preview (macos-26 / Xcode 26.2)	UNKNOWN STEP	2026-05-07T18:14:49.9246230Z [RUN_FASTLANE] › Compiling react-native-worklets Pods/RNWorklets » PlatformLogger.mm
iOS preview (macos-26 / Xcode 26.2)	UNKNOWN STEP	2026-05-07T18:14:49.9348410Z [RUN_FASTLANE] › Compiling react-native-worklets Pods/RNWorklets » MemoryManager.cpp
iOS preview (macos-26 / Xcode 26.2)	UNKNOWN STEP	2026-05-07T18:14:50.9971990Z [RUN_FASTLANE] › Compiling react-native-worklets Pods/RNWorklets » JSScheduler.cpp
iOS preview (macos-26 / Xcode 26.2)	UNKNOWN STEP	2026-05-07T18:14:51.0096830Z [RUN_FASTLANE] › Compiling react-native-worklets Pods/RNWorklets » JSLogger.cpp
iOS preview (macos-26 / Xcode 26.2)	UNKNOWN STEP	2026-05-07T18:14:51.0198690Z [RUN_FASTLANE] › Compiling react-native-worklets Pods/RNWorklets » JSIWorkletsModuleProxy.cpp
iOS preview (macos-26 / Xcode 26.2)	UNKNOWN STEP	2026-05-07T18:14:53.5742700Z [RUN_FASTLANE] › Compiling react-native-worklets Pods/RNWorklets » JSISerializer.cpp
iOS preview (macos-26 / Xcode 26.2)	UNKNOWN STEP	2026-05-07T18:14:53.5844520Z [RUN_FASTLANE] › Compiling react-native-worklets Pods/RNWorklets » IOSUIScheduler.mm
iOS preview (macos-26 / Xcode 26.2)	UNKNOWN STEP	2026-05-07T18:14:53.5946260Z [RUN_FASTLANE] › Compiling react-native-worklets Pods/RNWorklets » FeatureFlags.cpp
iOS preview (macos-26 / Xcode 26.2)	UNKNOWN STEP	2026-05-07T18:14:53.6047850Z [RUN_FASTLANE] › Compiling react-native-worklets Pods/RNWorklets » EventLoop.cpp
iOS preview (macos-26 / Xcode 26.2)	UNKNOWN STEP	2026-05-07T18:14:53.6149390Z [RUN_FASTLANE] › Compiling react-native-worklets Pods/RNWorklets » EventHandlerRegistry.cpp
iOS preview (macos-26 / Xcode 26.2)	UNKNOWN STEP	2026-05-07T18:14:54.1177940Z [RUN_FASTLANE] › Compiling react-native-worklets Pods/RNWorklets » CustomSerializableUnpacker.cpp
iOS preview (macos-26 / Xcode 26.2)	UNKNOWN STEP	2026-05-07T18:14:54.1279740Z [RUN_FASTLANE] › Compiling react-native-worklets Pods/RNWorklets » AsyncQueueImpl.cpp
iOS preview (macos-26 / Xcode 26.2)	UNKNOWN STEP	2026-05-07T18:14:54.1682420Z [RUN_FASTLANE] › Compiling react-native-worklets Pods/RNWorklets » AnimationFrameQueue.mm
iOS preview (macos-26 / Xcode 26.2)	UNKNOWN STEP	2026-05-07T18:14:55.0148430Z [RUN_FASTLANE] › Compiling react-native-worklets Pods/RNWorklets » AnimationFrameBatchinator.cpp
iOS preview (macos-26 / Xcode 26.2)	UNKNOWN STEP	2026-05-07T18:14:56.4107010Z [RUN_FASTLANE] › Packaging react-native-worklets-core Pods/react-native-worklets-core » libreact-native-worklets-core.a
iOS preview (macos-26 / Xcode 26.2)	UNKNOWN STEP	2026-05-07T18:14:56.4225580Z [RUN_FASTLANE] › Packaging @react-native-community/slider Pods/react-native-slider » libreact-native-slider.a
iOS preview (macos-26 / Xcode 26.2)	UNKNOWN STEP	2026-05-07T18:14:56.4239800Z [RUN_FASTLANE] › Packaging react-native-safe-area-context Pods/react-native-safe-area-context » libreact-native-safe-area-context.a
iOS preview (macos-26 / Xcode 26.2)	UNKNOWN STEP	2026-05-07T18:14:56.4369390Z [RUN_FASTLANE] › Packaging @react-native-community/netinfo Pods/react-native-netinfo » libreact-native-netinfo.a
iOS preview (macos-26 / Xcode 26.2)	UNKNOWN STEP	2026-05-07T18:14:56.4489330Z [RUN_FASTLANE] › Packaging @fisioflow/professional-app Pods/ReactAppDependencyProvider » libReactAppDependencyProvider.a
iOS preview (macos-26 / Xcode 26.2)	UNKNOWN STEP	2026-05-07T18:14:56.4619400Z [RUN_FASTLANE] › Compiling react-native-vision-camera Pods/VisionCamera » VisionCameraProxyHolder.mm
iOS preview (macos-26 / Xcode 26.2)	UNKNOWN STEP	2026-05-07T18:14:57.7933700Z [RUN_FASTLANE] › Compiling react-native-vision-camera Pods/VisionCamera » VisionCameraProxy.mm
iOS preview (macos-26 / Xcode 26.2)	UNKNOWN STEP	2026-05-07T18:14:58.6028780Z [RUN_FASTLANE] › Compiling react-native-vision-camera Pods/VisionCamera » VisionCameraInstaller.mm
iOS preview (macos-26 / Xcode 26.2)	UNKNOWN STEP	2026-05-07T18:14:59.1508700Z [RUN_FASTLANE] › Compiling react-native-vision-camera Pods/VisionCamera » SharedArray.mm
iOS preview (macos-26 / Xcode 26.2)	UNKNOWN STEP	2026-05-07T18:15:00.1285740Z [RUN_FASTLANE] › Compiling react-native-vision-camera Pods/VisionCamera » JSINSObjectConversion.mm
iOS preview (macos-26 / Xcode 26.2)	UNKNOWN STEP	2026-05-07T18:15:00.6858520Z [RUN_FASTLANE] › Compiling react-native-vision-camera Pods/VisionCamera » FrameProcessorPluginHostObject.mm
iOS preview (macos-26 / Xcode 26.2)	UNKNOWN STEP	2026-05-07T18:15:01.2204870Z [RUN_FASTLANE] › Compiling react-native-vision-camera Pods/VisionCamera » FrameProcessor.mm
iOS preview (macos-26 / Xcode 26.2)	UNKNOWN STEP	2026-05-07T18:15:02.5126380Z [RUN_FASTLANE] › Compiling react-native-vision-camera Pods/VisionCamera » FrameHostObject.mm
iOS preview (macos-26 / Xcode 26.2)	UNKNOWN STEP	2026-05-07T18:15:04.1287260Z [RUN_FASTLANE] › Compiling react-native-svg Pods/RNSVG » RNSVGViewBox.mm
iOS preview (macos-26 / Xcode 26.2)	UNKNOWN STEP	2026-05-07T18:15:08.6190060Z [RUN_FASTLANE] › Compiling react-native-svg Pods/RNSVG » RNSVGUseManager.mm
iOS preview (macos-26 / Xcode 26.2)	UNKNOWN STEP	2026-05-07T18:15:08.6508370Z [RUN_FASTLANE] › Compiling react-native-svg Pods/RNSVG » RNSVGUse.mm
iOS preview (macos-26 / Xcode 26.2)	UNKNOWN STEP	2026-05-07T18:15:12.8378830Z [RUN_FASTLANE] › Compiling react-native-svg Pods/RNSVG » RNSVGTopAlignedLabel.ios.mm
iOS preview (macos-26 / Xcode 26.2)	UNKNOWN STEP	2026-05-07T18:15:12.8516370Z [RUN_FASTLANE] › Compiling react-native-svg Pods/RNSVG » RNSVGTextProperties.mm
iOS preview (macos-26 / Xcode 26.2)	UNKNOWN STEP	2026-05-07T18:15:12.8623220Z [RUN_FASTLANE] › Compiling react-native-svg Pods/RNSVG » RNSVGTextPathManager.mm
iOS preview (macos-26 / Xcode 26.2)	UNKNOWN STEP	2026-05-07T18:15:12.8728220Z [RUN_FASTLANE] › Compiling react-native-svg Pods/RNSVG » RNSVGTextPath.mm
iOS preview (macos-26 / Xcode 26.2)	UNKNOWN STEP	2026-05-07T18:15:13.8977240Z [RUN_FASTLANE] › Compiling react-native-svg Pods/RNSVG » RNSVGTextManager.mm
iOS preview (macos-26 / Xcode 26.2)	UNKNOWN STEP	2026-05-07T18:15:15.3370700Z [RUN_FASTLANE] › Compiling react-native-svg Pods/RNSVG » RNSVGText.mm
iOS preview (macos-26 / Xcode 26.2)	UNKNOWN STEP	2026-05-07T18:15:16.4366800Z [RUN_FASTLANE] › Compiling react-native-svg Pods/RNSVG » RNSVGTSpanManager.mm
iOS preview (macos-26 / Xcode 26.2)	UNKNOWN STEP	2026-05-07T18:15:16.4473050Z [RUN_FASTLANE] › Compiling react-native-svg Pods/RNSVG » RNSVGTSpan.mm
iOS preview (macos-26 / Xcode 26.2)	UNKNOWN STEP	2026-05-07T18:15:18.9954680Z [RUN_FASTLANE] › Compiling react-native-svg Pods/RNSVG » RNSVGSymbolManager.mm
iOS preview (macos-26 / Xcode 26.2)	UNKNOWN STEP	2026-05-07T18:15:19.0056400Z [RUN_FASTLANE] › Compiling react-native-svg Pods/RNSVG » RNSVGSymbol.mm
iOS preview (macos-26 / Xcode 26.2)	UNKNOWN STEP	2026-05-07T18:15:19.9771540Z [RUN_FASTLANE] › Compiling react-native-svg Pods/RNSVG » RNSVGSvgViewModule.mm
iOS preview (macos-26 / Xcode 26.2)	UNKNOWN STEP	2026-05-07T18:15:21.2035770Z [RUN_FASTLANE] › Compiling react-native-svg Pods/RNSVG » RNSVGSvgViewManager.mm
iOS preview (macos-26 / Xcode 26.2)	UNKNOWN STEP	2026-05-07T18:15:21.3856060Z [RUN_FASTLANE] › Compiling react-native-svg Pods/RNSVG » RNSVGSvgView.mm
iOS preview (macos-26 / Xcode 26.2)	UNKNOWN STEP	2026-05-07T18:15:23.9437850Z [RUN_FASTLANE] › Compiling react-native-svg Pods/RNSVG » RNSVGSolidColorBrush.mm
iOS preview (macos-26 / Xcode 26.2)	UNKNOWN STEP	2026-05-07T18:15:23.9548630Z [RUN_FASTLANE] › Compiling react-native-svg Pods/RNSVG » RNSVGShadowNodes.cpp
iOS preview (macos-26 / Xcode 26.2)	UNKNOWN STEP	2026-05-07T18:15:23.9676360Z [RUN_FASTLANE] › Compiling react-native-svg Pods/RNSVG » RNSVGRenderableModule.mm
iOS preview (macos-26 / Xcode 26.2)	UNKNOWN STEP	2026-05-07T18:15:26.0538770Z [RUN_FASTLANE] › Compiling react-native-svg Pods/RNSVG » RNSVGRenderableManager.mm
iOS preview (macos-26 / Xcode 26.2)	UNKNOWN STEP	2026-05-07T18:15:26.0645680Z [RUN_FASTLANE] › Compiling react-native-svg Pods/RNSVG » RNSVGRenderable.mm
iOS preview (macos-26 / Xcode 26.2)	UNKNOWN STEP	2026-05-07T18:15:26.3715510Z [RUN_FASTLANE] › Compiling react-native-svg Pods/RNSVG » RNSVGRenderUtils.mm
iOS preview (macos-26 / Xcode 26.2)	UNKNOWN STEP	2026-05-07T18:15:28.7577550Z [RUN_FASTLANE] › Compiling react-native-svg Pods/RNSVG » RNSVGRectManager.mm
iOS preview (macos-26 / Xcode 26.2)	UNKNOWN STEP	2026-05-07T18:15:28.8187230Z [RUN_FASTLANE] › Compiling react-native-svg Pods/RNSVG » RNSVGRect.mm
iOS preview (macos-26 / Xcode 26.2)	UNKNOWN STEP	2026-05-07T18:15:29.9686380Z [RUN_FASTLANE] › Compiling react-native-svg Pods/RNSVG » RNSVGRadialGradientManager.mm
iOS preview (macos-26 / Xcode 26.2)	UNKNOWN STEP	2026-05-07T18:15:30.9500190Z [RUN_FASTLANE] › Compiling react-native-svg Pods/RNSVG » RNSVGRadialGradient.mm
iOS preview (macos-26 / Xcode 26.2)	UNKNOWN STEP	2026-05-07T18:15:31.9331740Z [RUN_FASTLANE] › Compiling react-native-svg Pods/RNSVG » RNSVGPropHelper.mm
iOS preview (macos-26 / Xcode 26.2)	UNKNOWN STEP	2026-05-07T18:15:32.0859690Z [RUN_FASTLANE] › Compiling react-native-svg Pods/RNSVG » RNSVGPatternManager.mm
iOS preview (macos-26 / Xcode 26.2)	UNKNOWN STEP	2026-05-07T18:15:33.2387360Z [RUN_FASTLANE] › Compiling react-native-svg Pods/RNSVG » RNSVGPattern.mm
iOS preview (macos-26 / Xcode 26.2)	UNKNOWN STEP	2026-05-07T18:15:36.1369540Z [RUN_FASTLANE] › Compiling react-native-svg Pods/RNSVG » RNSVGPathParser.mm
iOS preview (macos-26 / Xcode 26.2)	UNKNOWN STEP	2026-05-07T18:15:36.1493770Z [RUN_FASTLANE] › Compiling react-native-svg Pods/RNSVG » RNSVGPathMeasure.mm
iOS preview (macos-26 / Xcode 26.2)	UNKNOWN STEP	2026-05-07T18:15:36.1598570Z [RUN_FASTLANE] › Compiling react-native-svg Pods/RNSVG » RNSVGPathManager.mm
iOS preview (macos-26 / Xcode 26.2)	UNKNOWN STEP	2026-05-07T18:15:37.2009510Z [RUN_FASTLANE] › Compiling react-native-svg Pods/RNSVG » RNSVGPath.mm
iOS preview (macos-26 / Xcode 26.2)	UNKNOWN STEP	2026-05-07T18:15:39.2531070Z [RUN_FASTLANE] › Compiling react-native-svg Pods/RNSVG » RNSVGPainterBrush.mm
iOS preview (macos-26 / Xcode 26.2)	UNKNOWN STEP	2026-05-07T18:15:39.2634030Z [RUN_FASTLANE] › Compiling react-native-svg Pods/RNSVG » RNSVGPainter.mm
iOS preview (macos-26 / Xcode 26.2)	UNKNOWN STEP	2026-05-07T18:15:39.5562370Z [RUN_FASTLANE] › Compiling react-native-svg Pods/RNSVG » RNSVGNodeManager.mm
iOS preview (macos-26 / Xcode 26.2)	UNKNOWN STEP	2026-05-07T18:15:40.3625220Z [RUN_FASTLANE] › Compiling react-native-svg Pods/RNSVG » RNSVGNode.mm
iOS preview (macos-26 / Xcode 26.2)	UNKNOWN STEP	2026-05-07T18:15:41.4449990Z [RUN_FASTLANE] › Compiling react-native-svg Pods/RNSVG » RNSVGMaskManager.mm
iOS preview (macos-26 / Xcode 26.2)	UNKNOWN STEP	2026-05-07T18:15:41.4787700Z [RUN_FASTLANE] › Compiling react-native-svg Pods/RNSVG » RNSVGMask.mm
iOS preview (macos-26 / Xcode 26.2)	UNKNOWN STEP	2026-05-07T18:15:43.3199670Z [RUN_FASTLANE] › Compiling react-native-svg Pods/RNSVG » RNSVGMarkerPosition.mm
iOS preview (macos-26 / Xcode 26.2)	UNKNOWN STEP	2026-05-07T18:15:43.5403540Z [RUN_FASTLANE] › Compiling react-native-svg Pods/RNSVG » RNSVGMarkerManager.mm
iOS preview (macos-26 / Xcode 26.2)	UNKNOWN STEP	2026-05-07T18:15:43.6110070Z [RUN_FASTLANE] › Compiling react-native-svg Pods/RNSVG » RNSVGMarker.mm
iOS preview (macos-26 / Xcode 26.2)	UNKNOWN STEP	2026-05-07T18:15:47.3825900Z [RUN_FASTLANE] › Compiling react-native-svg Pods/RNSVG » RNSVGLinearGradientManager.mm
iOS preview (macos-26 / Xcode 26.2)	UNKNOWN STEP	2026-05-07T18:15:47.3927830Z [RUN_FASTLANE] › Compiling react-native-svg Pods/RNSVG » RNSVGLinearGradient.mm
iOS preview (macos-26 / Xcode 26.2)	UNKNOWN STEP	2026-05-07T18:15:47.4029660Z [RUN_FASTLANE] › Compiling react-native-svg Pods/RNSVG » RNSVGLineManager.mm
iOS preview (macos-26 / Xcode 26.2)	UNKNOWN STEP	2026-05-07T18:15:48.4571260Z [RUN_FASTLANE] › Compiling react-native-svg Pods/RNSVG » RNSVGLine.mm
iOS preview (macos-26 / Xcode 26.2)	UNKNOWN STEP	2026-05-07T18:15:50.7014600Z [RUN_FASTLANE] › Compiling react-native-svg Pods/RNSVG » RNSVGLength.mm
iOS preview (macos-26 / Xcode 26.2)	UNKNOWN STEP	2026-05-07T18:15:50.7015280Z [RUN_FASTLANE] › Compiling react-native-svg Pods/RNSVG » RNSVGLayoutableShadowNode.cpp
iOS preview (macos-26 / Xcode 26.2)	UNKNOWN STEP	2026-05-07T18:15:50.7016040Z [RUN_FASTLANE] › Compiling react-native-svg Pods/RNSVG » RNSVGImageState.cpp
iOS preview (macos-26 / Xcode 26.2)	UNKNOWN STEP	2026-05-07T18:15:51.0697160Z [RUN_FASTLANE] › Compiling react-native-svg Pods/RNSVG » RNSVGImageShadowNode.cpp
iOS preview (macos-26 / Xcode 26.2)	UNKNOWN STEP	2026-05-07T18:15:52.0452710Z [RUN_FASTLANE] › Compiling react-native-svg Pods/RNSVG » RNSVGImageManager.mm
iOS preview (macos-26 / Xcode 26.2)	UNKNOWN STEP	2026-05-07T18:15:52.5429380Z [RUN_FASTLANE] › Compiling react-native-svg Pods/RNSVG » RNSVGImage.mm
iOS preview (macos-26 / Xcode 26.2)	UNKNOWN STEP	2026-05-07T18:15:53.6854330Z [RUN_FASTLANE] › Compiling react-native-svg Pods/RNSVG » RNSVGGroupManager.mm
iOS preview (macos-26 / Xcode 26.2)	UNKNOWN STEP	2026-05-07T18:15:53.8717400Z [RUN_FASTLANE] › Compiling react-native-svg Pods/RNSVG » RNSVGGroup.mm
iOS preview (macos-26 / Xcode 26.2)	UNKNOWN STEP	2026-05-07T18:15:55.2750870Z [RUN_FASTLANE] › Compiling react-native-svg Pods/RNSVG » RNSVGGlyphContext.mm
iOS preview (macos-26 / Xcode 26.2)	UNKNOWN STEP	2026-05-07T18:15:55.5137110Z [RUN_FASTLANE] › Compiling react-native-svg Pods/RNSVG » RNSVGForeignObjectManager.mm
iOS preview (macos-26 / Xcode 26.2)	UNKNOWN STEP	2026-05-07T18:15:55.6412690Z [RUN_FASTLANE] › Compiling react-native-svg Pods/RNSVG » RNSVGForeignObject.mm
iOS preview (macos-26 / Xcode 26.2)	UNKNOWN STEP	2026-05-07T18:15:58.4784660Z [RUN_FASTLANE] › Compiling react-native-svg Pods/RNSVG » RNSVGFontData.mm
iOS preview (macos-26 / Xcode 26.2)	UNKNOWN STEP	2026-05-07T18:15:58.4885610Z [RUN_FASTLANE] › Compiling react-native-svg Pods/RNSVG » RNSVGFilterRegion.mm
iOS preview (macos-26 / Xcode 26.2)	UNKNOWN STEP	2026-05-07T18:15:58.4989060Z [RUN_FASTLANE] › Compiling react-native-svg Pods/RNSVG » RNSVGFilterPrimitiveManager.mm
iOS preview (macos-26 / Xcode 26.2)	UNKNOWN STEP	2026-05-07T18:15:59.8984650Z [RUN_FASTLANE] › Compiling react-native-svg Pods/RNSVG » RNSVGFilterPrimitive.mm
iOS preview (macos-26 / Xcode 26.2)	UNKNOWN STEP	2026-05-07T18:16:00.4974020Z [RUN_FASTLANE] › Compiling react-native-svg Pods/RNSVG » RNSVGFilterManager.mm
iOS preview (macos-26 / Xcode 26.2)	UNKNOWN STEP	2026-05-07T18:16:00.7519120Z [RUN_FASTLANE] › Compiling react-native-svg Pods/RNSVG » RNSVGFilter.mm
iOS preview (macos-26 / Xcode 26.2)	UNKNOWN STEP	2026-05-07T18:16:02.8466810Z [RUN_FASTLANE] › Compiling react-native-svg Pods/RNSVG » RNSVGFeOffsetManager.mm
iOS preview (macos-26 / Xcode 26.2)	UNKNOWN STEP	2026-05-07T18:16:02.8468080Z [RUN_FASTLANE] › Compiling react-native-svg Pods/RNSVG » RNSVGFeOffset.mm
iOS preview (macos-26 / Xcode 26.2)	UNKNOWN STEP	2026-05-07T18:16:03.7062660Z [RUN_FASTLANE] › Compiling react-native-svg Pods/RNSVG » RNSVGFeMergeManager.mm
iOS preview (macos-26 / Xcode 26.2)	UNKNOWN STEP	2026-05-07T18:16:04.5804200Z [RUN_FASTLANE] › Compiling react-native-svg Pods/RNSVG » RNSVGFeMerge.mm
iOS preview (macos-26 / Xcode 26.2)	UNKNOWN STEP	2026-05-07T18:16:05.5373180Z [RUN_FASTLANE] › Compiling react-native-svg Pods/RNSVG » RNSVGFeGaussianBlurManager.mm
iOS preview (macos-26 / Xcode 26.2)	UNKNOWN STEP	2026-05-07T18:16:05.5475560Z [RUN_FASTLANE] › Compiling react-native-svg Pods/RNSVG » RNSVGFeGaussianBlur.mm
iOS preview (macos-26 / Xcode 26.2)	UNKNOWN STEP	2026-05-07T18:16:07.2186290Z [RUN_FASTLANE] › Compiling react-native-svg Pods/RNSVG » RNSVGFeFloodManager.mm
iOS preview (macos-26 / Xcode 26.2)	UNKNOWN STEP	2026-05-07T18:16:07.2988640Z [RUN_FASTLANE] › Compiling react-native-svg Pods/RNSVG » RNSVGFeFlood.mm
iOS preview (macos-26 / Xcode 26.2)	UNKNOWN STEP	2026-05-07T18:16:08.1756850Z [RUN_FASTLANE] › Compiling react-native-svg Pods/RNSVG » RNSVGFeCompositeManager.mm
iOS preview (macos-26 / Xcode 26.2)	UNKNOWN STEP	2026-05-07T18:16:09.2988340Z [RUN_FASTLANE] › Compiling react-native-svg Pods/RNSVG » RNSVGFeComposite.mm
iOS preview (macos-26 / Xcode 26.2)	UNKNOWN STEP	2026-05-07T18:16:10.5090820Z [RUN_FASTLANE] › Compiling react-native-svg Pods/RNSVG » RNSVGFeColorMatrixManager.mm
iOS preview (macos-26 / Xcode 26.2)	UNKNOWN STEP	2026-05-07T18:16:10.5517310Z [RUN_FASTLANE] › Compiling react-native-svg Pods/RNSVG » RNSVGFeColorMatrix.mm
iOS preview (macos-26 / Xcode 26.2)	UNKNOWN STEP	2026-05-07T18:16:12.2515260Z [RUN_FASTLANE] › Compiling react-native-svg Pods/RNSVG » RNSVGFeBlendManager.mm
iOS preview (macos-26 / Xcode 26.2)	UNKNOWN STEP	2026-05-07T18:16:12.2787500Z [RUN_FASTLANE] › Compiling react-native-svg Pods/RNSVG » RNSVGFeBlend.mm
iOS preview (macos-26 / Xcode 26.2)	UNKNOWN STEP	2026-05-07T18:16:13.1993050Z [RUN_FASTLANE] › Compiling react-native-svg Pods/RNSVG » RNSVGEllipseManager.mm
iOS preview (macos-26 / Xcode 26.2)	UNKNOWN STEP	2026-05-07T18:16:14.2586040Z [RUN_FASTLANE] › Compiling react-native-svg Pods/RNSVG » RNSVGEllipse.mm
iOS preview (macos-26 / Xcode 26.2)	UNKNOWN STEP	2026-05-07T18:16:15.3445460Z [RUN_FASTLANE] › Compiling react-native-svg Pods/RNSVG » RNSVGDefsManager.mm
iOS preview (macos-26 / Xcode 26.2)	UNKNOWN STEP	2026-05-07T18:16:15.3556000Z [RUN_FASTLANE] › Compiling react-native-svg Pods/RNSVG » RNSVGDefs.mm
iOS preview (macos-26 / Xcode 26.2)	UNKNOWN STEP	2026-05-07T18:16:18.6199870Z [RUN_FASTLANE] › Compiling react-native-svg Pods/RNSVG » RNSVGCustomFilter.mm
iOS preview (macos-26 / Xcode 26.2)	UNKNOWN STEP	2026-05-07T18:16:18.6301490Z [RUN_FASTLANE] › Compiling react-native-svg Pods/RNSVG » RNSVGConvert.mm
iOS preview (macos-26 / Xcode 26.2)	UNKNOWN STEP	2026-05-07T18:16:18.6403300Z [RUN_FASTLANE] › Compiling react-native-svg Pods/RNSVG » RNSVGContextBrush.mm
iOS preview (macos-26 / Xcode 26.2)	UNKNOWN STEP	2026-05-07T18:16:19.1555700Z [RUN_FASTLANE] › Compiling react-native-svg Pods/RNSVG » RNSVGCompositeXor.mm
iOS preview (macos-26 / Xcode 26.2)	UNKNOWN STEP	2026-05-07T18:16:19.3658500Z [RUN_FASTLANE] › Compiling react-native-svg Pods/RNSVG » RNSVGClipPathManager.mm
iOS preview (macos-26 / Xcode 26.2)	UNKNOWN STEP	2026-05-07T18:16:21.4245110Z [RUN_FASTLANE] › Compiling react-native-svg Pods/RNSVG » RNSVGClipPath.mm
iOS preview (macos-26 / Xcode 26.2)	UNKNOWN STEP	2026-05-07T18:16:22.7796480Z [RUN_FASTLANE] › Compiling react-native-svg Pods/RNSVG » RNSVGCircleManager.mm
iOS preview (macos-26 / Xcode 26.2)	UNKNOWN STEP	2026-05-07T18:16:22.7913590Z [RUN_FASTLANE] › Compiling react-native-svg Pods/RNSVG » RNSVGCircle.mm
iOS preview (macos-26 / Xcode 26.2)	UNKNOWN STEP	2026-05-07T18:16:24.1437830Z [RUN_FASTLANE] › Compiling react-native-svg Pods/RNSVG » RNSVGBrush.mm
iOS preview (macos-26 / Xcode 26.2)	UNKNOWN STEP	2026-05-07T18:16:24.1563150Z [RUN_FASTLANE] › Compiling react-native-svg Pods/RNSVG » RNSVGBezierElement.mm
iOS preview (macos-26 / Xcode 26.2)	UNKNOWN STEP	2026-05-07T18:16:24.5499300Z [RUN_FASTLANE] › Compiling react-native-svg Pods/RNSVG » RNSVGArithmeticFilter.mm
iOS preview (macos-26 / Xcode 26.2)	UNKNOWN STEP	2026-05-07T18:16:24.5505210Z [RUN_FASTLANE] › Compiling react-native-svg Pods/RNSVG » RCTConvert+RNSVG.mm
iOS preview (macos-26 / Xcode 26.2)	UNKNOWN STEP	2026-05-07T18:16:26.7123390Z [RUN_FASTLANE] › Compiling react-native-vision-camera Pods/VisionCamera » VisionCamera-dummy.m
iOS preview (macos-26 / Xcode 26.2)	UNKNOWN STEP	2026-05-07T18:16:26.7223280Z [RUN_FASTLANE] › Compiling react-native-vision-camera Pods/VisionCamera » Frame.m
iOS preview (macos-26 / Xcode 26.2)	UNKNOWN STEP	2026-05-07T18:16:26.7263860Z [RUN_FASTLANE] › Compiling react-native-vision-camera Pods/VisionCamera » CameraViewManager.m
iOS preview (macos-26 / Xcode 26.2)	UNKNOWN STEP	2026-05-07T18:16:26.7274030Z [RUN_FASTLANE] › Compiling react-native-vision-camera Pods/VisionCamera » CameraDevicesManager.m
iOS preview (macos-26 / Xcode 26.2)	UNKNOWN STEP	2026-05-07T18:16:26.7274920Z [RUN_FASTLANE] › Compiling react-native-worklets Pods/RNWorklets » RNWorklets-dummy.m
iOS preview (macos-26 / Xcode 26.2)	UNKNOWN STEP	2026-05-07T18:16:26.7277600Z [RUN_FASTLANE] › Packaging react-native-worklets Pods/RNWorklets » libRNWorklets.a
iOS preview (macos-26 / Xcode 26.2)	UNKNOWN STEP	2026-05-07T18:16:26.7278710Z [RUN_FASTLANE] › Compiling react-native-vision-camera Pods/VisionCamera » FrameProcessorPluginRegistry.m
iOS preview (macos-26 / Xcode 26.2)	UNKNOWN STEP	2026-05-07T18:16:26.7289000Z [RUN_FASTLANE] › Compiling react-native-vision-camera Pods/VisionCamera » FrameProcessorPlugin.m
iOS preview (macos-26 / Xcode 26.2)	UNKNOWN STEP	2026-05-07T18:16:26.7290020Z [RUN_FASTLANE] › Packaging react-native-vision-camera Pods/VisionCamera » libVisionCamera.a
iOS preview (macos-26 / Xcode 26.2)	UNKNOWN STEP	2026-05-07T18:16:26.7291580Z [RUN_FASTLANE] › Executing react-native-vision-camera Pods/VisionCamera » Copy generated compatibility header
iOS preview (macos-26 / Xcode 26.2)	UNKNOWN STEP	2026-05-07T18:16:26.7292470Z [RUN_FASTLANE] › Compiling @sentry/react-native Pods/RNSentry » RNSentryReplayUnmask.mm
iOS preview (macos-26 / Xcode 26.2)	UNKNOWN STEP	2026-05-07T18:16:28.9782880Z [RUN_FASTLANE] › Compiling @sentry/react-native Pods/RNSentry » RNSentryReplayMask.mm
iOS preview (macos-26 / Xcode 26.2)	UNKNOWN STEP	2026-05-07T18:16:28.9904360Z [RUN_FASTLANE] › Compiling @sentry/react-native Pods/RNSentry » RNSentryReplay.mm
iOS preview (macos-26 / Xcode 26.2)	UNKNOWN STEP	2026-05-07T18:16:28.9905470Z [RUN_FASTLANE] › Compiling @sentry/react-native Pods/RNSentry » RNSentry.mm
iOS preview (macos-26 / Xcode 26.2)	UNKNOWN STEP	2026-05-07T18:16:30.7889600Z [RUN_FASTLANE] › Compiling react-native-screens Pods/RNScreens » UIWindow+RNScreens.mm
iOS preview (macos-26 / Xcode 26.2)	UNKNOWN STEP	2026-05-07T18:16:31.3142240Z [RUN_FASTLANE] › Compiling react-native-screens Pods/RNScreens » UIViewController+RNScreens.mm
iOS preview (macos-26 / Xcode 26.2)	UNKNOWN STEP	2026-05-07T18:16:31.4845820Z [RUN_FASTLANE] › Compiling react-native-screens Pods/RNScreens » UIView+RNSUtility.mm
iOS preview (macos-26 / Xcode 26.2)	UNKNOWN STEP	2026-05-07T18:16:33.1225260Z [RUN_FASTLANE] › Compiling react-native-screens Pods/RNScreens » UIScrollView+RNScreens.mm
iOS preview (macos-26 / Xcode 26.2)	UNKNOWN STEP	2026-05-07T18:16:33.1330280Z [RUN_FASTLANE] › Compiling react-native-screens Pods/RNScreens » UINavigationBar+RNSUtility.mm
iOS preview (macos-26 / Xcode 26.2)	UNKNOWN STEP	2026-05-07T18:16:33.1432130Z [RUN_FASTLANE] › Compiling react-native-screens Pods/RNScreens » RNScreensTurboModule.cpp
iOS preview (macos-26 / Xcode 26.2)	UNKNOWN STEP	2026-05-07T18:16:33.1532470Z [RUN_FASTLANE] › Compiling react-native-screens Pods/RNScreens » RNScreens-dummy.m
iOS preview (macos-26 / Xcode 26.2)	UNKNOWN STEP	2026-05-07T18:16:33.1644190Z [RUN_FASTLANE] › Compiling react-native-screens Pods/RNScreens » RNSViewInteractionManager.mm
iOS preview (macos-26 / Xcode 26.2)	UNKNOWN STEP	2026-05-07T18:16:34.2011330Z [RUN_FASTLANE] › Compiling react-native-screens Pods/RNScreens » RNSViewControllerInvalidator.mm
iOS preview (macos-26 / Xcode 26.2)	UNKNOWN STEP	2026-05-07T18:16:34.4295600Z [RUN_FASTLANE] › Compiling react-native-screens Pods/RNScreens » RNSTabsScreenViewController.mm
iOS preview (macos-26 / Xcode 26.2)	UNKNOWN STEP	2026-05-07T18:16:34.9449230Z [RUN_FASTLANE] › Compiling react-native-screens Pods/RNScreens » RNSTabBarControllerDelegate.mm
iOS preview (macos-26 / Xcode 26.2)	UNKNOWN STEP	2026-05-07T18:16:35.9746130Z [RUN_FASTLANE] › Compiling react-native-screens Pods/RNScreens » RNSTabBarController.mm
iOS preview (macos-26 / Xcode 26.2)	UNKNOWN STEP	2026-05-07T18:16:36.1941170Z [RUN_FASTLANE] › Compiling react-native-screens Pods/RNScreens » RNSTabBarAppearanceCoordinator.mm
iOS preview (macos-26 / Xcode 26.2)	UNKNOWN STEP	2026-05-07T18:16:36.9018880Z [RUN_FASTLANE] › Compiling react-native-screens Pods/RNScreens » RNSStackScreenComponentViewManager.mm
iOS preview (macos-26 / Xcode 26.2)	UNKNOWN STEP	2026-05-07T18:16:36.9119170Z [RUN_FASTLANE] › Compiling react-native-screens Pods/RNScreens » RNSStackScreenComponentView.mm
iOS preview (macos-26 / Xcode 26.2)	UNKNOWN STEP	2026-05-07T18:16:38.5808780Z [RUN_FASTLANE] › Compiling react-native-screens Pods/RNScreens » RNSStackScreenComponentEventEmitter.mm
iOS preview (macos-26 / Xcode 26.2)	UNKNOWN STEP	2026-05-07T18:16:38.5909020Z [RUN_FASTLANE] › Compiling react-native-screens Pods/RNScreens » RNSStackHostComponentViewManager.mm
iOS preview (macos-26 / Xcode 26.2)	UNKNOWN STEP	2026-05-07T18:16:38.6010920Z [RUN_FASTLANE] › Compiling react-native-screens Pods/RNScreens » RNSStackHostComponentView.mm
iOS preview (macos-26 / Xcode 26.2)	UNKNOWN STEP	2026-05-07T18:16:39.7388770Z [RUN_FASTLANE] › Compiling react-native-screens Pods/RNScreens » RNSSplitViewScreenShadowStateProxy.mm
iOS preview (macos-26 / Xcode 26.2)	UNKNOWN STEP	2026-05-07T18:16:40.0625330Z [RUN_FASTLANE] › Compiling react-native-screens Pods/RNScreens » RNSSplitViewScreenShadowNode.cpp
iOS preview (macos-26 / Xcode 26.2)	UNKNOWN STEP	2026-05-07T18:16:40.1645250Z [RUN_FASTLANE] › Compiling react-native-screens Pods/RNScreens » RNSSplitViewScreenComponentViewManager.mm
iOS preview (macos-26 / Xcode 26.2)	UNKNOWN STEP	2026-05-07T18:16:40.2048150Z [RUN_FASTLANE] › Compiling react-native-screens Pods/RNScreens » RNSSplitViewScreenComponentView.mm
iOS preview (macos-26 / Xcode 26.2)	UNKNOWN STEP	2026-05-07T18:16:42.5992440Z [RUN_FASTLANE] › Compiling react-native-screens Pods/RNScreens » RNSSplitViewScreenComponentEventEmitter.mm
iOS preview (macos-26 / Xcode 26.2)	UNKNOWN STEP	2026-05-07T18:16:42.6094770Z [RUN_FASTLANE] › Compiling react-native-screens Pods/RNScreens » RNSSplitViewHostComponentViewManager.mm
iOS preview (macos-26 / Xcode 26.2)	UNKNOWN STEP	2026-05-07T18:16:42.6196620Z [RUN_FASTLANE] › Compiling react-native-screens Pods/RNScreens » RNSSplitViewHostComponentView.mm
iOS preview (macos-26 / Xcode 26.2)	UNKNOWN STEP	2026-05-07T18:16:43.2399910Z [RUN_FASTLANE] › Compiling react-native-screens Pods/RNScreens » RNSSplitViewHostComponentEventEmitter.mm
iOS preview (macos-26 / Xcode 26.2)	UNKNOWN STEP	2026-05-07T18:16:43.9967980Z [RUN_FASTLANE] › Compiling react-native-screens Pods/RNScreens » RNSSearchBar.mm
iOS preview (macos-26 / Xcode 26.2)	UNKNOWN STEP	2026-05-07T18:16:45.6865280Z [RUN_FASTLANE] › Compiling react-native-screens Pods/RNScreens » RNSScrollViewHelper.mm
iOS preview (macos-26 / Xcode 26.2)	UNKNOWN STEP	2026-05-07T18:16:45.6968350Z [RUN_FASTLANE] › Compiling react-native-screens Pods/RNScreens » RNSScrollViewFinder.mm
iOS preview (macos-26 / Xcode 26.2)	UNKNOWN STEP	2026-05-07T18:16:45.7068840Z [RUN_FASTLANE] › Compiling react-native-screens Pods/RNScreens » RNSScrollEdgeEffectApplicator.mm
iOS preview (macos-26 / Xcode 26.2)	UNKNOWN STEP	2026-05-07T18:16:45.7170080Z [RUN_FASTLANE] › Compiling react-native-screens Pods/RNScreens » RNSScreenWindowTraits.mm
iOS preview (macos-26 / Xcode 26.2)	UNKNOWN STEP	2026-05-07T18:16:46.3771240Z [RUN_FASTLANE] › Compiling react-native-screens Pods/RNScreens » RNSScreenViewEvent.mm
iOS preview (macos-26 / Xcode 26.2)	UNKNOWN STEP	2026-05-07T18:16:46.3891860Z [RUN_FASTLANE] › Compiling react-native-screens Pods/RNScreens » RNSScreenState.cpp
iOS preview (macos-26 / Xcode 26.2)	UNKNOWN STEP	2026-05-07T18:16:46.4407620Z [RUN_FASTLANE] › Compiling react-native-screens Pods/RNScreens » RNSScreenStackHeaderSubviewState.cpp
iOS preview (macos-26 / Xcode 26.2)	UNKNOWN STEP	2026-05-07T18:16:47.0745470Z [RUN_FASTLANE] › Compiling react-native-screens Pods/RNScreens » RNSScreenStackHeaderSubviewShadowNode.cpp
iOS preview (macos-26 / Xcode 26.2)	UNKNOWN STEP	2026-05-07T18:16:48.3003120Z [RUN_FASTLANE] › Compiling react-native-screens Pods/RNScreens » RNSScreenStackHeaderSubview.mm
iOS preview (macos-26 / Xcode 26.2)	UNKNOWN STEP	2026-05-07T18:16:49.4929830Z [RUN_FASTLANE] › Compiling react-native-screens Pods/RNScreens » RNSScreenStackHeaderConfigState.cpp
iOS preview (macos-26 / Xcode 26.2)	UNKNOWN STEP	2026-05-07T18:16:49.5041020Z [RUN_FASTLANE] › Compiling react-native-screens Pods/RNScreens » RNSScreenStackHeaderConfigShadowNode.cpp
iOS preview (macos-26 / Xcode 26.2)	UNKNOWN STEP	2026-05-07T18:16:50.3940640Z [RUN_FASTLANE] › Compiling react-native-screens Pods/RNScreens » RNSScreenStackHeaderConfig.mm
iOS preview (macos-26 / Xcode 26.2)	UNKNOWN STEP	2026-05-07T18:16:51.8719920Z [RUN_FASTLANE] › Compiling react-native-screens Pods/RNScreens » RNSScreenStackAnimator.mm
iOS preview (macos-26 / Xcode 26.2)	UNKNOWN STEP	2026-05-07T18:16:51.8846590Z [RUN_FASTLANE] › Compiling react-native-screens Pods/RNScreens » RNSScreenStack.mm
iOS preview (macos-26 / Xcode 26.2)	UNKNOWN STEP	2026-05-07T18:16:53.3251570Z [RUN_FASTLANE] › Compiling react-native-screens Pods/RNScreens » RNSScreenShadowNodeCommitHook.cpp
iOS preview (macos-26 / Xcode 26.2)	UNKNOWN STEP	2026-05-07T18:16:53.3360790Z [RUN_FASTLANE] › Compiling react-native-screens Pods/RNScreens » RNSScreenShadowNode.cpp
iOS preview (macos-26 / Xcode 26.2)	UNKNOWN STEP	2026-05-07T18:16:53.6424130Z [RUN_FASTLANE] › Compiling react-native-screens Pods/RNScreens » RNSScreenRemovalListener.cpp
iOS preview (macos-26 / Xcode 26.2)	UNKNOWN STEP	2026-05-07T18:16:53.6438290Z [RUN_FASTLANE] › Compiling react-native-screens Pods/RNScreens » RNSScreenNavigationContainer.mm
iOS preview (macos-26 / Xcode 26.2)	UNKNOWN STEP	2026-05-07T18:16:56.2864040Z [RUN_FASTLANE] › Compiling react-native-screens Pods/RNScreens » RNSScreenFooter.mm
iOS preview (macos-26 / Xcode 26.2)	UNKNOWN STEP	2026-05-07T18:16:56.2966220Z [RUN_FASTLANE] › Compiling react-native-screens Pods/RNScreens » RNSScreenContentWrapper.mm
iOS preview (macos-26 / Xcode 26.2)	UNKNOWN STEP	2026-05-07T18:16:56.8308560Z [RUN_FASTLANE] › Compiling react-native-screens Pods/RNScreens » RNSScreenContainer.mm
iOS preview (macos-26 / Xcode 26.2)	UNKNOWN STEP	2026-05-07T18:16:58.7156840Z [RUN_FASTLANE] › Compiling react-native-screens Pods/RNScreens » RNSScreen.mm
iOS preview (macos-26 / Xcode 26.2)	UNKNOWN STEP	2026-05-07T18:16:59.1303590Z [RUN_FASTLANE] › Compiling react-native-screens Pods/RNScreens » RNSSafeAreaViewState.cpp
iOS preview (macos-26 / Xcode 26.2)	UNKNOWN STEP	2026-05-07T18:16:59.1404420Z [RUN_FASTLANE] › Compiling react-native-screens Pods/RNScreens » RNSSafeAreaViewShadowView.mm
iOS preview (macos-26 / Xcode 26.2)	UNKNOWN STEP	2026-05-07T18:16:59.1506570Z [RUN_FASTLANE] › Compiling react-native-screens Pods/RNScreens » RNSSafeAreaViewShadowNode.cpp
iOS preview (macos-26 / Xcode 26.2)	UNKNOWN STEP	2026-05-07T18:17:00.7423700Z [RUN_FASTLANE] › Compiling react-native-screens Pods/RNScreens » RNSSafeAreaViewManager.mm
iOS preview (macos-26 / Xcode 26.2)	UNKNOWN STEP	2026-05-07T18:17:00.7540620Z [RUN_FASTLANE] › Compiling react-native-screens Pods/RNScreens » RNSSafeAreaViewLocalData.mm
iOS preview (macos-26 / Xcode 26.2)	UNKNOWN STEP	2026-05-07T18:17:00.7643720Z [RUN_FASTLANE] › Compiling react-native-screens Pods/RNScreens » RNSSafeAreaViewEdges.mm
iOS preview (macos-26 / Xcode 26.2)	UNKNOWN STEP	2026-05-07T18:17:00.7745460Z [RUN_FASTLANE] › Compiling react-native-screens Pods/RNScreens » RNSSafeAreaViewComponentView.mm
iOS preview (macos-26 / Xcode 26.2)	UNKNOWN STEP	2026-05-07T18:17:02.4267170Z [RUN_FASTLANE] › Compiling react-native-screens Pods/RNScreens » RNSReactBaseView.mm
iOS preview (macos-26 / Xcode 26.2)	UNKNOWN STEP	2026-05-07T18:17:02.4391070Z [RUN_FASTLANE] › Compiling react-native-screens Pods/RNScreens » RNSPercentDrivenInteractiveTransition.mm
iOS preview (macos-26 / Xcode 26.2)	UNKNOWN STEP	2026-05-07T18:17:03.1683040Z [RUN_FASTLANE] › Compiling react-native-screens Pods/RNScreens » RNSModule.mm
iOS preview (macos-26 / Xcode 26.2)	UNKNOWN STEP	2026-05-07T18:17:04.5629760Z [RUN_FASTLANE] › Compiling react-native-screens Pods/RNScreens » RNSModalScreenShadowNode.cpp
iOS preview (macos-26 / Xcode 26.2)	UNKNOWN STEP	2026-05-07T18:17:04.8790330Z [RUN_FASTLANE] › Compiling react-native-screens Pods/RNScreens » RNSModalScreen.mm
iOS preview (macos-26 / Xcode 26.2)	UNKNOWN STEP	2026-05-07T18:17:07.0356400Z [RUN_FASTLANE] › Compiling react-native-screens Pods/RNScreens » RNSInvalidatedComponentsRegistry.mm
iOS preview (macos-26 / Xcode 26.2)	UNKNOWN STEP	2026-05-07T18:17:07.4933040Z [RUN_FASTLANE] › Compiling react-native-screens Pods/RNScreens » RNSImageLoadingHelper.mm
iOS preview (macos-26 / Xcode 26.2)	UNKNOWN STEP	2026-05-07T18:17:07.5036640Z [RUN_FASTLANE] › Compiling react-native-screens Pods/RNScreens » RNSHeaderHeightChangeEvent.mm
iOS preview (macos-26 / Xcode 26.2)	UNKNOWN STEP	2026-05-07T18:17:07.5138710Z [RUN_FASTLANE] › Compiling react-native-screens Pods/RNScreens » RNSFullWindowOverlayShadowNode.cpp
iOS preview (macos-26 / Xcode 26.2)	UNKNOWN STEP	2026-05-07T18:17:09.6548400Z [RUN_FASTLANE] › Compiling react-native-screens Pods/RNScreens » RNSFullWindowOverlay.mm
iOS preview (macos-26 / Xcode 26.2)	UNKNOWN STEP	2026-05-07T18:17:11.4906750Z [RUN_FASTLANE] › Compiling react-native-screens Pods/RNScreens » RNSConvert.mm
iOS preview (macos-26 / Xcode 26.2)	UNKNOWN STEP	2026-05-07T18:17:11.5011540Z [RUN_FASTLANE] › Compiling react-native-screens Pods/RNScreens » RNSConversions.mm
iOS preview (macos-26 / Xcode 26.2)	UNKNOWN STEP	2026-05-07T18:17:12.6976640Z [RUN_FASTLANE] › Compiling react-native-screens Pods/RNScreens » RNSConversions-Stack.mm
iOS preview (macos-26 / Xcode 26.2)	UNKNOWN STEP	2026-05-07T18:17:13.7417650Z [RUN_FASTLANE] › Compiling react-native-screens Pods/RNScreens » RNSConversions-SplitView.mm
iOS preview (macos-26 / Xcode 26.2)	UNKNOWN STEP	2026-05-07T18:17:14.5479930Z [RUN_FASTLANE] › Compiling react-native-screens Pods/RNScreens » RNSConversions-Fabric.mm
iOS preview (macos-26 / Xcode 26.2)	UNKNOWN STEP	2026-05-07T18:17:15.6332940Z [RUN_FASTLANE] › Compiling react-native-screens Pods/RNScreens » RNSConversions-BottomTabs.mm
iOS preview (macos-26 / Xcode 26.2)	UNKNOWN STEP	2026-05-07T18:17:16.4313200Z [RUN_FASTLANE] › Compiling react-native-screens Pods/RNScreens » RNSBottomTabsState.cpp
iOS preview (macos-26 / Xcode 26.2)	UNKNOWN STEP	2026-05-07T18:17:16.4414880Z [RUN_FASTLANE] › Compiling react-native-screens Pods/RNScreens » RNSBottomTabsShadowNode.cpp
iOS preview (macos-26 / Xcode 26.2)	UNKNOWN STEP	2026-05-07T18:17:17.4104510Z [RUN_FASTLANE] › Compiling react-native-screens Pods/RNScreens » RNSBottomTabsScreenEventEmitter.mm
iOS preview (macos-26 / Xcode 26.2)	UNKNOWN STEP	2026-05-07T18:17:17.7737540Z [RUN_FASTLANE] › Compiling react-native-screens Pods/RNScreens » RNSBottomTabsScreenComponentViewManager.mm
iOS preview (macos-26 / Xcode 26.2)	UNKNOWN STEP	2026-05-07T18:17:17.7861950Z [RUN_FASTLANE] › Compiling react-native-screens Pods/RNScreens » RNSBottomTabsScreenComponentView.mm
iOS preview (macos-26 / Xcode 26.2)	UNKNOWN STEP	2026-05-07T18:17:19.9733310Z [RUN_FASTLANE] › Compiling react-native-screens Pods/RNScreens » RNSBottomTabsHostEventEmitter.mm
iOS preview (macos-26 / Xcode 26.2)	UNKNOWN STEP	2026-05-07T18:17:19.9734430Z [RUN_FASTLANE] › Compiling react-native-screens Pods/RNScreens » RNSBottomTabsHostComponentViewManager.mm
iOS preview (macos-26 / Xcode 26.2)	UNKNOWN STEP	2026-05-07T18:17:19.9853110Z [RUN_FASTLANE] › Compiling react-native-screens Pods/RNScreens » RNSBottomTabsHostComponentView.mm
iOS preview (macos-26 / Xcode 26.2)	UNKNOWN STEP	2026-05-07T18:17:21.5944100Z [RUN_FASTLANE] › Compiling react-native-screens Pods/RNScreens » RNSBottomTabsHostComponentView+RNSImageLoader.mm
iOS preview (macos-26 / Xcode 26.2)	UNKNOWN STEP	2026-05-07T18:17:21.9552200Z [RUN_FASTLANE] › Compiling react-native-screens Pods/RNScreens » RNSBottomTabsAccessoryShadowStateProxy.mm
iOS preview (macos-26 / Xcode 26.2)	UNKNOWN STEP	2026-05-07T18:17:22.4008310Z [RUN_FASTLANE] › Compiling react-native-screens Pods/RNScreens » RNSBottomTabsAccessoryShadowNode.cpp
iOS preview (macos-26 / Xcode 26.2)	UNKNOWN STEP	2026-05-07T18:17:23.2155770Z [RUN_FASTLANE] › Compiling react-native-screens Pods/RNScreens » RNSBottomTabsAccessoryEventEmitter.mm
iOS preview (macos-26 / Xcode 26.2)	UNKNOWN STEP	2026-05-07T18:17:23.8406920Z [RUN_FASTLANE] › Compiling react-native-screens Pods/RNScreens » RNSBottomTabsAccessoryContentComponentView.mm
iOS preview (macos-26 / Xcode 26.2)	UNKNOWN STEP	2026-05-07T18:17:24.8149340Z [RUN_FASTLANE] › Compiling react-native-screens Pods/RNScreens » RNSBottomTabsAccessoryComponentViewManager.mm
iOS preview (macos-26 / Xcode 26.2)	UNKNOWN STEP	2026-05-07T18:17:24.8249920Z [RUN_FASTLANE] › Compiling react-native-screens Pods/RNScreens » RNSBottomTabsAccessoryComponentView.mm
iOS preview (macos-26 / Xcode 26.2)	UNKNOWN STEP	2026-05-07T18:17:26.9391060Z [RUN_FASTLANE] › Compiling react-native-screens Pods/RNScreens » RNSBottomAccessoryHelper.mm
iOS preview (macos-26 / Xcode 26.2)	UNKNOWN STEP	2026-05-07T18:17:26.9491870Z [RUN_FASTLANE] › Compiling react-native-screens Pods/RNScreens » RNSBarButtonItem.mm
iOS preview (macos-26 / Xcode 26.2)	UNKNOWN STEP	2026-05-07T18:17:26.9593220Z [RUN_FASTLANE] › Compiling react-native-screens Pods/RNScreens » RNSBackBarButtonItem.mm
iOS preview (macos-26 / Xcode 26.2)	UNKNOWN STEP	2026-05-07T18:17:26.9693800Z [RUN_FASTLANE] › Compiling react-native-screens Pods/RNScreens » RCTTouchHandler+RNSUtility.mm
iOS preview (macos-26 / Xcode 26.2)	UNKNOWN STEP	2026-05-07T18:17:27.0313160Z [RUN_FASTLANE] › Compiling react-native-screens Pods/RNScreens » RCTSurfaceTouchHandler+RNSUtility.mm
iOS preview (macos-26 / Xcode 26.2)	UNKNOWN STEP	2026-05-07T18:17:27.3601820Z [RUN_FASTLANE] › Compiling react-native-screens Pods/RNScreens » RCTImageComponentView+RNSScreenStackHeaderConfig.mm
iOS preview (macos-26 / Xcode 26.2)	UNKNOWN STEP	2026-05-07T18:17:30.5321470Z [RUN_FASTLANE] › Compiling react-native-screens Pods/RNScreens » RCTConvert+RNScreens.mm
iOS preview (macos-26 / Xcode 26.2)	UNKNOWN STEP	2026-05-07T18:17:30.5416010Z [RUN_FASTLANE] › Compiling react-native-screens Pods/RNScreens » RCTConvert+RNSBottomTabs.mm
iOS preview (macos-26 / Xcode 26.2)	UNKNOWN STEP	2026-05-07T18:17:30.5463250Z [RUN_FASTLANE] › Compiling react-native-screens Pods/RNScreens » NSString+RNSUtility.mm
iOS preview (macos-26 / Xcode 26.2)	UNKNOWN STEP	2026-05-07T18:17:30.5587060Z [RUN_FASTLANE] › Packaging react-native-screens Pods/RNScreens » libRNScreens.a
iOS preview (macos-26 / Xcode 26.2)	UNKNOWN STEP	2026-05-07T18:17:31.3995320Z [RUN_FASTLANE] › Compiling react-native-svg Pods/RNSVG » RNSVG-dummy.m
iOS preview (macos-26 / Xcode 26.2)	UNKNOWN STEP	2026-05-07T18:17:31.3998820Z [RUN_FASTLANE] › Compiling @sentry/react-native Pods/RNSentry » RNSentryVersion.m
iOS preview (macos-26 / Xcode 26.2)	UNKNOWN STEP	2026-05-07T18:17:31.4002960Z [RUN_FASTLANE] › Compiling @sentry/react-native Pods/RNSentry » RNSentryTimeToDisplay.m
iOS preview (macos-26 / Xcode 26.2)	UNKNOWN STEP	2026-05-07T18:17:31.4043010Z [RUN_FASTLANE] › Packaging react-native-svg Pods/RNSVG » libRNSVG.a
iOS preview (macos-26 / Xcode 26.2)	UNKNOWN STEP	2026-05-07T18:17:31.7468400Z [RUN_FASTLANE] › Compiling @sentry/react-native Pods/RNSentry » RNSentrySDK.m
iOS preview (macos-26 / Xcode 26.2)	UNKNOWN STEP	2026-05-07T18:17:31.7581500Z [RUN_FASTLANE] › Compiling @sentry/react-native Pods/RNSentry » RNSentryEvents.m
iOS preview (macos-26 / Xcode 26.2)	UNKNOWN STEP	2026-05-07T18:17:31.7686750Z [RUN_FASTLANE] › Compiling @sentry/react-native Pods/RNSentry » RNSentry-dummy.m
iOS preview (macos-26 / Xcode 26.2)	UNKNOWN STEP	2026-05-07T18:17:31.7788580Z [RUN_FASTLANE] › Compiling @sentry/react-native Pods/RNSentry » SentryScreenFramesWrapper.m
iOS preview (macos-26 / Xcode 26.2)	UNKNOWN STEP	2026-05-07T18:17:31.7890180Z [RUN_FASTLANE] › Compiling @sentry/react-native Pods/RNSentry » SentrySDKWrapper.m
iOS preview (macos-26 / Xcode 26.2)	UNKNOWN STEP	2026-05-07T18:17:31.7991200Z [RUN_FASTLANE] › Compiling @sentry/react-native Pods/RNSentry » RNSentryStart.m
iOS preview (macos-26 / Xcode 26.2)	UNKNOWN STEP	2026-05-07T18:17:31.8103530Z [RUN_FASTLANE] › Compiling @sentry/react-native Pods/RNSentry » RNSentryReplayQuality.m
iOS preview (macos-26 / Xcode 26.2)	UNKNOWN STEP	2026-05-07T18:17:31.8193360Z [RUN_FASTLANE] › Compiling @sentry/react-native Pods/RNSentry » RNSentryReplayBreadcrumbConverterHelper.m
iOS preview (macos-26 / Xcode 26.2)	UNKNOWN STEP	2026-05-07T18:17:31.8295360Z [RUN_FASTLANE] › Compiling @sentry/react-native Pods/RNSentry » RNSentryReplayBreadcrumbConverter.m
iOS preview (macos-26 / Xcode 26.2)	UNKNOWN STEP	2026-05-07T18:17:31.8395940Z [RUN_FASTLANE] › Compiling @sentry/react-native Pods/RNSentry » RNSentryRNSScreen.m
iOS preview (macos-26 / Xcode 26.2)	UNKNOWN STEP	2026-05-07T18:17:31.8497800Z [RUN_FASTLANE] › Compiling @sentry/react-native Pods/RNSentry » RNSentryOnDrawReporter.m
iOS preview (macos-26 / Xcode 26.2)	UNKNOWN STEP	2026-05-07T18:17:31.9001030Z [RUN_FASTLANE] › Compiling @sentry/react-native Pods/RNSentry » RNSentryNativeLogsForwarder.m
iOS preview (macos-26 / Xcode 26.2)	UNKNOWN STEP	2026-05-07T18:17:31.9101950Z [RUN_FASTLANE] › Compiling @sentry/react-native Pods/RNSentry » RNSentryId.m
iOS preview (macos-26 / Xcode 26.2)	UNKNOWN STEP	2026-05-07T18:17:31.9203080Z [RUN_FASTLANE] › Compiling @sentry/react-native Pods/RNSentry » RNSentryFramesTrackerListener.m
iOS preview (macos-26 / Xcode 26.2)	UNKNOWN STEP	2026-05-07T18:17:31.9303800Z [RUN_FASTLANE] › Compiling @sentry/react-native Pods/RNSentry » RNSentryExperimentalOptions.m
iOS preview (macos-26 / Xcode 26.2)	UNKNOWN STEP	2026-05-07T18:17:31.9405780Z [RUN_FASTLANE] › Compiling @sentry/react-native Pods/RNSentry » RNSentryDependencyContainer.m
iOS preview (macos-26 / Xcode 26.2)	UNKNOWN STEP	2026-05-07T18:17:31.9507690Z [RUN_FASTLANE] › Compiling @sentry/react-native Pods/RNSentry » RNSentryBreadcrumb.m
iOS preview (macos-26 / Xcode 26.2)	UNKNOWN STEP	2026-05-07T18:17:31.9609630Z [RUN_FASTLANE] › Compiling @sentry/react-native Pods/RNSentry » RNSentry+fetchNativeStack.m
iOS preview (macos-26 / Xcode 26.2)	UNKNOWN STEP	2026-05-07T18:17:32.0003360Z [RUN_FASTLANE] › Executing react-native-screens Pods/RNScreens » Copy generated compatibility header
iOS preview (macos-26 / Xcode 26.2)	UNKNOWN STEP	2026-05-07T18:17:32.0083090Z [RUN_FASTLANE] › Compiling react-native-reanimated Pods/RNReanimated » vectors.cpp
iOS preview (macos-26 / Xcode 26.2)	UNKNOWN STEP	2026-05-07T18:17:32.4788520Z [RUN_FASTLANE] › Compiling react-native-reanimated Pods/RNReanimated » translate.cpp
iOS preview (macos-26 / Xcode 26.2)	UNKNOWN STEP	2026-05-07T18:17:34.3169710Z [RUN_FASTLANE] › Packaging @sentry/react-native Pods/RNSentry » libRNSentry.a
iOS preview (macos-26 / Xcode 26.2)	UNKNOWN STEP	2026-05-07T18:17:34.3302540Z [RUN_FASTLANE] › Compiling react-native-reanimated Pods/RNReanimated » steps.cpp
iOS preview (macos-26 / Xcode 26.2)	UNKNOWN STEP	2026-05-07T18:17:34.3404340Z [RUN_FASTLANE] › Compiling react-native-reanimated Pods/RNReanimated » skew.cpp
iOS preview (macos-26 / Xcode 26.2)	UNKNOWN STEP	2026-05-07T18:17:34.5632330Z [RUN_FASTLANE] › Compiling react-native-reanimated Pods/RNReanimated » scale.cpp
iOS preview (macos-26 / Xcode 26.2)	UNKNOWN STEP	2026-05-07T18:17:35.6897320Z [RUN_FASTLANE] › Compiling react-native-reanimated Pods/RNReanimated » rotate.cpp
iOS preview (macos-26 / Xcode 26.2)	UNKNOWN STEP	2026-05-07T18:17:36.7395810Z [RUN_FASTLANE] › Compiling react-native-reanimated Pods/RNReanimated » props.cpp
iOS preview (macos-26 / Xcode 26.2)	UNKNOWN STEP	2026-05-07T18:17:37.1898200Z [RUN_FASTLANE] › Compiling react-native-reanimated Pods/RNReanimated » perspective.cpp
iOS preview (macos-26 / Xcode 26.2)	UNKNOWN STEP	2026-05-07T18:17:37.8211900Z [RUN_FASTLANE] › Compiling react-native-reanimated Pods/RNReanimated » matrix.cpp
iOS preview (macos-26 / Xcode 26.2)	UNKNOWN STEP	2026-05-07T18:17:38.8700490Z [RUN_FASTLANE] › Compiling react-native-reanimated Pods/RNReanimated » linear.cpp
iOS preview (macos-26 / Xcode 26.2)	UNKNOWN STEP	2026-05-07T18:17:38.8802350Z [RUN_FASTLANE] › Compiling react-native-reanimated Pods/RNReanimated » interpolators.cpp
iOS preview (macos-26 / Xcode 26.2)	UNKNOWN STEP	2026-05-07T18:17:39.6270340Z [RUN_FASTLANE] › Compiling react-native-reanimated Pods/RNReanimated » cubicBezier.cpp
iOS preview (macos-26 / Xcode 26.2)	UNKNOWN STEP	2026-05-07T18:17:39.6271180Z [RUN_FASTLANE] › Compiling react-native-reanimated Pods/RNReanimated » common.cpp
iOS preview (macos-26 / Xcode 26.2)	UNKNOWN STEP	2026-05-07T18:17:39.8662880Z [RUN_FASTLANE] › Compiling react-native-reanimated Pods/RNReanimated » algorithms.cpp
iOS preview (macos-26 / Xcode 26.2)	UNKNOWN STEP	2026-05-07T18:17:39.8765070Z [RUN_FASTLANE] › Compiling react-native-reanimated Pods/RNReanimated » ViewStylesRepository.cpp
iOS preview (macos-26 / Xcode 26.2)	UNKNOWN STEP	2026-05-07T18:17:41.3913060Z [RUN_FASTLANE] › Compiling react-native-reanimated Pods/RNReanimated » ValueInterpolator.cpp
iOS preview (macos-26 / Xcode 26.2)	UNKNOWN STEP	2026-05-07T18:17:41.5719940Z [RUN_FASTLANE] › Compiling react-native-reanimated Pods/RNReanimated » UpdatesRegistryManager.cpp
iOS preview (macos-26 / Xcode 26.2)	UNKNOWN STEP	2026-05-07T18:17:41.6924680Z [RUN_FASTLANE] › Compiling react-native-reanimated Pods/RNReanimated » UpdatesRegistry.cpp
iOS preview (macos-26 / Xcode 26.2)	UNKNOWN STEP	2026-05-07T18:17:44.0681830Z [RUN_FASTLANE] › Compiling react-native-reanimated Pods/RNReanimated » UIRuntimeDecorator.cpp
iOS preview (macos-26 / Xcode 26.2)	UNKNOWN STEP	2026-05-07T18:17:44.0784310Z [RUN_FASTLANE] › Compiling react-native-reanimated Pods/RNReanimated » TransitionStyleInterpolator.cpp
iOS preview (macos-26 / Xcode 26.2)	UNKNOWN STEP	2026-05-07T18:17:44.2447190Z [RUN_FASTLANE] › Compiling react-native-reanimated Pods/RNReanimated » TransitionProgressProvider.cpp
iOS preview (macos-26 / Xcode 26.2)	UNKNOWN STEP	2026-05-07T18:17:45.6076740Z [RUN_FASTLANE] › Compiling react-native-reanimated Pods/RNReanimated » TransformsStyleInterpolator.cpp
iOS preview (macos-26 / Xcode 26.2)	UNKNOWN STEP	2026-05-07T18:17:46.2129710Z [RUN_FASTLANE] › Compiling react-native-reanimated Pods/RNReanimated » TransformOperationInterpolator.cpp
iOS preview (macos-26 / Xcode 26.2)	UNKNOWN STEP	2026-05-07T18:17:46.3363030Z [RUN_FASTLANE] › Compiling react-native-reanimated Pods/RNReanimated » TransformOperation.cpp
iOS preview (macos-26 / Xcode 26.2)	UNKNOWN STEP	2026-05-07T18:17:47.7698490Z [RUN_FASTLANE] › Compiling react-native-reanimated Pods/RNReanimated » TransformOp.cpp
iOS preview (macos-26 / Xcode 26.2)	UNKNOWN STEP	2026-05-07T18:17:47.7800510Z [RUN_FASTLANE] › Compiling react-native-reanimated Pods/RNReanimated » TransformMatrix3D.cpp
iOS preview (macos-26 / Xcode 26.2)	UNKNOWN STEP	2026-05-07T18:17:48.1076340Z [RUN_FASTLANE] › Compiling react-native-reanimated Pods/RNReanimated » TransformMatrix2D.cpp
iOS preview (macos-26 / Xcode 26.2)	UNKNOWN STEP	2026-05-07T18:17:48.1200780Z [RUN_FASTLANE] › Compiling react-native-reanimated Pods/RNReanimated » TransformMatrix.cpp
iOS preview (macos-26 / Xcode 26.2)	UNKNOWN STEP	2026-05-07T18:17:48.9286880Z [RUN_FASTLANE] › Compiling react-native-reanimated Pods/RNReanimated » StyleOperationInterpolator.cpp
iOS preview (macos-26 / Xcode 26.2)	UNKNOWN STEP	2026-05-07T18:17:49.6185700Z [RUN_FASTLANE] › Compiling react-native-reanimated Pods/RNReanimated » StyleOperation.cpp
iOS preview (macos-26 / Xcode 26.2)	UNKNOWN STEP	2026-05-07T18:17:49.8787240Z [RUN_FASTLANE] › Compiling react-native-reanimated Pods/RNReanimated » StaticPropsRegistry.cpp
iOS preview (macos-26 / Xcode 26.2)	UNKNOWN STEP	2026-05-07T18:17:50.3136090Z [RUN_FASTLANE] › Compiling react-native-reanimated Pods/RNReanimated » SimpleValueInterpolator.cpp
iOS preview (macos-26 / Xcode 26.2)	UNKNOWN STEP	2026-05-07T18:17:52.2622000Z [RUN_FASTLANE] › Compiling react-native-reanimated Pods/RNReanimated » SharedTransitions.cpp
iOS preview (macos-26 / Xcode 26.2)	UNKNOWN STEP	2026-05-07T18:17:53.3884590Z [RUN_FASTLANE] › Compiling react-native-reanimated Pods/RNReanimated » ShadowTreeCloner.cpp
iOS preview (macos-26 / Xcode 26.2)	UNKNOWN STEP	2026-05-07T18:17:53.3987940Z [RUN_FASTLANE] › Compiling react-native-reanimated Pods/RNReanimated » SetGestureState.mm
iOS preview (macos-26 / Xcode 26.2)	UNKNOWN STEP	2026-05-07T18:17:53.4023400Z [RUN_FASTLANE] › Compiling react-native-reanimated Pods/RNReanimated » SVGStrokeDashArray.cpp
iOS preview (macos-26 / Xcode 26.2)	UNKNOWN STEP	2026-05-07T18:17:54.6282140Z [RUN_FASTLANE] › Compiling react-native-reanimated Pods/RNReanimated » SVGLength.cpp
iOS preview (macos-26 / Xcode 26.2)	UNKNOWN STEP	2026-05-07T18:17:55.4270720Z [RUN_FASTLANE] › Compiling react-native-reanimated Pods/RNReanimated » SVGBrush.cpp
iOS preview (macos-26 / Xcode 26.2)	UNKNOWN STEP	2026-05-07T18:17:55.6071030Z [RUN_FASTLANE] › Compiling react-native-reanimated Pods/RNReanimated » ResolvableValueInterpolator.cpp
iOS preview (macos-26 / Xcode 26.2)	UNKNOWN STEP	2026-05-07T18:17:56.6205160Z [RUN_FASTLANE] › Compiling react-native-reanimated Pods/RNReanimated » RecordPropertiesInterpolator.cpp
iOS preview (macos-26 / Xcode 26.2)	UNKNOWN STEP	2026-05-07T18:17:57.4488240Z [RUN_FASTLANE] › Compiling react-native-reanimated Pods/RNReanimated » ReanimatedVersion.cpp
iOS preview (macos-26 / Xcode 26.2)	UNKNOWN STEP	2026-05-07T18:17:57.4594900Z [RUN_FASTLANE] › Compiling react-native-reanimated Pods/RNReanimated » ReanimatedMountHook.cpp
iOS preview (macos-26 / Xcode 26.2)	UNKNOWN STEP	2026-05-07T18:17:57.9496660Z [RUN_FASTLANE] › Compiling react-native-reanimated Pods/RNReanimated » ReanimatedModuleProxySpec.cpp
iOS preview (macos-26 / Xcode 26.2)	UNKNOWN STEP	2026-05-07T18:17:57.9599430Z [RUN_FASTLANE] › Compiling react-native-reanimated Pods/RNReanimated » ReanimatedModuleProxy.cpp
iOS preview (macos-26 / Xcode 26.2)	UNKNOWN STEP	2026-05-07T18:18:02.2687690Z [RUN_FASTLANE] › Compiling react-native-reanimated Pods/RNReanimated » ReanimatedModule.mm
iOS preview (macos-26 / Xcode 26.2)	UNKNOWN STEP	2026-05-07T18:18:02.2789580Z [RUN_FASTLANE] › Compiling react-native-reanimated Pods/RNReanimated » ReanimatedCommitHook.cpp
iOS preview (macos-26 / Xcode 26.2)	UNKNOWN STEP	2026-05-07T18:18:02.2906100Z [RUN_FASTLANE] › Compiling react-native-reanimated Pods/RNReanimated » RawProgressProvider.cpp
iOS preview (macos-26 / Xcode 26.2)	UNKNOWN STEP	2026-05-07T18:18:02.2992890Z [RUN_FASTLANE] › Compiling react-native-reanimated Pods/RNReanimated » RNRuntimeDecorator.cpp
iOS preview (macos-26 / Xcode 26.2)	UNKNOWN STEP	2026-05-07T18:18:02.8870040Z [RUN_FASTLANE] › Compiling react-native-reanimated Pods/RNReanimated » REASlowAnimations.mm
iOS preview (macos-26 / Xcode 26.2)	UNKNOWN STEP	2026-05-07T18:18:02.8972030Z [RUN_FASTLANE] › Compiling react-native-reanimated Pods/RNReanimated » REANodesManager.mm
iOS preview (macos-26 / Xcode 26.2)	UNKNOWN STEP	2026-05-07T18:18:03.2296160Z [RUN_FASTLANE] › Compiling react-native-reanimated Pods/RNReanimated » REAKeyboardEventObserver.mm
iOS preview (macos-26 / Xcode 26.2)	UNKNOWN STEP	2026-05-07T18:18:03.2398390Z [RUN_FASTLANE] › Compiling react-native-reanimated Pods/RNReanimated » Quaternion.cpp
iOS preview (macos-26 / Xcode 26.2)	UNKNOWN STEP	2026-05-07T18:18:03.2402580Z [RUN_FASTLANE] › Compiling react-native-reanimated Pods/RNReanimated » PropsDiffer.cpp
iOS preview (macos-26 / Xcode 26.2)	UNKNOWN STEP	2026-05-07T18:18:04.6558100Z [RUN_FASTLANE] › Compiling react-native-reanimated Pods/RNReanimated » PropertyInterpolator.cpp
iOS preview (macos-26 / Xcode 26.2)	UNKNOWN STEP	2026-05-07T18:18:04.6660120Z [RUN_FASTLANE] › Compiling react-native-reanimated Pods/RNReanimated » PropValueProcessor.cpp
iOS preview (macos-26 / Xcode 26.2)	UNKNOWN STEP	2026-05-07T18:18:04.7465260Z [RUN_FASTLANE] › Compiling react-native-reanimated Pods/RNReanimated » PlatformDepMethodsHolderImpl.mm
iOS preview (macos-26 / Xcode 26.2)	UNKNOWN STEP	2026-05-07T18:18:07.7974330Z [RUN_FASTLANE] › Compiling react-native-reanimated Pods/RNReanimated » OperationsStyleInterpolator.cpp
iOS preview (macos-26 / Xcode 26.2)	UNKNOWN STEP	2026-05-07T18:18:07.8087210Z [RUN_FASTLANE] › Compiling react-native-reanimated Pods/RNReanimated » NativeProxy.mm
iOS preview (macos-26 / Xcode 26.2)	UNKNOWN STEP	2026-05-07T18:18:08.9185500Z [RUN_FASTLANE] › Compiling react-native-reanimated Pods/RNReanimated » LayoutAnimationsUtils.cpp
iOS preview (macos-26 / Xcode 26.2)	UNKNOWN STEP	2026-05-07T18:18:09.5540740Z [RUN_FASTLANE] › Compiling react-native-reanimated Pods/RNReanimated » LayoutAnimationsProxy_Legacy.cpp
iOS preview (macos-26 / Xcode 26.2)	UNKNOWN STEP	2026-05-07T18:18:12.0060320Z [RUN_FASTLANE] › Compiling react-native-reanimated Pods/RNReanimated » LayoutAnimationsProxy_Experimental.cpp
iOS preview (macos-26 / Xcode 26.2)	UNKNOWN STEP	2026-05-07T18:18:12.9643960Z [RUN_FASTLANE] › Compiling react-native-reanimated Pods/RNReanimated » LayoutAnimationsProxyCommon.cpp
iOS preview (macos-26 / Xcode 26.2)	UNKNOWN STEP	2026-05-07T18:18:12.9745840Z [RUN_FASTLANE] › Compiling react-native-reanimated Pods/RNReanimated » LayoutAnimationsManager.cpp
iOS preview (macos-26 / Xcode 26.2)	UNKNOWN STEP	2026-05-07T18:18:12.9847650Z [RUN_FASTLANE] › Compiling react-native-reanimated Pods/RNReanimated » InterpolatorRegistry.cpp
iOS preview (macos-26 / Xcode 26.2)	UNKNOWN STEP	2026-05-07T18:18:16.6862340Z [RUN_FASTLANE] › Compiling react-native-reanimated Pods/RNReanimated » InterpolatorFactory.cpp
iOS preview (macos-26 / Xcode 26.2)	UNKNOWN STEP	2026-05-07T18:18:16.6964020Z [RUN_FASTLANE] › Compiling react-native-reanimated Pods/RNReanimated » GroupPropertiesInterpolator.cpp
iOS preview (macos-26 / Xcode 26.2)	UNKNOWN STEP	2026-05-07T18:18:16.7065590Z [RUN_FASTLANE] › Compiling react-native-reanimated Pods/RNReanimated » FilterStyleInterpolator.cpp
iOS preview (macos-26 / Xcode 26.2)	UNKNOWN STEP	2026-05-07T18:18:16.7167530Z [RUN_FASTLANE] › Compiling react-native-reanimated Pods/RNReanimated » FilterOperationInterpolator.cpp
iOS preview (macos-26 / Xcode 26.2)	UNKNOWN STEP	2026-05-07T18:18:16.7668980Z [RUN_FASTLANE] › Compiling react-native-reanimated Pods/RNReanimated » FilterOperation.cpp
iOS preview (macos-26 / Xcode 26.2)	UNKNOWN STEP	2026-05-07T18:18:18.8867230Z [RUN_FASTLANE] › Compiling react-native-reanimated Pods/RNReanimated » FilterOp.cpp
iOS preview (macos-26 / Xcode 26.2)	UNKNOWN STEP	2026-05-07T18:18:18.8968200Z [RUN_FASTLANE] › Compiling react-native-reanimated Pods/RNReanimated » FeatureFlags.cpp
iOS preview (macos-26 / Xcode 26.2)	UNKNOWN STEP	2026-05-07T18:18:18.9069910Z [RUN_FASTLANE] › Compiling react-native-reanimated Pods/RNReanimated » EasingFunctions.cpp
iOS preview (macos-26 / Xcode 26.2)	UNKNOWN STEP	2026-05-07T18:18:18.9171970Z [RUN_FASTLANE] › Compiling react-native-reanimated Pods/RNReanimated » DelayedItemsManager.cpp
iOS preview (macos-26 / Xcode 26.2)	UNKNOWN STEP	2026-05-07T18:18:19.8128770Z [RUN_FASTLANE] › Compiling react-native-reanimated Pods/RNReanimated » CSSValueVariant.cpp
iOS preview (macos-26 / Xcode 26.2)	UNKNOWN STEP	2026-05-07T18:18:22.4757120Z [RUN_FASTLANE] › Compiling react-native-reanimated Pods/RNReanimated » CSSTransitionsRegistry.cpp
iOS preview (macos-26 / Xcode 26.2)	UNKNOWN STEP	2026-05-07T18:18:22.4880770Z [RUN_FASTLANE] › Compiling react-native-reanimated Pods/RNReanimated » CSSTransitionConfig.cpp
iOS preview (macos-26 / Xcode 26.2)	UNKNOWN STEP	2026-05-07T18:18:22.4990230Z [RUN_FASTLANE] › Compiling react-native-reanimated Pods/RNReanimated » CSSTransition.cpp
iOS preview (macos-26 / Xcode 26.2)	UNKNOWN STEP	2026-05-07T18:18:23.5946050Z [RUN_FASTLANE] › Compiling react-native-reanimated Pods/RNReanimated » CSSNumber.cpp
iOS preview (macos-26 / Xcode 26.2)	UNKNOWN STEP	2026-05-07T18:18:23.6057430Z [RUN_FASTLANE] › Compiling react-native-reanimated Pods/RNReanimated » CSSLength.cpp
iOS preview (macos-26 / Xcode 26.2)	UNKNOWN STEP	2026-05-07T18:18:24.4760280Z [RUN_FASTLANE] › Compiling react-native-reanimated Pods/RNReanimated » CSSKeyword.cpp
iOS preview (macos-26 / Xcode 26.2)	UNKNOWN STEP	2026-05-07T18:18:25.2132470Z [RUN_FASTLANE] › Compiling react-native-reanimated Pods/RNReanimated » CSSKeyframesRegistry.cpp
iOS preview (macos-26 / Xcode 26.2)	UNKNOWN STEP	2026-05-07T18:18:25.6812230Z [RUN_FASTLANE] › Compiling react-native-reanimated Pods/RNReanimated » CSSKeyframesConfig.cpp
iOS preview (macos-26 / Xcode 26.2)	UNKNOWN STEP	2026-05-07T18:18:26.3903470Z [RUN_FASTLANE] › Compiling react-native-reanimated Pods/RNReanimated » CSSDropShadow.cpp
iOS preview (macos-26 / Xcode 26.2)	UNKNOWN STEP	2026-05-07T18:18:27.0546720Z [RUN_FASTLANE] › Compiling react-native-reanimated Pods/RNReanimated » CSSDiscreteArray.cpp
iOS preview (macos-26 / Xcode 26.2)	UNKNOWN STEP	2026-05-07T18:18:27.4183820Z [RUN_FASTLANE] › Compiling react-native-reanimated Pods/RNReanimated » CSSColor.cpp
iOS preview (macos-26 / Xcode 26.2)	UNKNOWN STEP	2026-05-07T18:18:28.1293830Z [RUN_FASTLANE] › Compiling react-native-reanimated Pods/RNReanimated » CSSBoxShadow.cpp
iOS preview (macos-26 / Xcode 26.2)	UNKNOWN STEP	2026-05-07T18:18:29.0415900Z [RUN_FASTLANE] › Compiling react-native-reanimated Pods/RNReanimated » CSSBoolean.cpp
iOS preview (macos-26 / Xcode 26.2)	UNKNOWN STEP	2026-05-07T18:18:29.0888690Z [RUN_FASTLANE] › Compiling react-native-reanimated Pods/RNReanimated » CSSAnimationsRegistry.cpp
iOS preview (macos-26 / Xcode 26.2)	UNKNOWN STEP	2026-05-07T18:18:31.1661870Z [RUN_FASTLANE] › Compiling react-native-reanimated Pods/RNReanimated » CSSAnimationConfig.cpp
iOS preview (macos-26 / Xcode 26.2)	UNKNOWN STEP	2026-05-07T18:18:31.6406690Z [RUN_FASTLANE] › Compiling react-native-reanimated Pods/RNReanimated » CSSAnimation.cpp
iOS preview (macos-26 / Xcode 26.2)	UNKNOWN STEP	2026-05-07T18:18:31.6508940Z [RUN_FASTLANE] › Compiling react-native-reanimated Pods/RNReanimated » CSSAngle.cpp
iOS preview (macos-26 / Xcode 26.2)	UNKNOWN STEP	2026-05-07T18:18:33.7589390Z [RUN_FASTLANE] › Compiling react-native-reanimated Pods/RNReanimated » ArrayPropertiesInterpolator.cpp
iOS preview (macos-26 / Xcode 26.2)	UNKNOWN STEP	2026-05-07T18:18:33.7694230Z [RUN_FASTLANE] › Compiling react-native-reanimated Pods/RNReanimated » AnimationProgressProvider.cpp
iOS preview (macos-26 / Xcode 26.2)	UNKNOWN STEP	2026-05-07T18:18:33.7811780Z [RUN_FASTLANE] › Compiling react-native-reanimated Pods/RNReanimated » AnimatedSensorModule.cpp
iOS preview (macos-26 / Xcode 26.2)	UNKNOWN STEP	2026-05-07T18:18:34.7026220Z [RUN_FASTLANE] › Compiling react-native-reanimated Pods/RNReanimated » AnimatedPropsRegistry.cpp
iOS preview (macos-26 / Xcode 26.2)	UNKNOWN STEP	2026-05-07T18:18:35.2304440Z [RUN_FASTLANE] › Compiling react-native-gesture-handler Pods/RNGestureHandler » RNNativeViewHandler.mm
iOS preview (macos-26 / Xcode 26.2)	UNKNOWN STEP	2026-05-07T18:18:38.2143840Z [RUN_FASTLANE] › Compiling react-native-gesture-handler Pods/RNGestureHandler » RNGestureHandlerRootViewComponentView.mm
iOS preview (macos-26 / Xcode 26.2)	UNKNOWN STEP	2026-05-07T18:18:38.2281910Z [RUN_FASTLANE] › Compiling react-native-gesture-handler Pods/RNGestureHandler » RNGestureHandlerModule.mm
iOS preview (macos-26 / Xcode 26.2)	UNKNOWN STEP	2026-05-07T18:18:39.0472500Z [RUN_FASTLANE] › Compiling react-native-gesture-handler Pods/RNGestureHandler » RNGestureHandlerManager.mm
iOS preview (macos-26 / Xcode 26.2)	UNKNOWN STEP	2026-05-07T18:18:41.8044220Z [RUN_FASTLANE] › Compiling react-native-gesture-handler Pods/RNGestureHandler » RNGestureHandlerButtonManager.mm
iOS preview (macos-26 / Xcode 26.2)	UNKNOWN STEP	2026-05-07T18:18:41.8146350Z [RUN_FASTLANE] › Compiling react-native-gesture-handler Pods/RNGestureHandler » RNGestureHandlerButtonComponentView.mm
iOS preview (macos-26 / Xcode 26.2)	UNKNOWN STEP	2026-05-07T18:18:42.9651710Z [RUN_FASTLANE] › Compiling react-native-gesture-handler Pods/RNGestureHandler » RNGestureHandlerButton.mm
iOS preview (macos-26 / Xcode 26.2)	UNKNOWN STEP	2026-05-07T18:18:42.9768460Z [RUN_FASTLANE] › Compiling react-native-gesture-handler Pods/RNGestureHandler » RNGestureHandler.mm
iOS preview (macos-26 / Xcode 26.2)	UNKNOWN STEP	2026-05-07T18:18:43.9885730Z [RUN_FASTLANE] › Compiling @react-native-community/datetimepicker Pods/RNDateTimePicker » ShadowNodes.cpp
iOS preview (macos-26 / Xcode 26.2)	UNKNOWN STEP	2026-05-07T18:18:43.9886740Z [RUN_FASTLANE] › Compiling @react-native-community/datetimepicker Pods/RNDateTimePicker » RNDateTimePickerState.cpp
iOS preview (macos-26 / Xcode 26.2)	UNKNOWN STEP	2026-05-07T18:18:43.9888910Z [RUN_FASTLANE] › Compiling @react-native-community/datetimepicker Pods/RNDateTimePicker » RNDateTimePickerComponentView.mm
iOS preview (macos-26 / Xcode 26.2)	UNKNOWN STEP	2026-05-07T18:18:46.4923880Z [RUN_FASTLANE] › Compiling react-native-reanimated Pods/RNReanimated » ReanimatedSensorContainer.m
iOS preview (macos-26 / Xcode 26.2)	UNKNOWN STEP	2026-05-07T18:18:46.5036340Z [RUN_FASTLANE] › Compiling react-native-reanimated Pods/RNReanimated » ReanimatedSensor.m
iOS preview (macos-26 / Xcode 26.2)	UNKNOWN STEP	2026-05-07T18:18:46.5146790Z [RUN_FASTLANE] › Compiling react-native-reanimated Pods/RNReanimated » RCTUIView+Reanimated.m
iOS preview (macos-26 / Xcode 26.2)	UNKNOWN STEP	2026-05-07T18:18:46.5252870Z [RUN_FASTLANE] › Compiling react-native-reanimated Pods/RNReanimated » RNReanimated-dummy.m
iOS preview (macos-26 / Xcode 26.2)	UNKNOWN STEP	2026-05-07T18:18:46.5354830Z [RUN_FASTLANE] › Packaging react-native-reanimated Pods/RNReanimated » libRNReanimated.a
iOS preview (macos-26 / Xcode 26.2)	UNKNOWN STEP	2026-05-07T18:18:47.1673190Z [RUN_FASTLANE] › Compiling react-native-gesture-handler Pods/RNGestureHandler » RNGestureHandler-dummy.m
iOS preview (macos-26 / Xcode 26.2)	UNKNOWN STEP	2026-05-07T18:18:47.2054020Z [RUN_FASTLANE] › Compiling @react-native-community/datetimepicker Pods/RNDateTimePicker » RNDateTimePickerShadowView.m
iOS preview (macos-26 / Xcode 26.2)	UNKNOWN STEP	2026-05-07T18:18:47.4090080Z [RUN_FASTLANE] › Compiling @react-native-community/datetimepicker Pods/RNDateTimePicker » RNDateTimePickerManager.m
iOS preview (macos-26 / Xcode 26.2)	UNKNOWN STEP	2026-05-07T18:18:47.5980390Z [RUN_FASTLANE] › Compiling @react-native-community/datetimepicker Pods/RNDateTimePicker » RNDateTimePicker.m
iOS preview (macos-26 / Xcode 26.2)	UNKNOWN STEP	2026-05-07T18:18:47.9021390Z [RUN_FASTLANE] › Creating  Pods/ExpoFileSystem-ExpoFileSystem_privacy » ExpoFileSystem_privacy.bundle
iOS preview (macos-26 / Xcode 26.2)	UNKNOWN STEP	2026-05-07T18:18:47.9144530Z [RUN_FASTLANE] › Compiling @react-native-async-storage/async-storage Pods/RNCAsyncStorage » RNCAsyncStorage.mm
iOS preview (macos-26 / Xcode 26.2)	UNKNOWN STEP	2026-05-07T18:18:49.1917220Z [RUN_FASTLANE] › Compiling react-native-gesture-handler Pods/RNGestureHandler » RNTapHandler.m
iOS preview (macos-26 / Xcode 26.2)	UNKNOWN STEP	2026-05-07T18:18:49.1936340Z [RUN_FASTLANE] › Compiling react-native-gesture-handler Pods/RNGestureHandler » RNRotationHandler.m
iOS preview (macos-26 / Xcode 26.2)	UNKNOWN STEP	2026-05-07T18:18:49.1939990Z [RUN_FASTLANE] › Compiling react-native-gesture-handler Pods/RNGestureHandler » RNRootViewGestureRecognizer.m
iOS preview (macos-26 / Xcode 26.2)	UNKNOWN STEP	2026-05-07T18:18:49.1941040Z [RUN_FASTLANE] › Compiling react-native-gesture-handler Pods/RNGestureHandler » RNPinchHandler.m
iOS preview (macos-26 / Xcode 26.2)	UNKNOWN STEP	2026-05-07T18:18:49.1942620Z [RUN_FASTLANE] › Compiling react-native-gesture-handler Pods/RNGestureHandler » RNPanHandler.m
iOS preview (macos-26 / Xcode 26.2)	UNKNOWN STEP	2026-05-07T18:18:49.1943450Z [RUN_FASTLANE] › Compiling react-native-gesture-handler Pods/RNGestureHandler » RNManualHandler.m
iOS preview (macos-26 / Xcode 26.2)	UNKNOWN STEP	2026-05-07T18:18:49.1946270Z [RUN_FASTLANE] › Compiling react-native-gesture-handler Pods/RNGestureHandler » RNManualActivationRecognizer.m
iOS preview (macos-26 / Xcode 26.2)	UNKNOWN STEP	2026-05-07T18:18:49.1947280Z [RUN_FASTLANE] › Compiling react-native-gesture-handler Pods/RNGestureHandler » RNLongPressHandler.m
iOS preview (macos-26 / Xcode 26.2)	UNKNOWN STEP	2026-05-07T18:18:49.1982690Z [RUN_FASTLANE] › Compiling react-native-gesture-handler Pods/RNGestureHandler » RNHoverHandler.m
iOS preview (macos-26 / Xcode 26.2)	UNKNOWN STEP	2026-05-07T18:18:49.2022230Z [RUN_FASTLANE] › Compiling react-native-gesture-handler Pods/RNGestureHandler » RNGestureHandlerRegistry.m
iOS preview (macos-26 / Xcode 26.2)	UNKNOWN STEP	2026-05-07T18:18:49.2023300Z [RUN_FASTLANE] › Compiling react-native-gesture-handler Pods/RNGestureHandler » RNGestureHandlerPointerTracker.m
iOS preview (macos-26 / Xcode 26.2)	UNKNOWN STEP	2026-05-07T18:18:49.2024220Z [RUN_FASTLANE] › Compiling react-native-gesture-handler Pods/RNGestureHandler » RNGestureHandlerEvents.m
iOS preview (macos-26 / Xcode 26.2)	UNKNOWN STEP	2026-05-07T18:18:49.2025640Z [RUN_FASTLANE] › Compiling react-native-gesture-handler Pods/RNGestureHandler » RNGHVector.m
iOS preview (macos-26 / Xcode 26.2)	UNKNOWN STEP	2026-05-07T18:18:49.2026360Z [RUN_FASTLANE] › Compiling react-native-gesture-handler Pods/RNGestureHandler » RNGHStylusData.m
iOS preview (macos-26 / Xcode 26.2)	UNKNOWN STEP	2026-05-07T18:18:49.2027150Z [RUN_FASTLANE] › Compiling react-native-gesture-handler Pods/RNGestureHandler » RNForceTouchHandler.m
iOS preview (macos-26 / Xcode 26.2)	UNKNOWN STEP	2026-05-07T18:18:49.2028270Z [RUN_FASTLANE] › Compiling react-native-gesture-handler Pods/RNGestureHandler » RNFlingHandler.m
iOS preview (macos-26 / Xcode 26.2)	UNKNOWN STEP	2026-05-07T18:18:49.2029170Z [RUN_FASTLANE] › Compiling @react-native-community/datetimepicker Pods/RNDateTimePicker » RNDateTimePicker-dummy.m
iOS preview (macos-26 / Xcode 26.2)	UNKNOWN STEP	2026-05-07T18:18:49.2030390Z [RUN_FASTLANE] › Compiling @react-native-async-storage/async-storage Pods/RNCAsyncStorage » RNCAsyncStorage-dummy.m
iOS preview (macos-26 / Xcode 26.2)	UNKNOWN STEP	2026-05-07T18:18:49.2031370Z [RUN_FASTLANE] › Packaging react-native-gesture-handler Pods/RNGestureHandler » libRNGestureHandler.a
iOS preview (macos-26 / Xcode 26.2)	UNKNOWN STEP	2026-05-07T18:18:49.2032240Z [RUN_FASTLANE] › Packaging @react-native-community/datetimepicker Pods/RNDateTimePicker » libRNDateTimePicker.a
iOS preview (macos-26 / Xcode 26.2)	UNKNOWN STEP	2026-05-07T18:18:49.2047190Z [RUN_FASTLANE] › Creating  Pods/ExpoDevice-ExpoDevice_privacy » ExpoDevice_privacy.bundle
iOS preview (macos-26 / Xcode 26.2)	UNKNOWN STEP	2026-05-07T18:18:49.2049510Z [RUN_FASTLANE] › Creating  expo-updates Pods/EXUpdates-EXUpdates » EXUpdates.bundle
iOS preview (macos-26 / Xcode 26.2)	UNKNOWN STEP	2026-05-07T18:18:49.2050670Z [RUN_FASTLANE] › Creating  Pods/EXConstants-ExpoConstants_privacy » ExpoConstants_privacy.bundle
iOS preview (macos-26 / Xcode 26.2)	UNKNOWN STEP	2026-05-07T18:18:49.2053720Z [RUN_FASTLANE] › Creating  expo-constants Pods/EXConstants-EXConstants » EXConstants.bundle
iOS preview (macos-26 / Xcode 26.2)	UNKNOWN STEP	2026-05-07T18:18:49.2054750Z [RUN_FASTLANE] › Creating  Pods/EXApplication-ExpoApplication_privacy » ExpoApplication_privacy.bundle
iOS preview (macos-26 / Xcode 26.2)	UNKNOWN STEP	2026-05-07T18:19:09.4323620Z [RUN_FASTLANE] › Packaging @react-native-async-storage/async-storage Pods/RNCAsyncStorage » libRNCAsyncStorage.a
iOS preview (macos-26 / Xcode 26.2)	UNKNOWN STEP	2026-05-07T18:19:09.7060650Z [RUN_FASTLANE] › Compiling expo Pods/ExpoModulesCore » WorkletRuntimeFactory.mm
iOS preview (macos-26 / Xcode 26.2)	UNKNOWN STEP	2026-05-07T18:19:11.9261700Z [RUN_FASTLANE] › Compiling expo Pods/ExpoModulesCore » WorkletJSCallInvoker.cpp
iOS preview (macos-26 / Xcode 26.2)	UNKNOWN STEP	2026-05-07T18:19:11.9401170Z [RUN_FASTLANE] › Compiling expo Pods/ExpoModulesCore » WorkletExecutor.mm
iOS preview (macos-26 / Xcode 26.2)	UNKNOWN STEP	2026-05-07T18:19:12.0329580Z [RUN_FASTLANE] › Compiling expo Pods/ExpoModulesCore » SwiftUIVirtualViewObjC.mm
iOS preview (macos-26 / Xcode 26.2)	UNKNOWN STEP	2026-05-07T18:19:15.3727380Z [RUN_FASTLANE] › Compiling expo Pods/ExpoModulesCore » SharedRef.cpp
iOS preview (macos-26 / Xcode 26.2)	UNKNOWN STEP	2026-05-07T18:19:15.3829720Z [RUN_FASTLANE] › Compiling expo Pods/ExpoModulesCore » SharedObject.cpp
iOS preview (macos-26 / Xcode 26.2)	UNKNOWN STEP	2026-05-07T18:19:15.3931920Z [RUN_FASTLANE] › Compiling expo Pods/ExpoModulesCore » SerializableExtractor.mm
iOS preview (macos-26 / Xcode 26.2)	UNKNOWN STEP	2026-05-07T18:19:15.4035360Z [RUN_FASTLANE] › Compiling expo Pods/ExpoModulesCore » NativeModule.cpp
iOS preview (macos-26 / Xcode 26.2)	UNKNOWN STEP	2026-05-07T18:19:15.4137130Z [RUN_FASTLANE] › Compiling expo Pods/ExpoModulesCore » LazyObject.cpp
iOS preview (macos-26 / Xcode 26.2)	UNKNOWN STEP	2026-05-07T18:19:15.4239010Z [RUN_FASTLANE] › Compiling expo Pods/ExpoModulesCore » ExpoViewShadowNode.cpp
iOS preview (macos-26 / Xcode 26.2)	UNKNOWN STEP	2026-05-07T18:19:16.4741280Z [RUN_FASTLANE] › Compiling expo Pods/ExpoModulesCore » ExpoViewProps.cpp
iOS preview (macos-26 / Xcode 26.2)	UNKNOWN STEP	2026-05-07T18:19:16.6767860Z [RUN_FASTLANE] › Compiling expo Pods/ExpoModulesCore » ExpoViewEventEmitter.cpp
iOS preview (macos-26 / Xcode 26.2)	UNKNOWN STEP	2026-05-07T18:19:17.1191640Z [RUN_FASTLANE] › Compiling expo Pods/ExpoModulesCore » ExpoViewComponentDescriptor.cpp
iOS preview (macos-26 / Xcode 26.2)	UNKNOWN STEP	2026-05-07T18:19:18.4810770Z [RUN_FASTLANE] › Compiling expo Pods/ExpoModulesCore » ExpoModulesHostObject.mm
iOS preview (macos-26 / Xcode 26.2)	UNKNOWN STEP	2026-05-07T18:19:18.4912460Z [RUN_FASTLANE] › Compiling expo Pods/ExpoModulesCore » ExpoFabricViewObjC.mm
iOS preview (macos-26 / Xcode 26.2)	UNKNOWN STEP	2026-05-07T18:19:19.4640590Z [RUN_FASTLANE] › Compiling expo Pods/ExpoModulesCore » ExpoBridgeModule.mm
iOS preview (macos-26 / Xcode 26.2)	UNKNOWN STEP	2026-05-07T18:19:19.4742250Z [RUN_FASTLANE] › Compiling expo Pods/ExpoModulesCore » EventEmitter.cpp
iOS preview (macos-26 / Xcode 26.2)	UNKNOWN STEP	2026-05-07T18:19:19.4860180Z [RUN_FASTLANE] › Compiling expo Pods/ExpoModulesCore » EXWorkletRuntime.mm
iOS preview (macos-26 / Xcode 26.2)	UNKNOWN STEP	2026-05-07T18:19:20.8984010Z [RUN_FASTLANE] › Compiling expo Pods/ExpoModulesCore » EXSharedObjectUtils.mm
iOS preview (macos-26 / Xcode 26.2)	UNKNOWN STEP	2026-05-07T18:19:20.9085810Z [RUN_FASTLANE] › Compiling expo Pods/ExpoModulesCore » EXRuntime.mm
iOS preview (macos-26 / Xcode 26.2)	UNKNOWN STEP	2026-05-07T18:19:20.9187430Z [RUN_FASTLANE] › Compiling expo Pods/ExpoModulesCore » EXReactNativeAdapter.mm
iOS preview (macos-26 / Xcode 26.2)	UNKNOWN STEP	2026-05-07T18:19:22.3283650Z [RUN_FASTLANE] › Compiling expo Pods/ExpoModulesCore » EXReactDelegateWrapper.mm
iOS preview (macos-26 / Xcode 26.2)	UNKNOWN STEP	2026-05-07T18:19:22.3417830Z [RUN_FASTLANE] › Compiling expo Pods/ExpoModulesCore » EXNativeModulesProxy.mm
iOS preview (macos-26 / Xcode 26.2)	UNKNOWN STEP	2026-05-07T18:19:23.4399410Z [RUN_FASTLANE] › Compiling expo Pods/ExpoModulesCore » EXJavaScriptSerializable.mm
iOS preview (macos-26 / Xcode 26.2)	UNKNOWN STEP	2026-05-07T18:19:23.4498630Z [RUN_FASTLANE] › Compiling expo Pods/ExpoModulesCore » EXJSUtils.mm
iOS preview (macos-26 / Xcode 26.2)	UNKNOWN STEP	2026-05-07T18:19:23.4502880Z [RUN_FASTLANE] › Compiling expo Pods/ExpoModulesCore » EXJSIInstaller.mm
iOS preview (macos-26 / Xcode 26.2)	UNKNOWN STEP	2026-05-07T18:19:24.1221550Z [RUN_FASTLANE] › Compiling expo Pods/ExpoModulesCore » EXHostWrapper.mm
iOS preview (macos-26 / Xcode 26.2)	UNKNOWN STEP	2026-05-07T18:19:25.4191790Z [RUN_FASTLANE] › Compiling expo-modules-core Pods/ExpoModulesCore » ExpoModulesCore-dummy.m
iOS preview (macos-26 / Xcode 26.2)	UNKNOWN STEP	2026-05-07T18:19:25.6158420Z [RUN_FASTLANE] › Compiling expo Pods/ExpoModulesCore » EXReactNativeUserNotificationCenterProxy.m
iOS preview (macos-26 / Xcode 26.2)	UNKNOWN STEP	2026-05-07T18:19:25.6716050Z [RUN_FASTLANE] › Compiling expo Pods/ExpoModulesCore » EXSingletonModule.m
iOS preview (macos-26 / Xcode 26.2)	UNKNOWN STEP	2026-05-07T18:19:25.6818450Z [RUN_FASTLANE] › Compiling expo Pods/ExpoModulesCore » EXPermissionsService.m
iOS preview (macos-26 / Xcode 26.2)	UNKNOWN STEP	2026-05-07T18:19:25.6847180Z [RUN_FASTLANE] › Compiling expo Pods/ExpoModulesCore » EXUtilities.m
iOS preview (macos-26 / Xcode 26.2)	UNKNOWN STEP	2026-05-07T18:19:25.7350200Z [RUN_FASTLANE] › Compiling expo Pods/ExpoModulesCore » EXPermissionsMethodsDelegate.m
iOS preview (macos-26 / Xcode 26.2)	UNKNOWN STEP	2026-05-07T18:19:25.7452660Z [RUN_FASTLANE] › Compiling expo Pods/ExpoModulesCore » EXModuleRegistryProvider.m
iOS preview (macos-26 / Xcode 26.2)	UNKNOWN STEP	2026-05-07T18:19:25.7560560Z [RUN_FASTLANE] › Compiling expo Pods/ExpoModulesCore » EXModuleRegistryHolderReactModule.m
iOS preview (macos-26 / Xcode 26.2)	UNKNOWN STEP	2026-05-07T18:19:25.7671430Z [RUN_FASTLANE] › Compiling expo Pods/ExpoModulesCore » EXModuleRegistryAdapter.m
iOS preview (macos-26 / Xcode 26.2)	UNKNOWN STEP	2026-05-07T18:19:25.7773270Z [RUN_FASTLANE] › Compiling expo Pods/ExpoModulesCore » EXModuleRegistry.m
iOS preview (macos-26 / Xcode 26.2)	UNKNOWN STEP	2026-05-07T18:19:25.8083810Z [RUN_FASTLANE] › Compiling expo Pods/ExpoModulesCore » EXImageLoader.m
iOS preview (macos-26 / Xcode 26.2)	UNKNOWN STEP	2026-05-07T18:19:25.8185920Z [RUN_FASTLANE] › Compiling expo Pods/ExpoModulesCore » EXExportedModule.m
iOS preview (macos-26 / Xcode 26.2)	UNKNOWN STEP	2026-05-07T18:19:25.8297860Z [RUN_FASTLANE] › Compiling expo Pods/ExpoModulesCore » EXAppDefines.m
iOS preview (macos-26 / Xcode 26.2)	UNKNOWN STEP	2026-05-07T18:19:25.8401750Z [RUN_FASTLANE] › Compiling expo Pods/ExpoModulesCore » EXAppContextFactoryRegistry.m
iOS preview (macos-26 / Xcode 26.2)	UNKNOWN STEP	2026-05-07T18:19:25.8507320Z [RUN_FASTLANE] › Compiling expo Pods/ExpoModulesCore » CoreModuleHelper.m
iOS preview (macos-26 / Xcode 26.2)	UNKNOWN STEP	2026-05-07T18:19:25.8583440Z [RUN_FASTLANE] › Packaging expo-modules-core Pods/ExpoModulesCore » libExpoModulesCore.a
iOS preview (macos-26 / Xcode 26.2)	UNKNOWN STEP	2026-05-07T18:19:25.9487000Z [RUN_FASTLANE] › Executing expo-modules-core Pods/ExpoModulesCore » Copy generated compatibility header
iOS preview (macos-26 / Xcode 26.2)	UNKNOWN STEP	2026-05-07T18:19:29.7181900Z [RUN_FASTLANE] › Compiling expo-splash-screen Pods/ExpoSplashScreen » ExpoSplashScreen-dummy.m
iOS preview (macos-26 / Xcode 26.2)	UNKNOWN STEP	2026-05-07T18:19:31.9192580Z [RUN_FASTLANE] › Compiling expo-symbols Pods/ExpoSymbols » ExpoSymbols-dummy.m
iOS preview (macos-26 / Xcode 26.2)	UNKNOWN STEP	2026-05-07T18:19:31.9236160Z [RUN_FASTLANE] › Compiling expo-vision-pose-detector Pods/expo-vision-pose-detector » expo-vision-pose-detector-dummy.m
iOS preview (macos-26 / Xcode 26.2)	UNKNOWN STEP	2026-05-07T18:19:32.1289750Z [RUN_FASTLANE] › Compiling expo-sensors Pods/ExpoSensors » ExpoSensors-dummy.m
iOS preview (macos-26 / Xcode 26.2)	UNKNOWN STEP	2026-05-07T18:19:32.1290780Z [RUN_FASTLANE] › Compiling expo-sensors Pods/ExpoSensors » EXMotionPermissionRequester.m
iOS preview (macos-26 / Xcode 26.2)	UNKNOWN STEP	2026-05-07T18:19:32.1292180Z [RUN_FASTLANE] › Compiling expo-vision-pose-detector Pods/expo-vision-pose-detector » PoseDetectorFrameProcessorPlugin.m
iOS preview (macos-26 / Xcode 26.2)	UNKNOWN STEP	2026-05-07T18:19:32.1292840Z [RUN_FASTLANE] 
iOS preview (macos-26 / Xcode 26.2)	UNKNOWN STEP	2026-05-07T18:19:32.1294690Z ❌  (/var/folders/dy/3g4vbvsx7lx51x77m3_b20cc0000gn/T/eas-build-local-nodejs/746ae97a-55e5-4761-923f-3bbe8932e842/build/apps/professional-app/modules/expo-vision-pose-detector/ios/PoseDetectorFrameProcessorPlugin.m:5:81)
iOS preview (macos-26 / Xcode 26.2)	UNKNOWN STEP	2026-05-07T18:19:32.1295440Z 
iOS preview (macos-26 / Xcode 26.2)	UNKNOWN STEP	2026-05-07T18:19:32.1295740Z   3 | #import <VisionCamera/FrameProcessorPluginRegistry.h>
iOS preview (macos-26 / Xcode 26.2)	UNKNOWN STEP	2026-05-07T18:19:32.1296090Z   4 |
iOS preview (macos-26 / Xcode 26.2)	UNKNOWN STEP	2026-05-07T18:19:32.1297440Z > 5 | @interface VISION_EXPORT_FRAME_PROCESSOR_PLUGIN(PoseDetectorFrameProcessorPlugin, detectPose)
iOS preview (macos-26 / Xcode 26.2)	UNKNOWN STEP	2026-05-07T18:19:32.1298570Z     |                                                                                 ^ expected ')'
iOS preview (macos-26 / Xcode 26.2)	UNKNOWN STEP	2026-05-07T18:19:32.1298920Z   6 | @end
iOS preview (macos-26 / Xcode 26.2)	UNKNOWN STEP	2026-05-07T18:19:32.1299200Z   7 |
iOS preview (macos-26 / Xcode 26.2)	UNKNOWN STEP	2026-05-07T18:19:32.1299370Z 
iOS preview (macos-26 / Xcode 26.2)	UNKNOWN STEP	2026-05-07T18:19:32.1299520Z [RUN_FASTLANE] 
iOS preview (macos-26 / Xcode 26.2)	UNKNOWN STEP	2026-05-07T18:19:32.1300730Z ❌  (/var/folders/dy/3g4vbvsx7lx51x77m3_b20cc0000gn/T/eas-build-local-nodejs/746ae97a-55e5-4761-923f-3bbe8932e842/build/apps/professional-app/modules/expo-vision-pose-detector/ios/PoseDetectorFrameProcessorPlugin.m:5:12)
iOS preview (macos-26 / Xcode 26.2)	UNKNOWN STEP	2026-05-07T18:19:32.1301430Z 
iOS preview (macos-26 / Xcode 26.2)	UNKNOWN STEP	2026-05-07T18:19:32.1301680Z   3 | #import <VisionCamera/FrameProcessorPluginRegistry.h>
iOS preview (macos-26 / Xcode 26.2)	UNKNOWN STEP	2026-05-07T18:19:32.1302010Z   4 |
iOS preview (macos-26 / Xcode 26.2)	UNKNOWN STEP	2026-05-07T18:19:32.1302570Z > 5 | @interface VISION_EXPORT_FRAME_PROCESSOR_PLUGIN(PoseDetectorFrameProcessorPlugin, detectPose)
iOS preview (macos-26 / Xcode 26.2)	UNKNOWN STEP	2026-05-07T18:19:32.1303210Z     |            ^ cannot find interface declaration for 'VISION_EXPORT_FRAME_PROCESSOR_PLUGIN'
iOS preview (macos-26 / Xcode 26.2)	UNKNOWN STEP	2026-05-07T18:19:32.1303700Z   6 | @end
iOS preview (macos-26 / Xcode 26.2)	UNKNOWN STEP	2026-05-07T18:19:32.1303910Z   7 |
iOS preview (macos-26 / Xcode 26.2)	UNKNOWN STEP	2026-05-07T18:19:32.1304080Z 
iOS preview (macos-26 / Xcode 26.2)	UNKNOWN STEP	2026-05-07T18:19:32.1723680Z [RUN_FASTLANE] ⚠️  Script has ambiguous dependencies causing it to run on every build.
iOS preview (macos-26 / Xcode 26.2)	UNKNOWN STEP	2026-05-07T18:19:32.1759010Z    To fix, go to: Xcode » FisioFlowPro/FisioFlowPro » Build Phases » 'Upload Debug Symbols to Sentry'
iOS preview (macos-26 / Xcode 26.2)	UNKNOWN STEP	2026-05-07T18:19:32.1761820Z    Either: Uncheck "Based on dependency analysis", or select output files to trigger the script
iOS preview (macos-26 / Xcode 26.2)	UNKNOWN STEP	2026-05-07T18:19:32.1843200Z 
iOS preview (macos-26 / Xcode 26.2)	UNKNOWN STEP	2026-05-07T18:19:32.1844260Z [RUN_FASTLANE] ⚠️  Script has ambiguous dependencies causing it to run on every build.
iOS preview (macos-26 / Xcode 26.2)	UNKNOWN STEP	2026-05-07T18:19:32.1845270Z    To fix, go to: Xcode » FisioFlowPro/FisioFlowPro » Build Phases » '[Expo Dev Launcher] Strip Local Network Keys for Release'
iOS preview (macos-26 / Xcode 26.2)	UNKNOWN STEP	2026-05-07T18:19:32.1846060Z    Either: Uncheck "Based on dependency analysis", or select output files to trigger the script
iOS preview (macos-26 / Xcode 26.2)	UNKNOWN STEP	2026-05-07T18:19:32.1846460Z 
iOS preview (macos-26 / Xcode 26.2)	UNKNOWN STEP	2026-05-07T18:19:32.1847060Z [RUN_FASTLANE] ⚠️  Pods/SDWebImage-SDWebImage: iOS@9.0 deployment version mismatch, expected >= 2.0 <= 26.2.99
iOS preview (macos-26 / Xcode 26.2)	UNKNOWN STEP	2026-05-07T18:19:32.2008270Z [RUN_FASTLANE] ▸ ** ARCHIVE FAILED **
iOS preview (macos-26 / Xcode 26.2)	UNKNOWN STEP	2026-05-07T18:19:32.2009120Z [RUN_FASTLANE] ▸ The following build commands failed:
iOS preview (macos-26 / Xcode 26.2)	UNKNOWN STEP	2026-05-07T18:19:32.2016500Z [RUN_FASTLANE] ▸ 	CompileC /var/folders/dy/3g4vbvsx7lx51x77m3_b20cc0000gn/T/eas-build-local-nodejs/746ae97a-55e5-4761-923f-3bbe8932e842/build/apps/professional-app/ios/build/Build/Intermediates.noindex/ArchiveIntermediates/FisioFlowPro/IntermediateBuildFilesPath/Pods.build/Release-iphoneos/expo-vision-pose-detector.build/Objects-normal/arm64/PoseDetectorFrameProcessorPlugin-5d446f26573414e67831c6d3ef173747.o /var/folders/dy/3g4vbvsx7lx51x77m3_b20cc0000gn/T/eas-build-local-nodejs/746ae97a-55e5-4761-923f-3bbe8932e842/build/apps/professional-app/modules/expo-vision-pose-detector/ios/PoseDetectorFrameProcessorPlugin.m normal arm64 objective-c com.apple.compilers.llvm.clang.1_0.compiler (in target 'expo-vision-pose-detector' from project 'Pods')
iOS preview (macos-26 / Xcode 26.2)	UNKNOWN STEP	2026-05-07T18:19:32.3469110Z [RUN_FASTLANE] ▸ 	Archiving workspace FisioFlowPro with scheme FisioFlowPro
iOS preview (macos-26 / Xcode 26.2)	UNKNOWN STEP	2026-05-07T18:19:32.3470070Z [RUN_FASTLANE] ▸ (2 failures)
iOS preview (macos-26 / Xcode 26.2)	UNKNOWN STEP	2026-05-07T18:19:33.0950630Z [RUN_FASTLANE] Exit status: 65
iOS preview (macos-26 / Xcode 26.2)	UNKNOWN STEP	2026-05-07T18:19:33.1340210Z [RUN_FASTLANE] 
iOS preview (macos-26 / Xcode 26.2)	UNKNOWN STEP	2026-05-07T18:19:33.1343950Z [RUN_FASTLANE] Maybe the error shown is caused by using the wrong version of Xcode
iOS preview (macos-26 / Xcode 26.2)	UNKNOWN STEP	2026-05-07T18:19:33.1344760Z [RUN_FASTLANE] Found multiple versions of Xcode in '/Applications/'
iOS preview (macos-26 / Xcode 26.2)	UNKNOWN STEP	2026-05-07T18:19:33.1345400Z [RUN_FASTLANE] Make sure you selected the right version for your project
iOS preview (macos-26 / Xcode 26.2)	UNKNOWN STEP	2026-05-07T18:19:33.1346130Z [RUN_FASTLANE] This build process was executed using '/Applications/Xcode_26.2.app'
iOS preview (macos-26 / Xcode 26.2)	UNKNOWN STEP	2026-05-07T18:19:33.1347630Z [RUN_FASTLANE] If you want to update your Xcode path, either
iOS preview (macos-26 / Xcode 26.2)	UNKNOWN STEP	2026-05-07T18:19:33.1348080Z [RUN_FASTLANE] 
iOS preview (macos-26 / Xcode 26.2)	UNKNOWN STEP	2026-05-07T18:19:33.1348600Z [RUN_FASTLANE] - Specify the Xcode version in your Fastfile
iOS preview (macos-26 / Xcode 26.2)	UNKNOWN STEP	2026-05-07T18:19:33.1349610Z [RUN_FASTLANE] ▸ xcversion(version: "8.1") # Selects Xcode 8.1.0
iOS preview (macos-26 / Xcode 26.2)	UNKNOWN STEP	2026-05-07T18:19:33.1351060Z [RUN_FASTLANE] 
iOS preview (macos-26 / Xcode 26.2)	UNKNOWN STEP	2026-05-07T18:19:33.1351780Z [RUN_FASTLANE] - Specify an absolute path to your Xcode installation in your Fastfile
iOS preview (macos-26 / Xcode 26.2)	UNKNOWN STEP	2026-05-07T18:19:33.1352610Z [RUN_FASTLANE] ▸ xcode_select "/Applications/Xcode8.app"
iOS preview (macos-26 / Xcode 26.2)	UNKNOWN STEP	2026-05-07T18:19:33.1353020Z [RUN_FASTLANE] 
iOS preview (macos-26 / Xcode 26.2)	UNKNOWN STEP	2026-05-07T18:19:33.2073040Z [RUN_FASTLANE] - Manually update the path using
iOS preview (macos-26 / Xcode 26.2)	UNKNOWN STEP	2026-05-07T18:19:33.2074170Z [RUN_FASTLANE] ▸ sudo xcode-select -s /Applications/Xcode.app
iOS preview (macos-26 / Xcode 26.2)	UNKNOWN STEP	2026-05-07T18:19:33.2161540Z [RUN_FASTLANE] 
iOS preview (macos-26 / Xcode 26.2)	UNKNOWN STEP	2026-05-07T18:19:33.2205540Z [RUN_FASTLANE] [!] Error building the application - see the log above
iOS preview (macos-26 / Xcode 26.2)	UNKNOWN STEP	2026-05-07T18:19:33.2206930Z [RUN_FASTLANE] +--------------------------------------------+
iOS preview (macos-26 / Xcode 26.2)	UNKNOWN STEP	2026-05-07T18:19:33.2209460Z [RUN_FASTLANE] |             Build environment              |
iOS preview (macos-26 / Xcode 26.2)	UNKNOWN STEP	2026-05-07T18:19:33.2211040Z [RUN_FASTLANE] +-------------+------------------------------+
iOS preview (macos-26 / Xcode 26.2)	UNKNOWN STEP	2026-05-07T18:19:33.2211770Z [RUN_FASTLANE] | xcode_path  | /Applications/Xcode_26.2.app |
iOS preview (macos-26 / Xcode 26.2)	UNKNOWN STEP	2026-05-07T18:19:33.2214240Z [RUN_FASTLANE] | gym_version | 2.233.0                      |
iOS preview (macos-26 / Xcode 26.2)	UNKNOWN STEP	2026-05-07T18:19:33.2214990Z [RUN_FASTLANE] | sdk         | iPhoneOS26.2.sdk             |
iOS preview (macos-26 / Xcode 26.2)	UNKNOWN STEP	2026-05-07T18:19:33.2215610Z [RUN_FASTLANE] +-------------+------------------------------+
iOS preview (macos-26 / Xcode 26.2)	UNKNOWN STEP	2026-05-07T18:19:33.2216980Z [RUN_FASTLANE] Looks like fastlane ran into a build/archive error with your project
iOS preview (macos-26 / Xcode 26.2)	UNKNOWN STEP	2026-05-07T18:19:33.2232410Z [RUN_FASTLANE] It's hard to tell what's causing the error, so we wrote some guides on how
iOS preview (macos-26 / Xcode 26.2)	UNKNOWN STEP	2026-05-07T18:19:33.2233360Z [RUN_FASTLANE] to troubleshoot build and signing issues: https://docs.fastlane.tools/codesigning/getting-started/
iOS preview (macos-26 / Xcode 26.2)	UNKNOWN STEP	2026-05-07T18:19:33.2234230Z [RUN_FASTLANE] Before submitting an issue on GitHub, please follow the guide above and make
iOS preview (macos-26 / Xcode 26.2)	UNKNOWN STEP	2026-05-07T18:19:33.2234980Z [RUN_FASTLANE] sure your project is set up correctly.
iOS preview (macos-26 / Xcode 26.2)	UNKNOWN STEP	2026-05-07T18:19:33.2235710Z [RUN_FASTLANE] fastlane uses `xcodebuild` commands to generate your binary, you can see the
iOS preview (macos-26 / Xcode 26.2)	UNKNOWN STEP	2026-05-07T18:19:33.2236530Z [RUN_FASTLANE] the full commands printed out in yellow in the above log.
iOS preview (macos-26 / Xcode 26.2)	UNKNOWN STEP	2026-05-07T18:19:33.2237430Z [RUN_FASTLANE] Make sure to inspect the output above, as usually you'll find more error information there
iOS preview (macos-26 / Xcode 26.2)	UNKNOWN STEP	2026-05-07T18:19:33.2238550Z [RUN_FASTLANE] 
iOS preview (macos-26 / Xcode 26.2)	UNKNOWN STEP	2026-05-07T18:19:33.3170540Z [RUN_FASTLANE] Error: The "Run fastlane" step failed because of an error in the Xcode build process. We automatically detected following errors in your Xcode build logs:
iOS preview (macos-26 / Xcode 26.2)	UNKNOWN STEP	2026-05-07T18:19:33.3171620Z - expected ')'
iOS preview (macos-26 / Xcode 26.2)	UNKNOWN STEP	2026-05-07T18:19:33.3172390Z - cannot find interface declaration for 'VISION_EXPORT_FRAME_PROCESSOR_PLUGIN'
iOS preview (macos-26 / Xcode 26.2)	UNKNOWN STEP	2026-05-07T18:19:33.3173250Z Refer to "Xcode Logs" below for additional, more detailed logs.
iOS preview (macos-26 / Xcode 26.2)	UNKNOWN STEP	2026-05-07T18:19:33.3181390Z [CLEAN_UP_CREDENTIALS] Destroying keychain - /var/folders/dy/3g4vbvsx7lx51x77m3_b20cc0000gn/T/eas-build-eb7efc18-ad57-4a82-90b2-eac37c7b6d5c.keychain
iOS preview (macos-26 / Xcode 26.2)	UNKNOWN STEP	2026-05-07T18:19:35.5109360Z [CLEAN_UP_CREDENTIALS] Removing provisioning profile
iOS preview (macos-26 / Xcode 26.2)	UNKNOWN STEP	2026-05-07T18:19:35.5208930Z 
iOS preview (macos-26 / Xcode 26.2)	UNKNOWN STEP	2026-05-07T18:19:35.5295780Z Build failed
iOS preview (macos-26 / Xcode 26.2)	UNKNOWN STEP	2026-05-07T18:20:26.8384580Z The "Run fastlane" step failed because of an error in the Xcode build process. We automatically detected following errors in your Xcode build logs:
iOS preview (macos-26 / Xcode 26.2)	UNKNOWN STEP	2026-05-07T18:20:26.8385530Z - expected ')'
iOS preview (macos-26 / Xcode 26.2)	UNKNOWN STEP	2026-05-07T18:20:26.8386010Z - cannot find interface declaration for 'VISION_EXPORT_FRAME_PROCESSOR_PLUGIN'
iOS preview (macos-26 / Xcode 26.2)	UNKNOWN STEP	2026-05-07T18:20:26.8386660Z Refer to "Xcode Logs" below for additional, more detailed logs.
iOS preview (macos-26 / Xcode 26.2)	UNKNOWN STEP	2026-05-07T18:20:26.8387630Z Error: The "Run fastlane" step failed because of an error in the Xcode build process. We automatically detected following errors in your Xcode build logs:
iOS preview (macos-26 / Xcode 26.2)	UNKNOWN STEP	2026-05-07T18:20:26.8388260Z - expected ')'
iOS preview (macos-26 / Xcode 26.2)	UNKNOWN STEP	2026-05-07T18:20:26.8388690Z - cannot find interface declaration for 'VISION_EXPORT_FRAME_PROCESSOR_PLUGIN'
iOS preview (macos-26 / Xcode 26.2)	UNKNOWN STEP	2026-05-07T18:20:26.8389180Z Refer to "Xcode Logs" below for additional, more detailed logs.
iOS preview (macos-26 / Xcode 26.2)	UNKNOWN STEP	2026-05-07T18:20:26.8390020Z     at resolveBuildPhaseErrorAsync (/Users/runner/.npm/_npx/0917d8cd6fe7b3c5/node_modules/@expo/build-tools/dist/buildErrors/detectError.js:61:12)
iOS preview (macos-26 / Xcode 26.2)	UNKNOWN STEP	2026-05-07T18:20:26.8390960Z     at async BuildContext.handleBuildPhaseErrorAsync (/Users/runner/.npm/_npx/0917d8cd6fe7b3c5/node_modules/@expo/build-tools/dist/context.js:194:28)
iOS preview (macos-26 / Xcode 26.2)	UNKNOWN STEP	2026-05-07T18:20:26.8391960Z     at async BuildContext.runBuildPhase (/Users/runner/.npm/_npx/0917d8cd6fe7b3c5/node_modules/@expo/build-tools/dist/context.js:139:35)
iOS preview (macos-26 / Xcode 26.2)	UNKNOWN STEP	2026-05-07T18:20:26.8392770Z     at async buildAsync (/Users/runner/.npm/_npx/0917d8cd6fe7b3c5/node_modules/@expo/build-tools/dist/builders/ios.js:137:26)
iOS preview (macos-26 / Xcode 26.2)	UNKNOWN STEP	2026-05-07T18:20:26.8393710Z     at async runBuilderWithHooksAsync (/Users/runner/.npm/_npx/0917d8cd6fe7b3c5/node_modules/@expo/build-tools/dist/builders/common.js:12:13)
iOS preview (macos-26 / Xcode 26.2)	UNKNOWN STEP	2026-05-07T18:20:26.8394570Z     at async Object.iosBuilder (/Users/runner/.npm/_npx/0917d8cd6fe7b3c5/node_modules/@expo/build-tools/dist/builders/ios.js:38:16)
iOS preview (macos-26 / Xcode 26.2)	UNKNOWN STEP	2026-05-07T18:20:26.8395340Z     at async buildIosAsync (/Users/runner/.npm/_npx/0917d8cd6fe7b3c5/node_modules/eas-cli-local-build-plugin/dist/ios.js:43:12)
iOS preview (macos-26 / Xcode 26.2)	UNKNOWN STEP	2026-05-07T18:20:26.8396200Z     at async buildAsync (/Users/runner/.npm/_npx/0917d8cd6fe7b3c5/node_modules/eas-cli-local-build-plugin/dist/build.js:58:29)
iOS preview (macos-26 / Xcode 26.2)	UNKNOWN STEP	2026-05-07T18:20:26.8397020Z     at async main (/Users/runner/.npm/_npx/0917d8cd6fe7b3c5/node_modules/eas-cli-local-build-plugin/dist/main.js:16:9)
iOS preview (macos-26 / Xcode 26.2)	UNKNOWN STEP	2026-05-07T18:20:27.7746850Z npx -y eas-cli-local-build-plugin@18.8.0 eyJqb2IiOnsidHlwZSI6Im1hbmFnZWQiLCJwbGF0Zm9ybSI6ImlvcyIsInByb2plY3RBcmNoaXZlIjp7InR5cGUiOiJQQVRIIiwicGF0aCI6Ii92YXIvZm9sZGVycy9keS8zZzR2YnZzeDdseDUxeDc3bTNfYjIwY2MwMDAwZ24vVC9lYXMtY2xpLW5vZGVqcy81M2ZiMjI2YS1hZTIxLTQ2MTMtYmI2Ni02MjY3MGI2ZDNhZWEudGFyLmd6In0sInByb2plY3RSb290RGlyZWN0b3J5IjoiYXBwcy9wcm9mZXNzaW9uYWwtYXBwIiwiYnVpbGRlckVudmlyb25tZW50Ijp7Im5vZGUiOiIyNC4xMy4xIiwiZW52Ijp7IkVYUE9fUFVCTElDX0FQSV9VUkwiOiJodHRwczovL2Zpc2lvZmxvdy1hcGkucmFmYWxlZ29sbGFzLndvcmtlcnMuZGV2IiwiRVhQT19QVUJMSUNfTkVPTl9BVVRIX1VSTCI6Imh0dHBzOi8vZXAtd2FuZGVyaW5nLWJvbnVzLWFjajR6d3ZvLm5lb25hdXRoLnNhLWVhc3QtMS5hd3MubmVvbi50ZWNoL25lb25kYi9hdXRoIiwiRVhQT19QVUJMSUNfRVhQT19QUk9KRUNUX0lEIjoiY2E3MDQyYTctMDNkNC00NzMxLWI0ZTUtNmY1ZGUzYjQ4MzAwIiwiRVhQT19VU0VfU1lNTElOS1MiOiIxIn19LCJjYWNoZSI6eyJkaXNhYmxlZCI6dHJ1ZSwicGF0aHMiOltdLCJjbGVhciI6ZmFsc2V9LCJzZWNyZXRzIjp7ImJ1aWxkQ3JlZGVudGlhbHMiOnsiRmlzaW9GbG93UHJvIjp7InByb3Zpc2lvbmluZ1Byb2ZpbGVCYXNlNjQiOiJNSUl3NkFZSktvWklodmNOQVFjQ29JSXcyVENDTU5VQ0FRRXhDekFKQmdVckRnTUNHZ1VBTUlJZzlRWUpLb1pJaHZjTkFRY0JvSUlnNWdTQ0lPSThQM2h0YkNCMlpYSnphVzl1UFNJeExqQWlJR1Z1WTI5a2FXNW5QU0pWVkVZdE9DSS9QZ284SVVSUFExUlpVRVVnY0d4cGMzUWdVRlZDVEVsRElDSXRMeTlCY0hCc1pTOHZSRlJFSUZCTVNWTlVJREV1TUM4dlJVNGlJQ0pvZEhSd09pOHZkM2QzTG1Gd2NHeGxMbU52YlM5RVZFUnpMMUJ5YjNCbGNuUjVUR2x6ZEMweExqQXVaSFJrSWo0S1BIQnNhWE4wSUhabGNuTnBiMjQ5SWpFdU1DSStDanhrYVdOMFBnb0pQR3RsZVQ1QmNIQkpSRTVoYldVOEwydGxlVDRLQ1R4emRISnBibWMrUm1semFXOUdiRzkzSUZCeWIyWnBjM05wYjI1aGFYTThMM04wY21sdVp6NEtDVHhyWlhrK1FYQndiR2xqWVhScGIyNUpaR1Z1ZEdsbWFXVnlVSEpsWm1sNFBDOXJaWGsrQ2drOFlYSnlZWGsrQ2drOGMzUnlhVzVuUGtjM1JrUlhPVE16VTBZOEwzTjBjbWx1Wno0S0NUd3ZZWEp5WVhrK0NnazhhMlY1UGtOeVpXRjBhVzl1UkdGMFpUd3ZhMlY1UGdvSlBHUmhkR1UrTWpBeU5pMHdOQzB4TmxReE5qbzBNam96TVZvOEwyUmhkR1UrQ2drOGEyVjVQbEJzWVhSbWIzSnRQQzlyWlhrK0NnazhZWEp5WVhrK0Nna0pQSE4wY21sdVp6NXBUMU04TDNOMGNtbHVaejRLQ1FrOGMzUnlhVzVuUG5oeVQxTThMM04wY21sdVp6NEtDUWs4YzNSeWFXNW5QblpwYzJsdmJrOVRQQzl6ZEhKcGJtYytDZ2s4TDJGeWNtRjVQZ29KUEd0bGVUNUpjMWhqYjJSbFRXRnVZV2RsWkR3dmEyVjVQZ29KUEdaaGJITmxMejRLQ1R4clpYaytSR1YyWld4dmNHVnlRMlZ5ZEdsbWFXTmhkR1Z6UEM5clpYaytDZ2s4WVhKeVlYaytDZ2tKUEdSaGRHRStUVWxKUm5aVVEwTkNTMWRuUVhkSlFrRm5TVkZtVUZWck5YUmFVV2xpYlVwNVZYZFFkbUpzTTBKcVFVNUNaMnR4YUd0cFJ6bDNNRUpCVVhOR1FVUkNNVTFWVVhkUloxbEVWbEZSUkVSRWRFSmpTRUp6V2xOQ1dHSXpTbk5hU0dSd1drZFZaMUpIVmpKYVYzaDJZMGRXZVVsR1NteGlSMFl3WVZjNWRXTjVRa1JhV0Vvd1lWZGFjRmt5UmpCaFZ6bDFTVVZHTVdSSGFIWmpiV3d3WlZSRlRFMUJhMGRCTVZWRlEzZDNRMUo2VFhoRmVrRlNRbWRPVmtKQmIwMURhMFozWTBkNGJFbEZiSFZaZVRSNFEzcEJTa0puVGxaQ1FWbFVRV3hXVkUxQ05GaEVWRWt5VFVSUmQwNXFTWHBOVkVsM1RVWnZXRVJVU1ROTlJGRjNUbXBKZWsxVVJURlBWbTkzWjFwbmVFZHFRVmxDWjI5S2EybGhTbXN2U1hOYVFVVkNSRUZ3U0U0d1drVldlbXQ2VFRGT1IwMVVkM2RQWjFsRVZsRlJSRVJFVG5CVlIyaDJZbTFWWjFKSGJIcGtTRXB3V1c1V01HRlhPWFZQYVVKVFdWZGFhRnBYZDJkU1IxVm5WRmRHZVdSSGJIVmllVUZ2VW5wa1IxSkdZelZOZWs1VVVtbHJlRVY2UVZKQ1owNVdRa0Z6VFVOcll6TlNhMUpZVDFSTmVsVXdXWGhIYWtGWlFtZE9Wa0pCYjAxRlZrcG9XbTFHYkdKRFFrVmFVMEpPV1ZoS01HRlhOWFpOVVhOM1ExRlpSRlpSVVVkRmQwcFdWWHBEUTBGVFNYZEVVVmxLUzI5YVNXaDJZMDVCVVVWQ1FsRkJSR2RuUlZCQlJFTkRRVkZ2UTJkblJVSkJUbVZOTDFGcVRuaFJaMlF2YzBwMlRtMHdOSEpVWTJSS2RIVkVMMFZKZFZkaFJGZEpWMlI0VEdOR1NrRm9XVnBpWW10NmFWVjVMelpDWldoTk4wTTVVMDUwTTNWTVZ6Rk5ja0ZhWW5Wd01FNTNUWGx6UWxOQ2VTOXRLMjR3TkRGUVJIZGxNbWxEYnpJMFNFMHdVRTFoWlU5eWFIbEJSRzVGVm1NMlFWSlROVGtyTm5OSVJDOVpVWE4yWjNsSFVIWkZhVkIwU0RkaVVGZFZiM1U1WlZKeVZWQmplbVV5YmtwaFNWRkRMMEV6Ym1GUmFXRk1hM054WjI5U1dHSTVVbUpLYW1OeWFuRXhVMDlqT0UxbVFVcERXSEpGWlVjME5VWXZNMVphWXpKdmNYWXJiMDByUjNBelRDOWphbVZ6VFVwVGVWbFpZWEl5VW1sWVdVaE1lV2RVZFdSbFFrVm1XR2NyVjBwRmExbHNOekUwTldaR0szUkdUazlRWlRaV1MzUjZiVWhPVDA1TFoycEhhU3RXSzNOVFRXYzVVMkl4TW5jMWFYa3dTR0ZtZDA5MllWbGtaMFJOTlcxTE5uZG5hWGhaY2xwMGJIZ3dRMEYzUlVGQllVOURRV2xOZDJkblNXWk5RWGRIUVRGVlpFVjNSVUl2ZDFGRFRVRkJkMGgzV1VSV1VqQnFRa0puZDBadlFWVkRaamRCUmxwRU5YSXlVVXRyYUVzMVNtbG9ha1JLWm5Od04wbDNZMEZaU1V0M1dVSkNVVlZJUVZGRlJWcEVRbWxOUXpCSFEwTnpSMEZSVlVaQ2VrRkRhR2xHYjJSSVVuZFBhVGgyV1RKV2VXUklUWFZaV0VKM1lrZFZkVmt5T1hSTU0yUXpXa2hLYmsxNU5XdGFXRWwzVFZGWlNVdDNXVUpDVVZWSVRVRkhSMHBYYURCa1NFRTJUSGs1ZGxrelRuZE1iVVozWTBkNGJFeHRUblppVXpsMldUTk9kMDFFVFhSa00yUnJZMjFqZWsxRVNYZG5aMFZsUW1kT1ZraFRRVVZuWjBWV1RVbEpRa1ZVUTBOQlVUQkhRMU54UjFOSllqTlpNbEZHUVZSRFFpOTZRMEozZDFsSlMzZFpRa0pSVlVoQlowbDNaMkpaVFdkaVRsTmFWM2h3V1ZjMWFscFRRblppYVVJd1lVZHNla2xIVG14amJsSndXbTFzYWxsWVVteEpSMG8xU1VkR2RXVlRRbmRaV0Vvd1pWTkNhR016VGpGaVYxWjZTVWRHYWxreVZuZGtSMFoxV1RKVloySXlXV2RrUjJoc1NVaFNiMXBYTkdkWldFSjNZa2RzYWxsWFNuTmFVMEo2WkVkR2RWcEhSbmxhUTBJd1dsaEtkR041UW1oaWJWRm5XVEk1ZFZwSGJEQmhWemwxWTNsQ2RscHBRakZqTWxWelNVZE9iR051VW5CYWJXeHFXVmhTYkVsSVFuWmlSMnhxWlZOQ2FHSnRVV2RaTWxaNVpFZHNiV0ZYVG1oa1IyeDJZbWxDZDJOdFJtcGtSMnhxV2xOQ2VtUkhSakJhVnpGc1ltNVNla3hxUVROQ1oyZHlRbWRGUmtKUlkwTkJVbGx5WVVoU01HTklUVFpNZVRrelpETmpkVmxZUW5kaVIxVjFXVEk1ZEV3eVRteGpibEp3V20xc2FsbFlVbXhaV0ZZd1lVYzVlV0ZZVWpWTWVrRlhRbWRPVmtoVFZVSkJaamhGUkVSQlMwSm5aM0pDWjBWR1FsRmpSRUY2UVdSQ1owNVdTRkUwUlVablVWVkJlVFIxVGpoWFYyaFVjMU5YT0VzM0wyeGtiSFZXVVc1S1NXdDNSR2RaUkZaU01GQkJVVWd2UWtGUlJFRm5aVUZOUWsxSFEybHhSMU5KWWpOWk1sRkhRVkZSUWtGbU9FVkJaMVZCVFVFd1IwTlRjVWRUU1dJelJGRkZRa04zVlVGQk5FbENRVkZDY2tKM04wOWlhVnBaVm5SbmN6VnlaRTlHTWtKMmJWY3JaQzk2YjBwNk5Ya3lVV3d3VWk5MVpUSjNSR1UyYURWb2JTczFlSGhyUms1Q2Jsa3pXRzFXYWxoSFZDOW5hazEzWkVkV1dWQXJabWsxYzFNcmJucGxLM1l2ZVZGQk0yWjViV2R1YUhkVE5sZElRek5KT0U5UVNEaHdOa013Um5WdlpFUkhUU3Q2VEd0eE0zTXhTamxFYlZSclpuUlplV2RsV0U5VlNUVmhObUlyVWtGWE9HdENaRnBEWTNWcWRGcGtLMkZRV0dsdlZrbHdTRlJ6YmtsNmIwYzFXa1kzVkdRd1FuSnVXbk5wTURjMGFtNUhWVFVyYjJSb1VVZFNhVTEwVG01UmJXUmFiWE55SzFCemIzQkxaRWwxV0VOVVJrb3JaRVp3ZVhrM1pXOUZRMmhIUkVSb2FERTVNME5UTkZKUlFsZG5URlV2U0dSdFRsVkNiR05rUnpVd1YyWlBjVWwwTm5BME1sa3haVzU1TjBKUldURkNlR1JSVVdrMk9GaGlTazlNWnpSMlltSmlXblJUZVZJeFoyTmlSRFZ0YWtGTlVqRXlTMFk4TDJSaGRHRStDZ2s4TDJGeWNtRjVQZ29LQ1R4clpYaytSRVZTTFVWdVkyOWtaV1F0VUhKdlptbHNaVHd2YTJWNVBnb0pQR1JoZEdFK1RVbEpUbkZuV1VwTGIxcEphSFpqVGtGUlkwTnZTVWxPYlhwRFEwUmFZME5CVVVWNFJGUkJURUpuYkdkb2EyZENXbEZOUlVGblJYZG5aMDV4UW1kcmNXaHJhVWM1ZHpCQ1FuZEhaMmRuVG1KQ1NVbEVWbnBIUTBFeFRYZEVRWGRJVm0xV2VXTXliSFppWjBsQ1FWUkJUa1JCYUZGVlJrWkVZVWRXYW1GM1JVSXZla0ZSUkVGd1ZXRlhNV3hXUnpsTllWaGFiRUZuU1VKWmVrRlVSRUUxU21NeGFHcGlNbEpzVkZkR2RWbFhaR3hhUVVWQ1FVUkJaRVJCYUZWYVYwWjBWRzFHZEZwUmQxSlZiVVp0V1ZkV2MwbEZVbXhKUlRGb1kyNVNjR0p0T0hkSVVYZE5VVE5LYkZsWVVuQmlNalZGV1ZoU2JFWjNNSGxPYWtFd1RWUlplRTVxVVhsTmVrWmhUVUkwVFVSc1VteFpWekZLV2tkV2RXUkhiRzFoVjFaNVRVRjNUVU5yWXpOU2ExSllUMVJOZWxVd1dYZElkM2RQVWxob2QyRllTbWhrUjJ4MlltdFNhR1JIVlZoRVZFa3pUVVJSZDA1cVNYcE5WRVV4VDFadmQwbEJkMWhWU0VwMldtMXNjMXBWVW5Cak0xSjVZVmRLTVdSSGJIWmliRkkxWTBkVlRVSlZSa1ZUUlRsRVRVTkZUVU5HUW5OWldGSnRZak5LZEUxQ1ZVMUJNbXhRVlhkM1JXVklTbEJWZDNkSlpHMXNlbUZYT1hWVU1VMTNTa0YzU2xGWVFuZFRWVkpQV1ZjeGJFUkNaRWRoV0U1d1lqQmFjMkl6WTJkVlNFcDJXbTFzZW1NeWJIWmliVVp3WTNwQmNrUkNkRUpqU0VKellWZE9hR1JIYkhaaWEyeHJXbGMxTUdGWFduQmFXRXBSWTIxV2JXRllaM2RFUVhkTFVucGtSMUpHWXpWTmVrNVVVbXBCYzBSQlVsWldWV3hGUkVOUmQwMVhVVEZQVkdjeldWTXdOVmt5U1hkTVZGRTFUVmRGZEU5VVp6Rk5VekExV1dwQmVrOUVhR3BaZWsxNVdsZE5kMDkzZDFaU1IxWXlXbGQ0ZG1OSFZubFJNbFo1WkVkc2JXRlhUbWhrUjFaNlRVTkpSVWxQTVZKVVdteFVUQzltWWpaQ1drNVRiakU0TmtsSFlsSlFWVVpOTTBaalF6VTRaeXRuV21aVFRHaERUVVE0VFVKRk5XaGlWMVZOVG5sd1lscFlhSGRpTVRCbldUSTVkRXh0V25Cak1teDJXbTE0ZG1SNU5YZGpiVGx0V2xoT2VtRlhPWFZaVjNoNlNVVkdhMU5IT1dwSlJFVXpUbnBWTVUxVVl6TlBSR3MxVFVSVmQxUkJkMU5WU0VwMlpHMXNlbUZYT1hWYVYxSkZXbGhhY0ZreVZucE5SRmxOUjFSQmQwMUVRVFJOVkVsM1RGUkJkMDFWUlhkUFZFSkdUVVZHUTA5VlJYZE5WVlZOUjFSQmQwMUVRVFJOVkVsM1RGUkJkMDFFUVhkT1JGRXlUVVZGZWsxcVNYZE5WVlYzWjJaelRVUkZWblZrUjJ3d1lrZFdkRnBYTlRCak0wTkNObWRKUWtGaVEwSTFSRUpCUkVKYWFHTklRbk5oVjA1b1pFZHNkbUpwTVhCYVIxWjFaRWRzYldGWFZubEVRMXBJVGpCYVJWWjZhM3BOTVU1SFRHMU9kbUpUTlcxaFdFNXdZakphYzJJelkzVmpTRXAyV20xV2VtTXliSFppYlVaelkzcEJaRVJCT1doalNFMTBXbGMxTW1GWVNuWmliVEZzWW01UlRVTnVRbmxpTWxJeFdUTlNjR0l5TkhkTlVYZHFXVEk1ZEV4dFJuZGpSM2hzVEcxU2JHUnRWbk5pTTBKc1kyazFNRnBYUm5STVYyeHJXbGMxTUdGWFduQmFXRWxOUTJ0ak0xSnJVbGhQVkUxNlZUQlpkMFYzZDA5YU1sWXdURmhTYUdNeWMzUlpWM2h6WWpOalFrRlJRWGRQVVhkWFlUSldOVmt5YUdoaFZ6UjBXVmRPYWxwWVRucE1WMlI1WWpOV2QyTjZRV1pFUVhoSVRqQmFSVlo2YTNwTk1VNUhUR2x2VFVReVRuWmlVelZvWTBoQ2MxcFROVEJpTW5Sc1luRkRRME5FZDNkblowcEVUVWxKUW5saFFVUkJaMFZEUVdkbmRIaG1lVWt3YzFaTWJGUkJTMEpuWjNGb2EycFBVRkZSUkVGNlFtNU5Vbk4zUjFGWlJGWlJVVVJFUWtwQ1kwaENjMXBUUWxOaU1qa3dTVVZPUWtsRE1HZFNlazE0U21wQmEwSm5UbFpDUVhOTlNGVkdkMk5IZUd4SlJVNXNZMjVTY0ZwdGJHcFpXRkp3WWpJMFoxRllWakJoUnpsNVlWaFNOVTFTVFhkRlVWbEVWbEZSUzBSQmNFSmpTRUp6V2xOQ1NtSnRUWFZOVVhOM1ExRlpSRlpSVVVkRmQwcFdWWHBCWlVaM01IaE9SRUV3VFhwQmVFOUVSVFZOUkZwaFJuY3dlazlVUVRCTmVrRjRUMFJGTlUxRVdtRk5SMk40UjNwQldrSm5UbFpDUVUxTlJXdEdkMk5IZUd4SlJrcDJZak5SWjFFd1JXZE1VMEpJVFhwRmJVMURVVWRCTVZWRlEzZDNaRkZZUW5kaVIxVm5VVEpXZVdSSGJHMWhWMDVvWkVkc2RtSnBRa0prV0ZKdllqTktjR1JJYTNoRmVrRlNRbWRPVmtKQmIwMURhMFozWTBkNGJFbEZiSFZaZVRSNFEzcEJTa0puVGxaQ1FWbFVRV3hXVkUxSVdYZEZRVmxJUzI5YVNYcHFNRU5CVVZsR1N6UkZSVUZEU1VSWlowRkZiVTlyZGxCVlFubHdUekpVU1c1TFFrVjRlbVJGU2xoNGVHRk9UMk5rZDFWR2RHdFBOV0ZaUmt0dVpHdGxNVGxQVDA1UE4waEZVekZtTDFWbWRHcEthVmhqYm5Cb1JuUlFUVVU0VWxkblJEbFhSbWROY0daVlVFeEZNRWhTZUU0eE1uQmxXR3d5T0hoWVR6QnlibGh6WjA4NWFUVldUbXhsYldGUk5sVlJiM2h2TUVsM1VVUkJaRUpuVGxaSVVUUkZSbWRSVlhVM1JHVnZWbWQ2YVVweGEybHdibVYyY2pOeWNqbHlURXBMYzNkRWQxbEVWbEl3VkVGUlNDOUNRVlYzUVhkRlFpOTZRVTlDWjA1V1NGRTRRa0ZtT0VWQ1FVMURRVkZaZDBObldVbExiMXBKZW1vd1JVRjNUVVJoUVVGM1dsRkplRUZKVUhCM1kxRlhXR2h3WkU1Q2FsbzNaUzh3WWtFMFFWSnJkVFF6TjBwSFJXTlZVQzlsV2pacVMwZHRZVGczUTBFNVUyTTVXbEJIWkV4b2NUTTJiMnBHVVVsM1lsZGhTMFZOY2xWRVpGSlFlbGt4UkZCeVUwdFpObFY2WW5WT2RESm9aVE5hUWk5SlZYbGlOV2xIU2pCUFVYTllWemgwVW5GQmVtOUhRVkJ1YjNKSmIwMUpTVU0xYWtORFFXMHlaMEYzU1VKQlowbEpUWGN6ZFN0TU9VMWhRelIzUTJkWlNVdHZXa2w2YWpCRlFYZE5kMXA2UldKTlFtdEhRVEZWUlVGM2QxTlJXRUozWWtkVloxVnRPWFprUTBKRVVWTkJkRWxGWTNwTlUxbDNTa0ZaUkZaUlVVeEVRakZDWTBoQ2MxcFRRa1JhV0Vvd1lWZGFjRmt5UmpCaFZ6bDFTVVZHTVdSSGFIWmpiV3d3WlZSRlZFMUNSVWRCTVZWRlEyZDNTMUZZUW5kaVIxVm5VMWMxYWt4cVJVeE5RV3RIUVRGVlJVSm9UVU5XVmsxM1NHaGpUazFVWTNkTmFrbDVUV3BKZVUxNlNYbFhhR05PVFhwSmQwMXFSVFJOUkVGM1RVUkJkMWRxUW5sTlUxbDNTa0ZaUkZaUlVVUkVRakZDWTBoQ2MxcFRRbFJsV0U0d1dsY3daMU5YTlRCYVYyUjVXVmhTY0dJeU5HZFJNRVZuVGtSRmJVMURVVWRCTVZWRlEzZDNaRkZZUW5kaVIxVm5VVEpXZVdSSGJHMWhWMDVvWkVkc2RtSnBRa0prV0ZKdllqTktjR1JJYTNoRmVrRlNRbWRPVmtKQmIwMURhMFozWTBkNGJFbEZiSFZaZVRSNFEzcEJTa0puVGxaQ1FWbFVRV3hXVkUxR2EzZEZkMWxJUzI5YVNYcHFNRU5CVVZsSlMyOWFTWHBxTUVSQlVXTkVVV2RCUlVKdGRXdFdiVGs1Ym5sbVVucHFZVTlyYUhSWGVsWlJNbHBGY2twc1IybGFLM05yWjJaMVRERlhRUzlqTkcxeWNrZFZZM1pNZFRnM2NFRkhNRUZTVGtWbVJtOXRjbUZEWTB0VFYwczFaVmxIWWpBNU9GZHhUMEk1ZWtOQ09VUkJVRUpuVGxaSVVrMUNRV1k0UlVKVVFVUkJVVWd2VFVJNFIwRXhWV1JKZDFGWlRVSmhRVVpNZFhjemNVWlpUVFJwWVhCSmNWb3pjalk1TmpZdllYbDVVM0pOUlZsSFEwTnpSMEZSVlVaQ2QwVkNRa1J2ZDA5RVFUSkNaMmR5UW1kRlJrSlJZM2RCV1ZseFlVaFNNR05FYjNaTU1qbHFZek5CZFZsWVFuZGlSMVYxV1RJNWRFd3lPV3BqTTBGM1RYa3hhR05JUW5OYVdFcDJZak5TYWxsWFkzcE5SR05IUVRGVlpFaDNVWGROUXpSM1RFdEJjVzlEYVVkS2JXZ3daRWhCTmt4NU9XcGpiWGQxV1ZoQ2QySkhWWFZaTWpsMFRESkdkMk5IZUd4amJUbDJaRWRPYUZwNlRYVlpNMHB6VFVJd1IwRXhWV1JFWjFGWFFrSlNObEkzYnpScGFGVnJVME5LUjNwaU5sQkhhVkkzVGtGTmNXRlVRVTlDWjA1V1NGRTRRa0ZtT0VWQ1FVMURRVkZaZDBWQldVdExiMXBKYUhaa2FscEJXVU5GVVZGRFFsRkJkME5uV1VsTGIxcEplbW93UlVGM1RVUmFkMEYzV2tGSmQwWlJlWEJxYzJGMmJHMXNjbkExTDJSWVRsRkVWMWQ1ZFZWMFVtZDRiM1F5TkV4bVJtOTJSVXBtVDBOaE5ESjFlRFF6ZDNoNFEyUTJjRFEyU2k5aGRETkJha0pvVFhsRWVFdG1MelZvZWt0MVMyTm9hMUJZV2pkVllWUlRRV2s1TW5adFFXbHJaa2hXVDI1WVkzUlBURWRMY0dJcmVHZHVZMU5yTDFaS1VFUTRlWEpKZDJkblRVaE5TVWxEY21GQlJFRm5SVU5CWjJkWVowdG5NRnB0VkhGNWVrRkxRbWRuY1docmFrOVFVVkZFUVdwQ2VVMVRXWGRLUVZsRVZsRlJSRVJDTVVKalNFSnpXbE5DVkdWWVRqQmFWekJuVTFjMU1GcFhaSGxaV0ZKd1lqSTBaMUV3UldkT1JFVnRUVU5SUjBFeFZVVkRkM2RrVVZoQ2QySkhWV2RSTWxaNVpFZHNiV0ZYVG1oa1IyeDJZbWxDUW1SWVVtOWlNMHB3WkVocmVFVjZRVkpDWjA1V1FrRnZUVU5yUm5kalIzaHNTVVZzZFZsNU5IaERla0ZLUW1kT1ZrSkJXVlJCYkZaVVRVSTBXRVJVU1RCTlZFVjVUVVJCZWsxcVFUQk9WbTlZUkZSSk5FMVVTWGhPUkVVMFRVUkJlazFHYjNkVWFrVnhUVU5uUjBFeFZVVkJkM2RvVmpGa1JWVnBRbEZqYlRreVlWaE9jR0l5TlhCaWJXTm5WVWhLZGxwdGJITmFVMEpVWVZka2RXRlhOVzVOVWsxM1JWRlpSRlpSVVV0RVFYQkNZMGhDYzFwVFFrcGliVTExVFZGemQwTlJXVVJXVVZGSFJYZEtWbFY2UWxwTlFrMUhRbmx4UjFOTk5EbEJaMFZIUTBOeFIxTk5ORGxCZDBWSVFUQkpRVUpRVjFWWGR6ZENNVVpSTDBka05VZFpRMVptVUc4MGNIb3llRkJyT1ZWamRETXlNbFZzT0dZMFpuUnFRV0pMUTBjMmFXaFVjbFJVTjJVNVYzVlNabFZ0VFRGbmREZzFUM0ZpWXpaV00xcFVOa1JPUkhJek1tcG5aMFpRVFVsSlFsTjZRVTFDWjA1V1NGSk5Ra0ZtT0VWQmFrRkJUVUk0UjBFeFZXUkpkMUZaVFVKaFFVWkljRWgxYW1sTFJsTlNTVWxyWWs1MmJ6aGhTa2h6TUVGNWNIQk5SVVZIUTBOelIwRlJWVVpDZDBWQ1FrUlZkMDE2UVhoQ1oyZHlRbWRGUmtKUlkzZEJXVmxzWVVoU01HTkViM1pNTWpscVl6TkJkVmxZUW5kaVIxVjFXVEk1ZEV3eU9XcGpNMEYzVFhreGFHTXliR3BaVkZGM1RYcERRbXhuV1VSV1VqQm5Ra2xIVDAxSlIweE5TVWRKUW1kcmNXaHJhVWM1TWs1clFsRkZkMlY2UWpWQ1oyZHlRbWRGUmtKUlkwTkJha0owUkVkMFZXRkhiSHBKUjA1c1kyNVNjRnB0YkdwWldGSnNTVWRzZWtsSVVuWkpSMHBzU1VoV2VscFhVV2RhV0docVlraFdlbUZZV214aVNHdG5XbTA1ZVVsSFdqRmliVTR3WVZjNWRXTjVRbkJpYmxKc1kyMDFhR0pEUWpCaWVVSkNZMGhDYzFwVFFsRmpiVGxyWkZkT01HTjVRbWhpYlZGMllqTkpaMUZZUW5kaVIxVm5ZMGhLZGxreVZucGpNbFo2VEdwQlpFSm5UbFpJVVRSRlJtZFJWVFpXVEU5RVlrUkhhVUp3YkZOeWFXSkZXUzk0TTBJMVNFWklkM2RFWjFsRVZsSXdVRUZSU0M5Q1FWRkVRV2RsUVUxQk9FZERVM0ZIVTBsaU0xa3lVVTFGZDFGRFFsRkJkME5uV1VsTGIxcEplbW93UlVGM1NVUlRRVUYzVWxGSmFFRlBLMkYyUmpKblYyMWFjMXBNYms1T05VOXdWVGRSTTNoalpITTBXVkEyUm5oeVpVTjZNMWR4TW1odFFXbENORWs1YmtScFFXUktVR1pZTjJsWksxRmliR3BuVmpVNWFpOHhhbWd4YnpsamJVZFFWMDlxTkM5dVZFZERRV1JOZDJkblNGQkJaMFZDVFVnMGQyTnFSVzFOUTFGSFFURlZSVUYzZDJSUldFSjNZa2RWWjFVemJIcGtSMVowU1VWc2RXUkhWbTVqYlVZd1lWYzVkVWxGVGtKSlJGRjRTbXBCYTBKblRsWkNRWE5OU0ZWR2QyTkhlR3hKUlU1c1kyNVNjRnB0YkdwWldGSndZakkwWjFGWVZqQmhSemw1WVZoU05VMVNUWGRGVVZsRVZsRlJTMFJCY0VKalNFSnpXbE5DU21KdFRYVk5VWE4zUTFGWlJGWlJVVWRGZDBwV1ZYZEpTVVkwUTI5T1IxcHJObk56ZDBOM1dVcFpTVnBKUVZkVlJFSkJTVUp2U1VodVRVSm5SME5UY1VkVFNXSXpSRkZGU2tGNlJVeENaMnR4YUd0cFJ6bDNNRUpDZDBWM1NFRlpTa3R2V2tsb2RtTk9RVkZyUmsxUk9GaEVWRWt5VFVSUmVFNXFSVEpPUkVsNlRWWnZkMHRCV1VwTGIxcEphSFpqVGtGUmF6Qk5Vbk4zUjFSQlRFSm5iR2RvYTJkQ1dsRk5SVUZuUjJoRFoxbEpTMjlhU1hwcU1FVkJkMGwzVEhkWlNrdHZXa2xvZG1OT1FWRnJSVTFUU1VWSlJYVnROWEJ1Y2xnclJ6Tm5ha2RMTHpSek9UWm9lbEUzTUVKM05qSlBkWEpGUjNKQk5rMVdTa1U1YlUxR1NVZERVM0ZIVTBsaU0wUlJSVXBFZWtaR1RVVk5kME5uV1VsTGIxcEphSFpqVGtGM1kzZEVaMWxKUzI5YVNXaDJZMDVCZDBsRFFXZERRVTFCTUVkRFEzRkhVMGxpTTBSUlRVTkJaMFpCVFVGalIwSlRjMDlCZDBsSVRVRXdSME5EY1VkVFNXSXpSRkZOUTBGblJXOU5RVzlIUTBOeFIxTk5ORGxDUVUxRFFrVmpkMUpSU1dka2VURnFOamRoYmxGQ2RVbHJOSEVyUkVobWFrSjRNekJrV0hsWVVVWjBVV3R6ZEN0cVEwOTBWMU00UTBsUlJITkRPR1UyUWxsdVRUQkpRMmRTYTFsV1VEQkdRams0VUZsSFpGWlhSVlZ3UjJkTVRWaHROMXBHUkhjOVBUd3ZaR0YwWVQ0S0NRa0pDUWtKQ1FrSkNRa0pDUWtLQ1FrSlBHdGxlVDVRVUZGRGFHVmphend2YTJWNVBnb0pQSFJ5ZFdVdlBnb0tDVHhyWlhrK1JXNTBhWFJzWlcxbGJuUnpQQzlyWlhrK0NnazhaR2xqZEQ0S0NRa0pDUW9KQ1FrSlBHdGxlVDVoY0hNdFpXNTJhWEp2Ym0xbGJuUThMMnRsZVQ0S0NRazhjM1J5YVc1blBuQnliMlIxWTNScGIyNDhMM04wY21sdVp6NEtDUWtKQ1FvSkNRa0pQR3RsZVQ1aGNIQnNhV05oZEdsdmJpMXBaR1Z1ZEdsbWFXVnlQQzlyWlhrK0Nna0pQSE4wY21sdVp6NUhOMFpFVnprek0xTkdMbU52YlM1bWFYTnBiMlpzYjNjdWNISnZabVZ6YzJsdmJtRnNjend2YzNSeWFXNW5QZ29KQ1FrSkNna0pDUWs4YTJWNVBtdGxlV05vWVdsdUxXRmpZMlZ6Y3kxbmNtOTFjSE04TDJ0bGVUNEtDUWs4WVhKeVlYaytDZ2tKQ1FrOGMzUnlhVzVuUGtjM1JrUlhPVE16VTBZdUtqd3ZjM1J5YVc1blBnb0pDUWtKUEhOMGNtbHVaejVqYjIwdVlYQndiR1V1ZEc5clpXNDhMM04wY21sdVp6NEtDUWs4TDJGeWNtRjVQZ29KQ1FrSkNna0pDUWs4YTJWNVBtZGxkQzEwWVhOckxXRnNiRzkzUEM5clpYaytDZ2tKUEdaaGJITmxMejRLQ1FrSkNRb0pDUWtKUEd0bGVUNWpiMjB1WVhCd2JHVXVaR1YyWld4dmNHVnlMblJsWVcwdGFXUmxiblJwWm1sbGNqd3ZhMlY1UGdvSkNUeHpkSEpwYm1jK1J6ZEdSRmM1TXpOVFJqd3ZjM1J5YVc1blBnb0pDUW9KUEM5a2FXTjBQZ29KUEd0bGVUNUZlSEJwY21GMGFXOXVSR0YwWlR3dmEyVjVQZ29KUEdSaGRHVStNakF5Tnkwd05DMHdObFF5TXpveE1UbzFPVm84TDJSaGRHVStDZ2s4YTJWNVBrNWhiV1U4TDJ0bGVUNEtDVHh6ZEhKcGJtYytLbHRsZUhCdlhTQmpiMjB1Wm1semFXOW1iRzkzTG5CeWIyWmxjM05wYjI1aGJITWdRV1JJYjJNZ01UYzNOVFV4TnpjNE9Ua3dOVHd2YzNSeWFXNW5QZ29KUEd0bGVUNVFjbTkyYVhOcGIyNWxaRVJsZG1salpYTThMMnRsZVQ0S0NUeGhjbkpoZVQ0S0NRazhjM1J5YVc1blBqQXdNREE0TVRJd0xUQXdNVUV3T1RCRk1FRkNPVUV3TVVVOEwzTjBjbWx1Wno0S0NRazhjM1J5YVc1blBqQXdNREE0TVRJd0xUQXdNREF3TkRRMk1FRXpNakl3TVVVOEwzTjBjbWx1Wno0S0NUd3ZZWEp5WVhrK0NnazhhMlY1UGxSbFlXMUpaR1Z1ZEdsbWFXVnlQQzlyWlhrK0NnazhZWEp5WVhrK0Nna0pQSE4wY21sdVp6NUhOMFpFVnprek0xTkdQQzl6ZEhKcGJtYytDZ2s4TDJGeWNtRjVQZ29KUEd0bGVUNVVaV0Z0VG1GdFpUd3ZhMlY1UGdvSlBITjBjbWx1Wno1U1lXWmhaV3dnUkdVZ1RXRnlkR2x1Ynp3dmMzUnlhVzVuUGdvSlBHdGxlVDVVYVcxbFZHOU1hWFpsUEM5clpYaytDZ2s4YVc1MFpXZGxjajR6TlRVOEwybHVkR1ZuWlhJK0NnazhhMlY1UGxWVlNVUThMMnRsZVQ0S0NUeHpkSEpwYm1jK01ERmtOVGs0TjJFdE9XTmlNQzAwT1RGaExUazROVEV0T1dJd016ZzRZMk16TW1WalBDOXpkSEpwYm1jK0NnazhhMlY1UGxabGNuTnBiMjQ4TDJ0bGVUNEtDVHhwYm5SbFoyVnlQakU4TDJsdWRHVm5aWEkrQ2p3dlpHbGpkRDRLUEM5d2JHbHpkRDZnZ2cwL01JSUVORENDQXh5Z0F3SUJBZ0lJUFZuNE4rclIySjh3RFFZSktvWklodmNOQVFFTEJRQXdjekV0TUNzR0ExVUVBd3drUVhCd2JHVWdhVkJvYjI1bElFTmxjblJwWm1sallYUnBiMjRnUVhWMGFHOXlhWFI1TVNBd0hnWURWUVFMREJkRFpYSjBhV1pwWTJGMGFXOXVJRUYxZEdodmNtbDBlVEVUTUJFR0ExVUVDZ3dLUVhCd2JHVWdTVzVqTGpFTE1Ba0dBMVVFQmhNQ1ZWTXdIaGNOTWpReE1qRTJNVGt5TVRBeFdoY05Namt4TWpFeE1UZ3hNelU1V2pCWk1UVXdNd1lEVlFRRERDeEJjSEJzWlNCcFVHaHZibVVnVDFNZ1VISnZkbWx6YVc5dWFXNW5JRkJ5YjJacGJHVWdVMmxuYm1sdVp6RVRNQkVHQTFVRUNnd0tRWEJ3YkdVZ1NXNWpMakVMTUFrR0ExVUVCaE1DVlZNd2dnRWlNQTBHQ1NxR1NJYjNEUUVCQVFVQUE0SUJEd0F3Z2dFS0FvSUJBUURRa3pHcitGTWUzNjBlTDJUM3lVM1hscjVmU3oxNVpGeEQ3aW5EUU5MNkx4eWd0cndSYysvd0lyRGYzdm41emxYajlVSUJ0U05sUVJJNzkzeEdmWWtUUlpWRTdKYVZZbWFYa0FNQTJlQ3V4ZG14bkNBdGx1Q0Y3VzlyMDFMVGd6elVBU01sNmVYRzFCSFllYW9Jd3QwVldQWHZpcE5MRFV2dURiYUhrM1VSRUZYTERIZ0gyemR3Ump1WCtzVHJlQ25nOU94NDQySGFRRmVBQjd1SW5LWEhTVzNJSnRPVkgwMGhvbzFvYzRNZTVsbGFoWlpWVkxDVkxpWGNkdzFoaDRHTmlhUURlendBZHl5SmFsblRaRVRaZEtWYmlyRlNZVjl1QkREVTgrSVFOQXlWakV2aGU5WXJoWVB5SnptTmNBZ2o0aFNJLzVQMExXMU1KdUtMTjRZdEFnTUJBQUdqZ2VVd2dlSXdEQVlEVlIwVEFRSC9CQUl3QURBZkJnTlZIU01FR0RBV2dCUnY4WlVZWWx6Z3lQSEY3V3dZeWVEVFpGS1lJREJBQmdnckJnRUZCUWNCQVFRME1ESXdNQVlJS3dZQkJRVUhNQUdHSkdoMGRIQTZMeTl2WTNOd0xtRndjR3hsTG1OdmJTOXZZM053TURNdFlXbHdZMkV3TnpBdkJnTlZIUjhFS0RBbU1DU2dJcUFnaGg1b2RIUndPaTh2WTNKc0xtRndjR3hsTG1OdmJTOWhhWEJqWVM1amNtd3dIUVlEVlIwT0JCWUVGTHkxeGVtOS9NdlFudHlVc0I3NElaUmMvd2t1TUE0R0ExVWREd0VCL3dRRUF3SUhnREFQQmdrcWhraUc5Mk5rQmpvRUFnVUFNQTBHQ1NxR1NJYjNEUUVCQ3dVQUE0SUJBUUF5Tk1McGQ2cGY0TWJLb3ZOM1dlZUtaN2p4VWZQN3NQYVh2N0VSbytHaFBMc2prdWtTazZKeEhienhtbkZ2cER4dk5wSzI0RWVDb3BQajU3aVB1OThsUkdJQ3o4Mjg5L3VOaWdsd2VHWENHVTBseTNKaUllU3BhUGtRbWk1NkR5aStwZ01HMFZWaEg2OTgrSlRVY1E3aTB5VlVpODZ0MVdnSFc3MHRlOGRpUlhtNXFZZE0rQmc3Z0s0UVMzSFllQ3ZtQ3ErYTU5bE56T3BidDZPWFZXdnNEYUI0eDhDd3o4dmNFRXd3a2hOeGxOYXY0T3pKNmNtYnppVXk3aEVOSVJja2kvR1ZMaUppUmtWLzROdlhGbFRCdVQ3VDJvcTVaZmEwdENOL2VGM1pjblprWTZjSVZjZlp0NVRiSTcvems2ZlVCRVJERGNyaVZySXJsQ2lrUFhLSE1JSUVSRENDQXl5Z0F3SUJBZ0lJWEdQSzVFbzNVOGt3RFFZSktvWklodmNOQVFFTEJRQXdZakVMTUFrR0ExVUVCaE1DVlZNeEV6QVJCZ05WQkFvVENrRndjR3hsSUVsdVl5NHhKakFrQmdOVkJBc1RIVUZ3Y0d4bElFTmxjblJwWm1sallYUnBiMjRnUVhWMGFHOXlhWFI1TVJZd0ZBWURWUVFERXcxQmNIQnNaU0JTYjI5MElFTkJNQjRYRFRFM01EVXhNREl4TWpjek1Gb1hEVE13TVRJek1UQXdNREF3TUZvd2N6RXRNQ3NHQTFVRUF3d2tRWEJ3YkdVZ2FWQm9iMjVsSUVObGNuUnBabWxqWVhScGIyNGdRWFYwYUc5eWFYUjVNU0F3SGdZRFZRUUxEQmREWlhKMGFXWnBZMkYwYVc5dUlFRjFkR2h2Y21sMGVURVRNQkVHQTFVRUNnd0tRWEJ3YkdVZ1NXNWpMakVMTUFrR0ExVUVCaE1DVlZNd2dnRWlNQTBHQ1NxR1NJYjNEUUVCQVFVQUE0SUJEd0F3Z2dFS0FvSUJBUURKUldvQkR6NkRCSWJIL0wvY1h2QWVnZTRYTUhOakppN2VQWG9relpNK1R6bEh1blcrODhEUzhWbWlxeC8rQ29ZODJTMmFCL0lPYTdrcGtScGZJZ3FMOFhKWUJhNU1TMFRGZWFlQVBMQ0k0SXdNSjRSZEdlV0hHVGJMNDhWMnQ3RDBRWEpSOUFWY2cwdWliYVpSdVBFbTMzdGVyV1VNeHJLWVVZeTdmUnRNd1U3SUNNZlM3V1FMdE4wYmpVOUFmUnVQU0phU1cvUFFtSDdadktRWkRwbGh1MEZkQWN4YmQzcDlKTkRjMDFQL3c5ekZsQ3kyV2syT0dDTTV2ZG5HVWo3Ujh2UWxpcUVxaC8zWURFWXBVZi90RjJ5SkpXdUh2NHBwRko5M244TVZ0Mml6aUVXOWhPWUdBa0ZrRDYwcUtMZ1Z5ZUNzcDRxNmNnUTBzbmlNK0xLRkFnTUJBQUdqZ2V3d2dla3dEd1lEVlIwVEFRSC9CQVV3QXdFQi96QWZCZ05WSFNNRUdEQVdnQlFyMEdsSGxIWUovdlJyalM1QXB2ZEhUWDhJWGpCRUJnZ3JCZ0VGQlFjQkFRUTRNRFl3TkFZSUt3WUJCUVVITUFHR0tHaDBkSEE2THk5dlkzTndMbUZ3Y0d4bExtTnZiUzl2WTNOd01ETXRZWEJ3YkdWeWIyOTBZMkV3TGdZRFZSMGZCQ2N3SlRBam9DR2dINFlkYUhSMGNEb3ZMMk55YkM1aGNIQnNaUzVqYjIwdmNtOXZkQzVqY213d0hRWURWUjBPQkJZRUZHL3hsUmhpWE9ESThjWHRiQmpKNE5Oa1VwZ2dNQTRHQTFVZER3RUIvd1FFQXdJQkJqQVFCZ29xaGtpRzkyTmtCZ0lTQkFJRkFEQU5CZ2txaGtpRzl3MEJBUXNGQUFPQ0FRRUFPcytzbUkyK2tpQWhDYTJWODdGY0lmbzJMVmNnUkhSelpKSUlzNWFzOTIyWCtsczBPQ2ZQRWtiVFBCSHdCOG1aa0xIUjZCRUpwZU9sYTJ4akNEK2VKZnJWbVp4TTV1WE9qckpOYU95THE2T2lUNG9SRlQ3Y0ZDc2N4a1MyYjJmRlcwK1ZLUzJIWEQvY2d4NTNUKzNhVktjdDV4T0J3V1BFVkFzYlN3cHFLQ0lJMURlU2ZIOW5LRit2UFQrM3JGa2RPRFJrV3U0elNobENSQ25FeWhocjRjRlRMUzMwVGNJVjlqTXlHSGp4Sm0rS1RldVVUS1BvL3crekE0dGwydXN1MkdWUW45eWZpdDh4cUlSVTNGSlNRZEt5RXgweFJrZUlYejd1dy9LTUl3U1Y2NnlLUG9Kc0JwOHU0NHREbW1KYk5BMzBtYzhzN3JweWhoa2pwZnlPdFRDQ0JMc3dnZ09qb0FNQ0FRSUNBUUl3RFFZSktvWklodmNOQVFFRkJRQXdZakVMTUFrR0ExVUVCaE1DVlZNeEV6QVJCZ05WQkFvVENrRndjR3hsSUVsdVl5NHhKakFrQmdOVkJBc1RIVUZ3Y0d4bElFTmxjblJwWm1sallYUnBiMjRnUVhWMGFHOXlhWFI1TVJZd0ZBWURWUVFERXcxQmNIQnNaU0JTYjI5MElFTkJNQjRYRFRBMk1EUXlOVEl4TkRBek5sb1hEVE0xTURJd09USXhOREF6Tmxvd1lqRUxNQWtHQTFVRUJoTUNWVk14RXpBUkJnTlZCQW9UQ2tGd2NHeGxJRWx1WXk0eEpqQWtCZ05WQkFzVEhVRndjR3hsSUVObGNuUnBabWxqWVhScGIyNGdRWFYwYUc5eWFYUjVNUll3RkFZRFZRUURFdzFCY0hCc1pTQlNiMjkwSUVOQk1JSUJJakFOQmdrcWhraUc5dzBCQVFFRkFBT0NBUThBTUlJQkNnS0NBUUVBNUpHcENSK1IyeDVIVU9zRjdWNTVoQzNyTnFKWFRGWHNpeG1KM3ZsTGJQVUhxeUl3QXVnWVB2aFFDZE4vUWFpWStkSEtacHdrYXhIUW83dmtHeXJESDVXZWVneWtSNHRiMUJZM004dkVEMDNPRkduUnlSbHk5VjBPMVg5Zm0vSWxBN3BWajAxZERmRmtOU01WU3hWWkhiT1U5L2FjbnM5UXVzRllVR2VQQ0xRZzk4dXNMQ0J2Y0xZL0FUQ010MFBQRDUwOTh5dEpLQnJJL3M2MXVRN1pYaHpXeXoyMU9xMzBEdzRBa2d1eElSWXVkTlU4RGR0aUZxdWpjWkpIVTFYQnJ5OUJzL2o3NDNETjVxTk1SWDRmVEd0UWxrR0p4SFJpQ3hDRFFZY3ppb0d4TUZqc1dnUXlqR2l6angzZVpYUC9aMTVsdkVuWWRwOHpGR1doZDVUSkxRSURBUUFCbzRJQmVqQ0NBWFl3RGdZRFZSMFBBUUgvQkFRREFnRUdNQThHQTFVZEV3RUIvd1FGTUFNQkFmOHdIUVlEVlIwT0JCWUVGQ3ZRYVVlVWRnbis5R3VOTGtDbTkwZE5md2hlTUI4R0ExVWRJd1FZTUJhQUZDdlFhVWVVZGduKzlHdU5Ma0NtOTBkTmZ3aGVNSUlCRVFZRFZSMGdCSUlCQ0RDQ0FRUXdnZ0VBQmdrcWhraUc5Mk5rQlFFd2dmSXdLZ1lJS3dZQkJRVUhBZ0VXSG1oMGRIQnpPaTh2ZDNkM0xtRndjR3hsTG1OdmJTOWhjSEJzWldOaEx6Q0J3d1lJS3dZQkJRVUhBZ0l3Z2JZYWdiTlNaV3hwWVc1alpTQnZiaUIwYUdseklHTmxjblJwWm1sallYUmxJR0o1SUdGdWVTQndZWEowZVNCaGMzTjFiV1Z6SUdGalkyVndkR0Z1WTJVZ2IyWWdkR2hsSUhSb1pXNGdZWEJ3YkdsallXSnNaU0J6ZEdGdVpHRnlaQ0IwWlhKdGN5QmhibVFnWTI5dVpHbDBhVzl1Y3lCdlppQjFjMlVzSUdObGNuUnBabWxqWVhSbElIQnZiR2xqZVNCaGJtUWdZMlZ5ZEdsbWFXTmhkR2x2YmlCd2NtRmpkR2xqWlNCemRHRjBaVzFsYm5SekxqQU5CZ2txaGtpRzl3MEJBUVVGQUFPQ0FRRUFYRGFaVEMxNHQrMk1tOXp6ZDV2eWR0SjNNRS9CSDRXRGhSdVpQVWMzOHFtYlFJNHMxTEdRRXRpKzlIT2I3dEprRDh0NVR6VFlvajc1ZVA5cnlBZnNmVG1EaTFNZzB6akVzYithVHdwci95djhXYWNGQ1h3WFFGWVJIblRUdDRzak8wZWoxVzhrNHV2UnQzRGZEMFhoSjhyeGJYanQ1N1VYRjZqY2ZpSTF5aVhWMlEvV2E5U2lKQ01SOTZHc2ozT0JZTVliV3drdmtyTDRSRWp3WURpZUZmVTlKbWNnaWpOcTl3MkN6OTdyb3kvNVUycGJaTUJqTTNmM09nY3NWdXZhRHlFTzJycHpHVSsxMlRaL3dZZFYyYWVadVRKQys5alZjWjUrb1ZLM0c3MlRRaVFTS3NjUEhiWk5uRjVqeUV1QUYxQ3FpdFhhNVB6UUNRYzNzSFYxSVRHQ0FvVXdnZ0tCQWdFQk1IOHdjekV0TUNzR0ExVUVBd3drUVhCd2JHVWdhVkJvYjI1bElFTmxjblJwWm1sallYUnBiMjRnUVhWMGFHOXlhWFI1TVNBd0hnWURWUVFMREJkRFpYSjBhV1pwWTJGMGFXOXVJRUYxZEdodmNtbDBlVEVUTUJFR0ExVUVDZ3dLUVhCd2JHVWdTVzVqTGpFTE1Ba0dBMVVFQmhNQ1ZWTUNDRDFaK0RmcTBkaWZNQWtHQlNzT0F3SWFCUUNnZ2R3d0dBWUpLb1pJaHZjTkFRa0RNUXNHQ1NxR1NJYjNEUUVIQVRBY0Jna3Foa2lHOXcwQkNRVXhEeGNOTWpZd05ERTJNVFkwTWpNeFdqQWpCZ2txaGtpRzl3MEJDUVF4RmdRVVA1MDlpQUxRSzE5Z1lMUW90bzdTd2VWTkgrY3dLUVlKS29aSWh2Y05BUWswTVJ3d0dqQUpCZ1VyRGdNQ0dnVUFvUTBHQ1NxR1NJYjNEUUVCQVFVQU1GSUdDU3FHU0liM0RRRUpEekZGTUVNd0NnWUlLb1pJaHZjTkF3Y3dEZ1lJS29aSWh2Y05Bd0lDQWdDQU1BMEdDQ3FHU0liM0RRTUNBZ0ZBTUFjR0JTc09Bd0lITUEwR0NDcUdTSWIzRFFNQ0FnRW9NQTBHQ1NxR1NJYjNEUUVCQVFVQUJJSUJBRzhVSkQ2L1FjSnRqZ3JsUEFIcXBVTUxtSmd0K1Y0UndLWkFvTHEwdDk0OU12ZDdvOHNKbDhQU2hQd1loUzQ2Zlo5eWdLQXNuQWEzcGhlQi85SUhoWnhIT09LSFBWTHhaaW5DZ1B1c0dLTGlMSWpXU0Z6WHRlTFBCZ0VJdG1ZRlY3OW15TnMzMUhPVnFTcWd5RU1TZHAxOUdwY1NkSGNSQkhsZGhuejNFRGVZbXFJa2k2cHIyR1NlQlc5Z2I0T0dkdjdYWnJXQjcrekYwTjlFMUpjdU9Tbm5kcG1KY1RLWktOWmM5dlpDWkFhdlpDWEJWL0pYSFR4VVJoRTVEZExZTTdKT1lkeStWbm1CQXlLQ2EvUTBaWE1LQmtsd1dOangwK2xNeDBvZjl3MlgyQXhxOE9rY0dVUDMzTjFieXZzSTNMdHZRMUljT2R5cys0N3RPRmE4UnZjPSIsImRpc3RyaWJ1dGlvbkNlcnRpZmljYXRlIjp7ImRhdGFCYXNlNjQiOiJNSUlMOUFJQkF6Q0NDN29HQ1NxR1NJYjNEUUVIQWFDQ0M2c0VnZ3VuTUlJTG96Q0NCa01HQ1NxR1NJYjNEUUVIQWFDQ0JqUUVnZ1l3TUlJR0xEQ0NCaWdHQ3lxR1NJYjNEUUVNQ2dFRG9JSUYyVENDQmRVR0NpcUdTSWIzRFFFSkZnR2dnZ1hGQklJRndUQ0NCYjB3Z2dTbG9BTUNBUUlDRUh6MUpPYldVSW01aWNsTUQ3MjVkd1l3RFFZSktvWklodmNOQVFFTEJRQXdkVEZFTUVJR0ExVUVBd3c3UVhCd2JHVWdWMjl5YkdSM2FXUmxJRVJsZG1Wc2IzQmxjaUJTWld4aGRHbHZibk1nUTJWeWRHbG1hV05oZEdsdmJpQkJkWFJvYjNKcGRIa3hDekFKQmdOVkJBc01Ba2N6TVJNd0VRWURWUVFLREFwQmNIQnNaU0JKYm1NdU1Rc3dDUVlEVlFRR0V3SlZVekFlRncweU5qQTBNRFl5TXpFeU1EQmFGdzB5TnpBME1EWXlNekV4TlRsYU1JR1lNUm93R0FZS0NaSW1pWlB5TEdRQkFRd0tSemRHUkZjNU16TlRSakU4TURvR0ExVUVBd3d6YVZCb2IyNWxJRVJwYzNSeWFXSjFkR2x2YmpvZ1VtRm1ZV1ZzSUVSbElFMWhjblJwYm04Z0tFYzNSa1JYT1RNelUwWXBNUk13RVFZRFZRUUxEQXBITjBaRVZ6a3pNMU5HTVJvd0dBWURWUVFLREJGU1lXWmhaV3dnUkdVZ1RXRnlkR2x1YnpFTE1Ba0dBMVVFQmhNQ1ZWTXdnZ0VpTUEwR0NTcUdTSWIzRFFFQkFRVUFBNElCRHdBd2dnRUtBb0lCQVFEWGpQMEl6Y1VJSGY3Q2J6WnRPSzAzSFNiYmcveENMbG1nMWlGbmNTM0JTUUlXR1cyNU00bE12K2dYb1RPd3ZVamJkN2kxdFRLd0dXN3FkRGNETXJBVWdjdjV2cDlPTlR3OEh0b2dxTnVCek5EekduanE0Y2dBNXhGWE9nRVV1ZmZ1ckJ3LzJFTEw0TWhqN3hJajdSKzJ6MWxLTHZYa2ExRDNNM3RweVdpRUF2d041MmtJbWk1TEtvS0VWMi9VV3lZM0s0NnRVam5QREh3Q1FsNnhIaHVPUmY5MVdYTnFLci9xRFBocWR5LzNJM3JEQ1VzbUdHcTlrWWwyQnk4b0U3blhnUkgxNFBsaVJKR0plOWVPWHhmclJUVGozdWxTcmM1aHpUalNvSXhvdmxmckVqSVBVbTlkc09Zc3RCMm44RHIybUhZQXpPWml1c0lJc1dLMmJaY2RBZ01CQUFHamdnSWpNSUlDSHpBTUJnTlZIUk1CQWY4RUFqQUFNQjhHQTFVZEl3UVlNQmFBRkFuK3dCV1ErYTlrQ3BJU3VTWW9Zd3lYN0tleU1IQUdDQ3NHQVFVRkJ3RUJCR1F3WWpBdEJnZ3JCZ0VGQlFjd0FvWWhhSFIwY0RvdkwyTmxjblJ6TG1Gd2NHeGxMbU52YlM5M2QyUnlaek11WkdWeU1ERUdDQ3NHQVFVRkJ6QUJoaVZvZEhSd09pOHZiMk56Y0M1aGNIQnNaUzVqYjIwdmIyTnpjREF6TFhkM1pISm5NekF5TUlJQkhnWURWUjBnQklJQkZUQ0NBUkV3Z2dFTkJna3Foa2lHOTJOa0JRRXdnZjh3Z2NNR0NDc0dBUVVGQndJQ01JRzJESUd6VW1Wc2FXRnVZMlVnYjI0Z2RHaHBjeUJqWlhKMGFXWnBZMkYwWlNCaWVTQmhibmtnY0dGeWRIa2dZWE56ZFcxbGN5QmhZMk5sY0hSaGJtTmxJRzltSUhSb1pTQjBhR1Z1SUdGd2NHeHBZMkZpYkdVZ2MzUmhibVJoY21RZ2RHVnliWE1nWVc1a0lHTnZibVJwZEdsdmJuTWdiMllnZFhObExDQmpaWEowYVdacFkyRjBaU0J3YjJ4cFkza2dZVzVrSUdObGNuUnBabWxqWVhScGIyNGdjSEpoWTNScFkyVWdjM1JoZEdWdFpXNTBjeTR3TndZSUt3WUJCUVVIQWdFV0syaDBkSEJ6T2k4dmQzZDNMbUZ3Y0d4bExtTnZiUzlqWlhKMGFXWnBZMkYwWldGMWRHaHZjbWwwZVM4d0ZnWURWUjBsQVFIL0JBd3dDZ1lJS3dZQkJRVUhBd013SFFZRFZSME9CQllFRkFNdUxqZkZsb1U3RWx2Q3UvNVhaYmxVSnlTSk1BNEdBMVVkRHdFQi93UUVBd0lIZ0RBVEJnb3Foa2lHOTJOa0JnRUVBUUgvQkFJRkFEQU5CZ2txaGtpRzl3MEJBUXNGQUFPQ0FRRUFhd2NPem00bVdGYllMT2EzVGhkZ2I1bHZuZjg2Q2MrY3RrSmRFZjdudHNBM3VvZVladnVjY1pCVFFaMk4xNWxZMXhrLzRJek1IUmxXRC9uNHViRXZwODN2ci84a0FOMzhwb0o0Y0V1bGh3dHlQRGp4L0tlZ3RCYnFIUXhqUHN5NUt0N05TZlE1azVIN1dNb0hsemxDT1d1bS9rUUZ2SkFYV1FuTG83V1hmbWoxNHFGU0tSMDdKeU02QnVXUmUwM2RBYTUyYkl0TytJNXhsT2ZxSFlVQmtZakxUWjBKbldacksvajdLS1NuU0xsd2t4U2ZuUmFjc3UzcUJBb1JndzRZZGZkd2t1RVVBVm9DMVB4M1pqVkFaWEhSdWRGbnpxaUxlcWVObU5YcDh1d1VHTlFjWFVFSXV2RjJ5VGk0T0wyMjIyYlVza2RZSEd3K1pvd0RFZGRpaFRFOE1DTUdDU3FHU0liM0RRRUpGVEVXQkJSRmMwS3lwN2Y3YVBnYno0MWgzTWJCOGt0blpEQVZCZ2txaGtpRzl3MEJDUlF4Q0I0R0FHc0FaUUI1TUlJRldBWUpLb1pJaHZjTkFRY0JvSUlGU1FTQ0JVVXdnZ1ZCTUlJRlBRWUxLb1pJaHZjTkFRd0tBUUtnZ2dUdU1JSUU2akFjQmdvcWhraUc5dzBCREFFRE1BNEVDRU1DUlVZUC8zYjlBZ0lJQUFTQ0JNZ1RRME5COHVPM2VieGVycTVlVWVxQVQzdDlIZlowblkraStIcXU4LzYwTG9FaVZQbFpMTDRpVmhJYXFBbTFJcTZuVUJvYnhYRGhxNDRXNXBGQVVpeEhWNlpGRjdqeWVNWkJLak5kL1o2REhoNmVyYVJVbm5vcTl5RWo1eWRyZFE3TEVUaDZmWXBseW4yL1dBb0l2dUZEMTU5b1JaSHJBbEVJdU5iRnpDRUJnV2VPd1h2cWkzMlJLbHN4elN2SWtCY1V1Q3dzdkJTRXRPVzc3VHJLaGs5V2NBcXFINVFxMmxoby9XS1JKOS9QRzN2VTJrbUd3dWdEbHdzYU9LeDJnbWFXUXhVdGlGMHNxaFJMUXFmSGpieFg4R2xLVUpuZHptSEpCdW9xWGYvcGpITjRhWGhOQTBHSGFLR0JRV3VObCswZjVUbDhTek0vYTZOaTQ5a25zbEJvYk1ZREFiakNyUmZqVkZ3UlA0dlRraWxNMW5wM0M2VVJGc1hzWXdwMEF6RzA5SjNlM09XMFZOSStJY1BXcTd6eVFZKzl2MmNRcGxyZjEvbllCeDNFdEhNR0pPWE56NVJUY09BQkt4TEphWEx0WlIyRExnZ3Z6N2FBSGJnNURTYVRhWkREZlAvc2EveE9YaHVRcGRPeGdiRnFYNzlwdVNNdW5Ib0grMkR3TVNFdWlZMzg5RlZYeUNwUDd2RUcxSGNTaDlFSDhjUzM5S1FZQjRpbFlRRVk4TEFYc24wTC9OVkhiWm9YWkNRMHJpeTlFdmgxT0I1WlV2V3V3Y2FMTzFTc2RlTnpUc21xeDd5dHZRbU1PUy9FUDVCZEJNclQ4Y1htSnFuaFR1dHI5bEx2MFdzR2JyMGlrVnBxTk42SmNha1VJeVhFUUVWeTFoZ2M1MDB6c3lsUmRGQkxmQU9oellXWGF1UXNDR2hrZW5uQVNvaXRvUTZKOGpDcXpkUmZzY3htUWtjaksrMCtlcDlHd2RmNzh1dXFMVVpNZkJudGZDRzAyM1psSXVwbk9uYmFVTEYyaTJlL3hRcWNmbDJlMXh3Vk14N2t6L2tSckpyQUl4VWx4TmdyKzNpcy8vRjc4T2ovNFFPYU1rZ2pZTDdQUmlLNUVnWmpKU3NxZXR2aFZrWmMyTnBsaWVCK212Skd3WWEzTW1Yei9XdW50NTZCczAwNjg3aXZwOGhXNVRYYzNDeUxVSVJVZFZEVUQxYnY4QmxJVVpEMi9BK0NKTHpCNVV3OEdrbi9sQUNDSlhiNHduaUhmS1d3dDY1ODNxS1h1WGN6Z2JxcEJ0S0cwb3lGM05MY1ZYVHpWSVd4dHVoMzkxWVB0ZzJUYzkraCtra3hZMGs2QjhwN3ZFemJ6dFJuS1FOUDljZ3dLSXNQZEc2MjIzWDFoUHd2WTBDWmhNeUpqUFZadlk1cmJ6QUIrL2NGaW1NT216bkZ3QVBTc3V3dENIbWtCQzl0SVN6OHZRYmp6WTlpZHNoQnZqbHhHeVpUWnh5aVVNUjRkRHFEU0lsU2pnWlBtdFJaaG95OVZ3KzJXcDVHZkIxME56em9UYXpjUWdKOGNlcys0WVc5ak9XekdwbFd6SjZwUlFrSGc3WnIxc3QzTzhhWEZCa1RvNTJPd0xPd2lkZEVETm1PZVc1NlNRdDZkKzRzaWt1UDZ2ckxrTkQ0dDR3bUhtZ1JsZlJRWWZNMTZzQlFsT3VOa2RBRTRQbGdHQ0IvZjZ1cUV2UGpOV0IzQ2RYVjlibnRCRmcvcHNKQ1ZLVEgwY2JSbjRicm5hZThiS3pZR2FTK1BBNGJFTDAydGhJRC9RT2p4WDBVV3E1ZjNVdW9KcEVDUk8zb3FJc2RqQ1V0NE9VYkk2UmFQUU81Ym5kVmpKNWNkaGw5VkM5RUN1YlBSbExrckczU1JyYzRSTWdEaWpLY2RObytaMlBhNldJNFE1RmtGd3czTTE3RnlxQUI1VXZSOCtsNUQyeGFKbERHWjFFMWpTWTZMNjlxUk9yaFU2VnQwNlBwaGFZNGljck16aENxL0NLbEdwa3hxWXRPby9QMmZKSE8vbVpuQldESVg4enpDUFdIMWhPVUExU2t2Z1ZZMkl1OThZMll3WGxMNFN2NU1ORDVmVFlLcHRud2JZZFl0dGJ2ODNnM3pKaURoVklwai9mSmVKUktxZVQwTXFYa3dOWXhQREFqQmdrcWhraUc5dzBCQ1JVeEZnUVVSWE5Dc3FlMysyajRHOCtOWWR6R3dmSkxaMlF3RlFZSktvWklodmNOQVFrVU1RZ2VCZ0JyQUdVQWVUQXhNQ0V3Q1FZRkt3NERBaG9GQUFRVXFydDhJV08yVEE3dUhlRFJEcCtUTTBJdU4yZ0VDTy8xK2ZDNXV3YjZBZ0lJQUE9PSIsInBhc3N3b3JkIjoiQ0NSMmE5bVdUODlMVWJPL2dRTW9QQT09In19fX0sInVwZGF0ZXMiOnsiY2hhbm5lbCI6InByZXZpZXcifSwic2ltdWxhdG9yIjpmYWxzZSwic2NoZW1lIjoiRmlzaW9GbG93UHJvIiwidXNlcm5hbWUiOiJyYWZhZWxtaW5hdHRvIiwidmVyc2lvbiI6eyJidWlsZE51bWJlciI6IjIxIn0sImV4cGVyaW1lbnRhbCI6e30sIm1vZGUiOiJidWlsZCIsInRyaWdnZXJlZEJ5IjoiRUFTX0NMSSIsImFwcElkIjoiY2E3MDQyYTctMDNkNC00NzMxLWI0ZTUtNmY1ZGUzYjQ4MzAwIiwiaW5pdGlhdGluZ1VzZXJJZCI6ImY0YTBjZTcxLTRjNGItNDRlYi1iNWM4LWE2ZDE4YzJkZWQxMiJ9LCJtZXRhZGF0YSI6eyJ0cmFja2luZ0NvbnRleHQiOnsidHJhY2tpbmdfaWQiOiI4ZmFkYjA4Ny02OTAzLTRmZGYtOGFlMy1mMzQwMjZkNmY1OTQiLCJwbGF0Zm9ybSI6ImlvcyIsInNka192ZXJzaW9uIjoiNTUuMC4wIiwiYWNjb3VudF9pZCI6IjIwNjA3YTJkLTM1NmMtNDQ0NS04OTcxLWIyY2I3YTkyNzk3NyIsInByb2plY3RfaWQiOiJjYTcwNDJhNy0wM2Q0LTQ3MzEtYjRlNS02ZjVkZTNiNDgzMDAiLCJwcm9qZWN0X3R5cGUiOiJtYW5hZ2VkIiwiZGV2X2NsaWVudCI6ZmFsc2UsImRldl9jbGllbnRfdmVyc2lvbiI6IjU1LjAuMzIiLCJub193YWl0IjpmYWxzZSwicnVuX2Zyb21fY2kiOnRydWUsImxvY2FsIjp0cnVlfSwiYXBwQnVpbGRWZXJzaW9uIjoiMjEiLCJhcHBWZXJzaW9uIjoiMS4wLjAiLCJjbGlWZXJzaW9uIjoiMTguMTEuMCIsIndvcmtmbG93IjoibWFuYWdlZCIsImNyZWRlbnRpYWxzU291cmNlIjoicmVtb3RlIiwic2RrVmVyc2lvbiI6IjU1LjAuMCIsInJ1bnRpbWVWZXJzaW9uIjoiMS4wLjAiLCJmaW5nZXJwcmludEhhc2giOiJkOWU3OTcxY2NkMTA4ZjYzOWUxZTlhNjQwNTViOTA2MmE3ODMxMzExIiwicmVhY3ROYXRpdmVWZXJzaW9uIjoiMC44My42IiwiY2hhbm5lbCI6InByZXZpZXciLCJkaXN0cmlidXRpb24iOiJpbnRlcm5hbCIsImFwcE5hbWUiOiJGaXNpb0Zsb3cgUHJvIiwiYXBwSWRlbnRpZmllciI6ImNvbS5maXNpb2Zsb3cucHJvZmVzc2lvbmFscyIsImJ1aWxkUHJvZmlsZSI6InByZXZpZXciLCJnaXRDb21taXRIYXNoIjoiNTRiYTUxYWZkM2JjMzJmMmUxNDU1Y2ExZjllMzVhODZiNjYyNWQ3OCIsImdpdENvbW1pdE1lc3NhZ2UiOiJmaXgocHJvZmVzc2lvbmFsLWFwcCk6IGZpeCBwbnBtIEVJTlZBTCBhbmQgbW9ub3JlcG8gcmVzb2x1dGlvbiBmb3IgU0RLIDU1XG5cbi0gVXNlIG5vZGUtbGlua2VyPWhvaXN0ZWQgaW4gcHJvZmVzc2lvbmFsLWFwcC8ubnBtcmMgdG8gYXZvaWQgZGVlcCBzeW1saW5rIGlzc3VlcyBpbiBFQVMgbG9jYWwgYnVpbGRcbi0gRW5hYmxlIEVYUE9fVVNFX1NZTUxJTktTPTEgaW4gYWxsIEVBUyBwcm9maWxlcyBhbmQgd29ya2Zsb3dcbi0gUmVtb3ZlIHNlbnRyeSBleGNsdXNpb24gaW4gcGFja2FnZS5qc29uXG4tIFNldCBGT1JDRV9KQVZBU0NSSVBUX0FDVElPTlNfVE9fTk9ERTI0PXRydWUgaW4gd29ya2Zsb3ciLCJpc0dpdFdvcmtpbmdUcmVlRGlydHkiOmZhbHNlLCJ1c2VybmFtZSI6InJhZmFlbG1pbmF0dG8iLCJydW5XaXRoTm9XYWl0RmxhZyI6ZmFsc2UsInJ1bkZyb21DSSI6dHJ1ZSwiZGV2ZWxvcG1lbnRDbGllbnQiOmZhbHNlLCJyZXF1aXJlZFBhY2thZ2VNYW5hZ2VyIjoicG5wbSIsImN1c3RvbU5vZGVWZXJzaW9uIjoiMjQuMTMuMSIsInNpbXVsYXRvciI6ZmFsc2V9fQ== exited with non-zero code: 1
iOS preview (macos-26 / Xcode 26.2)	UNKNOWN STEP	2026-05-07T18:20:28.4029320Z     Error: build command failed.
iOS preview (macos-26 / Xcode 26.2)	UNKNOWN STEP	2026-05-07T18:20:28.4075230Z ##[error]Process completed with exit code 1.
iOS preview (macos-26 / Xcode 26.2)	UNKNOWN STEP	2026-05-07T18:20:28.4300210Z ##[group]Run echo ""
iOS preview (macos-26 / Xcode 26.2)	UNKNOWN STEP	2026-05-07T18:20:28.4300750Z ^[[36;1mecho ""^[[0m
iOS preview (macos-26 / Xcode 26.2)	UNKNOWN STEP	2026-05-07T18:20:28.4301000Z ^[[36;1mecho "========================================================"^[[0m
iOS preview (macos-26 / Xcode 26.2)	UNKNOWN STEP	2026-05-07T18:20:28.4301370Z ^[[36;1mecho "  iOS LOCAL BUILD — FisioFlow Pro"^[[0m
iOS preview (macos-26 / Xcode 26.2)	UNKNOWN STEP	2026-05-07T18:20:28.4301640Z ^[[36;1mecho "  Perfil  : $PROFILE"^[[0m
iOS preview (macos-26 / Xcode 26.2)	UNKNOWN STEP	2026-05-07T18:20:28.4301930Z ^[[36;1mecho "  Runner  : macOS ARM64 (macos-26 / Xcode 26.2)"^[[0m
iOS preview (macos-26 / Xcode 26.2)	UNKNOWN STEP	2026-05-07T18:20:28.4302270Z ^[[36;1mecho "  Expo    : SDK 55"^[[0m
iOS preview (macos-26 / Xcode 26.2)	UNKNOWN STEP	2026-05-07T18:20:28.4302510Z ^[[36;1mecho "  Commit  : 54ba51afd3bc32f2e1455ca1f9e35a86b6625d78"^[[0m
iOS preview (macos-26 / Xcode 26.2)	UNKNOWN STEP	2026-05-07T18:20:28.4302920Z ^[[36;1mif [ -f "/Users/runner/work/fisioflow-51658291/fisioflow-51658291/build.ipa" ]; then^[[0m
iOS preview (macos-26 / Xcode 26.2)	UNKNOWN STEP	2026-05-07T18:20:28.4303730Z ^[[36;1m  SIZE=$(du -sh "/Users/runner/work/fisioflow-51658291/fisioflow-51658291/build.ipa" | cut -f1)^[[0m
iOS preview (macos-26 / Xcode 26.2)	UNKNOWN STEP	2026-05-07T18:20:28.4304180Z ^[[36;1m  echo "  .ipa    : $SIZE ✅"^[[0m
iOS preview (macos-26 / Xcode 26.2)	UNKNOWN STEP	2026-05-07T18:20:28.4304590Z ^[[36;1m  echo "  Artefato disponível em: Actions → Artifacts"^[[0m
iOS preview (macos-26 / Xcode 26.2)	UNKNOWN STEP	2026-05-07T18:20:28.4304860Z ^[[36;1melse^[[0m
iOS preview (macos-26 / Xcode 26.2)	UNKNOWN STEP	2026-05-07T18:20:28.4305130Z ^[[36;1m  echo "  .ipa    : NÃO GERADO ❌ — ver logs acima"^[[0m
iOS preview (macos-26 / Xcode 26.2)	UNKNOWN STEP	2026-05-07T18:20:28.4305380Z ^[[36;1mfi^[[0m
iOS preview (macos-26 / Xcode 26.2)	UNKNOWN STEP	2026-05-07T18:20:28.4305600Z ^[[36;1mecho "========================================================"^[[0m
iOS preview (macos-26 / Xcode 26.2)	UNKNOWN STEP	2026-05-07T18:20:28.5537060Z shell: /bin/bash -e {0}
iOS preview (macos-26 / Xcode 26.2)	UNKNOWN STEP	2026-05-07T18:20:28.5537300Z env:
iOS preview (macos-26 / Xcode 26.2)	UNKNOWN STEP	2026-05-07T18:20:28.5537470Z   PROFILE: preview
iOS preview (macos-26 / Xcode 26.2)	UNKNOWN STEP	2026-05-07T18:20:28.5537670Z   EXPO_USE_SYMLINKS: 1
iOS preview (macos-26 / Xcode 26.2)	UNKNOWN STEP	2026-05-07T18:20:28.5537870Z   FORCE_JAVASCRIPT_ACTIONS_TO_NODE24: true
iOS preview (macos-26 / Xcode 26.2)	UNKNOWN STEP	2026-05-07T18:20:28.5538370Z   PNPM_HOME: /Users/runner/setup-pnpm/node_modules/.bin
iOS preview (macos-26 / Xcode 26.2)	UNKNOWN STEP	2026-05-07T18:20:28.5538810Z   EXPO_TOKEN: ***
iOS preview (macos-26 / Xcode 26.2)	UNKNOWN STEP	2026-05-07T18:20:28.5538970Z ##[endgroup]
iOS preview (macos-26 / Xcode 26.2)	UNKNOWN STEP	2026-05-07T18:20:28.7309960Z 
iOS preview (macos-26 / Xcode 26.2)	UNKNOWN STEP	2026-05-07T18:20:28.7412350Z ========================================================
iOS preview (macos-26 / Xcode 26.2)	UNKNOWN STEP	2026-05-07T18:20:28.7518170Z   iOS LOCAL BUILD — FisioFlow Pro
iOS preview (macos-26 / Xcode 26.2)	UNKNOWN STEP	2026-05-07T18:20:28.7600540Z   Perfil  : preview
iOS preview (macos-26 / Xcode 26.2)	UNKNOWN STEP	2026-05-07T18:20:28.7601710Z   Runner  : macOS ARM64 (macos-26 / Xcode 26.2)
iOS preview (macos-26 / Xcode 26.2)	UNKNOWN STEP	2026-05-07T18:20:28.7602200Z   Expo    : SDK 55
iOS preview (macos-26 / Xcode 26.2)	UNKNOWN STEP	2026-05-07T18:20:28.7602870Z   Commit  : 54ba51afd3bc32f2e1455ca1f9e35a86b6625d78
iOS preview (macos-26 / Xcode 26.2)	UNKNOWN STEP	2026-05-07T18:20:28.7604050Z   .ipa    : NÃO GERADO ❌ — ver logs acima
iOS preview (macos-26 / Xcode 26.2)	UNKNOWN STEP	2026-05-07T18:20:28.7605180Z ========================================================
iOS preview (macos-26 / Xcode 26.2)	UNKNOWN STEP	2026-05-07T18:20:28.7693960Z Post job cleanup.
iOS preview (macos-26 / Xcode 26.2)	UNKNOWN STEP	2026-05-07T18:20:29.3033970Z Pruning is unnecessary.
iOS preview (macos-26 / Xcode 26.2)	UNKNOWN STEP	2026-05-07T18:20:29.3191440Z Post job cleanup.
iOS preview (macos-26 / Xcode 26.2)	UNKNOWN STEP	2026-05-07T18:20:29.4209680Z [command]/opt/homebrew/bin/git version
iOS preview (macos-26 / Xcode 26.2)	UNKNOWN STEP	2026-05-07T18:20:29.5286590Z git version 2.54.0
iOS preview (macos-26 / Xcode 26.2)	UNKNOWN STEP	2026-05-07T18:20:29.5305570Z Copying '/Users/runner/.gitconfig' to '/Users/runner/work/_temp/e24dc7d6-c0fa-49a5-9612-bef3853f0884/.gitconfig'
iOS preview (macos-26 / Xcode 26.2)	UNKNOWN STEP	2026-05-07T18:20:29.5312320Z Temporarily overriding HOME='/Users/runner/work/_temp/e24dc7d6-c0fa-49a5-9612-bef3853f0884' before making global git config changes
iOS preview (macos-26 / Xcode 26.2)	UNKNOWN STEP	2026-05-07T18:20:29.5313300Z Adding repository directory to the temporary git global config as a safe directory
iOS preview (macos-26 / Xcode 26.2)	UNKNOWN STEP	2026-05-07T18:20:29.5315620Z [command]/opt/homebrew/bin/git config --global --add safe.directory /Users/runner/work/fisioflow-51658291/fisioflow-51658291
iOS preview (macos-26 / Xcode 26.2)	UNKNOWN STEP	2026-05-07T18:20:29.5445610Z [command]/opt/homebrew/bin/git config --local --name-only --get-regexp core\.sshCommand
iOS preview (macos-26 / Xcode 26.2)	UNKNOWN STEP	2026-05-07T18:20:29.5515530Z [command]/opt/homebrew/bin/git submodule foreach --recursive sh -c "git config --local --name-only --get-regexp 'core\.sshCommand' && git config --local --unset-all 'core.sshCommand' || :"
iOS preview (macos-26 / Xcode 26.2)	UNKNOWN STEP	2026-05-07T18:20:29.6444550Z [command]/opt/homebrew/bin/git config --local --name-only --get-regexp http\.https\:\/\/github\.com\/\.extraheader
iOS preview (macos-26 / Xcode 26.2)	UNKNOWN STEP	2026-05-07T18:20:29.6501090Z http.https://github.com/.extraheader
iOS preview (macos-26 / Xcode 26.2)	UNKNOWN STEP	2026-05-07T18:20:29.6507810Z [command]/opt/homebrew/bin/git config --local --unset-all http.https://github.com/.extraheader
iOS preview (macos-26 / Xcode 26.2)	UNKNOWN STEP	2026-05-07T18:20:29.6570780Z [command]/opt/homebrew/bin/git submodule foreach --recursive sh -c "git config --local --name-only --get-regexp 'http\.https\:\/\/github\.com\/\.extraheader' && git config --local --unset-all 'http.https://github.com/.extraheader' || :"
iOS preview (macos-26 / Xcode 26.2)	UNKNOWN STEP	2026-05-07T18:20:29.7449290Z [command]/opt/homebrew/bin/git config --local --name-only --get-regexp ^includeIf\.gitdir:
iOS preview (macos-26 / Xcode 26.2)	UNKNOWN STEP	2026-05-07T18:20:29.7483620Z [command]/opt/homebrew/bin/git submodule foreach --recursive git config --local --show-origin --name-only --get-regexp remote.origin.url
iOS preview (macos-26 / Xcode 26.2)	UNKNOWN STEP	2026-05-07T18:20:29.8457850Z Cleaning up orphan processes
iOS preview (macos-26 / Xcode 26.2)	UNKNOWN STEP	2026-05-07T18:20:33.7836840Z ##[warning]Node.js 20 is deprecated. The following actions target Node.js 20 but are being forced to run on Node.js 24: actions/cache@v4, actions/checkout@v4, actions/setup-node@v4, expo/expo-github-action@v8, pnpm/action-setup@v4. For more information see: https://github.blog/changelog/2025-09-19-deprecation-of-node-20-on-github-actions-runners/
