testing log
